 DipServer

 Timestamp is 4f9a3730 (Fri Apr 27 09:05:36 2012)

 Preferred load address is 10000000

 Start         Length     Name                   Class
 0001:00000000 000542c5H .text                   CODE
 0001:000542d0 00001f85H .text$x                 CODE
 0001:00056255 0002830bH .textbss                CODE
 0002:00000000 00001d7cH .rdata                  DATA
 0002:00001d80 00001218H .xdata$x                DATA
 0002:00002fa0 000006c7H .edata                  DATA
 0003:00000000 00000104H .CRT$XCA                DATA
 0003:00000104 00000134H .CRT$XCU                DATA
 0003:00000238 00000104H .CRT$XCZ                DATA
 0003:0000033c 00000104H .CRT$XIA                DATA
 0003:00000440 0000010eH .CRT$XIC                DATA
 0003:00000550 00000104H .CRT$XIY                DATA
 0003:00000654 00000104H .CRT$XIZ                DATA
 0003:00000758 00000104H .CRT$XPA                DATA
 0003:0000085c 00000104H .CRT$XPX                DATA
 0003:00000960 00000104H .CRT$XPZ                DATA
 0003:00000a64 00000104H .CRT$XTA                DATA
 0003:00000b68 00000104H .CRT$XTB                DATA
 0003:00000c6c 00000104H .CRT$XTZ                DATA
 0003:00000d70 00000beeH .data                   DATA
 0003:00001960 0018a258H .bss                    DATA
 0004:00000000 00000050H .idata$2                DATA
 0004:00000050 00000014H .idata$3                DATA
 0004:00000064 0000053cH .idata$4                DATA
 0004:000005a0 0000053cH .idata$5                DATA
 0004:00000adc 00001744H .idata$6                DATA

  Address         Publics by Value              Rva+Base     Lib:Object

 0001:00002bf0       ?InitThisTribe@BasicDiploRelation@@UAEXPAD00@Z 10003bf0 f   BasicDiploRelation.obj
 0001:00002c20       ?InitThisTribe2@BasicDiploRelation@@UAEXPAD000@Z 10003c20 f   BasicDiploRelation.obj
 0001:00002c50       ?GetAmountOfPropositions@BasicDiploRelation@@UAEHXZ 10003c50 f   BasicDiploRelation.obj
 0001:00002c80       ?GetPossibility@BasicDiploRelation@@UAEKHPAD0@Z 10003c80 f   BasicDiploRelation.obj
 0001:00002cc0       ?PerformPossibility@BasicDiploRelation@@UAEXK@Z 10003cc0 f   BasicDiploRelation.obj
 0001:00002cf0       ?ProcessTribe@BasicDiploRelation@@UAEXXZ 10003cf0 f   BasicDiploRelation.obj
 0001:00002d20       ?PerformCommand@BasicDiploRelation@@UAEXPADH@Z 10003d20 f   BasicDiploRelation.obj
 0001:00002d50       ?GetSaveData@BasicDiploRelation@@UAEHPAE_N@Z 10003d50 f   BasicDiploRelation.obj
 0001:00002d90       ?SetSaveData@BasicDiploRelation@@UAEXPAEH@Z 10003d90 f   BasicDiploRelation.obj
 0001:00002dc0       ?Init@BasicDiploRelation@@UAEXXZ 10003dc0 f   BasicDiploRelation.obj
 0001:00002e30       ?Free@BasicDiploRelation@@UAEXXZ 10003e30 f   BasicDiploRelation.obj
 0001:00002e60       ??2@YAPAXI@Z               10003e60 f i BasicDiploRelation.obj
 0001:00002eb0       ??3@YAXPAX@Z               10003eb0 f i BasicDiploRelation.obj
 0001:00002f00       ?InitThisTribe2@DIP_SimpleBuilding@@UAEXPAD000@Z 10003f00 f   DIP_SimpleBuilding.obj
 0001:00003090       ?InitThisTribe@DIP_SimpleBuilding@@UAEXPAD00@Z 10004090 f   DIP_SimpleBuilding.obj
 0001:00003f40       ?GetAmountOfPropositions@DIP_SimpleBuilding@@UAEHXZ 10004f40 f   DIP_SimpleBuilding.obj
 0001:00003f80       ?GetPossibility@DIP_SimpleBuilding@@UAEKHPAD0@Z 10004f80 f   DIP_SimpleBuilding.obj
 0001:00004050       ?PerformPossibility@DIP_SimpleBuilding@@UAEXK@Z 10005050 f   DIP_SimpleBuilding.obj
 0001:000043e0       ?PerformCommand@DIP_SimpleBuilding@@UAEXPADH@Z 100053e0 f   DIP_SimpleBuilding.obj
 0001:00006160       ?PerformProduceUnitsCommend@DIP_SimpleBuilding@@QAEXXZ 10007160 f   DIP_SimpleBuilding.obj
 0001:00006460       ?PerformStorms@DIP_SimpleBuilding@@QAEXXZ 10007460 f   DIP_SimpleBuilding.obj
 0001:00006780       ?PerformKillers@DIP_SimpleBuilding@@QAEXXZ 10007780 f   DIP_SimpleBuilding.obj
 0001:00006aa0       ?PerformTomahawks@DIP_SimpleBuilding@@QAEXXZ 10007aa0 f   DIP_SimpleBuilding.obj
 0001:00006dc0       ?PerformFiring@DIP_SimpleBuilding@@QAEXXZ 10007dc0 f   DIP_SimpleBuilding.obj
 0001:000070e0       ?PerformRazvedka@DIP_SimpleBuilding@@QAEXXZ 100080e0 f   DIP_SimpleBuilding.obj
 0001:00007450       ?ProcessTribe@DIP_SimpleBuilding@@UAEXXZ 10008450 f   DIP_SimpleBuilding.obj
 0001:00008930       ?Replace@DString@@QAEXPADH@Z 10009930 f i DIP_SimpleBuilding.obj
 0001:000089a0       ?Replace@DString@@QAAXPAD0ZZ 100099a0 f i DIP_SimpleBuilding.obj
 0001:00008a30       ?CreateAbilityPage@DIP_SimpleBuilding@@QAEXXZ 10009a30 f   DIP_SimpleBuilding.obj
 0001:00009060       ?CreateRadialPosition@@YAXPAH0HHHHH@Z 1000a060 f   DIP_SimpleBuilding.obj
 0001:00009180       ?ProcessDance@DIP_SimpleBuilding@@QAEXXZ 1000a180 f   DIP_SimpleBuilding.obj
 0001:000095c0       ?ShowNoMoney@DIP_SimpleBuilding@@QAEXXZ 1000a5c0 f   DIP_SimpleBuilding.obj
 0001:00009790       ?GetSaveData@DIP_SimpleBuilding@@UAEHPAE_N@Z 1000a790 f   DIP_SimpleBuilding.obj
 0001:00009950       ?SetSaveData@DIP_SimpleBuilding@@UAEXPAEH@Z 1000a950 f   DIP_SimpleBuilding.obj
 0001:00009ac0       ?Init@DIP_SimpleBuilding@@UAEXXZ 1000aac0 f   DIP_SimpleBuilding.obj
 0001:00009b70       ?Free@DIP_SimpleBuilding@@UAEXXZ 1000ab70 f   DIP_SimpleBuilding.obj
 0001:00009c00       ?CheckDipBuilding@@YAXEH@Z 1000ac00 f   DIP_SimpleBuilding.obj
 0001:00009d10       ?ReadWinString@@YA_NPAVGFILE@@PADH@Z 1000ad10 f   DipInit.obj
 0001:00009e00       ??0DiplomacySystem@@QAE@XZ 1000ae00 f   DiplomacySystem.obj
 0001:00009ec0       ?AddDipFriends@@YAXGPAUGAMEOBJ@@@Z 1000aec0 f   DiplomacySystem.obj
 0001:00009f60       ?SetDipTalkRadius@@YAXGH@Z 1000af60 f   DiplomacySystem.obj
 0001:0000a000       ?SetDipEasyTalk@@YAXG_N@Z  1000b000 f   DiplomacySystem.obj
 0001:0000a070       ?AddDipCenter@@YAGPAD000@Z 1000b070 f   DiplomacySystem.obj
 0001:0000a0f0       ?AddDipCenter@DiplomacySystem@@QAEGPAD000@Z 1000b0f0 f   DiplomacySystem.obj
 0001:0000a290       ??0DIP_SimpleBuilding@@QAE@XZ 1000b290 f i DiplomacySystem.obj
 0001:0000a2f0       ??0BasicDiploRelation@@QAE@XZ 1000b2f0 f i DiplomacySystem.obj
 0001:0000a330       ?ResearchMap@DiplomacySystem@@QAEXXZ 1000b330 f   DiplomacySystem.obj
 0001:0000ac00       ?PerformCommand@DiplomacySystem@@QAEXPADH@Z 1000bc00 f   DiplomacySystem.obj
 0001:0000aca0       ?Norma@@YAHHH@Z            1000bca0 f   DiplomacySystem.obj
 0001:0000ad00       ?SetZone@@YAXPAUGAMEOBJ@@HHH@Z 1000bd00 f   DiplomacySystem.obj
 0001:0000ad60       ?SetAIForDiplo@@YA_NEHH@Z  1000bd60 f   DiplomacySystem.obj
 0001:0000adb0       ?SetAI@DiplomacySystem@@QAE_NEHH@Z 1000bdb0 f   DiplomacySystem.obj
 0001:0000ae60       ?Process@DiplomacySystem@@QAEXXZ 1000be60 f   DiplomacySystem.obj
 0001:0000f1d0       ?CreateContactsList@DiplomacySystem@@QAE_N_N@Z 100101d0 f   DiplomacySystem.obj
 0001:0000f4a0       ?AddWalker@DiplomacySystem@@QAEXG@Z 100104a0 f   DiplomacySystem.obj
 0001:0000f5e0       ?AddCannon@DiplomacySystem@@QAEXPAUGAMEOBJ@@E@Z 100105e0 f   DiplomacySystem.obj
 0001:0000f7f0       ?AddStorm@DiplomacySystem@@QAEXPAUGAMEOBJ@@EH@Z 100107f0 f   DiplomacySystem.obj
 0001:0000f9b0       ?AddFirers@DiplomacySystem@@QAEXPAUGAMEOBJ@@E@Z 100109b0 f   DiplomacySystem.obj
 0001:0000fba0       ?AddKillers@DiplomacySystem@@QAEXPAUGAMEOBJ@@E_N@Z 10010ba0 f   DiplomacySystem.obj
 0001:0000fd90       ?AddTomahawks@DiplomacySystem@@QAEXPAUGAMEOBJ@@EGHH@Z 10010d90 f   DiplomacySystem.obj
 0001:00010080       ?AddStorm@@YAXPAUGAMEOBJ@@EH@Z 10011080 f   DiplomacySystem.obj
 0001:000100d0       ?AddCannon@@YAXPAUGAMEOBJ@@E@Z 100110d0 f   DiplomacySystem.obj
 0001:00010120       ?AddTomahawks@@YAXPAUGAMEOBJ@@EGHH@Z 10011120 f   DiplomacySystem.obj
 0001:00010180       ?AddFirers@@YAXPAUGAMEOBJ@@E@Z 10011180 f   DiplomacySystem.obj
 0001:000101d0       ?AddPsKillers@@YAXPAUGAMEOBJ@@E_N@Z 100111d0 f   DiplomacySystem.obj
 0001:00010220       ?AddNewZooGroup@DiplomacySystem@@QAEXPAUZooGroup@@@Z 10011220 f   DiplomacySystem.obj
 0001:000102f0       ?AddZooBirthZone@DiplomacySystem@@QAEXPAUZooBirthZone@@@Z 100112f0 f   DiplomacySystem.obj
 0001:000103c0       ?AddAnimals@@YA_NPAUGAMEOBJ@@0@Z 100113c0 f   DiplomacySystem.obj
 0001:00010680       ?ProcessZoology@DiplomacySystem@@QAEXXZ 10011680 f   DiplomacySystem.obj
 0001:00011950       ?PerformDipCommand@@YAXPADH@Z 10012950 f   DipMain.obj
 0001:000119b0       ?SaveAllDipData@@YAXPAPAEPAH@Z 100129b0 f   DipMain.obj
 0001:00012390       ?FreeSaveDipData@@YAXPAE@Z 10013390 f   DipMain.obj
 0001:00012400       ?ClearAllDipData@@YAXXZ    10013400 f   DipMain.obj
 0001:000126c0       ?LoadAllDipData@@YAXPAEH@Z 100136c0 f   DipMain.obj
 0001:00012ea0       ?InitDipForThisMap@@YAXXZ  10013ea0 f   DipMain.obj
 0001:00012ee0       ?ProcessDipRelations@@YAXXZ 10013ee0 f   DipMain.obj
 0001:00012f70       ?HandleDipRequest@@YAXPADPAVParsedRQ@@1@Z 10013f70 f   DipMain.obj
 0001:00012fa0       ?Handle_dipcomm@@YAXPADPAPADHPAVParsedRQ@@@Z 10013fa0 f   DipMain.obj
 0001:00013960       _DllMain@12                10014960 f   DipServer.obj
 0001:00013990       ??0DS_Requests@@QAE@XZ     10014990 f   DipServer.obj
 0001:00013a10       ??1DS_Requests@@QAE@XZ     10014a10 f   DipServer.obj
 0001:00013ae0       ??_GOneDS_Request@@QAEPAXI@Z 10014ae0 f i DipServer.obj
 0001:00013b50       ??0OneDS_Request@@QAE@XZ   10014b50 f   DipServer.obj
 0001:00013c00       ??1OneDS_Request@@QAE@XZ   10014c00 f   DipServer.obj
 0001:00013cd0       ?DS_Process@DS_Requests@@QAEXXZ 10014cd0 f   DipServer.obj
 0001:00014320       ?DS_SendRequest@DS_Requests@@QAEKPADH@Z 10015320 f   DipServer.obj
 0001:00014550       ?DS_GetRequestResult@DS_Requests@@QAEKKPAPADPAH@Z 10015550 f   DipServer.obj
 0001:000146f0       ?DS_CloseRequest@DS_Requests@@QAEXK@Z 100156f0 f   DipServer.obj
 0001:000147d0       ?DS_CloseAll@DS_Requests@@QAEXXZ 100157d0 f   DipServer.obj
 0001:00014970       ?DS_SendRequest@@YAKPADH@Z 10015970 f   DipServer.obj
 0001:000149c0       ?DS_Process@@YAXXZ         100159c0 f   DipServer.obj
 0001:00014a00       ?DS_GetRequestResult@@YAKKPAPADPAH@Z 10015a00 f   DipServer.obj
 0001:00014a50       ?DS_CloseRequest@@YAXK@Z   10015a50 f   DipServer.obj
 0001:00014aa0       ?DS_CloseAll@@YAXXZ        10015aa0 f   DipServer.obj
 0001:00014ae0       ??H@YAAAVDString@@PADAAV0@@Z 10015ae0 f   DString.obj
 0001:00014b90       ??4DString@@QAEAAV0@PAD@Z  10015b90 f   DString.obj
 0001:00014be0       ??HDString@@QAEAAV0@PAD@Z  10015be0 f   DString.obj
 0001:00014c30       ??HDString@@QAEAAV0@AAV0@@Z 10015c30 f   DString.obj
 0001:00014c80       ??YDString@@QAEAAV0@PAD@Z  10015c80 f   DString.obj
 0001:00014cd0       ??YDString@@QAEAAV0@AAV0@@Z 10015cd0 f   DString.obj
 0001:00014d20       ??ADString@@QAEDH@Z        10015d20 f   DString.obj
 0001:00014d80       ??8DString@@QAE_NPAD@Z     10015d80 f   DString.obj
 0001:00014df0       ??8DString@@QAE_NAAV0@@Z   10015df0 f   DString.obj
 0001:00014e70       ??0DString@@QAE@XZ         10015e70 f   DString.obj
 0001:00014ed0       ??0DString@@QAE@PAD@Z      10015ed0 f   DString.obj
 0001:00014f50       ??1DString@@QAE@XZ         10015f50 f   DString.obj
 0001:00014fe0       ?ReadFromFile@DString@@QAEXPAD@Z 10015fe0 f   DString.obj
 0001:000150c0       ?WriteToFile@DString@@QAEXPAD@Z 100160c0 f   DString.obj
 0001:00015150       ?Add@DString@@QAEXAAV1@@Z  10016150 f   DString.obj
 0001:000151f0       ?Add@DString@@QAEXPAD@Z    100161f0 f   DString.obj
 0001:00015290       ?Replace0@DString@@QAEXPAD0@Z 10016290 f   DString.obj
 0001:000153f0       ?Replace@DString@@QAEXPADAAV1@@Z 100163f0 f   DString.obj
 0001:00015450       ?Clear@DString@@QAEXXZ     10016450 f   DString.obj
 0001:000154a0       ?Assign@DString@@QAEXPAD@Z 100164a0 f   DString.obj
 0001:00015530       ?Assign@DString@@QAEXAAV1@@Z 10016530 f   DString.obj
 0001:000155a0       ?Free@DString@@QAEXXZ      100165a0 f   DString.obj
 0001:00015630       ?Allocate@DString@@QAEXH@Z 10016630 f   DString.obj
 0001:000156e0       ?ErrM@@YAXPAD@Z            100166e0 f   Economic.obj
 0001:00015740       ??0Economic@@QAE@XZ        10016740 f   Economic.obj
 0001:00015930       ??_EEconomic@@UAEPAXI@Z    10016930 f i Economic.obj
 0001:00015930       ??_GEconomic@@UAEPAXI@Z    10016930 f i Economic.obj
 0001:000159a0       ??1Economic@@UAE@XZ        100169a0 f   Economic.obj
 0001:00015fa0       ?Process@Economic@@QAEXXZ  10016fa0 f   Economic.obj
 0001:00016be0       ?ResearchMap@Economic@@QAEXXZ 10017be0 f   Economic.obj
 0001:000174f0       ?FillTradePoints@Economic@@AAEXXZ 100184f0 f   Economic.obj
 0001:00017ac0       ?EconomicDipComm@Economic@@QAEXPADPAPADHPAVParsedRQ@@@Z 10018ac0 f   Economic.obj
 0001:000182f0       ?PerformCommand@Economic@@QAEXPADH@Z 100192f0 f   Economic.obj
 0001:000187f0       ??1Peasant@@UAE@XZ         100197f0 f i Economic.obj
 0001:00018840       ?Init@Economic@@QAEXXZ     10019840 f   Economic.obj
 0001:00018b70       ?LoadNation@Economic@@AAEXPAD@Z 10019b70 f   Economic.obj
 0001:00018dd0       ?GetFreePeasant@Economic@@QAEHE@Z 10019dd0 f   Economic.obj
 0001:00018ee0       ?Mobilization@Economic@@QAEXXZ 10019ee0 f   Economic.obj
 0001:00018fe0       ?AddInPeasantList@Economic@@QAEXXZ 10019fe0 f   Economic.obj
 0001:00019010       ??0ResourceList@@QAE@XZ    1001a010 f   Economic.obj
 0001:00019110       ??_EResourceList@@UAEPAXI@Z 1001a110 f i Economic.obj
 0001:00019110       ??_GResourceList@@UAEPAXI@Z 1001a110 f i Economic.obj
 0001:00019180       ??1ResourceList@@UAE@XZ    1001a180 f   Economic.obj
 0001:000191e0       ?AddResource@ResourceList@@QAEXPADHH@Z 1001a1e0 f   Economic.obj
 0001:00019280       ?SetAmo@ResourceList@@QAEXHH@Z 1001a280 f   Economic.obj
 0001:00019300       ?GetAmo@ResourceList@@QAEHH@Z 1001a300 f   Economic.obj
 0001:00019370       ?GetName@ResourceList@@QAEPADH@Z 1001a370 f   Economic.obj
 0001:000193e0       ?AddAmo@ResourceList@@QAEXHH@Z 1001a3e0 f   Economic.obj
 0001:00019470       ?ClearAmo@ResourceList@@QAEXXZ 1001a470 f   Economic.obj
 0001:000194f0       ?First@ResourceList@@QAEXXZ 1001a4f0 f   Economic.obj
 0001:00019560       ?Next@ResourceList@@QAE_NXZ 1001a560 f   Economic.obj
 0001:000195f0       ?SetAmo@ResourceList@@QAEXH@Z 1001a5f0 f   Economic.obj
 0001:00019630       ?GetAmo@ResourceList@@QAEHXZ 1001a630 f   Economic.obj
 0001:00019670       ?AddAmo@ResourceList@@QAEXH@Z 1001a670 f   Economic.obj
 0001:000196d0       ?GetIndex@ResourceList@@QAEHPAD@Z 1001a6d0 f   Economic.obj
 0001:00019770       ?LoadValue@ResourceList@@QAEXV?$vector@HV?$allocator@H@std@@@std@@@Z 1001a770 f   Economic.obj
 0001:00019860       ?AddValueVector@ResourceList@@QAEXV?$vector@HV?$allocator@H@std@@@std@@@Z 1001a860 f   Economic.obj
 0001:00019950       ?ReadFromFile@ResourceList@@QAE_NPAVGFILE@@@Z 1001a950 f   Economic.obj
 0001:00019d00       ??0Transport@@QAE@XZ       1001ad00 f   Economic.obj
 0001:00019dc0       ??_ETransport@@UAEPAXI@Z   1001adc0 f i Economic.obj
 0001:00019dc0       ??_GTransport@@UAEPAXI@Z   1001adc0 f i Economic.obj
 0001:00019e30       ??1Transport@@UAE@XZ       1001ae30 f   Economic.obj
 0001:00019ef0       ?Process@Transport@@QAEXPAPAVWarehouse@@HPAV?$list@PAVTransport@@V?$allocator@PAVTransport@@@std@@@std@@@Z 1001aef0 f   Economic.obj
 0001:0001a0a0       ?GetEffect@Transport@@QAEHPAVWarehouse@@0PAV?$list@PAVTransport@@V?$allocator@PAVTransport@@@std@@@std@@@Z 1001b0a0 f   Economic.obj
 0001:0001a4d0       ?Load@Transport@@QAEXPAVWarehouse@@@Z 1001b4d0 f   Economic.obj
 0001:0001a730       ?UnLoad@Transport@@QAEXXZ  1001b730 f   Economic.obj
 0001:0001a8d0       ?GetTarget@Transport@@QAEPAVWarehouse@@PAPAV2@HPAV?$list@PAVTransport@@V?$allocator@PAVTransport@@@std@@@std@@@Z 1001b8d0 f   Economic.obj
 0001:0001aa60       ?ShowParams@Transport@@QAEXXZ 1001ba60 f   Economic.obj
 0001:0001acd0       ?FillParams@Transport@@QAEXPAVUnitDescription@@H@Z 1001bcd0 f   Economic.obj
 0001:0001ad50       ??0Business@@QAE@XZ        1001bd50 f   Economic.obj
 0001:0001ae30       ??_GBusiness@@UAEPAXI@Z    1001be30 f i Economic.obj
 0001:0001ae30       ??_EBusiness@@UAEPAXI@Z    1001be30 f i Economic.obj
 0001:0001aea0       ??1Business@@UAE@XZ        1001bea0 f   Economic.obj
 0001:0001af40       ?PayTax@Business@@QAEHH@Z  1001bf40 f   Economic.obj
 0001:0001afb0       ?Bay@Business@@QAE_NPAV1@H@Z 1001bfb0 f   Economic.obj
 0001:0001b040       ?Sel@Business@@QAE_NPAV1@H@Z 1001c040 f   Economic.obj
 0001:0001b100       ?GetBusiness@Business@@QAEPAV1@XZ 1001c100 f   Economic.obj
 0001:0001b130       ?FillParams@Business@@QAEXPAVUnitDescription@@H@Z 1001c130 f   Economic.obj
 0001:0001b1c0       ?Show@Business@@UAEXXZ     1001c1c0 f   Economic.obj
 0001:0001b290       ??0MobileUnit@@QAE@XZ      1001c290 f   Economic.obj
 0001:0001b2f0       ??_GMobileUnit@@UAEPAXI@Z  1001c2f0 f i Economic.obj
 0001:0001b2f0       ??_EMobileUnit@@UAEPAXI@Z  1001c2f0 f i Economic.obj
 0001:0001b360       ??1MobileUnit@@UAE@XZ      1001c360 f   Economic.obj
 0001:0001b3b0       ?MoveTo@MobileUnit@@QAEXHH@Z 1001c3b0 f   Economic.obj
 0001:0001b420       ?UpdateCoord@MobileUnit@@QAEXXZ 1001c420 f   Economic.obj
 0001:0001b450       ??0Peasant@@QAE@XZ         1001c450 f   Economic.obj
 0001:0001b4b0       ??_GPeasant@@UAEPAXI@Z     1001c4b0 f i Economic.obj
 0001:0001b4b0       ??_EPeasant@@UAEPAXI@Z     1001c4b0 f i Economic.obj
 0001:0001b520       ??0Village@@QAE@XZ         1001c520 f   Economic.obj
 0001:0001b5d0       ??_EVillage@@UAEPAXI@Z     1001c5d0 f i Economic.obj
 0001:0001b5d0       ??_GVillage@@UAEPAXI@Z     1001c5d0 f i Economic.obj
 0001:0001b640       ??1Village@@UAE@XZ         1001c640 f   Economic.obj
 0001:0001b6e0       ?Process@Village@@QAEXXZ   1001c6e0 f   Economic.obj
 0001:0001b930       ?ShowParams@Village@@QAEXXZ 1001c930 f   Economic.obj
 0001:0001b9d0       ?FillParams@Village@@QAEXPAVUnitDescription@@H@Z 1001c9d0 f   Economic.obj
 0001:0001ba60       ??0Warehouse@@QAE@XZ       1001ca60 f   Economic.obj
 0001:0001bcc0       ??_GWarehouse@@UAEPAXI@Z   1001ccc0 f i Economic.obj
 0001:0001bcc0       ??_EWarehouse@@UAEPAXI@Z   1001ccc0 f i Economic.obj
 0001:0001bd30       ??1Warehouse@@UAE@XZ       1001cd30 f   Economic.obj
 0001:0001bea0       ?ShowParams@Warehouse@@QAEXXZ 1001cea0 f   Economic.obj
 0001:0001c180       ?GetObjectA@Warehouse@@QAEPAV1@XZ 1001d180 f   Economic.obj
 0001:0001c1b0       ?GetPrice@Warehouse@@UAEHH@Z 1001d1b0 f   Economic.obj
 0001:0001c2d0       ?NeedAmo@Warehouse@@QAEHH@Z 1001d2d0 f   Economic.obj
 0001:0001c360       ?FillParams@Warehouse@@QAEXPAVUnitDescription@@H@Z 1001d360 f   Economic.obj
 0001:0001c4e0       ?ProofPrice@Warehouse@@QAEXXZ 1001d4e0 f   Economic.obj
 0001:0001c680       ?MobilizateUnit@Warehouse@@QAEXPAUGAMEOBJ@@@Z 1001d680 f   Economic.obj
 0001:0001c770       ?InsertUnitToGroup@@YAHPAUGAMEOBJ@@H@Z 1001d770 f i Economic.obj
 0001:0001c7d0       ?AddResource@Warehouse@@QAEXHH@Z 1001d7d0 f   Economic.obj
 0001:0001c870       ?CorrectPrice@Warehouse@@QAEXPAPAV1@H@Z 1001d870 f   Economic.obj
 0001:0001cc20       ?GetMinPrice@Warehouse@@QAEHPAPAV1@HH@Z 1001dc20 f   Economic.obj
 0001:0001cd60       ?MakeGovernmentOrder@Warehouse@@QAEXHH@Z 1001dd60 f   Economic.obj
 0001:0001ce10       ??0Market@@QAE@XZ          1001de10 f   Economic.obj
 0001:0001ce70       ??_GMarket@@UAEPAXI@Z      1001de70 f i Economic.obj
 0001:0001ce70       ??_EMarket@@UAEPAXI@Z      1001de70 f i Economic.obj
 0001:0001cee0       ??1Market@@UAE@XZ          1001dee0 f   Economic.obj
 0001:0001cf30       ?GetPrice@Market@@UAEHH@Z  1001df30 f   Economic.obj
 0001:0001cf90       ?FillParams@Market@@QAEXPAVUnitDescription@@H@Z 1001df90 f   Economic.obj
 0001:0001d020       ??0UnitInfo@@QAE@XZ        1001e020 f   Economic.obj
 0001:0001d070       ??_EUnitInfo@@UAEPAXI@Z    1001e070 f i Economic.obj
 0001:0001d070       ??_GUnitInfo@@UAEPAXI@Z    1001e070 f i Economic.obj
 0001:0001d0e0       ??1UnitInfo@@UAE@XZ        1001e0e0 f   Economic.obj
 0001:0001d120       ?GetUnitI@UnitInfo@@QAEPAV1@XZ 1001e120 f   Economic.obj
 0001:0001d150       ?GetDist@UnitInfo@@QAEHHH@Z 1001e150 f   Economic.obj
 0001:0001d1a0       ?UpdateCoord@UnitInfo@@QAEXXZ 1001e1a0 f   Economic.obj
 0001:0001d1d0       ?NMask@UnitInfo@@QAEEXZ    1001e1d0 f   Economic.obj
 0001:0001d210       ?NIndex@UnitInfo@@QAEGXZ   1001e210 f   Economic.obj
 0001:0001d250       ?SetIndex@UnitInfo@@QAEXH@Z 1001e250 f   Economic.obj
 0001:0001d2c0       ?GetIndex@UnitInfo@@QAEHXZ 1001e2c0 f   Economic.obj
 0001:0001d300       ??0TaxCollector@@QAE@XZ    1001e300 f   Economic.obj
 0001:0001d370       ??_ETaxCollector@@UAEPAXI@Z 1001e370 f i Economic.obj
 0001:0001d370       ??_GTaxCollector@@UAEPAXI@Z 1001e370 f i Economic.obj
 0001:0001d3e0       ??1TaxCollector@@UAE@XZ    1001e3e0 f   Economic.obj
 0001:0001d440       ?Process@TaxCollector@@QAEXPAPAVBusiness@@HPAV?$list@PAVTaxCollector@@V?$allocator@PAVTaxCollector@@@std@@@std@@@Z 1001e440 f   Economic.obj
 0001:0001d730       ?FillParams@TaxCollector@@QAEXPAVUnitDescription@@H@Z 1001e730 f   Economic.obj
 0001:0001d780       ??0Thing@@QAE@XZ           1001e780 f   Economic.obj
 0001:0001d7e0       ??0ProduceList@@QAE@XZ     1001e7e0 f   Economic.obj
 0001:0001d820       ??_EProduceList@@UAEPAXI@Z 1001e820 f i Economic.obj
 0001:0001d820       ??_GProduceList@@UAEPAXI@Z 1001e820 f i Economic.obj
 0001:0001d890       ??1ProduceList@@UAE@XZ     1001e890 f   Economic.obj
 0001:0001d8d0       ?AddThing@ProduceList@@QAEXVThing@@@Z 1001e8d0 f   Economic.obj
 0001:0001d960       ??1Thing@@QAE@XZ           1001e960 f i Economic.obj
 0001:0001d9b0       ?GetThing@ProduceList@@QAEPAVThing@@H@Z 1001e9b0 f   Economic.obj
 0001:0001da30       ?ReadPL@ProduceList@@QAE_NPAVGFILE@@@Z 1001ea30 f   Economic.obj
 0001:0001db40       ?ReadCreate@ProduceList@@QAE_NPAVGFILE@@@Z 1001eb40 f   Economic.obj
 0001:0001dee0       ?GetProduceIndex@ProduceList@@QAEHH@Z 1001eee0 f   Economic.obj
 0001:0001df80       ?GetProduceIndexByUnitName@ProduceList@@QAEHPAD@Z 1001ef80 f   Economic.obj
 0001:0001e180       ??0UnitDescription@@QAE@XZ 1001f180 f   Economic.obj
 0001:0001e260       ??_EUnitDescription@@UAEPAXI@Z 1001f260 f i Economic.obj
 0001:0001e260       ??_GUnitDescription@@UAEPAXI@Z 1001f260 f i Economic.obj
 0001:0001e2d0       ??1UnitDescription@@UAE@XZ 1001f2d0 f   Economic.obj
 0001:0001e370       ?Load@UnitDescription@@QAE_NPAD@Z 1001f370 f   Economic.obj
 0001:0001e710       ?GetRLByName@UnitDescription@@QAE?AV?$vector@HV?$allocator@H@std@@@std@@PAD@Z 1001f710 f   Economic.obj
 0001:0001e860       ?ReadRL@UnitDescription@@QAE_NPAVGFILE@@PAD@Z 1001f860 f   Economic.obj
 0001:0001ea00       ??0NamedResourceList@@QAE@XZ 1001fa00 f i Economic.obj
 0001:0001ea50       ??1NamedResourceList@@QAE@XZ 1001fa50 f i Economic.obj
 0001:0001eaa0       ?ReadCP@UnitDescription@@QAE_NPAVGFILE@@@Z 1001faa0 f   Economic.obj
 0001:0001ebb0       ??0Manufacture@@QAE@XZ     1001fbb0 f   Economic.obj
 0001:0001ec90       ??_GManufacture@@UAEPAXI@Z 1001fc90 f i Economic.obj
 0001:0001ec90       ??_EManufacture@@UAEPAXI@Z 1001fc90 f i Economic.obj
 0001:0001ed00       ??1Manufacture@@UAE@XZ     1001fd00 f   Economic.obj
 0001:0001edd0       ?FillParams@Manufacture@@QAEXPAVUnitDescription@@H@Z 1001fdd0 f   Economic.obj
 0001:0001ef10       ?Process@Manufacture@@QAEXPAPAVWarehouse@@H@Z 1001ff10 f   Economic.obj
 0001:0001f730       ?ShowParams@Manufacture@@QAEXXZ 10020730 f   Economic.obj
 0001:0001f8b0       ?CMLunitsList@Manufacture@@QAEXPAD@Z 100208b0 f   Economic.obj
 0001:0001fae0       ?CMLInProduceStack@Manufacture@@QAEXPAD@Z 10020ae0 f   Economic.obj
 0001:0001fd20       ?CMLobjectInfo@Manufacture@@QAEXPAD@Z 10020d20 f   Economic.obj
 0001:0001fe40       ?GetProductPrice@Manufacture@@QAEHH@Z 10020e40 f   Economic.obj
 0001:0001ff20       ?GetPrice@Manufacture@@UAEHH@Z 10020f20 f   Economic.obj
 0001:00020130       ??0Formation@@QAE@XZ       10021130 f   Economic.obj
 0001:00020190       ??_EFormation@@UAEPAXI@Z   10021190 f i Economic.obj
 0001:00020190       ??_GFormation@@UAEPAXI@Z   10021190 f i Economic.obj
 0001:00020200       ??1Formation@@UAE@XZ       10021200 f   Economic.obj
 0001:00020260       ??0FormationList@@QAE@XZ   10021260 f   Economic.obj
 0001:000202a0       ??_EFormationList@@UAEPAXI@Z 100212a0 f i Economic.obj
 0001:000202a0       ??_GFormationList@@UAEPAXI@Z 100212a0 f i Economic.obj
 0001:00020310       ??1FormationList@@UAE@XZ   10021310 f   Economic.obj
 0001:00020350       ?FillFromFile@FormationList@@QAEXPAD@Z 10021350 f   Economic.obj
 0001:000209d0       ??0AutoFormation@@QAE@XZ   100219d0 f   Economic.obj
 0001:00020b20       ??_GAutoFormation@@UAEPAXI@Z 10021b20 f i Economic.obj
 0001:00020b20       ??_EAutoFormation@@UAEPAXI@Z 10021b20 f i Economic.obj
 0001:00020b90       ??1AutoFormation@@UAE@XZ   10021b90 f   Economic.obj
 0001:00020bd0       ?CreateForm@AutoFormation@@QAEXXZ 10021bd0 f   Economic.obj
 0001:00020cc0       ?MoveTo@AutoFormation@@QAEXHH@Z 10021cc0 f   Economic.obj
 0001:00020d90       ?Clear@AutoFormation@@QAEXXZ 10021d90 f   Economic.obj
 0001:00020e70       ?IsFormationReady@AutoFormation@@QAE_NXZ 10021e70 f   Economic.obj
 0001:00020fb0       ??0Barrack@@QAE@XZ         10021fb0 f   Economic.obj
 0001:00021160       ??_GBarrack@@UAEPAXI@Z     10022160 f i Economic.obj
 0001:00021160       ??_EBarrack@@UAEPAXI@Z     10022160 f i Economic.obj
 0001:000211d0       ??1Barrack@@UAE@XZ         100221d0 f   Economic.obj
 0001:00021330       ?Process@Barrack@@QAEXXZ   10022330 f   Economic.obj
 0001:00021380       ?Produce@Barrack@@QAEXXZ   10022380 f   Economic.obj
 0001:00021450       ?StartProduce@Barrack@@QAE_NXZ 10022450 f   Economic.obj
 0001:00021630       ?ProduceFast@Barrack@@QAE_NPAVThing@@PAUGAMEOBJ@@@Z 10022630 f   Economic.obj
 0001:000217c0       ?FillParams@Barrack@@QAEXPAVUnitDescription@@H@Z 100227c0 f   Economic.obj
 0001:00021860       ?CMLunitsList@Barrack@@QAEXPAD@Z 10022860 f   Economic.obj
 0001:00021970       ?CMLInProduceStack@Barrack@@QAEXPAD@Z 10022970 f   Economic.obj
 0001:00021b20       ?CMLOrderList@Barrack@@QAEXPAD@Z 10022b20 f   Economic.obj
 0001:00021d20       ?CMLobjectInfo@Barrack@@QAEXPAD@Z 10022d20 f   Economic.obj
 0001:00021e70       ?GetFormationsPrice@Barrack@@QAEHHAAH@Z 10022e70 f   Economic.obj
 0001:00022130       ?GetFormationsPriceAndReservRes@Barrack@@QAEHH@Z 10023130 f   Economic.obj
 0001:000223b0       ?FillTradePoints@Barrack@@QAEXPAPAVWarehouse@@H@Z 100233b0 f   Economic.obj
 0001:00022620       ?Compare@Barrack@@SAHPBX0@Z 10023620 f   Economic.obj
 0001:00022810       ?This@Barrack@@QAEPAV1@XZ  10023810 f   Economic.obj
 0001:00022980       ??0Bearer@@QAE@XZ          10023980 f   Economic.obj
 0001:00022a80       ??_GBearer@@UAEPAXI@Z      10023a80 f i Economic.obj
 0001:00022a80       ??_EBearer@@UAEPAXI@Z      10023a80 f i Economic.obj
 0001:00022af0       ??1Bearer@@UAE@XZ          10023af0 f   Economic.obj
 0001:00022b90       ?Load@Bearer@@QAEXPAVBarrack@@@Z 10023b90 f   Economic.obj
 0001:00022ce0       ?UnLoad@Bearer@@QAEXPAVBarrack@@@Z 10023ce0 f   Economic.obj
 0001:00022df0       ?Erase@Bearer@@QAEXXZ      10023df0 f   Economic.obj
 0001:00022e60       ?Create@Bearer@@QAEXHHE@Z  10023e60 f   Economic.obj
 0001:00022f80       ??0Carrier@@QAE@XZ         10023f80 f   Economic.obj
 0001:00023010       ??_GCarrier@@UAEPAXI@Z     10024010 f i Economic.obj
 0001:00023010       ??_ECarrier@@UAEPAXI@Z     10024010 f i Economic.obj
 0001:00023080       ??1Carrier@@UAE@XZ         10024080 f   Economic.obj
 0001:000230e0       ?Process@Carrier@@QAEXXZ   100240e0 f   Economic.obj
 0001:000236f0       ??0NationParams@@QAE@XZ    100246f0 f   Economic.obj
 0001:00023750       ??1NationParams@@QAE@XZ    10024750 f   Economic.obj
 0001:00023780       ?Init@NationParams@@QAEXH@Z 10024780 f   Economic.obj
 0001:00023820       ?MoneyAdd@NationParams@@QAEXH@Z 10024820 f   Economic.obj
 0001:000238a0       ??0InterfaceOBJ@@QAE@XZ    100248a0 f   Economic.obj
 0001:000238e0       ??_GInterfaceOBJ@@UAEPAXI@Z 100248e0 f i Economic.obj
 0001:000238e0       ??_EInterfaceOBJ@@UAEPAXI@Z 100248e0 f i Economic.obj
 0001:00023950       ??1InterfaceOBJ@@UAE@XZ    10024950 f   Economic.obj
 0001:00023990       ?Show@InterfaceOBJ@@UAEXXZ 10024990 f   Economic.obj
 0001:000239c0       ?AddNewIndex@InterfaceOBJ@@SAXHPAV1@@Z 100249c0 f   Economic.obj
 0001:00023ac0       ?Show@InterfaceOBJ@@SA_NG@Z 10024ac0 f   Economic.obj
 0001:00023b90       ??0Troop@@QAE@XZ           10024b90 f   Economic.obj
 0001:00023bf0       ??_ETroop@@UAEPAXI@Z       10024bf0 f i Economic.obj
 0001:00023bf0       ??_GTroop@@UAEPAXI@Z       10024bf0 f i Economic.obj
 0001:00023c60       ??0Troop@@QAE@H@Z          10024c60 f   Economic.obj
 0001:00023d20       ?Move@Troop@@QAEXHH@Z      10024d20 f   Economic.obj
 0001:00023d90       ??1Troop@@UAE@XZ           10024d90 f   Economic.obj
 0001:00023dd0       ??0FormMovement@@QAE@XZ    10024dd0 f   Economic.obj
 0001:00023ea0       ??_EFormMovement@@UAEPAXI@Z 10024ea0 f i Economic.obj
 0001:00023ea0       ??_GFormMovement@@UAEPAXI@Z 10024ea0 f i Economic.obj
 0001:00023f10       ??1FormMovement@@UAE@XZ    10024f10 f   Economic.obj
 0001:00024070       ?ResearchMap@FormMovement@@QAEXXZ 10025070 f   Economic.obj
 0001:000242f0       ?Process@FormMovement@@QAEXXZ 100252f0 f   Economic.obj
 0001:00024500       ?FillImportantPoint@FormMovement@@QAEXXZ 10025500 f   Economic.obj
 0001:000247b0       ?GetDist@FormMovement@@QAEHPAVTroop@@0@Z 100257b0 f   Economic.obj
 0001:00024870       ?GetDist@FormMovement@@QAEHPAVTroop@@PAUImportantPoint@@@Z 10025870 f   Economic.obj
 0001:00024910       ?GetDangerCoord@FormMovement@@QAEXPAVTroop@@AAH1@Z 10025910 f   Economic.obj
 0001:00024a60       ?GetDangFor@FormMovement@@AAEHPAVTroop@@HH@Z 10025a60 f   Economic.obj
 0001:00024bd0       ?AddEnerPoint@FormMovement@@QAEXAAY1EA@EA@HHHH@Z 10025bd0 f   Economic.obj
 0001:00024d40       ??0?$vector@UResource@@V?$allocator@UResource@@@std@@@std@@QAE@ABV?$allocator@UResource@@@1@@Z 10025d40 f i Economic.obj
 0001:00024db0       ??1?$vector@UResource@@V?$allocator@UResource@@@std@@@std@@QAE@XZ 10025db0 f i Economic.obj
 0001:00024e60       ?begin@?$vector@UResource@@V?$allocator@UResource@@@std@@@std@@QAEPAUResource@@XZ 10025e60 f i Economic.obj
 0001:00024ea0       ?end@?$vector@UResource@@V?$allocator@UResource@@@std@@@std@@QAEPAUResource@@XZ 10025ea0 f i Economic.obj
 0001:00024ee0       ?size@?$vector@UResource@@V?$allocator@UResource@@@std@@@std@@QBEIXZ 10025ee0 f i Economic.obj
 0001:00024f50       ??A?$vector@UResource@@V?$allocator@UResource@@@std@@@std@@QAEAAUResource@@I@Z 10025f50 f i Economic.obj
 0001:00024fa0       ?push_back@?$vector@UResource@@V?$allocator@UResource@@@std@@@std@@QAEXABUResource@@@Z 10025fa0 f i Economic.obj
 0001:00025000       ??0?$vector@HV?$allocator@H@std@@@std@@QAE@ABV?$allocator@H@1@@Z 10026000 f i Economic.obj
 0001:00025070       ??0?$vector@HV?$allocator@H@std@@@std@@QAE@ABV01@@Z 10026070 f i Economic.obj
 0001:00025120       ??1?$vector@HV?$allocator@H@std@@@std@@QAE@XZ 10026120 f i Economic.obj
 0001:000251d0       ?reserve@?$vector@HV?$allocator@H@std@@@std@@QAEXI@Z 100261d0 f i Economic.obj
 0001:000252d0       ?begin@?$vector@HV?$allocator@H@std@@@std@@QAEPAHXZ 100262d0 f i Economic.obj
 0001:00025310       ?size@?$vector@HV?$allocator@H@std@@@std@@QBEIXZ 10026310 f i Economic.obj
 0001:00025370       ??A?$vector@HV?$allocator@H@std@@@std@@QAEAAHI@Z 10026370 f i Economic.obj
 0001:000253c0       ?push_back@?$vector@HV?$allocator@H@std@@@std@@QAEXABH@Z 100263c0 f i Economic.obj
 0001:00025420       ??0?$vector@UNamedResourceList@@V?$allocator@UNamedResourceList@@@std@@@std@@QAE@ABV?$allocator@UNamedResourceList@@@1@@Z 10026420 f i Economic.obj
 0001:00025490       ??1?$vector@UNamedResourceList@@V?$allocator@UNamedResourceList@@@std@@@std@@QAE@XZ 10026490 f i Economic.obj
 0001:00025540       ?size@?$vector@UNamedResourceList@@V?$allocator@UNamedResourceList@@@std@@@std@@QBEIXZ 10026540 f i Economic.obj
 0001:000255b0       ??A?$vector@UNamedResourceList@@V?$allocator@UNamedResourceList@@@std@@@std@@QAEAAUNamedResourceList@@I@Z 100265b0 f i Economic.obj
 0001:00025600       ?push_back@?$vector@UNamedResourceList@@V?$allocator@UNamedResourceList@@@std@@@std@@QAEXABUNamedResourceList@@@Z 10026600 f i Economic.obj
 0001:00025660       ??0?$vector@UCan_produse@@V?$allocator@UCan_produse@@@std@@@std@@QAE@ABV?$allocator@UCan_produse@@@1@@Z 10026660 f i Economic.obj
 0001:000256d0       ??1?$vector@UCan_produse@@V?$allocator@UCan_produse@@@std@@@std@@QAE@XZ 100266d0 f i Economic.obj
 0001:00025780       ?size@?$vector@UCan_produse@@V?$allocator@UCan_produse@@@std@@@std@@QBEIXZ 10026780 f i Economic.obj
 0001:000257f0       ??A?$vector@UCan_produse@@V?$allocator@UCan_produse@@@std@@@std@@QAEAAUCan_produse@@I@Z 100267f0 f i Economic.obj
 0001:00025840       ?push_back@?$vector@UCan_produse@@V?$allocator@UCan_produse@@@std@@@std@@QAEXABUCan_produse@@@Z 10026840 f i Economic.obj
 0001:000258a0       ??0?$vector@VThing@@V?$allocator@VThing@@@std@@@std@@QAE@ABV?$allocator@VThing@@@1@@Z 100268a0 f i Economic.obj
 0001:00025910       ??1?$vector@VThing@@V?$allocator@VThing@@@std@@@std@@QAE@XZ 10026910 f i Economic.obj
 0001:000259c0       ?size@?$vector@VThing@@V?$allocator@VThing@@@std@@@std@@QBEIXZ 100269c0 f i Economic.obj
 0001:00025a30       ??A?$vector@VThing@@V?$allocator@VThing@@@std@@@std@@QAEAAVThing@@I@Z 10026a30 f i Economic.obj
 0001:00025a80       ?push_back@?$vector@VThing@@V?$allocator@VThing@@@std@@@std@@QAEXABVThing@@@Z 10026a80 f i Economic.obj
 0001:00025ae0       ??0?$list@HV?$allocator@H@std@@@std@@QAE@ABV?$allocator@H@1@@Z 10026ae0 f i Economic.obj
 0001:00025b50       ??1?$list@HV?$allocator@H@std@@@std@@QAE@XZ 10026b50 f i Economic.obj
 0001:00025bf0       ?begin@?$list@HV?$allocator@H@std@@@std@@QAE?AViterator@12@XZ 10026bf0 f i Economic.obj
 0001:00025c60       ?end@?$list@HV?$allocator@H@std@@@std@@QAE?AViterator@12@XZ 10026c60 f i Economic.obj
 0001:00025cc0       ?size@?$list@HV?$allocator@H@std@@@std@@QBEIXZ 10026cc0 f i Economic.obj
 0001:00025d00       ?front@?$list@HV?$allocator@H@std@@@std@@QAEAAHXZ 10026d00 f i Economic.obj
 0001:00025d60       ?pop_front@?$list@HV?$allocator@H@std@@@std@@QAEXXZ 10026d60 f i Economic.obj
 0001:00025dc0       ?push_back@?$list@HV?$allocator@H@std@@@std@@QAEXABH@Z 10026dc0 f i Economic.obj
 0001:00025e30       ?clear@?$list@HV?$allocator@H@std@@@std@@QAEXXZ 10026e30 f i Economic.obj
 0001:00025ea0       ??0iterator@?$list@HV?$allocator@H@std@@@std@@QAE@XZ 10026ea0 f i Economic.obj
 0001:00025ef0       ??Diterator@?$list@HV?$allocator@H@std@@@std@@QBEAAHXZ 10026ef0 f i Economic.obj
 0001:00025f40       ??Eiterator@?$list@HV?$allocator@H@std@@@std@@QAEAAV012@XZ 10026f40 f i Economic.obj
 0001:00025fa0       ??Eiterator@?$list@HV?$allocator@H@std@@@std@@QAE?AV012@H@Z 10026fa0 f i Economic.obj
 0001:00026000       ??9iterator@?$list@HV?$allocator@H@std@@@std@@QBE_NABV012@@Z 10027000 f i Economic.obj
 0001:00026060       ??0?$vector@VFormation@@V?$allocator@VFormation@@@std@@@std@@QAE@ABV?$allocator@VFormation@@@1@@Z 10027060 f i Economic.obj
 0001:000260d0       ??1?$vector@VFormation@@V?$allocator@VFormation@@@std@@@std@@QAE@XZ 100270d0 f i Economic.obj
 0001:00026180       ?size@?$vector@VFormation@@V?$allocator@VFormation@@@std@@@std@@QBEIXZ 10027180 f i Economic.obj
 0001:000261f0       ??A?$vector@VFormation@@V?$allocator@VFormation@@@std@@@std@@QAEAAVFormation@@I@Z 100271f0 f i Economic.obj
 0001:00026240       ?push_back@?$vector@VFormation@@V?$allocator@VFormation@@@std@@@std@@QAEXABVFormation@@@Z 10027240 f i Economic.obj
 0001:000262a0       ??0?$vector@PAVBearer@@V?$allocator@PAVBearer@@@std@@@std@@QAE@ABV?$allocator@PAVBearer@@@1@@Z 100272a0 f i Economic.obj
 0001:00026310       ??1?$vector@PAVBearer@@V?$allocator@PAVBearer@@@std@@@std@@QAE@XZ 10027310 f i Economic.obj
 0001:000263c0       ?size@?$vector@PAVBearer@@V?$allocator@PAVBearer@@@std@@@std@@QBEIXZ 100273c0 f i Economic.obj
 0001:00026420       ??A?$vector@PAVBearer@@V?$allocator@PAVBearer@@@std@@@std@@QAEAAPAVBearer@@I@Z 10027420 f i Economic.obj
 0001:00026470       ?push_back@?$vector@PAVBearer@@V?$allocator@PAVBearer@@@std@@@std@@QAEXABQAVBearer@@@Z 10027470 f i Economic.obj
 0001:000264d0       ??0?$list@PAVVillage@@V?$allocator@PAVVillage@@@std@@@std@@QAE@ABV?$allocator@PAVVillage@@@1@@Z 100274d0 f i Economic.obj
 0001:00026540       ??1?$list@PAVVillage@@V?$allocator@PAVVillage@@@std@@@std@@QAE@XZ 10027540 f i Economic.obj
 0001:000265e0       ?begin@?$list@PAVVillage@@V?$allocator@PAVVillage@@@std@@@std@@QAE?AViterator@12@XZ 100275e0 f i Economic.obj
 0001:00026650       ?end@?$list@PAVVillage@@V?$allocator@PAVVillage@@@std@@@std@@QAE?AViterator@12@XZ 10027650 f i Economic.obj
 0001:000266b0       ?size@?$list@PAVVillage@@V?$allocator@PAVVillage@@@std@@@std@@QBEIXZ 100276b0 f i Economic.obj
 0001:000266f0       ?push_back@?$list@PAVVillage@@V?$allocator@PAVVillage@@@std@@@std@@QAEXABQAVVillage@@@Z 100276f0 f i Economic.obj
 0001:00026760       ??0iterator@?$list@PAVVillage@@V?$allocator@PAVVillage@@@std@@@std@@QAE@XZ 10027760 f i Economic.obj
 0001:000267b0       ??Diterator@?$list@PAVVillage@@V?$allocator@PAVVillage@@@std@@@std@@QBEAAPAVVillage@@XZ 100277b0 f i Economic.obj
 0001:00026800       ??Eiterator@?$list@PAVVillage@@V?$allocator@PAVVillage@@@std@@@std@@QAEAAV012@XZ 10027800 f i Economic.obj
 0001:00026860       ??9iterator@?$list@PAVVillage@@V?$allocator@PAVVillage@@@std@@@std@@QBE_NABV012@@Z 10027860 f i Economic.obj
 0001:000268c0       ??0?$list@PAVTransport@@V?$allocator@PAVTransport@@@std@@@std@@QAE@ABV?$allocator@PAVTransport@@@1@@Z 100278c0 f i Economic.obj
 0001:00026930       ??1?$list@PAVTransport@@V?$allocator@PAVTransport@@@std@@@std@@QAE@XZ 10027930 f i Economic.obj
 0001:000269d0       ?begin@?$list@PAVTransport@@V?$allocator@PAVTransport@@@std@@@std@@QAE?AViterator@12@XZ 100279d0 f i Economic.obj
 0001:00026a40       ?end@?$list@PAVTransport@@V?$allocator@PAVTransport@@@std@@@std@@QAE?AViterator@12@XZ 10027a40 f i Economic.obj
 0001:00026aa0       ?size@?$list@PAVTransport@@V?$allocator@PAVTransport@@@std@@@std@@QBEIXZ 10027aa0 f i Economic.obj
 0001:00026ae0       ?push_back@?$list@PAVTransport@@V?$allocator@PAVTransport@@@std@@@std@@QAEXABQAVTransport@@@Z 10027ae0 f i Economic.obj
 0001:00026b50       ??0iterator@?$list@PAVTransport@@V?$allocator@PAVTransport@@@std@@@std@@QAE@XZ 10027b50 f i Economic.obj
 0001:00026ba0       ??Diterator@?$list@PAVTransport@@V?$allocator@PAVTransport@@@std@@@std@@QBEAAPAVTransport@@XZ 10027ba0 f i Economic.obj
 0001:00026bf0       ??Eiterator@?$list@PAVTransport@@V?$allocator@PAVTransport@@@std@@@std@@QAEAAV012@XZ 10027bf0 f i Economic.obj
 0001:00026c50       ??9iterator@?$list@PAVTransport@@V?$allocator@PAVTransport@@@std@@@std@@QBE_NABV012@@Z 10027c50 f i Economic.obj
 0001:00026cb0       ??0?$list@PAVWarehouse@@V?$allocator@PAVWarehouse@@@std@@@std@@QAE@ABV?$allocator@PAVWarehouse@@@1@@Z 10027cb0 f i Economic.obj
 0001:00026d20       ??1?$list@PAVWarehouse@@V?$allocator@PAVWarehouse@@@std@@@std@@QAE@XZ 10027d20 f i Economic.obj
 0001:00026dc0       ?begin@?$list@PAVWarehouse@@V?$allocator@PAVWarehouse@@@std@@@std@@QAE?AViterator@12@XZ 10027dc0 f i Economic.obj
 0001:00026e30       ?end@?$list@PAVWarehouse@@V?$allocator@PAVWarehouse@@@std@@@std@@QAE?AViterator@12@XZ 10027e30 f i Economic.obj
 0001:00026e90       ?size@?$list@PAVWarehouse@@V?$allocator@PAVWarehouse@@@std@@@std@@QBEIXZ 10027e90 f i Economic.obj
 0001:00026ed0       ?push_back@?$list@PAVWarehouse@@V?$allocator@PAVWarehouse@@@std@@@std@@QAEXABQAVWarehouse@@@Z 10027ed0 f i Economic.obj
 0001:00026f40       ??0iterator@?$list@PAVWarehouse@@V?$allocator@PAVWarehouse@@@std@@@std@@QAE@XZ 10027f40 f i Economic.obj
 0001:00026f90       ??Diterator@?$list@PAVWarehouse@@V?$allocator@PAVWarehouse@@@std@@@std@@QBEAAPAVWarehouse@@XZ 10027f90 f i Economic.obj
 0001:00026fe0       ??Eiterator@?$list@PAVWarehouse@@V?$allocator@PAVWarehouse@@@std@@@std@@QAEAAV012@XZ 10027fe0 f i Economic.obj
 0001:00027040       ??9iterator@?$list@PAVWarehouse@@V?$allocator@PAVWarehouse@@@std@@@std@@QBE_NABV012@@Z 10028040 f i Economic.obj
 0001:000270a0       ??0?$list@PAVTaxCollector@@V?$allocator@PAVTaxCollector@@@std@@@std@@QAE@ABV?$allocator@PAVTaxCollector@@@1@@Z 100280a0 f i Economic.obj
 0001:00027110       ??1?$list@PAVTaxCollector@@V?$allocator@PAVTaxCollector@@@std@@@std@@QAE@XZ 10028110 f i Economic.obj
 0001:000271b0       ?begin@?$list@PAVTaxCollector@@V?$allocator@PAVTaxCollector@@@std@@@std@@QAE?AViterator@12@XZ 100281b0 f i Economic.obj
 0001:00027220       ?end@?$list@PAVTaxCollector@@V?$allocator@PAVTaxCollector@@@std@@@std@@QAE?AViterator@12@XZ 10028220 f i Economic.obj
 0001:00027280       ?push_back@?$list@PAVTaxCollector@@V?$allocator@PAVTaxCollector@@@std@@@std@@QAEXABQAVTaxCollector@@@Z 10028280 f i Economic.obj
 0001:000272f0       ??0iterator@?$list@PAVTaxCollector@@V?$allocator@PAVTaxCollector@@@std@@@std@@QAE@XZ 100282f0 f i Economic.obj
 0001:00027340       ??Diterator@?$list@PAVTaxCollector@@V?$allocator@PAVTaxCollector@@@std@@@std@@QBEAAPAVTaxCollector@@XZ 10028340 f i Economic.obj
 0001:00027390       ??Eiterator@?$list@PAVTaxCollector@@V?$allocator@PAVTaxCollector@@@std@@@std@@QAEAAV012@XZ 10028390 f i Economic.obj
 0001:000273f0       ??9iterator@?$list@PAVTaxCollector@@V?$allocator@PAVTaxCollector@@@std@@@std@@QBE_NABV012@@Z 100283f0 f i Economic.obj
 0001:00027450       ??0?$list@PAVManufacture@@V?$allocator@PAVManufacture@@@std@@@std@@QAE@ABV?$allocator@PAVManufacture@@@1@@Z 10028450 f i Economic.obj
 0001:000274c0       ??1?$list@PAVManufacture@@V?$allocator@PAVManufacture@@@std@@@std@@QAE@XZ 100284c0 f i Economic.obj
 0001:00027560       ?begin@?$list@PAVManufacture@@V?$allocator@PAVManufacture@@@std@@@std@@QAE?AViterator@12@XZ 10028560 f i Economic.obj
 0001:000275d0       ?end@?$list@PAVManufacture@@V?$allocator@PAVManufacture@@@std@@@std@@QAE?AViterator@12@XZ 100285d0 f i Economic.obj
 0001:00027630       ?size@?$list@PAVManufacture@@V?$allocator@PAVManufacture@@@std@@@std@@QBEIXZ 10028630 f i Economic.obj
 0001:00027670       ?push_back@?$list@PAVManufacture@@V?$allocator@PAVManufacture@@@std@@@std@@QAEXABQAVManufacture@@@Z 10028670 f i Economic.obj
 0001:000276e0       ??0iterator@?$list@PAVManufacture@@V?$allocator@PAVManufacture@@@std@@@std@@QAE@XZ 100286e0 f i Economic.obj
 0001:00027730       ??Diterator@?$list@PAVManufacture@@V?$allocator@PAVManufacture@@@std@@@std@@QBEAAPAVManufacture@@XZ 10028730 f i Economic.obj
 0001:00027780       ??Eiterator@?$list@PAVManufacture@@V?$allocator@PAVManufacture@@@std@@@std@@QAEAAV012@XZ 10028780 f i Economic.obj
 0001:000277e0       ??Eiterator@?$list@PAVManufacture@@V?$allocator@PAVManufacture@@@std@@@std@@QAE?AV012@H@Z 100287e0 f i Economic.obj
 0001:00027840       ??9iterator@?$list@PAVManufacture@@V?$allocator@PAVManufacture@@@std@@@std@@QBE_NABV012@@Z 10028840 f i Economic.obj
 0001:000278a0       ??0?$list@PAVMarket@@V?$allocator@PAVMarket@@@std@@@std@@QAE@ABV?$allocator@PAVMarket@@@1@@Z 100288a0 f i Economic.obj
 0001:00027910       ??1?$list@PAVMarket@@V?$allocator@PAVMarket@@@std@@@std@@QAE@XZ 10028910 f i Economic.obj
 0001:000279b0       ?begin@?$list@PAVMarket@@V?$allocator@PAVMarket@@@std@@@std@@QAE?AViterator@12@XZ 100289b0 f i Economic.obj
 0001:00027a20       ?end@?$list@PAVMarket@@V?$allocator@PAVMarket@@@std@@@std@@QAE?AViterator@12@XZ 10028a20 f i Economic.obj
 0001:00027a80       ?size@?$list@PAVMarket@@V?$allocator@PAVMarket@@@std@@@std@@QBEIXZ 10028a80 f i Economic.obj
 0001:00027ac0       ?push_back@?$list@PAVMarket@@V?$allocator@PAVMarket@@@std@@@std@@QAEXABQAVMarket@@@Z 10028ac0 f i Economic.obj
 0001:00027b30       ??0iterator@?$list@PAVMarket@@V?$allocator@PAVMarket@@@std@@@std@@QAE@XZ 10028b30 f i Economic.obj
 0001:00027b80       ??Diterator@?$list@PAVMarket@@V?$allocator@PAVMarket@@@std@@@std@@QBEAAPAVMarket@@XZ 10028b80 f i Economic.obj
 0001:00027bd0       ??Eiterator@?$list@PAVMarket@@V?$allocator@PAVMarket@@@std@@@std@@QAEAAV012@XZ 10028bd0 f i Economic.obj
 0001:00027c30       ??9iterator@?$list@PAVMarket@@V?$allocator@PAVMarket@@@std@@@std@@QBE_NABV012@@Z 10028c30 f i Economic.obj
 0001:00027c90       ??0?$list@VPeasant@@V?$allocator@VPeasant@@@std@@@std@@QAE@ABV?$allocator@VPeasant@@@1@@Z 10028c90 f i Economic.obj
 0001:00027d00       ??1?$list@VPeasant@@V?$allocator@VPeasant@@@std@@@std@@QAE@XZ 10028d00 f i Economic.obj
 0001:00027da0       ?begin@?$list@VPeasant@@V?$allocator@VPeasant@@@std@@@std@@QAE?AViterator@12@XZ 10028da0 f i Economic.obj
 0001:00027e10       ?size@?$list@VPeasant@@V?$allocator@VPeasant@@@std@@@std@@QBEIXZ 10028e10 f i Economic.obj
 0001:00027e50       ?pop_front@?$list@VPeasant@@V?$allocator@VPeasant@@@std@@@std@@QAEXXZ 10028e50 f i Economic.obj
 0001:00027eb0       ?push_back@?$list@VPeasant@@V?$allocator@VPeasant@@@std@@@std@@QAEXABVPeasant@@@Z 10028eb0 f i Economic.obj
 0001:00027f20       ??Citerator@?$list@VPeasant@@V?$allocator@VPeasant@@@std@@@std@@QBEPAVPeasant@@XZ 10028f20 f i Economic.obj
 0001:00027f70       ??0?$list@PAVBarrack@@V?$allocator@PAVBarrack@@@std@@@std@@QAE@ABV?$allocator@PAVBarrack@@@1@@Z 10028f70 f i Economic.obj
 0001:00027fe0       ??1?$list@PAVBarrack@@V?$allocator@PAVBarrack@@@std@@@std@@QAE@XZ 10028fe0 f i Economic.obj
 0001:00028080       ?begin@?$list@PAVBarrack@@V?$allocator@PAVBarrack@@@std@@@std@@QAE?AViterator@12@XZ 10029080 f i Economic.obj
 0001:000280f0       ?end@?$list@PAVBarrack@@V?$allocator@PAVBarrack@@@std@@@std@@QAE?AViterator@12@XZ 100290f0 f i Economic.obj
 0001:00028150       ?size@?$list@PAVBarrack@@V?$allocator@PAVBarrack@@@std@@@std@@QBEIXZ 10029150 f i Economic.obj
 0001:00028190       ?push_back@?$list@PAVBarrack@@V?$allocator@PAVBarrack@@@std@@@std@@QAEXABQAVBarrack@@@Z 10029190 f i Economic.obj
 0001:00028200       ??0iterator@?$list@PAVBarrack@@V?$allocator@PAVBarrack@@@std@@@std@@QAE@XZ 10029200 f i Economic.obj
 0001:00028250       ??Diterator@?$list@PAVBarrack@@V?$allocator@PAVBarrack@@@std@@@std@@QBEAAPAVBarrack@@XZ 10029250 f i Economic.obj
 0001:000282a0       ??Eiterator@?$list@PAVBarrack@@V?$allocator@PAVBarrack@@@std@@@std@@QAEAAV012@XZ 100292a0 f i Economic.obj
 0001:00028300       ??Eiterator@?$list@PAVBarrack@@V?$allocator@PAVBarrack@@@std@@@std@@QAE?AV012@H@Z 10029300 f i Economic.obj
 0001:00028360       ??9iterator@?$list@PAVBarrack@@V?$allocator@PAVBarrack@@@std@@@std@@QBE_NABV012@@Z 10029360 f i Economic.obj
 0001:000283c0       ??0?$list@PAVCarrier@@V?$allocator@PAVCarrier@@@std@@@std@@QAE@ABV?$allocator@PAVCarrier@@@1@@Z 100293c0 f i Economic.obj
 0001:00028430       ??1?$list@PAVCarrier@@V?$allocator@PAVCarrier@@@std@@@std@@QAE@XZ 10029430 f i Economic.obj
 0001:000284d0       ?begin@?$list@PAVCarrier@@V?$allocator@PAVCarrier@@@std@@@std@@QAE?AViterator@12@XZ 100294d0 f i Economic.obj
 0001:00028540       ?end@?$list@PAVCarrier@@V?$allocator@PAVCarrier@@@std@@@std@@QAE?AViterator@12@XZ 10029540 f i Economic.obj
 0001:000285a0       ?push_back@?$list@PAVCarrier@@V?$allocator@PAVCarrier@@@std@@@std@@QAEXABQAVCarrier@@@Z 100295a0 f i Economic.obj
 0001:00028610       ??0iterator@?$list@PAVCarrier@@V?$allocator@PAVCarrier@@@std@@@std@@QAE@XZ 10029610 f i Economic.obj
 0001:00028660       ??Diterator@?$list@PAVCarrier@@V?$allocator@PAVCarrier@@@std@@@std@@QBEAAPAVCarrier@@XZ 10029660 f i Economic.obj
 0001:000286b0       ??Eiterator@?$list@PAVCarrier@@V?$allocator@PAVCarrier@@@std@@@std@@QAEAAV012@XZ 100296b0 f i Economic.obj
 0001:00028710       ??9iterator@?$list@PAVCarrier@@V?$allocator@PAVCarrier@@@std@@@std@@QBE_NABV012@@Z 10029710 f i Economic.obj
 0001:00028770       ??0?$vector@VUnitDescription@@V?$allocator@VUnitDescription@@@std@@@std@@QAE@ABV?$allocator@VUnitDescription@@@1@@Z 10029770 f i Economic.obj
 0001:000287e0       ??1?$vector@VUnitDescription@@V?$allocator@VUnitDescription@@@std@@@std@@QAE@XZ 100297e0 f i Economic.obj
 0001:00028890       ?begin@?$vector@VUnitDescription@@V?$allocator@VUnitDescription@@@std@@@std@@QAEPAVUnitDescription@@XZ 10029890 f i Economic.obj
 0001:000288d0       ?end@?$vector@VUnitDescription@@V?$allocator@VUnitDescription@@@std@@@std@@QAEPAVUnitDescription@@XZ 100298d0 f i Economic.obj
 0001:00028910       ?push_back@?$vector@VUnitDescription@@V?$allocator@VUnitDescription@@@std@@@std@@QAEXABVUnitDescription@@@Z 10029910 f i Economic.obj
 0001:00028970       ??0iterator@?$list@VTransport@@V?$allocator@VTransport@@@std@@@std@@QAE@XZ 10029970 f i Economic.obj
 0001:000289c0       ?insert@?$vector@UResource@@V?$allocator@UResource@@@std@@@std@@QAEPAUResource@@PAU3@ABU3@@Z 100299c0 f i Economic.obj
 0001:00028a50       ?_Destroy@?$vector@UResource@@V?$allocator@UResource@@@std@@@std@@IAEXPAUResource@@0@Z 10029a50 f i Economic.obj
 0001:00028ac0       ?deallocate@?$allocator@UResource@@@std@@QAEXPAXI@Z 10029ac0 f i Economic.obj
 0001:00028b10       ?capacity@?$vector@HV?$allocator@H@std@@@std@@QBEIXZ 10029b10 f i Economic.obj
 0001:00028b70       ?begin@?$vector@HV?$allocator@H@std@@@std@@QBEPBHXZ 10029b70 f i Economic.obj
 0001:00028bb0       ?end@?$vector@HV?$allocator@H@std@@@std@@QAEPAHXZ 10029bb0 f i Economic.obj
 0001:00028bf0       ?end@?$vector@HV?$allocator@H@std@@@std@@QBEPBHXZ 10029bf0 f i Economic.obj
 0001:00028c30       ?insert@?$vector@HV?$allocator@H@std@@@std@@QAEPAHPAHABH@Z 10029c30 f i Economic.obj
 0001:00028cb0       ?_Destroy@?$vector@HV?$allocator@H@std@@@std@@IAEXPAH0@Z 10029cb0 f i Economic.obj
 0001:00028d20       ?_Ucopy@?$vector@HV?$allocator@H@std@@@std@@IAEPAHPBH0PAH@Z 10029d20 f i Economic.obj
 0001:00028da0       ?allocate@?$allocator@H@std@@QAEPAHIPBX@Z 10029da0 f i Economic.obj
 0001:00028df0       ?deallocate@?$allocator@H@std@@QAEXPAXI@Z 10029df0 f i Economic.obj
 0001:00028e40       ?begin@?$vector@UNamedResourceList@@V?$allocator@UNamedResourceList@@@std@@@std@@QAEPAUNamedResourceList@@XZ 10029e40 f i Economic.obj
 0001:00028e80       ?end@?$vector@UNamedResourceList@@V?$allocator@UNamedResourceList@@@std@@@std@@QAEPAUNamedResourceList@@XZ 10029e80 f i Economic.obj
 0001:00028ec0       ?insert@?$vector@UNamedResourceList@@V?$allocator@UNamedResourceList@@@std@@@std@@QAEPAUNamedResourceList@@PAU3@ABU3@@Z 10029ec0 f i Economic.obj
 0001:00028f50       ?_Destroy@?$vector@UNamedResourceList@@V?$allocator@UNamedResourceList@@@std@@@std@@IAEXPAUNamedResourceList@@0@Z 10029f50 f i Economic.obj
 0001:00028fc0       ?deallocate@?$allocator@UNamedResourceList@@@std@@QAEXPAXI@Z 10029fc0 f i Economic.obj
 0001:00029010       ?begin@?$vector@UCan_produse@@V?$allocator@UCan_produse@@@std@@@std@@QAEPAUCan_produse@@XZ 1002a010 f i Economic.obj
 0001:00029050       ?end@?$vector@UCan_produse@@V?$allocator@UCan_produse@@@std@@@std@@QAEPAUCan_produse@@XZ 1002a050 f i Economic.obj
 0001:00029090       ?insert@?$vector@UCan_produse@@V?$allocator@UCan_produse@@@std@@@std@@QAEPAUCan_produse@@PAU3@ABU3@@Z 1002a090 f i Economic.obj
 0001:00029120       ?_Destroy@?$vector@UCan_produse@@V?$allocator@UCan_produse@@@std@@@std@@IAEXPAUCan_produse@@0@Z 1002a120 f i Economic.obj
 0001:00029190       ?deallocate@?$allocator@UCan_produse@@@std@@QAEXPAXI@Z 1002a190 f i Economic.obj
 0001:000291e0       ?begin@?$vector@VThing@@V?$allocator@VThing@@@std@@@std@@QAEPAVThing@@XZ 1002a1e0 f i Economic.obj
 0001:00029220       ?end@?$vector@VThing@@V?$allocator@VThing@@@std@@@std@@QAEPAVThing@@XZ 1002a220 f i Economic.obj
 0001:00029260       ?insert@?$vector@VThing@@V?$allocator@VThing@@@std@@@std@@QAEPAVThing@@PAV3@ABV3@@Z 1002a260 f i Economic.obj
 0001:000292f0       ?_Destroy@?$vector@VThing@@V?$allocator@VThing@@@std@@@std@@IAEXPAVThing@@0@Z 1002a2f0 f i Economic.obj
 0001:00029360       ?deallocate@?$allocator@VThing@@@std@@QAEXPAXI@Z 1002a360 f i Economic.obj
 0001:000293b0       ?insert@?$list@HV?$allocator@H@std@@@std@@QAE?AViterator@12@V312@ABH@Z 1002a3b0 f i Economic.obj
 0001:000294c0       ?erase@?$list@HV?$allocator@H@std@@@std@@QAE?AViterator@12@V312@@Z 1002a4c0 f i Economic.obj
 0001:000295d0       ?erase@?$list@HV?$allocator@H@std@@@std@@QAE?AViterator@12@V312@0@Z 1002a5d0 f i Economic.obj
 0001:00029660       ?_Buynode@?$list@HV?$allocator@H@std@@@std@@IAEPAU_Node@12@PAU312@0@Z 1002a660 f i Economic.obj
 0001:00029710       ?_Freenode@?$list@HV?$allocator@H@std@@@std@@IAEXPAU_Node@12@@Z 1002a710 f i Economic.obj
 0001:00029760       ?_Next@_Acc@?$list@HV?$allocator@H@std@@@std@@SAAAPAU_Node@23@PAU423@@Z 1002a760 f i Economic.obj
 0001:00029790       ?_Value@_Acc@?$list@HV?$allocator@H@std@@@std@@SAAAHPAU_Node@23@@Z 1002a790 f i Economic.obj
 0001:000297c0       ??0const_iterator@?$list@HV?$allocator@H@std@@@std@@QAE@XZ 1002a7c0 f i Economic.obj
 0001:000297f0       ??0iterator@?$list@HV?$allocator@H@std@@@std@@QAE@PAU_Node@12@@Z 1002a7f0 f i Economic.obj
 0001:00029840       ??8iterator@?$list@HV?$allocator@H@std@@@std@@QBE_NABV012@@Z 1002a840 f i Economic.obj
 0001:00029890       ?begin@?$vector@VFormation@@V?$allocator@VFormation@@@std@@@std@@QAEPAVFormation@@XZ 1002a890 f i Economic.obj
 0001:000298d0       ?end@?$vector@VFormation@@V?$allocator@VFormation@@@std@@@std@@QAEPAVFormation@@XZ 1002a8d0 f i Economic.obj
 0001:00029910       ?insert@?$vector@VFormation@@V?$allocator@VFormation@@@std@@@std@@QAEPAVFormation@@PAV3@ABV3@@Z 1002a910 f i Economic.obj
 0001:000299a0       ?_Destroy@?$vector@VFormation@@V?$allocator@VFormation@@@std@@@std@@IAEXPAVFormation@@0@Z 1002a9a0 f i Economic.obj
 0001:00029a10       ?deallocate@?$allocator@VFormation@@@std@@QAEXPAXI@Z 1002aa10 f i Economic.obj
 0001:00029a60       ?begin@?$vector@PAVBearer@@V?$allocator@PAVBearer@@@std@@@std@@QAEPAPAVBearer@@XZ 1002aa60 f i Economic.obj
 0001:00029aa0       ?end@?$vector@PAVBearer@@V?$allocator@PAVBearer@@@std@@@std@@QAEPAPAVBearer@@XZ 1002aaa0 f i Economic.obj
 0001:00029ae0       ?insert@?$vector@PAVBearer@@V?$allocator@PAVBearer@@@std@@@std@@QAEPAPAVBearer@@PAPAV3@ABQAV3@@Z 1002aae0 f i Economic.obj
 0001:00029b60       ?_Destroy@?$vector@PAVBearer@@V?$allocator@PAVBearer@@@std@@@std@@IAEXPAPAVBearer@@0@Z 1002ab60 f i Economic.obj
 0001:00029bd0       ?deallocate@?$allocator@PAVBearer@@@std@@QAEXPAXI@Z 1002abd0 f i Economic.obj
 0001:00029c20       ?insert@?$list@PAVVillage@@V?$allocator@PAVVillage@@@std@@@std@@QAE?AViterator@12@V312@ABQAVVillage@@@Z 1002ac20 f i Economic.obj
 0001:00029d30       ?erase@?$list@PAVVillage@@V?$allocator@PAVVillage@@@std@@@std@@QAE?AViterator@12@V312@0@Z 1002ad30 f i Economic.obj
 0001:00029dc0       ?_Buynode@?$list@PAVVillage@@V?$allocator@PAVVillage@@@std@@@std@@IAEPAU_Node@12@PAU312@0@Z 1002adc0 f i Economic.obj
 0001:00029e70       ?_Freenode@?$list@PAVVillage@@V?$allocator@PAVVillage@@@std@@@std@@IAEXPAU_Node@12@@Z 1002ae70 f i Economic.obj
 0001:00029ec0       ?_Next@_Acc@?$list@PAVVillage@@V?$allocator@PAVVillage@@@std@@@std@@SAAAPAU_Node@23@PAU423@@Z 1002aec0 f i Economic.obj
 0001:00029ef0       ?_Value@_Acc@?$list@PAVVillage@@V?$allocator@PAVVillage@@@std@@@std@@SAAAPAVVillage@@PAU_Node@23@@Z 1002aef0 f i Economic.obj
 0001:00029f20       ??0const_iterator@?$list@PAVVillage@@V?$allocator@PAVVillage@@@std@@@std@@QAE@XZ 1002af20 f i Economic.obj
 0001:00029f50       ??0iterator@?$list@PAVVillage@@V?$allocator@PAVVillage@@@std@@@std@@QAE@PAU_Node@12@@Z 1002af50 f i Economic.obj
 0001:00029fa0       ??8iterator@?$list@PAVVillage@@V?$allocator@PAVVillage@@@std@@@std@@QBE_NABV012@@Z 1002afa0 f i Economic.obj
 0001:00029ff0       ?insert@?$list@PAVTransport@@V?$allocator@PAVTransport@@@std@@@std@@QAE?AViterator@12@V312@ABQAVTransport@@@Z 1002aff0 f i Economic.obj
 0001:0002a100       ?erase@?$list@PAVTransport@@V?$allocator@PAVTransport@@@std@@@std@@QAE?AViterator@12@V312@0@Z 1002b100 f i Economic.obj
 0001:0002a190       ?_Buynode@?$list@PAVTransport@@V?$allocator@PAVTransport@@@std@@@std@@IAEPAU_Node@12@PAU312@0@Z 1002b190 f i Economic.obj
 0001:0002a240       ?_Freenode@?$list@PAVTransport@@V?$allocator@PAVTransport@@@std@@@std@@IAEXPAU_Node@12@@Z 1002b240 f i Economic.obj
 0001:0002a290       ?_Next@_Acc@?$list@PAVTransport@@V?$allocator@PAVTransport@@@std@@@std@@SAAAPAU_Node@23@PAU423@@Z 1002b290 f i Economic.obj
 0001:0002a2c0       ?_Value@_Acc@?$list@PAVTransport@@V?$allocator@PAVTransport@@@std@@@std@@SAAAPAVTransport@@PAU_Node@23@@Z 1002b2c0 f i Economic.obj
 0001:0002a2f0       ??0const_iterator@?$list@PAVTransport@@V?$allocator@PAVTransport@@@std@@@std@@QAE@XZ 1002b2f0 f i Economic.obj
 0001:0002a320       ??0iterator@?$list@PAVTransport@@V?$allocator@PAVTransport@@@std@@@std@@QAE@PAU_Node@12@@Z 1002b320 f i Economic.obj
 0001:0002a370       ??8iterator@?$list@PAVTransport@@V?$allocator@PAVTransport@@@std@@@std@@QBE_NABV012@@Z 1002b370 f i Economic.obj
 0001:0002a3c0       ?insert@?$list@PAVWarehouse@@V?$allocator@PAVWarehouse@@@std@@@std@@QAE?AViterator@12@V312@ABQAVWarehouse@@@Z 1002b3c0 f i Economic.obj
 0001:0002a4d0       ?erase@?$list@PAVWarehouse@@V?$allocator@PAVWarehouse@@@std@@@std@@QAE?AViterator@12@V312@0@Z 1002b4d0 f i Economic.obj
 0001:0002a560       ?_Buynode@?$list@PAVWarehouse@@V?$allocator@PAVWarehouse@@@std@@@std@@IAEPAU_Node@12@PAU312@0@Z 1002b560 f i Economic.obj
 0001:0002a610       ?_Freenode@?$list@PAVWarehouse@@V?$allocator@PAVWarehouse@@@std@@@std@@IAEXPAU_Node@12@@Z 1002b610 f i Economic.obj
 0001:0002a660       ?_Next@_Acc@?$list@PAVWarehouse@@V?$allocator@PAVWarehouse@@@std@@@std@@SAAAPAU_Node@23@PAU423@@Z 1002b660 f i Economic.obj
 0001:0002a690       ?_Value@_Acc@?$list@PAVWarehouse@@V?$allocator@PAVWarehouse@@@std@@@std@@SAAAPAVWarehouse@@PAU_Node@23@@Z 1002b690 f i Economic.obj
 0001:0002a6c0       ??0const_iterator@?$list@PAVWarehouse@@V?$allocator@PAVWarehouse@@@std@@@std@@QAE@XZ 1002b6c0 f i Economic.obj
 0001:0002a6f0       ??0iterator@?$list@PAVWarehouse@@V?$allocator@PAVWarehouse@@@std@@@std@@QAE@PAU_Node@12@@Z 1002b6f0 f i Economic.obj
 0001:0002a740       ??8iterator@?$list@PAVWarehouse@@V?$allocator@PAVWarehouse@@@std@@@std@@QBE_NABV012@@Z 1002b740 f i Economic.obj
 0001:0002a790       ?insert@?$list@PAVTaxCollector@@V?$allocator@PAVTaxCollector@@@std@@@std@@QAE?AViterator@12@V312@ABQAVTaxCollector@@@Z 1002b790 f i Economic.obj
 0001:0002a8a0       ?erase@?$list@PAVTaxCollector@@V?$allocator@PAVTaxCollector@@@std@@@std@@QAE?AViterator@12@V312@0@Z 1002b8a0 f i Economic.obj
 0001:0002a930       ?_Buynode@?$list@PAVTaxCollector@@V?$allocator@PAVTaxCollector@@@std@@@std@@IAEPAU_Node@12@PAU312@0@Z 1002b930 f i Economic.obj
 0001:0002a9e0       ?_Freenode@?$list@PAVTaxCollector@@V?$allocator@PAVTaxCollector@@@std@@@std@@IAEXPAU_Node@12@@Z 1002b9e0 f i Economic.obj
 0001:0002aa30       ?_Next@_Acc@?$list@PAVTaxCollector@@V?$allocator@PAVTaxCollector@@@std@@@std@@SAAAPAU_Node@23@PAU423@@Z 1002ba30 f i Economic.obj
 0001:0002aa60       ?_Value@_Acc@?$list@PAVTaxCollector@@V?$allocator@PAVTaxCollector@@@std@@@std@@SAAAPAVTaxCollector@@PAU_Node@23@@Z 1002ba60 f i Economic.obj
 0001:0002aa90       ??0const_iterator@?$list@PAVTaxCollector@@V?$allocator@PAVTaxCollector@@@std@@@std@@QAE@XZ 1002ba90 f i Economic.obj
 0001:0002aac0       ??0iterator@?$list@PAVTaxCollector@@V?$allocator@PAVTaxCollector@@@std@@@std@@QAE@PAU_Node@12@@Z 1002bac0 f i Economic.obj
 0001:0002ab10       ??8iterator@?$list@PAVTaxCollector@@V?$allocator@PAVTaxCollector@@@std@@@std@@QBE_NABV012@@Z 1002bb10 f i Economic.obj
 0001:0002ab60       ?insert@?$list@PAVManufacture@@V?$allocator@PAVManufacture@@@std@@@std@@QAE?AViterator@12@V312@ABQAVManufacture@@@Z 1002bb60 f i Economic.obj
 0001:0002ac70       ?erase@?$list@PAVManufacture@@V?$allocator@PAVManufacture@@@std@@@std@@QAE?AViterator@12@V312@0@Z 1002bc70 f i Economic.obj
 0001:0002ad00       ?_Buynode@?$list@PAVManufacture@@V?$allocator@PAVManufacture@@@std@@@std@@IAEPAU_Node@12@PAU312@0@Z 1002bd00 f i Economic.obj
 0001:0002adb0       ?_Freenode@?$list@PAVManufacture@@V?$allocator@PAVManufacture@@@std@@@std@@IAEXPAU_Node@12@@Z 1002bdb0 f i Economic.obj
 0001:0002ae00       ?_Next@_Acc@?$list@PAVManufacture@@V?$allocator@PAVManufacture@@@std@@@std@@SAAAPAU_Node@23@PAU423@@Z 1002be00 f i Economic.obj
 0001:0002ae30       ?_Value@_Acc@?$list@PAVManufacture@@V?$allocator@PAVManufacture@@@std@@@std@@SAAAPAVManufacture@@PAU_Node@23@@Z 1002be30 f i Economic.obj
 0001:0002ae60       ??0const_iterator@?$list@PAVManufacture@@V?$allocator@PAVManufacture@@@std@@@std@@QAE@XZ 1002be60 f i Economic.obj
 0001:0002ae90       ??0iterator@?$list@PAVManufacture@@V?$allocator@PAVManufacture@@@std@@@std@@QAE@PAU_Node@12@@Z 1002be90 f i Economic.obj
 0001:0002aee0       ??8iterator@?$list@PAVManufacture@@V?$allocator@PAVManufacture@@@std@@@std@@QBE_NABV012@@Z 1002bee0 f i Economic.obj
 0001:0002af30       ?insert@?$list@PAVMarket@@V?$allocator@PAVMarket@@@std@@@std@@QAE?AViterator@12@V312@ABQAVMarket@@@Z 1002bf30 f i Economic.obj
 0001:0002b040       ?erase@?$list@PAVMarket@@V?$allocator@PAVMarket@@@std@@@std@@QAE?AViterator@12@V312@0@Z 1002c040 f i Economic.obj
 0001:0002b0d0       ?_Buynode@?$list@PAVMarket@@V?$allocator@PAVMarket@@@std@@@std@@IAEPAU_Node@12@PAU312@0@Z 1002c0d0 f i Economic.obj
 0001:0002b180       ?_Freenode@?$list@PAVMarket@@V?$allocator@PAVMarket@@@std@@@std@@IAEXPAU_Node@12@@Z 1002c180 f i Economic.obj
 0001:0002b1d0       ?_Next@_Acc@?$list@PAVMarket@@V?$allocator@PAVMarket@@@std@@@std@@SAAAPAU_Node@23@PAU423@@Z 1002c1d0 f i Economic.obj
 0001:0002b200       ?_Value@_Acc@?$list@PAVMarket@@V?$allocator@PAVMarket@@@std@@@std@@SAAAPAVMarket@@PAU_Node@23@@Z 1002c200 f i Economic.obj
 0001:0002b230       ??0const_iterator@?$list@PAVMarket@@V?$allocator@PAVMarket@@@std@@@std@@QAE@XZ 1002c230 f i Economic.obj
 0001:0002b260       ??0iterator@?$list@PAVMarket@@V?$allocator@PAVMarket@@@std@@@std@@QAE@PAU_Node@12@@Z 1002c260 f i Economic.obj
 0001:0002b2b0       ??8iterator@?$list@PAVMarket@@V?$allocator@PAVMarket@@@std@@@std@@QBE_NABV012@@Z 1002c2b0 f i Economic.obj
 0001:0002b300       ?end@?$list@VPeasant@@V?$allocator@VPeasant@@@std@@@std@@QAE?AViterator@12@XZ 1002c300 f i Economic.obj
 0001:0002b360       ?insert@?$list@VPeasant@@V?$allocator@VPeasant@@@std@@@std@@QAE?AViterator@12@V312@ABVPeasant@@@Z 1002c360 f i Economic.obj
 0001:0002b470       ?erase@?$list@VPeasant@@V?$allocator@VPeasant@@@std@@@std@@QAE?AViterator@12@V312@@Z 1002c470 f i Economic.obj
 0001:0002b580       ?erase@?$list@VPeasant@@V?$allocator@VPeasant@@@std@@@std@@QAE?AViterator@12@V312@0@Z 1002c580 f i Economic.obj
 0001:0002b610       ?_Buynode@?$list@VPeasant@@V?$allocator@VPeasant@@@std@@@std@@IAEPAU_Node@12@PAU312@0@Z 1002c610 f i Economic.obj
 0001:0002b6c0       ?_Freenode@?$list@VPeasant@@V?$allocator@VPeasant@@@std@@@std@@IAEXPAU_Node@12@@Z 1002c6c0 f i Economic.obj
 0001:0002b710       ?_Next@_Acc@?$list@VPeasant@@V?$allocator@VPeasant@@@std@@@std@@SAAAPAU_Node@23@PAU423@@Z 1002c710 f i Economic.obj
 0001:0002b740       ??0iterator@?$list@VPeasant@@V?$allocator@VPeasant@@@std@@@std@@QAE@PAU_Node@12@@Z 1002c740 f i Economic.obj
 0001:0002b790       ??Diterator@?$list@VPeasant@@V?$allocator@VPeasant@@@std@@@std@@QBEAAVPeasant@@XZ 1002c790 f i Economic.obj
 0001:0002b7e0       ?insert@?$list@PAVBarrack@@V?$allocator@PAVBarrack@@@std@@@std@@QAE?AViterator@12@V312@ABQAVBarrack@@@Z 1002c7e0 f i Economic.obj
 0001:0002b8f0       ?erase@?$list@PAVBarrack@@V?$allocator@PAVBarrack@@@std@@@std@@QAE?AViterator@12@V312@0@Z 1002c8f0 f i Economic.obj
 0001:0002b980       ?_Buynode@?$list@PAVBarrack@@V?$allocator@PAVBarrack@@@std@@@std@@IAEPAU_Node@12@PAU312@0@Z 1002c980 f i Economic.obj
 0001:0002ba30       ?_Freenode@?$list@PAVBarrack@@V?$allocator@PAVBarrack@@@std@@@std@@IAEXPAU_Node@12@@Z 1002ca30 f i Economic.obj
 0001:0002ba80       ?_Next@_Acc@?$list@PAVBarrack@@V?$allocator@PAVBarrack@@@std@@@std@@SAAAPAU_Node@23@PAU423@@Z 1002ca80 f i Economic.obj
 0001:0002bab0       ?_Value@_Acc@?$list@PAVBarrack@@V?$allocator@PAVBarrack@@@std@@@std@@SAAAPAVBarrack@@PAU_Node@23@@Z 1002cab0 f i Economic.obj
 0001:0002bae0       ??0const_iterator@?$list@PAVBarrack@@V?$allocator@PAVBarrack@@@std@@@std@@QAE@XZ 1002cae0 f i Economic.obj
 0001:0002bb10       ??0iterator@?$list@PAVBarrack@@V?$allocator@PAVBarrack@@@std@@@std@@QAE@PAU_Node@12@@Z 1002cb10 f i Economic.obj
 0001:0002bb60       ??8iterator@?$list@PAVBarrack@@V?$allocator@PAVBarrack@@@std@@@std@@QBE_NABV012@@Z 1002cb60 f i Economic.obj
 0001:0002bbb0       ?insert@?$list@PAVCarrier@@V?$allocator@PAVCarrier@@@std@@@std@@QAE?AViterator@12@V312@ABQAVCarrier@@@Z 1002cbb0 f i Economic.obj
 0001:0002bcc0       ?erase@?$list@PAVCarrier@@V?$allocator@PAVCarrier@@@std@@@std@@QAE?AViterator@12@V312@0@Z 1002ccc0 f i Economic.obj
 0001:0002bd50       ?_Buynode@?$list@PAVCarrier@@V?$allocator@PAVCarrier@@@std@@@std@@IAEPAU_Node@12@PAU312@0@Z 1002cd50 f i Economic.obj
 0001:0002be00       ?_Freenode@?$list@PAVCarrier@@V?$allocator@PAVCarrier@@@std@@@std@@IAEXPAU_Node@12@@Z 1002ce00 f i Economic.obj
 0001:0002be50       ?_Next@_Acc@?$list@PAVCarrier@@V?$allocator@PAVCarrier@@@std@@@std@@SAAAPAU_Node@23@PAU423@@Z 1002ce50 f i Economic.obj
 0001:0002be80       ?_Value@_Acc@?$list@PAVCarrier@@V?$allocator@PAVCarrier@@@std@@@std@@SAAAPAVCarrier@@PAU_Node@23@@Z 1002ce80 f i Economic.obj
 0001:0002beb0       ??0const_iterator@?$list@PAVCarrier@@V?$allocator@PAVCarrier@@@std@@@std@@QAE@XZ 1002ceb0 f i Economic.obj
 0001:0002bee0       ??0iterator@?$list@PAVCarrier@@V?$allocator@PAVCarrier@@@std@@@std@@QAE@PAU_Node@12@@Z 1002cee0 f i Economic.obj
 0001:0002bf30       ??8iterator@?$list@PAVCarrier@@V?$allocator@PAVCarrier@@@std@@@std@@QBE_NABV012@@Z 1002cf30 f i Economic.obj
 0001:0002bf80       ?insert@?$vector@VUnitDescription@@V?$allocator@VUnitDescription@@@std@@@std@@QAEPAVUnitDescription@@PAV3@ABV3@@Z 1002cf80 f i Economic.obj
 0001:0002c010       ?_Destroy@?$vector@VUnitDescription@@V?$allocator@VUnitDescription@@@std@@@std@@IAEXPAVUnitDescription@@0@Z 1002d010 f i Economic.obj
 0001:0002c080       ?deallocate@?$allocator@VUnitDescription@@@std@@QAEXPAXI@Z 1002d080 f i Economic.obj
 0001:0002c0d0       ??0const_iterator@?$list@VTransport@@V?$allocator@VTransport@@@std@@@std@@QAE@XZ 1002d0d0 f i Economic.obj
 0001:0002c100       ?insert@?$vector@UResource@@V?$allocator@UResource@@@std@@@std@@QAEXPAUResource@@IABU3@@Z 1002d100 f i Economic.obj
 0001:0002c400       ?destroy@?$allocator@UResource@@@std@@QAEXPAUResource@@@Z 1002d400 f i Economic.obj
 0001:0002c450       ?insert@?$vector@HV?$allocator@H@std@@@std@@QAEXPAHIABH@Z 1002d450 f i Economic.obj
 0001:0002c720       ?_Charalloc@?$allocator@H@std@@QAEPADI@Z 1002d720 f i Economic.obj
 0001:0002c770       ?construct@?$allocator@H@std@@QAEXPAHABH@Z 1002d770 f i Economic.obj
 0001:0002c7c0       ?destroy@?$allocator@H@std@@QAEXPAH@Z 1002d7c0 f i Economic.obj
 0001:0002c810       ?insert@?$vector@UNamedResourceList@@V?$allocator@UNamedResourceList@@@std@@@std@@QAEXPAUNamedResourceList@@IABU3@@Z 1002d810 f i Economic.obj
 0001:0002cb10       ?destroy@?$allocator@UNamedResourceList@@@std@@QAEXPAUNamedResourceList@@@Z 1002db10 f i Economic.obj
 0001:0002cb60       ?insert@?$vector@UCan_produse@@V?$allocator@UCan_produse@@@std@@@std@@QAEXPAUCan_produse@@IABU3@@Z 1002db60 f i Economic.obj
 0001:0002ce60       ?destroy@?$allocator@UCan_produse@@@std@@QAEXPAUCan_produse@@@Z 1002de60 f i Economic.obj
 0001:0002ceb0       ?insert@?$vector@VThing@@V?$allocator@VThing@@@std@@@std@@QAEXPAVThing@@IABV3@@Z 1002deb0 f i Economic.obj
 0001:0002d1b0       ?destroy@?$allocator@VThing@@@std@@QAEXPAVThing@@@Z 1002e1b0 f i Economic.obj
 0001:0002d200       ?_Prev@_Acc@?$list@HV?$allocator@H@std@@@std@@SAAAPAU_Node@23@PAU423@@Z 1002e200 f i Economic.obj
 0001:0002d230       ??0const_iterator@?$list@HV?$allocator@H@std@@@std@@QAE@PAU_Node@12@@Z 1002e230 f i Economic.obj
 0001:0002d270       ?_Mynode@const_iterator@?$list@HV?$allocator@H@std@@@std@@QBEPAU_Node@23@XZ 1002e270 f i Economic.obj
 0001:0002d2b0       ?insert@?$vector@VFormation@@V?$allocator@VFormation@@@std@@@std@@QAEXPAVFormation@@IABV3@@Z 1002e2b0 f i Economic.obj
 0001:0002d5b0       ?destroy@?$allocator@VFormation@@@std@@QAEXPAVFormation@@@Z 1002e5b0 f i Economic.obj
 0001:0002d600       ?insert@?$vector@PAVBearer@@V?$allocator@PAVBearer@@@std@@@std@@QAEXPAPAVBearer@@IABQAV3@@Z 1002e600 f i Economic.obj
 0001:0002d8d0       ?destroy@?$allocator@PAVBearer@@@std@@QAEXPAPAVBearer@@@Z 1002e8d0 f i Economic.obj
 0001:0002d920       ?erase@?$list@PAVVillage@@V?$allocator@PAVVillage@@@std@@@std@@QAE?AViterator@12@V312@@Z 1002e920 f i Economic.obj
 0001:0002da30       ?_Prev@_Acc@?$list@PAVVillage@@V?$allocator@PAVVillage@@@std@@@std@@SAAAPAU_Node@23@PAU423@@Z 1002ea30 f i Economic.obj
 0001:0002da60       ?_Charalloc@?$allocator@PAVVillage@@@std@@QAEPADI@Z 1002ea60 f i Economic.obj
 0001:0002dab0       ?deallocate@?$allocator@PAVVillage@@@std@@QAEXPAXI@Z 1002eab0 f i Economic.obj
 0001:0002db00       ?construct@?$allocator@PAVVillage@@@std@@QAEXPAPAVVillage@@ABQAV3@@Z 1002eb00 f i Economic.obj
 0001:0002db50       ??0const_iterator@?$list@PAVVillage@@V?$allocator@PAVVillage@@@std@@@std@@QAE@PAU_Node@12@@Z 1002eb50 f i Economic.obj
 0001:0002db90       ?_Mynode@const_iterator@?$list@PAVVillage@@V?$allocator@PAVVillage@@@std@@@std@@QBEPAU_Node@23@XZ 1002eb90 f i Economic.obj
 0001:0002dbd0       ??Eiterator@?$list@PAVVillage@@V?$allocator@PAVVillage@@@std@@@std@@QAE?AV012@H@Z 1002ebd0 f i Economic.obj
 0001:0002dc30       ?erase@?$list@PAVTransport@@V?$allocator@PAVTransport@@@std@@@std@@QAE?AViterator@12@V312@@Z 1002ec30 f i Economic.obj
 0001:0002dd40       ?_Prev@_Acc@?$list@PAVTransport@@V?$allocator@PAVTransport@@@std@@@std@@SAAAPAU_Node@23@PAU423@@Z 1002ed40 f i Economic.obj
 0001:0002dd70       ?_Charalloc@?$allocator@PAVTransport@@@std@@QAEPADI@Z 1002ed70 f i Economic.obj
 0001:0002ddc0       ?deallocate@?$allocator@PAVTransport@@@std@@QAEXPAXI@Z 1002edc0 f i Economic.obj
 0001:0002de10       ?construct@?$allocator@PAVTransport@@@std@@QAEXPAPAVTransport@@ABQAV3@@Z 1002ee10 f i Economic.obj
 0001:0002de60       ??0const_iterator@?$list@PAVTransport@@V?$allocator@PAVTransport@@@std@@@std@@QAE@PAU_Node@12@@Z 1002ee60 f i Economic.obj
 0001:0002dea0       ?_Mynode@const_iterator@?$list@PAVTransport@@V?$allocator@PAVTransport@@@std@@@std@@QBEPAU_Node@23@XZ 1002eea0 f i Economic.obj
 0001:0002dee0       ??Eiterator@?$list@PAVTransport@@V?$allocator@PAVTransport@@@std@@@std@@QAE?AV012@H@Z 1002eee0 f i Economic.obj
 0001:0002df40       ?erase@?$list@PAVWarehouse@@V?$allocator@PAVWarehouse@@@std@@@std@@QAE?AViterator@12@V312@@Z 1002ef40 f i Economic.obj
 0001:0002e050       ?_Prev@_Acc@?$list@PAVWarehouse@@V?$allocator@PAVWarehouse@@@std@@@std@@SAAAPAU_Node@23@PAU423@@Z 1002f050 f i Economic.obj
 0001:0002e080       ?_Charalloc@?$allocator@PAVWarehouse@@@std@@QAEPADI@Z 1002f080 f i Economic.obj
 0001:0002e0d0       ?deallocate@?$allocator@PAVWarehouse@@@std@@QAEXPAXI@Z 1002f0d0 f i Economic.obj
 0001:0002e120       ?construct@?$allocator@PAVWarehouse@@@std@@QAEXPAPAVWarehouse@@ABQAV3@@Z 1002f120 f i Economic.obj
 0001:0002e170       ??0const_iterator@?$list@PAVWarehouse@@V?$allocator@PAVWarehouse@@@std@@@std@@QAE@PAU_Node@12@@Z 1002f170 f i Economic.obj
 0001:0002e1b0       ?_Mynode@const_iterator@?$list@PAVWarehouse@@V?$allocator@PAVWarehouse@@@std@@@std@@QBEPAU_Node@23@XZ 1002f1b0 f i Economic.obj
 0001:0002e1f0       ??Eiterator@?$list@PAVWarehouse@@V?$allocator@PAVWarehouse@@@std@@@std@@QAE?AV012@H@Z 1002f1f0 f i Economic.obj
 0001:0002e250       ?erase@?$list@PAVTaxCollector@@V?$allocator@PAVTaxCollector@@@std@@@std@@QAE?AViterator@12@V312@@Z 1002f250 f i Economic.obj
 0001:0002e360       ?_Prev@_Acc@?$list@PAVTaxCollector@@V?$allocator@PAVTaxCollector@@@std@@@std@@SAAAPAU_Node@23@PAU423@@Z 1002f360 f i Economic.obj
 0001:0002e390       ?_Charalloc@?$allocator@PAVTaxCollector@@@std@@QAEPADI@Z 1002f390 f i Economic.obj
 0001:0002e3e0       ?deallocate@?$allocator@PAVTaxCollector@@@std@@QAEXPAXI@Z 1002f3e0 f i Economic.obj
 0001:0002e430       ?construct@?$allocator@PAVTaxCollector@@@std@@QAEXPAPAVTaxCollector@@ABQAV3@@Z 1002f430 f i Economic.obj
 0001:0002e480       ??0const_iterator@?$list@PAVTaxCollector@@V?$allocator@PAVTaxCollector@@@std@@@std@@QAE@PAU_Node@12@@Z 1002f480 f i Economic.obj
 0001:0002e4c0       ?_Mynode@const_iterator@?$list@PAVTaxCollector@@V?$allocator@PAVTaxCollector@@@std@@@std@@QBEPAU_Node@23@XZ 1002f4c0 f i Economic.obj
 0001:0002e500       ??Eiterator@?$list@PAVTaxCollector@@V?$allocator@PAVTaxCollector@@@std@@@std@@QAE?AV012@H@Z 1002f500 f i Economic.obj
 0001:0002e560       ?erase@?$list@PAVManufacture@@V?$allocator@PAVManufacture@@@std@@@std@@QAE?AViterator@12@V312@@Z 1002f560 f i Economic.obj
 0001:0002e670       ?_Prev@_Acc@?$list@PAVManufacture@@V?$allocator@PAVManufacture@@@std@@@std@@SAAAPAU_Node@23@PAU423@@Z 1002f670 f i Economic.obj
 0001:0002e6a0       ?_Charalloc@?$allocator@PAVManufacture@@@std@@QAEPADI@Z 1002f6a0 f i Economic.obj
 0001:0002e6f0       ?deallocate@?$allocator@PAVManufacture@@@std@@QAEXPAXI@Z 1002f6f0 f i Economic.obj
 0001:0002e740       ?construct@?$allocator@PAVManufacture@@@std@@QAEXPAPAVManufacture@@ABQAV3@@Z 1002f740 f i Economic.obj
 0001:0002e790       ??0const_iterator@?$list@PAVManufacture@@V?$allocator@PAVManufacture@@@std@@@std@@QAE@PAU_Node@12@@Z 1002f790 f i Economic.obj
 0001:0002e7d0       ?_Mynode@const_iterator@?$list@PAVManufacture@@V?$allocator@PAVManufacture@@@std@@@std@@QBEPAU_Node@23@XZ 1002f7d0 f i Economic.obj
 0001:0002e810       ?erase@?$list@PAVMarket@@V?$allocator@PAVMarket@@@std@@@std@@QAE?AViterator@12@V312@@Z 1002f810 f i Economic.obj
 0001:0002e920       ?_Prev@_Acc@?$list@PAVMarket@@V?$allocator@PAVMarket@@@std@@@std@@SAAAPAU_Node@23@PAU423@@Z 1002f920 f i Economic.obj
 0001:0002e950       ?_Charalloc@?$allocator@PAVMarket@@@std@@QAEPADI@Z 1002f950 f i Economic.obj
 0001:0002e9a0       ?deallocate@?$allocator@PAVMarket@@@std@@QAEXPAXI@Z 1002f9a0 f i Economic.obj
 0001:0002e9f0       ?construct@?$allocator@PAVMarket@@@std@@QAEXPAPAVMarket@@ABQAV3@@Z 1002f9f0 f i Economic.obj
 0001:0002ea40       ??0const_iterator@?$list@PAVMarket@@V?$allocator@PAVMarket@@@std@@@std@@QAE@PAU_Node@12@@Z 1002fa40 f i Economic.obj
 0001:0002ea80       ?_Mynode@const_iterator@?$list@PAVMarket@@V?$allocator@PAVMarket@@@std@@@std@@QBEPAU_Node@23@XZ 1002fa80 f i Economic.obj
 0001:0002eac0       ??Eiterator@?$list@PAVMarket@@V?$allocator@PAVMarket@@@std@@@std@@QAE?AV012@H@Z 1002fac0 f i Economic.obj
 0001:0002eb20       ?_Prev@_Acc@?$list@VPeasant@@V?$allocator@VPeasant@@@std@@@std@@SAAAPAU_Node@23@PAU423@@Z 1002fb20 f i Economic.obj
 0001:0002eb50       ?_Value@_Acc@?$list@VPeasant@@V?$allocator@VPeasant@@@std@@@std@@SAAAVPeasant@@PAU_Node@23@@Z 1002fb50 f i Economic.obj
 0001:0002eb80       ?_Charalloc@?$allocator@VPeasant@@@std@@QAEPADI@Z 1002fb80 f i Economic.obj
 0001:0002ebd0       ?deallocate@?$allocator@VPeasant@@@std@@QAEXPAXI@Z 1002fbd0 f i Economic.obj
 0001:0002ec20       ?construct@?$allocator@VPeasant@@@std@@QAEXPAVPeasant@@ABV3@@Z 1002fc20 f i Economic.obj
 0001:0002ec70       ?destroy@?$allocator@VPeasant@@@std@@QAEXPAVPeasant@@@Z 1002fc70 f i Economic.obj
 0001:0002ecc0       ??0const_iterator@?$list@VPeasant@@V?$allocator@VPeasant@@@std@@@std@@QAE@PAU_Node@12@@Z 1002fcc0 f i Economic.obj
 0001:0002ed00       ?_Mynode@const_iterator@?$list@VPeasant@@V?$allocator@VPeasant@@@std@@@std@@QBEPAU_Node@23@XZ 1002fd00 f i Economic.obj
 0001:0002ed40       ??Eiterator@?$list@VPeasant@@V?$allocator@VPeasant@@@std@@@std@@QAE?AV012@H@Z 1002fd40 f i Economic.obj
 0001:0002eda0       ??9iterator@?$list@VPeasant@@V?$allocator@VPeasant@@@std@@@std@@QBE_NABV012@@Z 1002fda0 f i Economic.obj
 0001:0002ee00       ?erase@?$list@PAVBarrack@@V?$allocator@PAVBarrack@@@std@@@std@@QAE?AViterator@12@V312@@Z 1002fe00 f i Economic.obj
 0001:0002ef10       ?_Prev@_Acc@?$list@PAVBarrack@@V?$allocator@PAVBarrack@@@std@@@std@@SAAAPAU_Node@23@PAU423@@Z 1002ff10 f i Economic.obj
 0001:0002ef40       ?_Charalloc@?$allocator@PAVBarrack@@@std@@QAEPADI@Z 1002ff40 f i Economic.obj
 0001:0002ef90       ?deallocate@?$allocator@PAVBarrack@@@std@@QAEXPAXI@Z 1002ff90 f i Economic.obj
 0001:0002efe0       ?construct@?$allocator@PAVBarrack@@@std@@QAEXPAPAVBarrack@@ABQAV3@@Z 1002ffe0 f i Economic.obj
 0001:0002f030       ??0const_iterator@?$list@PAVBarrack@@V?$allocator@PAVBarrack@@@std@@@std@@QAE@PAU_Node@12@@Z 10030030 f i Economic.obj
 0001:0002f070       ?_Mynode@const_iterator@?$list@PAVBarrack@@V?$allocator@PAVBarrack@@@std@@@std@@QBEPAU_Node@23@XZ 10030070 f i Economic.obj
 0001:0002f0b0       ?erase@?$list@PAVCarrier@@V?$allocator@PAVCarrier@@@std@@@std@@QAE?AViterator@12@V312@@Z 100300b0 f i Economic.obj
 0001:0002f1c0       ?_Prev@_Acc@?$list@PAVCarrier@@V?$allocator@PAVCarrier@@@std@@@std@@SAAAPAU_Node@23@PAU423@@Z 100301c0 f i Economic.obj
 0001:0002f1f0       ?_Charalloc@?$allocator@PAVCarrier@@@std@@QAEPADI@Z 100301f0 f i Economic.obj
 0001:0002f240       ?deallocate@?$allocator@PAVCarrier@@@std@@QAEXPAXI@Z 10030240 f i Economic.obj
 0001:0002f290       ?construct@?$allocator@PAVCarrier@@@std@@QAEXPAPAVCarrier@@ABQAV3@@Z 10030290 f i Economic.obj
 0001:0002f2e0       ??0const_iterator@?$list@PAVCarrier@@V?$allocator@PAVCarrier@@@std@@@std@@QAE@PAU_Node@12@@Z 100302e0 f i Economic.obj
 0001:0002f320       ?_Mynode@const_iterator@?$list@PAVCarrier@@V?$allocator@PAVCarrier@@@std@@@std@@QBEPAU_Node@23@XZ 10030320 f i Economic.obj
 0001:0002f360       ??Eiterator@?$list@PAVCarrier@@V?$allocator@PAVCarrier@@@std@@@std@@QAE?AV012@H@Z 10030360 f i Economic.obj
 0001:0002f3c0       ?insert@?$vector@VUnitDescription@@V?$allocator@VUnitDescription@@@std@@@std@@QAEXPAVUnitDescription@@IABV3@@Z 100303c0 f i Economic.obj
 0001:0002f6c0       ?destroy@?$allocator@VUnitDescription@@@std@@QAEXPAVUnitDescription@@@Z 100306c0 f i Economic.obj
 0001:0002f710       ?_Ucopy@?$vector@UResource@@V?$allocator@UResource@@@std@@@std@@IAEPAUResource@@PBU3@0PAU3@@Z 10030710 f i Economic.obj
 0001:0002f790       ?_Ufill@?$vector@UResource@@V?$allocator@UResource@@@std@@@std@@IAEXPAUResource@@IABU3@@Z 10030790 f i Economic.obj
 0001:0002f810       ?allocate@?$allocator@UResource@@@std@@QAEPAUResource@@IPBX@Z 10030810 f i Economic.obj
 0001:0002f860       ?_Ufill@?$vector@HV?$allocator@H@std@@@std@@IAEXPAHIABH@Z 10030860 f i Economic.obj
 0001:0002f8e0       ?_Ucopy@?$vector@UNamedResourceList@@V?$allocator@UNamedResourceList@@@std@@@std@@IAEPAUNamedResourceList@@PBU3@0PAU3@@Z 100308e0 f i Economic.obj
 0001:0002f960       ?_Ufill@?$vector@UNamedResourceList@@V?$allocator@UNamedResourceList@@@std@@@std@@IAEXPAUNamedResourceList@@IABU3@@Z 10030960 f i Economic.obj
 0001:0002f9e0       ?allocate@?$allocator@UNamedResourceList@@@std@@QAEPAUNamedResourceList@@IPBX@Z 100309e0 f i Economic.obj
 0001:0002fa30       ?_Ucopy@?$vector@UCan_produse@@V?$allocator@UCan_produse@@@std@@@std@@IAEPAUCan_produse@@PBU3@0PAU3@@Z 10030a30 f i Economic.obj
 0001:0002fab0       ?_Ufill@?$vector@UCan_produse@@V?$allocator@UCan_produse@@@std@@@std@@IAEXPAUCan_produse@@IABU3@@Z 10030ab0 f i Economic.obj
 0001:0002fb30       ?allocate@?$allocator@UCan_produse@@@std@@QAEPAUCan_produse@@IPBX@Z 10030b30 f i Economic.obj
 0001:0002fb80       ?_Ucopy@?$vector@VThing@@V?$allocator@VThing@@@std@@@std@@IAEPAVThing@@PBV3@0PAV3@@Z 10030b80 f i Economic.obj
 0001:0002fc00       ?_Ufill@?$vector@VThing@@V?$allocator@VThing@@@std@@@std@@IAEXPAVThing@@IABV3@@Z 10030c00 f i Economic.obj
 0001:0002fc80       ?allocate@?$allocator@VThing@@@std@@QAEPAVThing@@IPBX@Z 10030c80 f i Economic.obj
 0001:0002fcd0       ?_Ucopy@?$vector@VFormation@@V?$allocator@VFormation@@@std@@@std@@IAEPAVFormation@@PBV3@0PAV3@@Z 10030cd0 f i Economic.obj
 0001:0002fd50       ?_Ufill@?$vector@VFormation@@V?$allocator@VFormation@@@std@@@std@@IAEXPAVFormation@@IABV3@@Z 10030d50 f i Economic.obj
 0001:0002fdd0       ?allocate@?$allocator@VFormation@@@std@@QAEPAVFormation@@IPBX@Z 10030dd0 f i Economic.obj
[...]
   115 0001:00003801   116 0001:00003806   117 0001:0000381e   118 0001:00003873
   119 0001:00003878   122 0001:00003894   123 0001:000038b6   124 0001:000038c0
   126 0001:000038c7   127 0001:000038e4   128 0001:00003903   129 0001:00003920
   130 0001:00003929   131 0001:00003938   132 0001:00003941   133 0001:00003964
   134 0001:00003971   135 0001:00003973   137 0001:0000398b   138 0001:00003990
   139 0001:000039ac   140 0001:000039b6   141 0001:000039c0   142 0001:000039f2
   143 0001:000039fb   144 0001:00003a18   145 0001:00003a27   146 0001:00003a2c
   147 0001:00003a48   149 0001:00003a52   150 0001:00003a81   152 0001:00003a8a
   153 0001:00003aaa   154 0001:00003ab6   155 0001:00003ac7   158 0001:00003ad8
   159 0001:00003add   162 0001:00003b11   163 0001:00003b4e   165 0001:00003b57
   166 0001:00003b77   167 0001:00003b83   168 0001:00003b94   169 0001:00003ba5
   170 0001:00003bb6   175 0001:00003bc7   176 0001:00003bdb   177 0001:00003bf4
   178 0001:00003bf6   179 0001:00003c11   182 0001:00003c2f   183 0001:00003f40
   184 0001:00003f5d   185 0001:00003f66   186 0001:00003f80   187 0001:00003f9d
   188 0001:00003fd1   189 0001:00004007   190 0001:0000400a   192 0001:00004050
   193 0001:00004073   194 0001:00004077   195 0001:00004090   197 0001:000040a5
   200 0001:000040b2   201 0001:000040b8   202 0001:000040c3   203 0001:000040cb
   204 0001:000040e3   205 0001:000040e8   206 0001:000040fd   209 0001:0000410a
   210 0001:00004113   211 0001:00004121   212 0001:0000412c   213 0001:00004147
   214 0001:0000414c   215 0001:00004161   218 0001:0000416e   219 0001:00004177
   220 0001:00004185   221 0001:00004190   222 0001:000041ab   223 0001:000041b0
   224 0001:000041c5   227 0001:000041d2   228 0001:000041db   229 0001:000041e9
   230 0001:000041f4   231 0001:0000420f   232 0001:00004214   233 0001:00004229
   236 0001:00004236   237 0001:0000423f   238 0001:0000424d   239 0001:00004258
   240 0001:00004273   241 0001:00004275   242 0001:0000428a   245 0001:00004297
   246 0001:000042a0   247 0001:000042ae   248 0001:000042b9   250 0001:000042d4
   251 0001:000042e1   252 0001:000042eb   254 0001:00004311   255 0001:000043e0
   256 0001:00004403   257 0001:00004412   258 0001:0000442f   259 0001:00004437
   261 0001:0000444e   263 0001:00004453   264 0001:00004459   267 0001:0000448f
   268 0001:0000449b   269 0001:000044b4   273 0001:000044cd   274 0001:000044ff
   276 0001:00004509   277 0001:0000455b   278 0001:00004580   279 0001:00004585
   280 0001:00004587   281 0001:000045f7   282 0001:00004617   283 0001:00004623
   284 0001:00004630   287 0001:00004648   288 0001:0000467e   289 0001:00004688
   291 0001:000046a8   292 0001:000046b5   293 0001:000046bf   294 0001:000046e5
   295 0001:000046e7   297 0001:000046f4   298 0001:00004722   300 0001:00004738
   301 0001:0000473d   304 0001:00004756   305 0001:00004791   307 0001:0000479e
   308 0001:00004802   309 0001:00004827   310 0001:0000482c   311 0001:00004831
   312 0001:000048b6   313 0001:000048d9   314 0001:000048e8   315 0001:000048f5
   318 0001:0000490d   319 0001:0000494f   320 0001:00004959   322 0001:00004982
   323 0001:0000498f   324 0001:00004999   325 0001:000049bf   326 0001:000049c1
   328 0001:000049ce   329 0001:000049fc   331 0001:00004a12   332 0001:00004a17
   336 0001:00004a30   337 0001:00004a6b   339 0001:00004a78   340 0001:00004adc
   341 0001:00004b01   342 0001:00004b06   343 0001:00004b0b   344 0001:00004b90
   345 0001:00004bb3   346 0001:00004bc2   347 0001:00004bcf   350 0001:00004be7
   351 0001:00004c29   352 0001:00004c33   354 0001:00004c5c   355 0001:00004c69
   356 0001:00004c73   357 0001:00004c99   358 0001:00004c9b   360 0001:00004ca8
   361 0001:00004cd6   363 0001:00004cec   364 0001:00004cf1   368 0001:00004d0a
   369 0001:00004d45   371 0001:00004d52   372 0001:00004db6   373 0001:00004ddb
   374 0001:00004de0   375 0001:00004de5   376 0001:00004e6a   377 0001:00004e8d
   378 0001:00004e9c   379 0001:00004ea9   382 0001:00004ec1   383 0001:00004f03
   384 0001:00004f0d   386 0001:00004f36   387 0001:00004f43   388 0001:00004f4d
   389 0001:00004f73   390 0001:00004f75   392 0001:00004f82   393 0001:00004fb0
   395 0001:00004fc6   396 0001:00004fcb   400 0001:00004fe4   401 0001:0000501f
   403 0001:0000502c   404 0001:00005090   405 0001:000050b5   406 0001:000050ba
   407 0001:000050bf   408 0001:00005144   409 0001:00005167   410 0001:00005176
   411 0001:00005183   414 0001:0000519b   415 0001:000051dd   416 0001:000051e7
   418 0001:00005210   419 0001:0000521d   420 0001:00005227   421 0001:0000524d
   422 0001:0000524f   424 0001:0000525c   425 0001:0000528a   427 0001:000052a0
   428 0001:000052a5   432 0001:000052be   433 0001:000052f9   435 0001:00005306
   436 0001:0000536a   437 0001:0000538f   438 0001:00005394   439 0001:00005399
   440 0001:0000541e   441 0001:00005441   442 0001:00005450   443 0001:0000545d
   446 0001:00005475   447 0001:000054b7   448 0001:000054c1   450 0001:000054ea
   451 0001:000054f7   452 0001:00005501   453 0001:00005527   454 0001:00005529
   456 0001:00005536   457 0001:00005564   461 0001:0000557a   464 0001:0000557f
   465 0001:0000558b   466 0001:000055a8   467 0001:000055b0   469 0001:000055c7
   470 0001:000055e0   471 0001:000055fc   472 0001:00005636   473 0001:00005673
   474 0001:00005681   475 0001:00005699   476 0001:000056a2   478 0001:000056c1
   479 0001:000056ea   480 0001:00005711   481 0001:00005731   482 0001:00005733
   483 0001:00005754   487 0001:00005794   491 0001:00005799   492 0001:000057a5
   493 0001:000057ac   494 0001:00005809   495 0001:0000581b   496 0001:0000583a
   498 0001:0000585f   499 0001:00005864   500 0001:00005888   501 0001:000058d9
   502 0001:000058fb   503 0001:00005900   504 0001:0000590c   505 0001:00005929
   506 0001:00005931   508 0001:00005948   509 0001:00005961   510 0001:0000597d
   511 0001:000059b7   512 0001:000059f4   513 0001:00005a02   514 0001:00005a1a
   515 0001:00005a23   517 0001:00005a42   518 0001:00005a6b   519 0001:00005a92
   520 0001:00005ab2   521 0001:00005ab4   522 0001:00005ad5   528 0001:00005b15
   529 0001:00005b24   531 0001:00005b41   532 0001:00005b4d   536 0001:00005b64
   537 0001:00006160   538 0001:0000617d   539 0001:00006189   541 0001:00006193
   542 0001:000061af   544 0001:000061b3   546 0001:000061bf   547 0001:000061df
   548 0001:00006217   549 0001:00006224   550 0001:00006229   552 0001:00006233
   553 0001:00006252   554 0001:0000628f   556 0001:000062c0   557 0001:000062dc
   558 0001:000062f9   559 0001:00006306   560 0001:00006321   562 0001:00006357
   563 0001:00006361   564 0001:0000636e   565 0001:00006385   566 0001:0000638d
   569 0001:000063a4   571 0001:000063ac   572 0001:00006460   573 0001:0000647d
   574 0001:00006489   576 0001:00006493   577 0001:000064af   579 0001:000064b3
   581 0001:000064bf   582 0001:000064df   583 0001:00006517   584 0001:00006524
   585 0001:00006529   587 0001:00006533   588 0001:00006552   589 0001:0000658f
   590 0001:000065c0   591 0001:000065dc   592 0001:000065fa   593 0001:00006636
   594 0001:00006656   595 0001:00006672   596 0001:0000667c   597 0001:00006689
   598 0001:000066a0   599 0001:000066a8   602 0001:000066bf   604 0001:000066c7
   606 0001:00006780   607 0001:0000679d   608 0001:000067a9   610 0001:000067b3
   611 0001:000067cf   613 0001:000067d3   615 0001:000067df   616 0001:000067ff
   617 0001:00006837   618 0001:00006844   619 0001:00006849   621 0001:00006853
   622 0001:00006872   623 0001:000068af   624 0001:000068e0   625 0001:000068fc
   626 0001:0000691a   627 0001:00006956   628 0001:00006976   629 0001:00006992
   630 0001:0000699c   631 0001:000069a9   632 0001:000069c0   633 0001:000069c8
   636 0001:000069df   638 0001:000069e7   640 0001:00006aa0   641 0001:00006abd
   642 0001:00006ac9   644 0001:00006ad3   645 0001:00006aef   647 0001:00006af3
   649 0001:00006aff   650 0001:00006b1f   651 0001:00006b57   652 0001:00006b64
   653 0001:00006b69   655 0001:00006b73   656 0001:00006b92   657 0001:00006bcf
   658 0001:00006c00   659 0001:00006c1c   660 0001:00006c3a   661 0001:00006c76
   662 0001:00006c9a   663 0001:00006cb6   664 0001:00006cc0   665 0001:00006ccd
   666 0001:00006ce4   667 0001:00006cec   670 0001:00006d03   672 0001:00006d0b
   674 0001:00006dc0   675 0001:00006ddd   676 0001:00006de9   678 0001:00006df3
   679 0001:00006e0f   681 0001:00006e13   683 0001:00006e1f   684 0001:00006e3f
   685 0001:00006e77   686 0001:00006e84   687 0001:00006e89   689 0001:00006e93
   690 0001:00006eb2   691 0001:00006eef   692 0001:00006f20   693 0001:00006f3c
   694 0001:00006f5a   695 0001:00006f96   696 0001:00006fb4   697 0001:00006fd0
   698 0001:00006fda   699 0001:00006fe7   700 0001:00006ffe   701 0001:00007006
   704 0001:0000701d   706 0001:00007025   707 0001:000070e0   708 0001:00007103
   709 0001:0000710f   711 0001:00007119   712 0001:00007135   714 0001:00007139
   716 0001:00007145   717 0001:00007165   718 0001:0000719d   719 0001:000071aa
   720 0001:000071af   722 0001:000071b9   723 0001:000071d8   724 0001:00007215
   725 0001:00007246   726 0001:00007262   728 0001:00007280   729 0001:000072b5
   730 0001:000072cf   731 0001:000072fc   733 0001:0000730f   734 0001:00007311
   735 0001:0000732d   736 0001:00007337   737 0001:00007344   738 0001:0000735b
   739 0001:00007363   742 0001:0000737a   744 0001:00007382   745 0001:00007450
   748 0001:00007488   749 0001:0000748e   750 0001:00007492   751 0001:00007496
   752 0001:0000749a   754 0001:000074b3   755 0001:000074db   756 0001:000074e3
   758 0001:000074f5   759 0001:00007508   760 0001:00007530   761 0001:00007537
   762 0001:00007549   763 0001:00007561   764 0001:0000757c   765 0001:000075a2
   766 0001:000075bc   767 0001:000075be   769 0001:000075da   770 0001:0000760a
   772 0001:00007628   775 0001:00007632   777 0001:00007637   778 0001:00007640
   779 0001:0000766b   780 0001:0000769a   781 0001:000076bd   782 0001:000076e0
   784 0001:00007702   786 0001:00007725   787 0001:00007742   788 0001:0000775d
   789 0001:00007779   790 0001:000077a7   792 0001:000077c7   793 0001:000077d1
   794 0001:000077da   795 0001:000077eb   796 0001:000077f7   797 0001:0000782c
   799 0001:0000785a   801 0001:0000785e   802 0001:0000787d   803 0001:0000788a
   804 0001:0000789d   806 0001:000078b2   807 0001:000078cb   809 0001:000078dc
   810 0001:000078e6   811 0001:000078ef   812 0001:00007900   813 0001:0000791c
   815 0001:00007946   817 0001:0000797e   819 0001:000079bf   820 0001:000079f8
   821 0001:00007a28   822 0001:00007a30   824 0001:00007a38   825 0001:00007a55
   826 0001:00007a68   827 0001:00007a72   828 0001:00007a7b   829 0001:00007a8c
   830 0001:00007aa8   831 0001:00007ad1   833 0001:00007b09   834 0001:00007b3a
   835 0001:00007b6a   838 0001:00007b72   839 0001:00007b94   841 0001:00007bbd
   842 0001:00007bf0   843 0001:00007bff   844 0001:00007c0e   846 0001:00007c27
   847 0001:00007c2c   848 0001:00007c31   849 0001:00007c4a   850 0001:00007c7b
   851 0001:00007cab   854 0001:00007cb3   855 0001:00007cb5   856 0001:00007cbc
   859 0001:00007cc1   860 0001:00007cc3   861 0001:00007cca   863 0001:00007ccf
   865 0001:00007ce0   866 0001:00007d08   867 0001:00007d11   868 0001:00007d21
   869 0001:00007d33   874 0001:00007d4d   875 0001:00007d5c   877 0001:00007d92
   878 0001:00007d9a   880 0001:00007d9c   881 0001:00007da4   883 0001:00007da6
   884 0001:00007dae   886 0001:00007db0   887 0001:00007db8   889 0001:00007dba
   890 0001:00007dc2   892 0001:00007dc4   895 0001:00007dcc   906 0001:00007dd1
   911 0001:00007de4   912 0001:00007e00   913 0001:00007e10   915 0001:00007e1a
   917 0001:00007e33   918 0001:00007e64   919 0001:00007e86   921 0001:00007e99
   922 0001:00007e9e   923 0001:00007eba   924 0001:00007eca   926 0001:00007ed4
   928 0001:00007eed   929 0001:00007f1e   931 0001:00007f40   932 0001:00007f53
   933 0001:00007f80   934 0001:00007fb7   935 0001:00007fe7   936 0001:00007ff8
   938 0001:00008002   939 0001:0000801a   941 0001:0000803d   942 0001:00008062
   944 0001:0000807b   945 0001:0000808d   946 0001:0000809d   947 0001:000080c9
   948 0001:000080e6   949 0001:00008100   950 0001:00008131   951 0001:0000815d
   952 0001:00008189   953 0001:000081c5   954 0001:00008202   955 0001:00008212
   956 0001:00008229   957 0001:00008239   958 0001:0000824b   959 0001:00008250
   961 0001:0000825a   962 0001:00008272   965 0001:00008295   966 0001:000082ba
   968 0001:000082d3   969 0001:000082e5   970 0001:000082f5   971 0001:00008321
   972 0001:0000833e   973 0001:00008358   974 0001:000083ac   975 0001:000083d8
   976 0001:00008404   977 0001:00008441   978 0001:0000847d   979 0001:0000848d
   980 0001:000084a4   981 0001:000084b4   985 0001:000084c6   989 0001:000084cb
   991 0001:00008a30   992 0001:00008a68   993 0001:00008a77   994 0001:00008a83
   995 0001:00008aa4   996 0001:00008ab1   997 0001:00008ada   998 0001:00008af4
   999 0001:00008b0b  1000 0001:00008b34  1001 0001:00008b41  1002 0001:00008b51
  1004 0001:00008b71  1005 0001:00008b84  1006 0001:00008b91  1007 0001:00008bba
  1008 0001:00008bd5  1009 0001:00008bec  1010 0001:00008c17  1011 0001:00008c24
  1012 0001:00008c39  1014 0001:00008c59  1015 0001:00008c66  1016 0001:00008c8f
  1017 0001:00008ca9  1018 0001:00008cc0  1019 0001:00008cee  1020 0001:00008d12
  1021 0001:00008d1f  1022 0001:00008d33  1025 0001:00008d44  1026 0001:00008d7b
  1027 0001:00008db7  1028 0001:00008ddf  1029 0001:00008e02  1030 0001:00008e0b
  1031 0001:00008e14  1032 0001:00008e1e  1033 0001:00008e53  1035 0001:00008e69
  1036 0001:00008e6e  1037 0001:00008e86  1038 0001:00008eba  1039 0001:00008ec6
  1040 0001:00008ecb  1041 0001:00008ed8  1042 0001:00008ee8  1043 0001:00009060
  1044 0001:00009078  1045 0001:00009083  1047 0001:000090a1  1048 0001:000090ab
  1049 0001:000090b1  1050 0001:000090b7  1051 0001:000090b9  1052 0001:000090bf
  1054 0001:000090c5  1055 0001:000090f7  1056 0001:00009129  1057 0001:0000912e
  1058 0001:00009180  1059 0001:000091a7  1060 0001:000091c5  1062 0001:000091cf
  1063 0001:000091ff  1064 0001:0000921f  1065 0001:0000922b  1067 0001:0000922f
  1068 0001:00009249  1069 0001:0000926d  1070 0001:0000928a  1071 0001:0000928c
  1072 0001:0000929d  1076 0001:000092b2  1077 0001:000092be  1078 0001:000092e4
  1079 0001:000092e9  1080 0001:00009307  1082 0001:0000932d  1083 0001:00009339
  1084 0001:00009345  1085 0001:0000934f  1086 0001:00009359  1088 0001:0000935e
  1089 0001:0000936a  1090 0001:00009376  1091 0001:00009380  1092 0001:0000938a
  1094 0001:0000938c  1095 0001:00009398  1096 0001:000093a4  1097 0001:000093ae
  1098 0001:000093b8  1100 0001:000093ba  1101 0001:000093c6  1102 0001:000093d2
  1103 0001:000093dc  1107 0001:000093e6  1108 0001:0000941c  1109 0001:0000943a
  1110 0001:0000945e  1111 0001:0000946f  1113 0001:000094b5  1117 0001:000094ba
  1118 0001:000095c0  1119 0001:000095f2  1120 0001:00009601  1121 0001:0000960e
  1122 0001:00009637  1123 0001:00009652  1124 0001:00009669  1125 0001:00009692
  1126 0001:000096bb  1127 0001:000096d2  1128 0001:000096df  1129 0001:000096f6
  1130 0001:00009706  1132 0001:00009790  1133 0001:000097ad  1134 0001:000097b4
  1135 0001:000097c0  1137 0001:000097c6  1138 0001:000097fa  1139 0001:00009813
  1140 0001:00009850  1141 0001:0000986d  1142 0001:000098af  1143 0001:000098c6
  1144 0001:000098dc  1145 0001:000098df  1146 0001:00009950  1147 0001:0000996d
  1148 0001:00009974  1149 0001:0000999b  1150 0001:000099b4  1151 0001:000099e5
  1152 0001:00009a02  1153 0001:00009a0e  1154 0001:00009a39  1156 0001:00009a62
  1157 0001:00009ac0  1158 0001:00009add  1159 0001:00009afc  1160 0001:00009b09
  1161 0001:00009b34  1162 0001:00009b70  1163 0001:00009b8d  1164 0001:00009bb5
  1165 0001:00009bc9  1167 0001:00009c00  1168 0001:00009c18  1170 0001:00009c55
  1171 0001:00009c93  1172 0001:00009ca4  1174 0001:00009cbb  1175 0001:00009cc0

Line numbers for \OLD_PROJECTS_BACKUP\AmericanConquestAddon\_debug\BasicDiploRelation.obj(d:\old_projects_backup\americanconquestaddon\common.h) segment .text

    86 0001:00002e60    87 0001:00002e78    88 0001:00002e8e    91 0001:00002eb0
    92 0001:00002ec8    93 0001:00002ede

Line numbers for \OLD_PROJECTS_BACKUP\AmericanConquestAddon\_debug\BasicDiploRelation.obj(d:\old_projects_backup\americanconquestaddon\dipserver\basicdiplorelation.cpp) segment .text

     3 0001:00002bf0     4 0001:00002c0d     5 0001:00002c20     6 0001:00002c3d
     7 0001:00002c50     8 0001:00002c6d     9 0001:00002c6f    10 0001:00002c80
    11 0001:00002c9d    12 0001:00002c9f    13 0001:00002cc0    14 0001:00002cdd
    15 0001:00002cf0    16 0001:00002d0d    17 0001:00002d20    18 0001:00002d3d
    19 0001:00002d50    20 0001:00002d6d    21 0001:00002d6f    22 0001:00002d90
    23 0001:00002dad    24 0001:00002dc0    25 0001:00002ddd    26 0001:00002dfc
    27 0001:00002e09    28 0001:00002e30    29 0001:00002e4d

 Exports

  ordinal    name

        1    ?ActivateMind@@YAXEH@Z (void __cdecl ActivateMind(unsigned char,int))
        2    ?AddAnimals@@YA_NPAUGAMEOBJ@@0@Z (bool __cdecl AddAnimals(struct GAMEOBJ *,struct GAMEOBJ *))
        3    ?AddCannon@@YAXPAUGAMEOBJ@@E@Z (void __cdecl AddCannon(struct GAMEOBJ *,unsigned char))
        4    ?AddDipCenter@@YAGPAD000@Z (unsigned short __cdecl AddDipCenter(char *,char *,char *,char *))
        5    ?AddDipFriends@@YAXGPAUGAMEOBJ@@@Z (void __cdecl AddDipFriends(unsigned short,struct GAMEOBJ *))
        6    ?AddFirers@@YAXPAUGAMEOBJ@@E@Z (void __cdecl AddFirers(struct GAMEOBJ *,unsigned char))
        7    ?AddPsKillers@@YAXPAUGAMEOBJ@@E_N@Z (void __cdecl AddPsKillers(struct GAMEOBJ *,unsigned char,bool))
        8    ?AddStorm@@YAXPAUGAMEOBJ@@EH@Z (void __cdecl AddStorm(struct GAMEOBJ *,unsigned char,int))
        9    ?AddTomahawks@@YAXPAUGAMEOBJ@@EGHH@Z (void __cdecl AddTomahawks(struct GAMEOBJ *,unsigned char,unsigned short,int,int))
       10    ?CheckDipBuilding@@YAXEH@Z (void __cdecl CheckDipBuilding(unsigned char,int))
       11    ?ClearAllDipData@@YAXXZ (void __cdecl ClearAllDipData(void))
       12    ?CloseBattle@@YAXXZ (void __cdecl CloseBattle(void))
       13    ?CloseMind@@YAXXZ (void __cdecl CloseMind(void))
       14    ?DS_CloseAll@@YAXXZ (void __cdecl DS_CloseAll(void))
       15    ?DS_CloseRequest@@YAXK@Z (void __cdecl DS_CloseRequest(unsigned long))
       16    ?DS_GetRequestResult@@YAKKPAPADPAH@Z (unsigned long __cdecl DS_GetRequestResult(unsigned long,char * *,int *))
       17    ?DS_Process@@YAXXZ (void __cdecl DS_Process(void))
       18    ?DS_SendRequest@@YAKPADH@Z (unsigned long __cdecl DS_SendRequest(char *,int))
       19    ?DeactivateMind@@YAXE@Z (void __cdecl DeactivateMind(unsigned char))
       20    ?FreeSaveDipData@@YAXPAE@Z (void __cdecl FreeSaveDipData(unsigned char *))
       21    ?InitDipForThisMap@@YAXXZ (void __cdecl InitDipForThisMap(void))
       22    ?LoadAllDipData@@YAXPAEH@Z (void __cdecl LoadAllDipData(unsigned char *,int))
       23    ?LoadScript@@YAXXZ (void __cdecl LoadScript(void))
       24    ?MindCheats@@YAXEPAD@Z (void __cdecl MindCheats(unsigned char,char *))
       25    ?PerformDipCommand@@YAXPADH@Z (void __cdecl PerformDipCommand(char *,int))
       26    ?ProcessDipRelations@@YAXXZ (void __cdecl ProcessDipRelations(void))
       27    ?RunProtectUpg@@YAXEH@Z (void __cdecl RunProtectUpg(unsigned char,int))
       28    ?SaveAllDipData@@YAXPAPAEPAH@Z (void __cdecl SaveAllDipData(unsigned char * *,int *))
       29    ?SetAIForDiplo@@YA_NEHH@Z (bool __cdecl SetAIForDiplo(unsigned char,int,int))
       30    ?SetDipEasyTalk@@YAXG_N@Z (void __cdecl SetDipEasyTalk(unsigned short,bool))
       31    ?SetDipTalkRadius@@YAXGH@Z (void __cdecl SetDipTalkRadius(unsigned short,int))
       32    ?StartBattle@@YAXXZ (void __cdecl StartBattle(void))
