 iChat

 Timestamp is 4f9a3750 (Fri Apr 27 09:06:08 2012)

 Preferred load address is 10000000

 Start         Length     Name                   Class
 0001:00000000 0002c890H .text                   CODE
 0001:0002c890 000001daH .text$x                 CODE
 0002:00000000 000002d8H .idata$5                DATA
 0002:000002d8 000028a8H .rdata                  DATA
 0002:00002b80 000001e8H .xdata$x                DATA
 0002:00002d68 00000050H .idata$2                DATA
 0002:00002db8 00000014H .idata$3                DATA
 0002:00002dcc 000002d8H .idata$4                DATA
 0002:000030a4 00001120H .idata$6                DATA
 0002:000041d0 00000246H .edata                  DATA
 0003:00000000 00000004H .CRT$XCA                DATA
 0003:00000004 00000008H .CRT$XCU                DATA
 0003:0000000c 00000004H .CRT$XCZ                DATA
 0003:00000010 00000004H .CRT$XIA                DATA
 0003:00000014 00000010H .CRT$XIC                DATA
 0003:00000024 00000004H .CRT$XIY                DATA
 0003:00000028 00000004H .CRT$XIZ                DATA
 0003:0000002c 00000004H .CRT$XPA                DATA
 0003:00000030 00000004H .CRT$XPX                DATA
 0003:00000034 00000004H .CRT$XPZ                DATA
 0003:00000038 00000004H .CRT$XTA                DATA
 0003:0000003c 00000004H .CRT$XTB                DATA
 0003:00000040 00000004H .CRT$XTZ                DATA
 0003:00000050 00000ed8H .data                   DATA
 0003:00000f28 00002cd4H .bss                    DATA

  Address         Publics by Value              Rva+Base     Lib:Object

 0001:00000000       ?AddPlayer@ChatSystem@@QAEXPADH@Z 10001000 f   cs_chat.obj
 0001:00000260       ?DelPlayer@ChatSystem@@QAEXPADH@Z 10001260 f   cs_chat.obj
 0001:00000390       ?AddAbsentPlayer@ChatSystem@@QAEXPAD@Z 10001390 f   cs_chat.obj
 0001:00000550       ?DelAbsentPlayer@ChatSystem@@QAEXPAD@Z 10001550 f   cs_chat.obj
 0001:00000650       ?Disconnect@ChatSystem@@QAEXXZ 10001650 f   cs_chat.obj
 0001:00000720       ?Raw@@YAXPAXPBD0@Z         10001720 f   cs_chat.obj
 0001:00000770       ?Disconnected@@YAXPAXPBD0@Z 10001770 f   cs_chat.obj
 0001:000007b0       ?ChangedNickCallback@@YAXPAXW4CHATBool@@PBD20@Z 100017b0 f   cs_chat.obj
 0001:00000800       ?PrivateMessage@@YAXPAXPBD1H0@Z 10001800 f   cs_chat.obj
 0001:00000a40       ?Invited@@YAXPAXPBD10@Z    10001a40 f   cs_chat.obj
 0001:00000a90       ?ChannelMessage@@YAXPAXPBD11H0@Z 10001a90 f   cs_chat.obj
 0001:00000c90       ?Kicked@@YAXPAXPBD110@Z    10001c90 f   cs_chat.obj
 0001:00000ce0       ??2@YAPAXI@Z               10001ce0 f i cs_chat.obj
 0001:00000d20       ?UserJoined@@YAXPAXPBD1H0@Z 10001d20 f   cs_chat.obj
 0001:00000dd0       ??3@YAXPAX@Z               10001dd0 f i cs_chat.obj
 0001:00000e10       ?UserParted@@YAXPAXPBD1H110@Z 10001e10 f   cs_chat.obj
 0001:00000eb0       ?UserChangedNick@@YAXPAXPBD110@Z 10001eb0 f   cs_chat.obj
 0001:00000f00       ?UserModeChanged@@YAXPAXPBD1H0@Z 10001f00 f   cs_chat.obj
 0001:00000f50       ?TopicChanged@@YAXPAXPBD10@Z 10001f50 f   cs_chat.obj
 0001:00000fa0       ?ChannelModeChanged@@YAXPAXPBDPAUCHATChannelMode@@0@Z 10001fa0 f   cs_chat.obj
 0001:00000ff0       ?UserListUpdated@@YAXPAXPBD0@Z 10001ff0 f   cs_chat.obj
 0001:00001040       ?ConnectCallback@@YAXPAXW4CHATBool@@0@Z 10002040 f   cs_chat.obj
 0001:000010b0       ?NickErrorCallback@@YAXPAXHPBD0@Z 100020b0 f   cs_chat.obj
 0001:00001270       ?EnterChannelCallback@@YAXPAXW4CHATBool@@W4CHATEnterResult@@PBD0@Z 10002270 f   cs_chat.obj
 0001:00001340       ?GetUserInfoCallback@@YAXPAXW4CHATBool@@PBD222HPAPBD0@Z 10002340 f   cs_chat.obj
 0001:00001520       ?EnumUsersCallback@@YAXPAXW4CHATBool@@PBDHPAPBDPAH0@Z 10002520 f   cs_chat.obj
 0001:000015d0       ?CheckMessage@ChatSystem@@QAEXPAD@Z 100025d0 f   cs_chat.obj
 0001:00001780       ?ChatBroadcastKeyChanged@@YAXPAXPBD1110@Z 10002780 f   cs_chat.obj
 0001:000017a0       ?Setup@ChatSystem@@QAEXXZ  100027a0 f   cs_chat.obj
 0001:000018e0       ?Process@ChatSystem@@QAEXXZ 100028e0 f   cs_chat.obj
 0001:00001b20       ?ChatProcess@@YAXXZ        10002b20 f   cs_chat.obj
 0001:00001b60       ?ConnectToChat@ChatSystem@@QAE_NPAD00000@Z 10002b60 f   cs_chat.obj
 0001:00001e30       ??0ChatSystem@@QAE@XZ      10002e30 f   cs_chat.obj
 0001:00001ed0       ??1ChatSystem@@QAE@XZ      10002ed0 f   cs_chat.obj
 0001:00001fe0       ??0ChatMsg@@QAE@XZ         10002fe0 f   cs_chat.obj
 0001:00002030       ??1ChatMsg@@QAE@XZ         10003030 f   cs_chat.obj
 0001:00002110       ?Add@ChatMsg@@QAEXPAD0@Z   10003110 f   cs_chat.obj
 0001:00002260       ?RemoveOne@ChatMsg@@QAE_NPAD0H@Z 10003260 f   cs_chat.obj
 0001:00002380       ?SortPlayers@ChatSystem@@QAEXPAUOneChatPlayer@@H@Z 10003380 f   cs_chat.obj
 0001:000024b0       ?NPlayers@ChatSystem@@QAEHXZ 100034b0 f   cs_chat.obj
 0001:000024f0       ?Players@ChatSystem@@QAEPAUOneChatPlayer@@XZ 100034f0 f   cs_chat.obj
 0001:000025b0       ??0CNamesCash@@QAE@XZ      100035b0 f i GSC_ChatWindow.obj
 0001:00002680       ??1CNamesCash@@QAE@XZ      10003680 f i GSC_ChatWindow.obj
 0001:000026c0       ?Clear@CNamesCash@@QAEXXZ  100036c0 f i GSC_ChatWindow.obj
 0001:000027c0       ?Save@CNamesCash@@QAEXXZ   100037c0 f i GSC_ChatWindow.obj
 0001:00002860       ?ReportIt@@YAXPADZZ        10003860 f   GSC_ChatWindow.obj
 0001:000028a0       ?PlayStart@@YAXXZ          100038a0 f   GSC_ChatWindow.obj
 0001:00002900       ?ReadWinString@@YA_NPAVGFILE@@PADH@Z 10003900 f   GSC_ChatWindow.obj
 0001:00002ac0       ?AddPrimitiveChat@@YAXPAD0AAPAPAD1AAH2@Z 10003ac0 f   GSC_ChatWindow.obj
 0001:00002c80       ?AddChatString@@YAXPAD0HPAVRLCFont@@AAPAPAD2AAH3@Z 10003c80 f   GSC_ChatWindow.obj
 0001:00002eb0       ?PushWindow@@YAXPAUTempWindow@@@Z 10003eb0 f   GSC_ChatWindow.obj
 0001:00002f30       ?PopWindow@@YAXPAUTempWindow@@@Z 10003f30 f   GSC_ChatWindow.obj
 0001:00002fb0       ?IntersectWindows@@YAXHHHH@Z 10003fb0 f   GSC_ChatWindow.obj
 0001:000030c0       ?Draw_PLIST@@YAXHHHHHEH@Z  100040c0 f   GSC_ChatWindow.obj
 0001:00003570       ?DRAWBOX@@YAXHHHHHEH@Z     10004570 f   GSC_ChatWindow.obj
 0001:000035d0       ?CheckForPersonalChat@@YA_NPAD@Z 100045d0 f   GSC_ChatWindow.obj
 0001:00003700       ?CheckPersonality@@YA_NPAD@Z 10004700 f   GSC_ChatWindow.obj
 0001:00003800       ?MemScreenPart@@YAXHHHHPAE@Z 10004800 f   GSC_ChatWindow.obj
 0001:00003880       ?EnterPersonalMessage@@YAXPAD_N@Z 10004880 f   GSC_ChatWindow.obj
 0001:00003f90       ?SendPrivateMessage@@YAXPAD0@Z 10004f90 f   GSC_ChatWindow.obj
 0001:00004040       ?ShowCentralMessage2C@@YAXPADH@Z 10005040 f   GSC_ChatWindow.obj
 0001:00004200       ?SetGameID@@YAXPAD@Z       10005200 f   GSC_ChatWindow.obj
 0001:00004260       ?GetGameID@@YAXPAD@Z       10005260 f   GSC_ChatWindow.obj
 0001:000042c0       ?SetChatWState@@YAXHH@Z    100052c0 f   GSC_ChatWindow.obj
 0001:00004330       ?RunHTTPC@@YAXXZ           10005330 f   GSC_ChatWindow.obj
 0001:000043b0       ?GoHomeAnyway@@YAXXZ       100053b0 f   GSC_ChatWindow.obj
 0001:000043e0       ?Process_GSC_ChatWindow@@YAH_NPAURoomInfo@@@Z 100053e0 f   GSC_ChatWindow.obj
 0001:00008480       ?Load@IniFile@@QAE_NPAD@Z  10009480 f i GSC_ChatWindow.obj
 0001:000086a0       ?GetStr@IniFile@@QAEPADPAD@Z 100096a0 f i GSC_ChatWindow.obj
 0001:00008720       ?GetInt@IniFile@@QAEHPAD@Z 10009720 f i GSC_ChatWindow.obj
 0001:00008770       ??0IniFile@@QAE@XZ         10009770 f i GSC_ChatWindow.obj
 0001:000087c0       ??1IniFile@@QAE@XZ         100097c0 f i GSC_ChatWindow.obj
 0001:00008800       ?Clear@IniFile@@QAEXXZ     10009800 f i GSC_ChatWindow.obj
 0001:000088e0       ?LeaveGSCRoom@@YAXXZ       100098e0 f   GSC_ChatWindow.obj
 0001:00008940       ?StartGSCGame@@YAXPAD0HPAHPAPAD11@Z 10009940 f   GSC_ChatWindow.obj
 0001:00008d00       ?ReportGSCGame@@YAXHHPAUOnePlayerReport@@@Z 10009d00 f   GSC_ChatWindow.obj
 0001:00008eb0       ?ReportAliveState@@YAXHPAH@Z 10009eb0 f   GSC_ChatWindow.obj
 0001:00008fc0       ?SendVictoryState@@YAXHE@Z 10009fc0 f   GSC_ChatWindow.obj
 0001:000091a0       ?DisableRatedGame@@YAXXZ   1000a1a0 f   GSC_ChatWindow.obj
 0001:00009240       ?CheckIfGameRated@@YA_NXZ  1000a240 f   GSC_ChatWindow.obj
 0001:00009290       ?AddCUserInfo@@YAXPAD0@Z   1000a290 f   GSC_ChatWindow.obj
 0001:000092d0       ?Add@CNamesCash@@QAEXPAD0_N@Z 1000a2d0 f i GSC_ChatWindow.obj
 0001:00009450       ?GetLocalInfo@CNamesCash@@QAEPADPAD@Z 1000a450 f i GSC_ChatWindow.obj
 0001:000094e0       ?Load@CNamesCash@@QAEXXZ   1000a4e0 f i GSC_ChatWindow.obj
 0001:00009610       ?GetCUserInfo@@YAPADPAD@Z  1000a610 f   GSC_ChatWindow.obj
 0001:00009650       _DllMain@12                1000a650 f   IChat.obj
 0001:00009680       ?SetupChat@@YAXXZ          1000a680 f   IChat.obj
 0001:000096a0       ??0ParsedRQ@@QAE@XZ        1000a6a0 f   ParseRQ.obj
 0001:000096f0       ??1ParsedRQ@@QAE@XZ        1000a6f0 f   ParseRQ.obj
 0001:00009730       ?AddComm@ParsedRQ@@QAEXPAD@Z 1000a730 f   ParseRQ.obj
 0001:00009820       ?AddParam@ParsedRQ@@QAEXPADH@Z 1000a820 f   ParseRQ.obj
 0001:00009950       ?Clear@ParsedRQ@@QAEXXZ    1000a950 f   ParseRQ.obj
 0001:00009aa0       ?GetHVal@@YAHD@Z           1000aaa0 f   ParseRQ.obj
 0001:00009b00       ?Parse@ParsedRQ@@QAEXPAD@Z 1000ab00 f   ParseRQ.obj
 0001:00009dc0       ?Compact@ParsedRQ@@QAEHPADH@Z 1000adc0 f   ParseRQ.obj
 0001:00009ff0       ?Extract@ParsedRQ@@QAEXPADH@Z 1000aff0 f   ParseRQ.obj
 0001:0000a170       ?UnParse@ParsedRQ@@QAEHPADH@Z 1000b170 f   ParseRQ.obj
 0001:0000a5a0       ?DelComm@ParsedRQ@@QAEXH@Z 1000b5a0 f   ParseRQ.obj
 0001:0000a700       ?AddParamToCom@ParsedRQ@@QAEXHPADH@Z 1000b700 f   ParseRQ.obj
 0001:0000a830       ?AddIntParam@ParsedRQ@@QAEXH@Z 1000b830 f   ParseRQ.obj
 0001:0000a8a0       _ciInitCallbacks           1000b8a0 f   chatCallbacks.obj
 0001:0000a970       _ciCleanupCallbacks        1000b970 f   chatCallbacks.obj
 0001:0000b570       _ciAddCallback_            1000c570 f   chatCallbacks.obj
 0001:0000e080       _ciCallCallback            1000f080 f   chatCallbacks.obj
 0001:0000ecc0       _ciCallCallbacks           1000fcc0 f   chatCallbacks.obj
 0001:0000eef0       _ciCheckCallbacksForID     1000fef0 f   chatCallbacks.obj
 0001:0000f0e0       _ciInitChannels            100100e0 f   chatChannel.obj
 0001:0000f4e0       _ciCleanupChannels         100104e0 f   chatChannel.obj
 0001:0000f570       _ciChannelEntering         10010570 f   chatChannel.obj
 0001:0000f620       _ciEnteringChannelComparator 10010620 f   chatChannel.obj
 0001:0000f670       _ciIsEnteringChannel       10010670 f   chatChannel.obj
 0001:0000f750       _ciChannelEntered          10010750 f   chatChannel.obj
 0001:0000fb80       _ciChannelLeft             10010b80 f   chatChannel.obj
 0001:0000fce0       _ciGetChannelCallbacks     10010ce0 f   chatChannel.obj
 0001:0000fe50       _ciChannelListUsers        10010e50 f   chatChannel.obj
 0001:000102d0       _ciInChannel               100112d0 f   chatChannel.obj
 0001:00010340       _ciGetChannelMode          10011340 f   chatChannel.obj
 0001:00010460       _ciSetChannelMode          10011460 f   chatChannel.obj
 0001:00010570       _ciSetChannelPassword      10011570 f   chatChannel.obj
 0001:000106d0       _ciGetChannelPassword      100116d0 f   chatChannel.obj
 0001:000107d0       _ciJoinCallbackCalled      100117d0 f   chatChannel.obj
 0001:000108d0       _ciWasJoinCallbackCalled   100118d0 f   chatChannel.obj
 0001:000109d0       _ciSetChannelTopic         100119d0 f   chatChannel.obj
 0001:00010ae0       _ciGetChannelTopic         10011ae0 f   chatChannel.obj
 0001:00010be0       _ciGetChannelNumUsers      10011be0 f   chatChannel.obj
 0001:00010ce0       _ciUserEnteredChannel      10011ce0 f   chatChannel.obj
 0001:00010f30       _ciUserLeftChannel         10011f30 f   chatChannel.obj
 0001:000110b0       _ciUserEnumChannels        100120b0 f   chatChannel.obj
 0001:00011380       _ciUserChangedNick         10012380 f   chatChannel.obj
 0001:00011820       _ciUserChangedMode         10012820 f   chatChannel.obj
 0001:00011aa0       _ciUserInChannel           10012aa0 f   chatChannel.obj
 0001:00011b60       _ciGetUserMode             10012b60 f   chatChannel.obj
 0001:00011c30       _ciEnumJoinedChannels      10012c30 f   chatChannel.obj
 0001:00011da0       _ciSetUserBasicInfo        10012da0 f   chatChannel.obj
 0001:00011ff0       _ciGetUserBasicInfo        10012ff0 f   chatChannel.obj
 0001:00012270       _ciClearAllUsers           10013270 f   chatChannel.obj
 0001:00012490       _ciFilterThink             10013490 f   chatHandlers.obj
 0001:00013350       _ciGetNextID               10014350 f   chatHandlers.obj
 0001:000133f0       _ciCheckFiltersForID       100143f0 f   chatHandlers.obj
 0001:000134a0       _ciCleanupFilters          100144a0 f   chatHandlers.obj
 0001:00013520       _ciAddLISTFilter           10014520 f   chatHandlers.obj
 0001:000136f0       _ciAddJOINFilter           100146f0 f   chatHandlers.obj
 0001:00013800       _ciAddTOPICFilter          10014800 f   chatHandlers.obj
 0001:00013850       _ciAddNAMESFilter          10014850 f   chatHandlers.obj
 0001:000138d0       _ciAddWHOISFilter          100148d0 f   chatHandlers.obj
 0001:00013960       _ciAddWHOFilter            10014960 f   chatHandlers.obj
 0001:000139b0       _ciAddCWHOFilter           100149b0 f   chatHandlers.obj
 0001:00013a00       _ciAddCMODEFilter          10014a00 f   chatHandlers.obj
 0001:00013a50       _ciAddUMODEFilter          10014a50 f   chatHandlers.obj
 0001:00013aa0       _ciAddBANFilter            10014aa0 f   chatHandlers.obj
 0001:00013b40       _ciAddGETBANFilter         10014b40 f   chatHandlers.obj
 0001:00013bc0       _ciAddNICKFilter           10014bc0 f   chatHandlers.obj
 0001:00013c10       _ciAddGETKEYFilter         10014c10 f   chatHandlers.obj
 0001:00013d70       _ciAddGETCKEYFilter        10014d70 f   chatHandlers.obj
 0001:00013f20       _ciAddGETCHANKEYFilter     10014f20 f   chatHandlers.obj
 0001:000140d0       _ciAddUNQUIETFilter        100150d0 f   chatHandlers.obj
 0001:00014170       _ciParseMode               10015170 f   chatHandlers.obj
 0001:000144d0       _ciApplyChangesToMode      100154d0 f   chatHandlers.obj
 0001:00014640       _ciNickError               10015640 f   chatHandlers.obj
 0001:00014720       _ciPrivmsgHandler          10015720 f   chatHandlers.obj
 0001:00014980       _ciNoticeHandler           10015980 f   chatHandlers.obj
 0001:00014b10       _ciUTMHandler              10015b10 f   chatHandlers.obj
 0001:00014ca0       _ciATMHandler              10015ca0 f   chatHandlers.obj
 0001:00014e30       _ciPingHandler             10015e30 f   chatHandlers.obj
 0001:00014ea0       _ciNickHandler             10015ea0 f   chatHandlers.obj
 0001:00015210       _ciJoinHandler             10016210 f   chatHandlers.obj
 0001:00015520       _ciPartHandler             10016520 f   chatHandlers.obj
 0001:00015690       _ciKickHandler             10016690 f   chatHandlers.obj
 0001:000158b0       _ciQuitEnumChannelsCallback 100168b0 f   chatHandlers.obj
 0001:00015a70       _ciQuitHandler             10016a70 f   chatHandlers.obj
 0001:00015b20       _ciKillEnumChannelsCallback 10016b20 f   chatHandlers.obj
 0001:00015ce0       _ciKillHandler             10016ce0 f   chatHandlers.obj
 0001:00015d70       _ciTopicHandler            10016d70 f   chatHandlers.obj
 0001:00015e80       _ciModeHandler             10016e80 f   chatHandlers.obj
 0001:000160f0       _ciErrorHandler            100170f0 f   chatHandlers.obj
 0001:000161d0       _ciInviteHandler           100171d0 f   chatHandlers.obj
 0001:000162b0       _ciNameReplyHandler        100172b0 f   chatHandlers.obj
 0001:00016630       _ciEndOfNamesHandler       10017630 f   chatHandlers.obj
 0001:00016830       _ciRplTopicHandler         10017830 f   chatHandlers.obj
 0001:00016970       _ciRplNoTopicHandler       10017970 f   chatHandlers.obj
 0001:00016aa0       _ciErrNickInUseHandler     10017aa0 f   chatHandlers.obj
 0001:00016bf0       _ciRplWhoReplyHandler      10017bf0 f   chatHandlers.obj
 0001:00016e20       _ciRplEndOfWhoHandler      10017e20 f   chatHandlers.obj
 0001:00016f50       _ciRplGetKeyHandler        10017f50 f   chatHandlers.obj
 0001:00017250       _ciRplEndGetKeyHandler     10018250 f   chatHandlers.obj
 0001:00017340       _ciRplGetCKeyHandler       10018340 f   chatHandlers.obj
 0001:000177a0       _ciRplEndGetCKeyHandler    100187a0 f   chatHandlers.obj
 0001:000178a0       _ciRplGetChanKeyHandler    100188a0 f   chatHandlers.obj
 0001:00017e60       _ciRplUserIPHandler        10018e60 f   chatHandlers.obj
 0001:00017f70       _ciRplListStartHandler     10018f70 f   chatHandlers.obj
 0001:00018000       _ciRplListHandler          10019000 f   chatHandlers.obj
 0001:00018300       _ciRplListEndHandler       10019300 f   chatHandlers.obj
 0001:000183b0       _ciRplChannelModeIsHandler 100193b0 f   chatHandlers.obj
 0001:00018570       _ciRplWhoisUserHandler     10019570 f   chatHandlers.obj
 0001:00018810       _ciRplWhoisChannelsHandler 10019810 f   chatHandlers.obj
 0001:000189d0       _ciRplEndOfWhoisHandler    100199d0 f   chatHandlers.obj
 0001:00018ad0       _ciRplBanListHandler       10019ad0 f   chatHandlers.obj
 0001:00018c60       _ciRplEndOfBanListHandler  10019c60 f   chatHandlers.obj
 0001:00018d40       _ciRplWelcomeHandler       10019d40 f   chatHandlers.obj
 0001:00018e40       _ciErrNoSuchChannelHandler 10019e40 f   chatHandlers.obj
 0001:00018f60       _ciErrTooManyChannelsHandler 10019f60 f   chatHandlers.obj
 0001:00019030       _ciErrChannelIsFullHandler 1001a030 f   chatHandlers.obj
 0001:00019100       _ciErrInviteOnlyChanHandler 1001a100 f   chatHandlers.obj
 0001:000191d0       _ciErrBannedFromChanHandler 1001a1d0 f   chatHandlers.obj
 0001:000192a0       _ciErrBadChannelKeyHandler 1001a2a0 f   chatHandlers.obj
 0001:00019370       _ciErrBadChanMaskHandler   1001a370 f   chatHandlers.obj
 0001:00019440       _ciErrNoSuchNickHandler    1001a440 f   chatHandlers.obj
 0001:00019460       _ciErrErroneusNicknameHandler 1001a460 f   chatHandlers.obj
 0001:000194d0       _ciHandleDisconnect        1001a4d0 f   chatMain.obj
 0001:00019590       _ciSendNickAndUser         1001a590 f   chatMain.obj
 0001:000196c0       _chatConnectDoit           1001a6c0 f   chatMain.obj
 0001:00019c00       _chatConnect               1001ac00 f   chatMain.obj
 0001:00019c60       _chatConnectSpecial        1001ac60 f   chatMain.obj
 0001:00019cc0       _chatRetryWithNick         1001acc0 f   chatMain.obj
 0001:00019da0       _chatDisconnect            1001ada0 f   chatMain.obj
 0001:00019ea0       _chatThink                 1001aea0 f   chatMain.obj
 0001:00019ee0       _chatSendRaw               1001aee0 f   chatMain.obj
 0001:00019f50       _chatChangeNick            1001af50 f   chatMain.obj
 0001:0001a250       _chatGetNick               1001b250 f   chatMain.obj
 0001:0001a2c0       _chatFixNick               1001b2c0 f   chatMain.obj
 0001:0001a3e0       _chatSetQuietMode          1001b3e0 f   chatMain.obj
 0001:0001a510       _chatEnumChannels          1001b510 f   chatMain.obj
 0001:0001a610       _chatEnterChannel          1001b610 f   chatMain.obj
 0001:0001a770       _chatLeaveChannel          1001b770 f   chatMain.obj
 0001:0001a860       _chatSendChannelMessage    1001b860 f   chatMain.obj
 0001:0001aa70       _chatSetChannelTopic       1001ba70 f   chatMain.obj
 0001:0001ab40       _chatGetChannelTopic       1001bb40 f   chatMain.obj
 0001:0001ace0       _chatSetChannelMode        1001bce0 f   chatMain.obj
 0001:0001aea0       _chatGetChannelMode        1001bea0 f   chatMain.obj
 0001:0001b080       _chatSetChannelPassword    1001c080 f   chatMain.obj
 0001:0001b1c0       _chatGetChannelPassword    1001c1c0 f   chatMain.obj
 0001:0001b360       _chatEnumChannelBans       1001c360 f   chatMain.obj
 0001:0001b4a0       _chatAddChannelBan         1001c4a0 f   chatMain.obj
 0001:0001b5b0       _chatRemoveChannelBan      1001c5b0 f   chatMain.obj
 0001:0001b6c0       _chatSetChannelGroup       1001c6c0 f   chatMain.obj
 0001:0001b7a0       _chatGetChannelNumUsers    1001c7a0 f   chatMain.obj
 0001:0001b890       _ciEnumUsersCallback       1001c890 f   chatMain.obj
 0001:0001bb20       _chatEnumUsers             1001cb20 f   chatMain.obj
 0001:0001bc70       _chatEnumJoinedChannels    1001cc70 f   chatMain.obj
 0001:0001bcb0       _chatSendUserMessage       1001ccb0 f   chatMain.obj
 0001:0001be90       _chatGetUserInfo           1001ce90 f   chatMain.obj
 0001:0001c000       _chatGetBasicUserInfo      1001d000 f   chatMain.obj
 0001:0001c1d0       _chatGetBasicUserInfoNoWait 1001d1d0 f   chatMain.obj
 0001:0001c2d0       _chatGetChannelBasicUserInfo 1001d2d0 f   chatMain.obj
 0001:0001c410       _chatInviteUser            1001d410 f   chatMain.obj
 0001:0001c550       _chatKickUser              1001d550 f   chatMain.obj
 0001:0001c6a0       _chatBanUser               1001d6a0 f   chatMain.obj
 0001:0001c7f0       _chatSetUserMode           1001d7f0 f   chatMain.obj
 0001:0001c9b0       _chatGetUserMode           1001d9b0 f   chatMain.obj
 0001:0001cc00       _chatGetUserModeNoWait     1001dc00 f   chatMain.obj
 0001:0001cd70       _chatSetGlobalKeys         1001dd70 f   chatMain.obj
 0001:0001ced0       _chatGetGlobalKeys         1001ded0 f   chatMain.obj
 0001:0001d320       _chatSetChannelKeys        1001e320 f   chatMain.obj
 0001:0001d480       _chatGetChannelKeys        1001e480 f   chatMain.obj
 0001:0001d920       _ciGetTime                 1001e920 f   chatSocket.obj
 0001:0001d9c0       _ciSocketInit              1001e9c0 f   chatSocket.obj
 0001:0001db50       _ciSocketConnect           1001eb50 f   chatSocket.obj
 0001:0001df30       _ciSocketDisconnect        1001ef30 f   chatSocket.obj
 0001:0001e2b0       _ciSocketThink             1001f2b0 f   chatSocket.obj
 0001:0001f140       _ciSocketSend              10020140 f   chatSocket.obj
 0001:0001f4c0       _ciSocketSendf             100204c0 f   chatSocket.obj
 0001:0001f7c0       _ciParseParam              100207c0 f   chatSocket.obj
 0001:0001fa00       _ciSocketRecv              10020a00 f   chatSocket.obj
 0001:00020830       _ArrayNew                  10021830 f   darray.obj
 0001:00020930       _ArrayFree                 10021930 f   darray.obj
 0001:00020a30       _ArrayLength               10021a30 f   darray.obj
 0001:00020a60       _ArrayNth                  10021a60 f   darray.obj
 0001:00020ad0       _ArrayAppend               10021ad0 f   darray.obj
 0001:00020b10       _ArrayInsertAt             10021b10 f   darray.obj
 0001:00020cd0       _ArrayInsertSorted         10021cd0 f   darray.obj
 0001:00020d70       _ArrayRemoveAt             10021d70 f   darray.obj
 0001:00020e20       _ArrayDeleteAt             10021e20 f   darray.obj
 0001:00020ea0       _ArrayReplaceAt            10021ea0 f   darray.obj
 0001:00020f20       _ArraySort                 10021f20 f   darray.obj
 0001:00020f70       _ArraySearch               10021f70 f   darray.obj
 0001:00021050       _ArrayMap                  10022050 f   darray.obj
 0001:000210e0       _ArrayMapBackwards         100220e0 f   darray.obj
 0001:00021170       _ArrayMap2                 10022170 f   darray.obj
 0001:00021210       _ArrayClear                10022210 f   darray.obj
 0001:000213a0       _TableNew                  100223a0 f   hashtable.obj
 0001:000213f0       _TableNew2                 100223f0 f   hashtable.obj
 0001:00021570       _TableFree                 10022570 f   hashtable.obj
 0001:00021610       _TableCount                10022610 f   hashtable.obj
 0001:00021680       _TableEnter                10022680 f   hashtable.obj
 0001:00021730       _TableRemove               10022730 f   hashtable.obj
 0001:000217d0       _TableLookup               100227d0 f   hashtable.obj
 0001:00021870       _TableMap                  10022870 f   hashtable.obj
 0001:00021900       _TableMapSafe              10022900 f   hashtable.obj
 0001:00021990       _TableMap2                 10022990 f   hashtable.obj
 0001:00021a30       _TableClear                10022a30 f   hashtable.obj
 0001:00021a90       _MD5Init                   10022a90 f   md5c.obj
 0001:00021af0       _MD5Update                 10022af0 f   md5c.obj
 0001:00021c10       _MD5Final                  10022c10 f   md5c.obj
 0001:00022d80       _MD5Print                  10023d80 f   md5c.obj
 0001:00022df0       _MD5Digest                 10023df0 f   md5c.obj
 0001:00022e70       _current_time              10023e70 f   nonport.obj
 0001:00022eb0       _msleep                    10023eb0 f   nonport.obj
 0001:00022ef0       _SocketStartUp             10023ef0 f   nonport.obj
 0001:00022f40       _SocketShutDown            10023f40 f   nonport.obj
 0001:00022f70       _goastrdup                 10023f70 f   nonport.obj
 0001:00022fe0       _SetSockBlocking           10023fe0 f   nonport.obj
 0001:00023050       _DisableNagle              10024050 f   nonport.obj
 0001:000230a0       _SetReceiveBufferSize      100240a0 f   nonport.obj
 0001:000230f0       _GOAGetUniqueID            100240f0 f   nonport.obj
 0001:00023510       ?_ExRealloc@@YAPAXPAXH@Z   10024510 f   dmcr:dmcr.exe
 0001:00023516       ?AddToGChat@@YAXPAD0@Z     10024516 f   dmcr:dmcr.exe
 0001:0002351c       ?GetTextByID@@YAPADPAD@Z   1002451c f   dmcr:dmcr.exe
 0001:00023522       ?_ExMalloc@@YAPAXH@Z       10024522 f   dmcr:dmcr.exe
 0001:00023528       ?_ExFree@@YAXPAX@Z         10024528 f   dmcr:dmcr.exe
 0001:0002352e       ?ProcessMessages@@YA_NXZ   1002452e f   dmcr:dmcr.exe
 0001:00023534       ?PlayEffect@@YAXHHH@Z      10024534 f   dmcr:dmcr.exe
 0001:0002353a       ?GetSound@@YAHPAD@Z        1002453a f   dmcr:dmcr.exe
 0001:00023540       ?Ggetch@@YAHPAVGFILE@@@Z   10024540 f   dmcr:dmcr.exe
 0001:00023546       ?GetRLCStrWidth@@YAHPADPAVRLCFont@@@Z 10024546 f   dmcr:dmcr.exe
 0001:0002354c       ?xLine@@YAXHHHHE@Z         1002454c f   dmcr:dmcr.exe
 0001:00023552       ?ShowString@@YAXHHPBDPAVRLCFont@@@Z 10024552 f   dmcr:dmcr.exe
 0001:00023558       ?ShowClanString@@YAXHHPADEPAVRLCFont@@1H@Z 10024558 f   dmcr:dmcr.exe
 0001:0002355e       ?GetPaletteColor@@YAEHHH@Z 1002455e f   dmcr:dmcr.exe
 0001:00023564       ?DrawStdBar2@@YAXHHHHH@Z   10024564 f   dmcr:dmcr.exe
 0001:0002356a       ??1LocalGP@@QAE@XZ         1002456a f   dmcr:dmcr.exe
 0001:00023570       ??1DialogsSystem@@QAE@XZ   10024570 f   dmcr:dmcr.exe
 0001:00023576       ?SendPings@@YAXXZ          10024576 f   dmcr:dmcr.exe
 0001:0002357c       ?EnumPlr@@YA_NXZ           1002457c f   dmcr:dmcr.exe
 0001:00023582       ?RefreshView@DialogsSystem@@QAEXXZ 10024582 f   dmcr:dmcr.exe
 0001:00023588       ?ProcessDialogs@DialogsSystem@@QAEXXZ 10024588 f   dmcr:dmcr.exe
 0001:0002358e       ?MarkToDraw@DialogsSystem@@QAEXXZ 1002458e f   dmcr:dmcr.exe
 0001:00023594       ?StdKeys@@YAXXZ            10024594 f   dmcr:dmcr.exe
 0001:0002359a       ?addColoredBar@DialogsSystem@@QAEPAVColoredBar@@HHHHE@Z 1002459a f   dmcr:dmcr.exe
 0001:000235a0       ?addTextButton@DialogsSystem@@QAEPAVTextButton@@PAVSimpleDialog@@HHPADPAVRLCFont@@22E@Z 100245a0 f   dmcr:dmcr.exe
 0001:000235a6       ?addInputBox@DialogsSystem@@QAEPAVInputBox@@PAVSimpleDialog@@HHPADHHHPAVRLCFont@@2@Z 100245a6 f   dmcr:dmcr.exe
 0001:000235ac       ?MMItemChoose@@YA_NPAVSimpleDialog@@@Z 100245ac f   dmcr:dmcr.exe
 0001:000235b2       ?addGP_TextButton@DialogsSystem@@QAEPAVGP_TextButton@@PAVSimpleDialog@@HHPADHHPAVRLCFont@@2@Z 100245b2 f   dmcr:dmcr.exe
 0001:000235b8       ?addGPPicture@DialogsSystem@@QAEPAVGPPicture@@PAVSimpleDialog@@HHHH@Z 100245b8 f   dmcr:dmcr.exe
 0001:000235be       ?addCustomBorder@DialogsSystem@@QAEPAVCustomBorder@@HHHHHPAH0HH@Z 100245be f   dmcr:dmcr.exe
 0001:000235c4       ?addBPXView@DialogsSystem@@QAEPAVBPXView@@PAVSimpleDialog@@HHHHHHHPAEPAVVScrollBar@@@Z 100245c4 f   dmcr:dmcr.exe
 0001:000235ca       ??0DialogsSystem@@QAE@HH@Z 100245ca f   dmcr:dmcr.exe
 0001:000235d0       ?DarkScreen@@YAXXZ         100245d0 f   dmcr:dmcr.exe
 0001:000235d6       ??0LocalGP@@QAE@PAD@Z      100245d6 f   dmcr:dmcr.exe
 0001:000235dc       ?GetRLCHeight@@YAHPAUxRLCTable@@E@Z 100245dc f   dmcr:dmcr.exe
 0001:000235e2       ?ShowGP@GP_System@@QAEXHHHHE@Z 100245e2 f   dmcr:dmcr.exe
 0001:000235e8       ?GetGPWidth@GP_System@@QAEHHH@Z 100245e8 f   dmcr:dmcr.exe
 0001:000235ee       ?LoadGP@GP_System@@QAE_NH@Z 100245ee f   dmcr:dmcr.exe
 0001:000235f4       ?PreLoadGPImage@GP_System@@QAEHPAD@Z 100245f4 f   dmcr:dmcr.exe
 0001:000235fa       ?SetRoomOptions@@YAXPAD@Z  100245fa f   dmcr:dmcr.exe
 0001:00023600       ?ExplorerResize@@YAXHHHHH@Z 10024600 f   dmcr:dmcr.exe
 0001:00023606       ?LoadPicture@SQPicture@@QAEXPAD@Z 10024606 f   dmcr:dmcr.exe
 0001:0002360c       ?ExplorerRefresh@@YAXH@Z   1002460c f   dmcr:dmcr.exe
 0001:00023612       ?ExplorerBack@@YAXH@Z      10024612 f   dmcr:dmcr.exe
 0001:00023618       ?ExplorerSetVar@@YAXHPAD0@Z 10024618 f   dmcr:dmcr.exe
 0001:0002361e       ?LoadPalette@@YAXPBD@Z     1002461e f   dmcr:dmcr.exe
 0001:00023624       ?ProcessExplorerDSS@@YAXHPAVDialogsSystem@@@Z 10024624 f   dmcr:dmcr.exe
 0001:0002362a       ?SetCurPtr@@YAXH@Z         1002462a f   dmcr:dmcr.exe
 0001:00023630       ?RClose@@YAXPAX@Z          10024630 f   dmcr:dmcr.exe
 0001:00023636       ?ExplorerOpenRef@@YAXHPAD@Z 10024636 f   dmcr:dmcr.exe
 0001:0002363c       ?RunExplorer@@YAXHPADHHHH@Z 1002463c f   dmcr:dmcr.exe
 0001:00023642       ?RBlockRead@@YAKPAX0K@Z    10024642 f   dmcr:dmcr.exe
 0001:00023648       ?RFileSize@@YAKPAX@Z       10024648 f   dmcr:dmcr.exe
 0001:0002364e       ?RReset@@YAPAXPBD@Z        1002464e f   dmcr:dmcr.exe
 0001:00023654       ?addGP_Button@DialogsSystem@@QAEPAVGP_Button@@PAVSimpleDialog@@HHHHH@Z 10024654 f   dmcr:dmcr.exe
 0001:0002365a       ?addComplexBox@DialogsSystem@@QAEPAVComplexBox@@HHHHP6AXHHHHHEH@ZHH@Z 1002465a f   dmcr:dmcr.exe
 0001:00023660       ?addNewGP_VScrollBar@DialogsSystem@@QAEPAVVScrollBar@@PAVSimpleDialog@@HHHHHHH@Z 10024660 f   dmcr:dmcr.exe
 0001:00023666       ?addChatViewer@DialogsSystem@@QAEPAVChatViewer@@PAVSimpleDialog@@HHHHHPAPAPAD1PAH@Z 10024666 f   dmcr:dmcr.exe
 0001:0002366c       ?addPicture@DialogsSystem@@QAEPAVPicture@@PAVSimpleDialog@@HHPAVSQPicture@@11@Z 1002466c f   dmcr:dmcr.exe
 0001:00023672       ??0DialogsSystem@@QAE@XZ   10024672 f   dmcr:dmcr.exe
 0001:00023678       ??1SQPicture@@QAE@XZ       10024678 f   dmcr:dmcr.exe
 0001:0002367e       ?FlipPages@@YAXXZ          1002467e f   dmcr:dmcr.exe
 0001:00023684       ?Draw@SQPicture@@QAEXHH@Z  10024684 f   dmcr:dmcr.exe
 0001:0002368a       ?ExplorerGetVar@@YAPADHPAD@Z 1002468a f   dmcr:dmcr.exe
 0001:00023690       ??0SQPicture@@QAE@PAD@Z    10024690 f   dmcr:dmcr.exe
 0001:00023696       ?SlowLoadPalette@@YAXPBD@Z 10024696 f   dmcr:dmcr.exe
 0001:0002369c       ?LoadFog@@YAXH@Z           1002469c f   dmcr:dmcr.exe
 0001:000236a2       ?ClearGChat@@YAXXZ         100246a2 f   dmcr:dmcr.exe
 0001:000236a8       ?Gclose@@YAXPAVGFILE@@@Z   100246a8 f   dmcr:dmcr.exe
 0001:000236ae       ?Gopen@@YAPAVGFILE@@PAD0@Z 100246ae f   dmcr:dmcr.exe
 0001:000236b4       ?CheckUsingAI@@YA_NXZ      100246b4 f   dmcr:dmcr.exe
 0001:000236ba       ?RSeek@@YAKPAXH@Z          100246ba f   dmcr:dmcr.exe
 0001:000236c0       ?CheckGSC_Login@@YA_NXZ    100246c0 f   dmcr:dmcr.exe
 0001:000236c6       _GetTickCount@0            100246c6 f   kernel32:KERNEL32.dll
 0001:000236cc       _CreateProcessA@40         100246cc f   kernel32:KERNEL32.dll
 0001:000236d2       _Sleep@4                   100246d2 f   kernel32:KERNEL32.dll
 0001:000236d8       _QueryPerformanceCounter@4 100246d8 f   kernel32:KERNEL32.dll
 0001:000236de       _RegCloseKey@4             100246de f   advapi32:ADVAPI32.dll
 0001:000236e4       _RegSetValueExA@24         100246e4 f   advapi32:ADVAPI32.dll
 0001:000236ea       _RegCreateKeyExA@36        100246ea f   advapi32:ADVAPI32.dll
 0001:000236f0       _RegQueryValueExA@24       100246f0 f   advapi32:ADVAPI32.dll
 0001:000236f6       _RegOpenKeyExA@20          100246f6 f   advapi32:ADVAPI32.dll
 0001:00023700       _strcpy                    10024700 f   LIBC:strcat.obj
 0001:00023710       _strcat                    10024710 f   LIBC:strcat.obj
 0001:000237f0       _memset                    100247f0 f   LIBC:memset.obj
 0001:00023850       _strcmp                    10024850 f   LIBC:strcmp.obj
 0001:000238d4       __chkesp                   100248d4 f   LIBC:chkesp.obj
 0001:000238f0       _memcpy                    100248f0 f   LIBC:memcpy.obj
 0001:00023c25       _sprintf                   10024c25 f   LIBC:sprintf.obj
 0001:00023c80       _strstr                    10024c80 f   LIBC:strstr.obj
 0001:00023d10       _strchr                    10024d10 f   LIBC:strchr.obj
 0001:00023d16       ___from_strstr_to_strchr   10024d16 f   LIBC:strchr.obj
 0001:00023dcc       _srand                     10024dcc f   LIBC:rand.obj
 0001:00023dd6       _rand                      10024dd6 f   LIBC:rand.obj
 0001:00023df4       ??_L@YGXPAXIHP6EX0@Z1@Z    10024df4 f   LIBC:ehvecctr.obj
 0001:00023e76       ?_JumpToContinuation@@YGXPAXPAUEHRegistrationNode@@@Z 10024e76 f   LIBC:trnsctrl.obj
 0001:00023eaa       ?_CallMemberFunction0@@YGXPAX0@Z 10024eaa f   LIBC:trnsctrl.obj
 0001:00023eb1       ?_CallMemberFunction1@@YGXPAX00@Z 10024eb1 f   LIBC:trnsctrl.obj
 0001:00023eb8       ?_CallMemberFunction2@@YGXPAX00H@Z 10024eb8 f   LIBC:trnsctrl.obj
 0001:00023ebf       ?_UnwindNestedFrames@@YGXPAUEHRegistrationNode@@PAUEHExceptionRecord@@@Z 10024ebf f   LIBC:trnsctrl.obj
 0001:00023f0e       ___CxxFrameHandler         10024f0e f   LIBC:trnsctrl.obj
 0001:00023f44       ___CxxLongjmpUnwind@4      10024f44 f   LIBC:trnsctrl.obj
 0001:00023f5e       ?_CallCatchBlock2@@YAPAXPAUEHRegistrationNode@@PBU_s_FuncInfo@@PAXHK@Z 10024f5e f   LIBC:trnsctrl.obj
 0001:00023fd7       ?_CallSETranslator@@YAHPAUEHExceptionRecord@@PAUEHRegistrationNode@@PAX2PBU_s_FuncInfo@@H1@Z 10024fd7 f   LIBC:trnsctrl.obj
 0001:00024100       ?_GetRangeOfTrysToCheck@@YAPBU_s_TryBlockMapEntry@@PBU_s_FuncInfo@@HHPAI1@Z 10025100 f   LIBC:trnsctrl.obj
 0001:0002417c       __global_unwind2           1002517c f   LIBC:exsup.obj
 0001:000241be       __local_unwind2            100251be f   LIBC:exsup.obj
 0001:00024216       __NLG_Return2              10025216 f   LIBC:exsup.obj
 0001:00024226       __abnormal_termination     10025226 f   LIBC:exsup.obj
 0001:00024249       __NLG_Notify1              10025249 f   LIBC:exsup.obj
 0001:00024252       __NLG_Notify               10025252 f   LIBC:exsup.obj
 0001:00024265       __NLG_Dispatch             10025265 f   LIBC:exsup.obj
 0001:0002426a       ??_M@YGXPAXIHP6EX0@Z@Z     1002526a f   LIBC:ehvecdtr.obj
 0001:000242ea       ?__ArrayUnwind@@YGXPAXIHP6EX0@Z@Z 100252ea f   LIBC:ehvecdtr.obj
 0001:00024360       _strlen                    10025360 f   LIBC:strlen.obj
 0001:000243e0       _memmove                   100253e0 f   LIBC:memmove.obj
 0001:00024720       _strncpy                   10025720 f   LIBC:strncpy.obj
 0001:0002481e       __onexit                   1002581e f   LIBC:onexit.obj
 0001:0002488b       _atexit                    1002588b f   LIBC:onexit.obj
 0001:0002489d       ___onexitinit              1002589d f   LIBC:onexit.obj
 0001:000248cc       _fclose                    100258cc f   LIBC:fclose.obj
 0001:00024922       _fprintf                   10025922 f   LIBC:fprintf.obj
 0001:00024954       __fsopen                   10025954 f   LIBC:fopen.obj
 0001:00024974       _fopen                     10025974 f   LIBC:fopen.obj
 0001:00024990       __chkstk                   10025990 f   LIBC:chkstk.obj
 0001:00024990       __alloca_probe             10025990 f   LIBC:chkstk.obj
 0001:000249bf       _atol                      100259bf f   LIBC:atox.obj
 0001:00024a4a       _atoi                      10025a4a f   LIBC:atox.obj
 0001:00024a55       __atoi64                   10025a55 f   LIBC:atox.obj
 0001:00024b0f       _sscanf                    10025b0f f   LIBC:sscanf.obj
 0001:00024b43       _free                      10025b43 f   LIBC:free.obj
 0001:00024b72       __assert                   10025b72 f   LIBC:assert.obj
 0001:00024e5c       _malloc                    10025e5c f   LIBC:malloc.obj
 0001:00024e6e       __nh_malloc                10025e6e f   LIBC:malloc.obj
 0001:00024e9a       __heap_alloc               10025e9a f   LIBC:malloc.obj
 0001:00024ed0       __tolower                  10025ed0 f   LIBC:tolower.obj
 0001:00024ed8       _tolower                   10025ed8 f   LIBC:tolower.obj
 0001:00024fb0       __strcmpi                  10025fb0 f   LIBC:stricmp.obj
 0001:00024fb0       _stricmp                   10025fb0 f   LIBC:stricmp.obj
 0001:00024fb0       __stricmp                  10025fb0 f   LIBC:stricmp.obj
 0001:0002503c       _realloc                   1002603c f   LIBC:realloc.obj
 0001:0002515c       _strtok                    1002615c f   LIBC:strtok.obj
 0001:000251f8       __isctype                  100261f8 f   LIBC:isctype.obj
 0001:0002526d       _localtime                 1002626d f   LIBC:localtim.obj
 0001:000253cd       _time                      100263cd f   LIBC:time.obj
 0001:000254a9       _vsprintf                  100264a9 f   LIBC:vsprintf.obj
 0001:000254fa       _qsort                     100264fa f   LIBC:qsort.obj
 0001:000256c8       _clock                     100266c8 f   LIBC:clock.obj
 0001:0002570b       ___inittime                1002670b f   LIBC:clock.obj
 0001:00025740       __CRT_INIT@12              10026740 f   LIBC:dllcrt0.obj
 0001:000257f8       __DllMainCRTStartup@12     100267f8 f   LIBC:dllcrt0.obj
 0001:00025895       __amsg_exit                10026895 f   LIBC:dllcrt0.obj
 0001:000258c8       __flsbuf                   100268c8 f   LIBC:_flsbuf.obj
 0001:000259dd       __output                   100269dd f   LIBC:output.obj
 0001:000261f0       __except_handler3          100271f0 f   LIBC:exsup3.obj
 0001:000262ad       __seh_longjmp_unwind@4     100272ad f   LIBC:exsup3.obj
 0001:000262c8       ___InternalCxxFrameHandler 100272c8 f   LIBC:frame.obj
 0001:0002660f       ___FrameUnwindToState      1002760f f   LIBC:frame.obj
 0001:00026a38       ?_DestructExceptionObject@@YAXPAUEHExceptionRecord@@E@Z 10027a38 f   LIBC:frame.obj
 0001:00026ad0       __CallSettingFrame@12      10027ad0 f   LIBC:lowhelpr.obj
 0001:00026af7       __NLG_Return               10027af7 f   LIBC:lowhelpr.obj
 0001:00026b1c       ?terminate@@YAXXZ          10027b1c f   LIBC:hooks.obj
 0001:00026b72       ?unexpected@@YAXXZ         10027b72 f   LIBC:hooks.obj
 0001:00026b82       ?_inconsistency@@YAXXZ     10027b82 f   LIBC:hooks.obj
 0001:00026bd8       __cinit                    10027bd8 f   LIBC:crt0dat.obj
 0001:00026c05       _exit                      10027c05 f   LIBC:crt0dat.obj
 0001:00026c16       __exit                     10027c16 f   LIBC:crt0dat.obj
 0001:00026c27       __cexit                    10027c27 f   LIBC:crt0dat.obj
 0001:00026c36       __c_exit                   10027c36 f   LIBC:crt0dat.obj
 0001:00026cf8       __msize                    10027cf8 f   LIBC:msize.obj
 0001:00026d21       __close                    10027d21 f   LIBC:close.obj
 0001:00026dd4       __freebuf                  10027dd4 f   LIBC:_freebuf.obj
 0001:00026dff       _fflush                    10027dff f   LIBC:fflush.obj
 0001:00026e3a       __flush                    10027e3a f   LIBC:fflush.obj
 0001:00026e96       __flushall                 10027e96 f   LIBC:fflush.obj
 0001:00026f0c       __stbuf                    10027f0c f   LIBC:_sftbuf.obj
 0001:00026f99       __ftbuf                    10027f99 f   LIBC:_sftbuf.obj
 0001:00026fd6       __openfile                 10027fd6 f   LIBC:_open.obj
 0001:00027146       __getstream                10028146 f   LIBC:stream.obj
 0001:000271c0       __allmul                   100281c0 f   LIBC:llmul.obj
 0001:000271f4       __input                    100281f4 f   LIBC:input.obj
 0001:00027ca5       __heap_init                10028ca5 f   LIBC:heapinit.obj
 0001:00027ce1       __heap_term                10028ce1 f   LIBC:heapinit.obj
 0001:00027d56       __get_sbh_threshold        10028d56 f   LIBC:sbheap.obj
 0001:00027d5c       __set_sbh_threshold        10028d5c f   LIBC:sbheap.obj
 0001:00027d73       ___sbh_heap_init           10028d73 f   LIBC:sbheap.obj
 0001:00027db1       ___sbh_find_block          10028db1 f   LIBC:sbheap.obj
 0001:00027ddc       ___sbh_free_block          10028ddc f   LIBC:sbheap.obj
 0001:00028107       ___sbh_alloc_block         10029107 f   LIBC:sbheap.obj
 0001:00028410       ___sbh_alloc_new_region    10029410 f   LIBC:sbheap.obj
 0001:000284c1       ___sbh_alloc_new_group     100294c1 f   LIBC:sbheap.obj
 0001:000285bc       ___sbh_resize_block        100295bc f   LIBC:sbheap.obj
 0001:000288b2       ___sbh_heapmin             100298b2 f   LIBC:sbheap.obj
 0001:00028983       ___sbh_heap_check          10029983 f   LIBC:sbheap.obj
 0001:00028cb2       _abort                     10029cb2 f   LIBC:abort.obj
 0001:00028cc9       _setvbuf                   10029cc9 f   LIBC:setvbuf.obj
 0001:00028d6a       ___initstdio               10029d6a f   LIBC:_file.obj
 0001:00028e0f       ___endstdio                10029e0f f   LIBC:_file.obj
 0001:00028e23       _signal                    10029e23 f   LIBC:winsig.obj
 0001:00028f67       _raise                     10029f67 f   LIBC:winsig.obj
 0001:000290d9       ___crtMessageBoxA          1002a0d9 f   LIBC:crtmbox.obj
 0001:00029162       _itoa                      1002a162 f   LIBC:xtoa.obj
 0001:00029162       __itoa                     1002a162 f   LIBC:xtoa.obj
 0001:000291eb       __ltoa                     1002a1eb f   LIBC:xtoa.obj
 0001:00029215       __ultoa                    1002a215 f   LIBC:xtoa.obj
 0001:00029230       __i64toa                   1002a230 f   LIBC:xtoa.obj
 0001:000292e7       __ui64toa                  1002a2e7 f   LIBC:xtoa.obj
 0001:00029310       _strncat                   1002a310 f   LIBC:strncat.obj
 0001:00029433       ?_set_new_handler@@YAP6AHI@ZP6AHI@Z@Z 1002a433 f   LIBC:handler.obj
 0001:00029443       ?_query_new_handler@@YAP6AHI@ZXZ 1002a443 f   LIBC:handler.obj
 0001:00029449       __callnewh                 1002a449 f   LIBC:handler.obj
 0001:00029464       ___crtLCMapStringA         1002a464 f   LIBC:a_map.obj
 0001:000296b3       ___crtGetStringTypeA       1002a6b3 f   LIBC:a_str.obj
 0001:000297fc       ___tzset                   1002a7fc f   LIBC:tzset.obj
 0001:00029811       __tzset                    1002a811 f   LIBC:tzset.obj
 0001:00029a6f       __isindst                  1002aa6f f   LIBC:tzset.obj
 0001:00029d5b       _gmtime                    1002ad5b f   LIBC:gmtime.obj
 0001:00029e54       ___loctotime_t             1002ae54 f   LIBC:dtoxtime.obj
 0001:00029f20       __aulldiv                  1002af20 f   LIBC:ulldiv.obj
 0001:00029f88       __ioinit                   1002af88 f   LIBC:ioinit.obj
 0001:0002a133       __ioterm                   1002b133 f   LIBC:ioinit.obj
 0001:0002a156       __setenvp                  1002b156 f   LIBC:stdenvp.obj
 0001:0002a20f       __setargv                  1002b20f f   LIBC:stdargv.obj
 0001:0002a45c       ___crtGetEnvironmentStringsA 1002b45c f   LIBC:a_env.obj
 0001:0002a58e       __FF_MSGBANNER             1002b58e f   LIBC:crt0msg.obj
 0001:0002a5c7       __NMSG_WRITE               1002b5c7 f   LIBC:crt0msg.obj
 0001:0002a71a       __GET_RTERRMSG             1002b71a f   LIBC:crt0msg.obj
 0001:0002a74b       __lseek                    1002b74b f   LIBC:lseek.obj
 0001:0002a7e5       __write                    1002b7e5 f   LIBC:write.obj
 0001:0002a992       __getbuf                   1002b992 f   LIBC:_getbuf.obj
 0001:0002a9d6       __isatty                   1002b9d6 f   LIBC:isatty.obj
 0001:0002a9fc       _wctomb                    1002b9fc f   LIBC:wctomb.obj
 0001:0002aa70       __aullrem                  1002ba70 f   LIBC:ullrem.obj
 0001:0002aae5       ?__CxxUnhandledExceptionFilter@@YGJPAU_EXCEPTION_POINTERS@@@Z 1002bae5 f   LIBC:unhandld.obj
 0001:0002ab2b       ?__CxxSetUnhandledExceptionFilter@@YAXXZ 1002bb2b f   LIBC:unhandld.obj
 0001:0002ab3c       ?__CxxRestoreUnhandledExceptionFilter@@YAXXZ 1002bb3c f   LIBC:unhandld.obj
 0001:0002ab49       ?_ValidateRead@@YAHPBXI@Z  1002bb49 f   LIBC:validate.obj
 0001:0002ab65       ?_ValidateWrite@@YAHPAXI@Z 1002bb65 f   LIBC:validate.obj
 0001:0002ab81       ?_ValidateExecute@@YAHP6GHXZ@Z 1002bb81 f   LIBC:validate.obj
 0001:0002ab99       __dosmaperr                1002bb99 f   LIBC:dosmap.obj
 0001:0002ac00       __alloc_osfhnd             1002bc00 f   LIBC:osfinfo.obj
 0001:0002ac95       __set_osfhnd               1002bc95 f   LIBC:osfinfo.obj
 0001:0002ad0c       __free_osfhnd              1002bd0c f   LIBC:osfinfo.obj
 0001:0002ad86       __get_osfhandle            1002bd86 f   LIBC:osfinfo.obj
 0001:0002adc3       __open_osfhandle           1002bdc3 f   LIBC:osfinfo.obj
 0001:0002ae60       __commit                   1002be60 f   LIBC:commit.obj
 0001:0002aeb7       __open                     1002beb7 f   LIBC:open.obj
 0001:0002aece       __sopen                    1002bece f   LIBC:open.obj
 0001:0002b187       _mbtowc                    1002c187 f   LIBC:mbtowc.obj
 0001:0002b24f       _isalpha                   1002c24f f   LIBC:_ctype.obj
 0001:0002b27d       _isupper                   1002c27d f   LIBC:_ctype.obj
 0001:0002b2a5       _islower                   1002c2a5 f   LIBC:_ctype.obj
 0001:0002b2cd       _isdigit                   1002c2cd f   LIBC:_ctype.obj
 0001:0002b2f5       _isxdigit                  1002c2f5 f   LIBC:_ctype.obj
 0001:0002b322       _isspace                   1002c322 f   LIBC:_ctype.obj
 0001:0002b34a       _ispunct                   1002c34a f   LIBC:_ctype.obj
 0001:0002b372       _isalnum                   1002c372 f   LIBC:_ctype.obj
 0001:0002b3a0       _isprint                   1002c3a0 f   LIBC:_ctype.obj
 0001:0002b3ce       _isgraph                   1002c3ce f   LIBC:_ctype.obj
 0001:0002b3fc       _iscntrl                   1002c3fc f   LIBC:_ctype.obj
 0001:0002b424       ___isascii                 1002c424 f   LIBC:_ctype.obj
 0001:0002b431       ___toascii                 1002c431 f   LIBC:_ctype.obj
 0001:0002b439       ___iscsymf                 1002c439 f   LIBC:_ctype.obj
 0001:0002b476       ___iscsym                  1002c476 f   LIBC:_ctype.obj
 0001:0002b4c0       __allshl                   1002c4c0 f   LIBC:llshl.obj
 0001:0002b4df       __filbuf                   1002c4df f   LIBC:_filbuf.obj
 0001:0002b5b8       _ungetc                    1002c5b8 f   LIBC:ungetc.obj
 0001:0002b626       _calloc                    1002c626 f   LIBC:calloc.obj
 0001:0002b6a3       __fcloseall                1002c6a3 f   LIBC:closeall.obj
 0001:0002b6fb       __XcptFilter               1002c6fb f   LIBC:winxfltr.obj
 0001:0002b87f       _getenv                    1002c87f f   LIBC:getenv.obj
 0001:0002b8fc       __setmbcp                  1002c8fc f   LIBC:mbctype.obj
 0001:0002bcc0       __getmbcp                  1002ccc0 f   LIBC:mbctype.obj
 0001:0002bcd0       ___initmbctable            1002ccd0 f   LIBC:mbctype.obj
 0001:0002bcec       __fptrap                   1002ccec f   LIBC:crt0fp.obj
 0001:0002bcf5       __chsize                   1002ccf5 f   LIBC:chsize.obj
 0001:0002be3b       __read                     1002ce3b f   LIBC:read.obj
 0001:0002c031       __mbsnbicoll               1002d031 f   LIBC:mbsnbico.obj
 0001:0002c070       ___wtomb_environ           1002d070 f   LIBC:wtombenv.obj
 0001:0002c0de       __setmode                  1002d0de f   LIBC:setmode.obj
 0001:0002c154       ___crtCompareStringA       1002d154 f   LIBC:a_cmp.obj
 0001:0002c3fc       ___crtsetenv               1002d3fc f   LIBC:setenv.obj
 0001:0002c642       __mbschr                   1002d642 f   LIBC:mbschr.obj
 0001:0002c6b5       __strdup                   1002d6b5 f   LIBC:strdup.obj
 0001:0002c6e0       _inet_addr@4               1002d6e0 f   wsock32:WSOCK32.dll
 0001:0002c6e6       _closesocket@4             1002d6e6 f   wsock32:WSOCK32.dll
 0001:0002c6ec       _connect@12                1002d6ec f   wsock32:WSOCK32.dll
 0001:0002c6f2       _setsockopt@20             1002d6f2 f   wsock32:WSOCK32.dll
 0001:0002c6f8       _socket@12                 1002d6f8 f   wsock32:WSOCK32.dll
 0001:0002c6fe       _htons@4                   1002d6fe f   wsock32:WSOCK32.dll
 0001:0002c704       _gethostbyname@4           1002d704 f   wsock32:WSOCK32.dll
 0001:0002c70a       _shutdown@8                1002d70a f   wsock32:WSOCK32.dll
 0001:0002c710       _send@16                   1002d710 f   wsock32:WSOCK32.dll
 0001:0002c716       ___WSAFDIsSet@8            1002d716 f   wsock32:WSOCK32.dll
 0001:0002c71c       _select@20                 1002d71c f   wsock32:WSOCK32.dll
 0001:0002c722       _WSAGetLastError@0         1002d722 f   wsock32:WSOCK32.dll
 0001:0002c728       _recv@16                   1002d728 f   wsock32:WSOCK32.dll
 0001:0002c72e       _WSAStartup@8              1002d72e f   wsock32:WSOCK32.dll
 0001:0002c734       _WSACleanup@0              1002d734 f   wsock32:WSOCK32.dll
 0001:0002c73a       _ioctlsocket@12            1002d73a f   wsock32:WSOCK32.dll
 0001:0002c740       _RtlUnwind@16              1002d740 f   kernel32:KERNEL32.dll
 0001:0002c746       _HeapFree@12               1002d746 f   kernel32:KERNEL32.dll
 0001:0002c74c       _GetModuleFileNameA@12     1002d74c f   kernel32:KERNEL32.dll
 0001:0002c752       _HeapAlloc@12              1002d752 f   kernel32:KERNEL32.dll
 0001:0002c758       _HeapReAlloc@16            1002d758 f   kernel32:KERNEL32.dll
 0001:0002c75e       _GetTimeZoneInformation@4  1002d75e f   kernel32:KERNEL32.dll
 0001:0002c764       _GetSystemTime@4           1002d764 f   kernel32:KERNEL32.dll
 0001:0002c76a       _GetLocalTime@4            1002d76a f   kernel32:KERNEL32.dll
 0001:0002c770       _GetSystemTimeAsFileTime@4 1002d770 f   kernel32:KERNEL32.dll
 0001:0002c776       _GetCommandLineA@0         1002d776 f   kernel32:KERNEL32.dll
 0001:0002c77c       _GetVersion@0              1002d77c f   kernel32:KERNEL32.dll
 0001:0002c782       _ExitProcess@4             1002d782 f   kernel32:KERNEL32.dll
 0001:0002c788       _TerminateProcess@8        1002d788 f   kernel32:KERNEL32.dll
 0001:0002c78e       _GetCurrentProcess@0       1002d78e f   kernel32:KERNEL32.dll
 0001:0002c794       _HeapSize@12               1002d794 f   kernel32:KERNEL32.dll
 0001:0002c79a       _GetLastError@0            1002d79a f   kernel32:KERNEL32.dll
 0001:0002c7a0       _CloseHandle@4             1002d7a0 f   kernel32:KERNEL32.dll
 0001:0002c7a6       _HeapDestroy@4             1002d7a6 f   kernel32:KERNEL32.dll
 0001:0002c7ac       _HeapCreate@12             1002d7ac f   kernel32:KERNEL32.dll
 0001:0002c7b2       _VirtualFree@12            1002d7b2 f   kernel32:KERNEL32.dll
 0001:0002c7b8       _VirtualAlloc@16           1002d7b8 f   kernel32:KERNEL32.dll
 0001:0002c7be       _IsBadWritePtr@8           1002d7be f   kernel32:KERNEL32.dll
 0001:0002c7c4       _SetConsoleCtrlHandler@8   1002d7c4 f   kernel32:KERNEL32.dll
 0001:0002c7ca       _GetProcAddress@8          1002d7ca f   kernel32:KERNEL32.dll
 0001:0002c7d0       _LoadLibraryA@4            1002d7d0 f   kernel32:KERNEL32.dll
 0001:0002c7d6       _WideCharToMultiByte@32    1002d7d6 f   kernel32:KERNEL32.dll
 0001:0002c7dc       _MultiByteToWideChar@24    1002d7dc f   kernel32:KERNEL32.dll
 0001:0002c7e2       _LCMapStringA@24           1002d7e2 f   kernel32:KERNEL32.dll
 0001:0002c7e8       _LCMapStringW@24           1002d7e8 f   kernel32:KERNEL32.dll
 0001:0002c7ee       _GetStringTypeA@20         1002d7ee f   kernel32:KERNEL32.dll
 0001:0002c7f4       _GetStringTypeW@16         1002d7f4 f   kernel32:KERNEL32.dll
 0001:0002c7fa       _SetHandleCount@4          1002d7fa f   kernel32:KERNEL32.dll
 0001:0002c800       _GetStdHandle@4            1002d800 f   kernel32:KERNEL32.dll
 0001:0002c806       _GetFileType@4             1002d806 f   kernel32:KERNEL32.dll
 0001:0002c80c       _GetStartupInfoA@4         1002d80c f   kernel32:KERNEL32.dll
 0001:0002c812       _FreeEnvironmentStringsA@4 1002d812 f   kernel32:KERNEL32.dll
 0001:0002c818       _FreeEnvironmentStringsW@4 1002d818 f   kernel32:KERNEL32.dll
 0001:0002c81e       _GetEnvironmentStrings@0   1002d81e f   kernel32:KERNEL32.dll
 0001:0002c824       _GetEnvironmentStringsW@0  1002d824 f   kernel32:KERNEL32.dll
 0001:0002c82a       _WriteFile@20              1002d82a f   kernel32:KERNEL32.dll
 0001:0002c830       _SetFilePointer@16         1002d830 f   kernel32:KERNEL32.dll
 0001:0002c836       _SetUnhandledExceptionFilter@4 1002d836 f   kernel32:KERNEL32.dll
 0001:0002c83c       _IsBadReadPtr@8            1002d83c f   kernel32:KERNEL32.dll
 0001:0002c842       _IsBadCodePtr@4            1002d842 f   kernel32:KERNEL32.dll
 0001:0002c848       _SetStdHandle@8            1002d848 f   kernel32:KERNEL32.dll
 0001:0002c84e       _FlushFileBuffers@4        1002d84e f   kernel32:KERNEL32.dll
 0001:0002c854       _CreateFileA@28            1002d854 f   kernel32:KERNEL32.dll
 0001:0002c85a       _UnhandledExceptionFilter@4 1002d85a f   kernel32:KERNEL32.dll
 0001:0002c860       _GetCPInfo@8               1002d860 f   kernel32:KERNEL32.dll
 0001:0002c866       _GetACP@0                  1002d866 f   kernel32:KERNEL32.dll
 0001:0002c86c       _GetOEMCP@0                1002d86c f   kernel32:KERNEL32.dll
 0001:0002c872       _SetEndOfFile@4            1002d872 f   kernel32:KERNEL32.dll
 0001:0002c878       _ReadFile@20               1002d878 f   kernel32:KERNEL32.dll
 0001:0002c87e       _CompareStringA@24         1002d87e f   kernel32:KERNEL32.dll
 0001:0002c884       _CompareStringW@24         1002d884 f   kernel32:KERNEL32.dll
 0001:0002c88a       _SetEnvironmentVariableA@8 1002d88a f   kernel32:KERNEL32.dll
 0002:00000000       __imp__RegCloseKey@4       1002e000     advapi32:ADVAPI32.dll
 0002:00000004       __imp__RegCreateKeyExA@36  1002e004     advapi32:ADVAPI32.dll
 0002:00000008       __imp__RegQueryValueExA@24 1002e008     advapi32:ADVAPI32.dll
 0002:0000000c       __imp__RegOpenKeyExA@20    1002e00c     advapi32:ADVAPI32.dll
 0002:00000010       __imp__RegSetValueExA@24   1002e010     advapi32:ADVAPI32.dll
 0002:00000014       \177ADVAPI32_NULL_THUNK_DATA 1002e014     advapi32:ADVAPI32.dll
 0002:00000018       __imp__GetCPInfo@8         1002e018     kernel32:KERNEL32.dll
 0002:0000001c       __imp__UnhandledExceptionFilter@4 1002e01c     kernel32:KERNEL32.dll
 0002:00000020       __imp__CreateFileA@28      1002e020     kernel32:KERNEL32.dll
 0002:00000024       __imp__FlushFileBuffers@4  1002e024     kernel32:KERNEL32.dll
 0002:00000028       __imp__SetStdHandle@8      1002e028     kernel32:KERNEL32.dll
 0002:0000002c       __imp__IsBadCodePtr@4      1002e02c     kernel32:KERNEL32.dll
 0002:00000030       __imp__IsBadReadPtr@8      1002e030     kernel32:KERNEL32.dll
 0002:00000034       __imp__SetUnhandledExceptionFilter@4 1002e034     kernel32:KERNEL32.dll
 0002:00000038       __imp__SetFilePointer@16   1002e038     kernel32:KERNEL32.dll
 0002:0000003c       __imp__WriteFile@20        1002e03c     kernel32:KERNEL32.dll
 0002:00000040       __imp__GetEnvironmentStringsW@0 1002e040     kernel32:KERNEL32.dll
 0002:00000044       __imp__GetEnvironmentStrings@0 1002e044     kernel32:KERNEL32.dll
 0002:00000048       __imp__FreeEnvironmentStringsW@4 1002e048     kernel32:KERNEL32.dll
 0002:0000004c       __imp__FreeEnvironmentStringsA@4 1002e04c     kernel32:KERNEL32.dll
 0002:00000050       __imp__GetStartupInfoA@4   1002e050     kernel32:KERNEL32.dll
 0002:00000054       __imp__GetFileType@4       1002e054     kernel32:KERNEL32.dll
 0002:00000058       __imp__GetStdHandle@4      1002e058     kernel32:KERNEL32.dll
 0002:0000005c       __imp__SetHandleCount@4    1002e05c     kernel32:KERNEL32.dll
 0002:00000060       __imp__GetStringTypeW@16   1002e060     kernel32:KERNEL32.dll
 0002:00000064       __imp__GetStringTypeA@20   1002e064     kernel32:KERNEL32.dll
 0002:00000068       __imp__LCMapStringW@24     1002e068     kernel32:KERNEL32.dll
 0002:0000006c       __imp__LCMapStringA@24     1002e06c     kernel32:KERNEL32.dll
 0002:00000070       __imp__MultiByteToWideChar@24 1002e070     kernel32:KERNEL32.dll
 0002:00000074       __imp__WideCharToMultiByte@32 1002e074     kernel32:KERNEL32.dll
 0002:00000078       __imp__GetACP@0            1002e078     kernel32:KERNEL32.dll
 0002:0000007c       __imp__GetProcAddress@8    1002e07c     kernel32:KERNEL32.dll
 0002:00000080       __imp__SetConsoleCtrlHandler@8 1002e080     kernel32:KERNEL32.dll
 0002:00000084       __imp__IsBadWritePtr@8     1002e084     kernel32:KERNEL32.dll
 0002:00000088       __imp__VirtualAlloc@16     1002e088     kernel32:KERNEL32.dll
 0002:0000008c       __imp__VirtualFree@12      1002e08c     kernel32:KERNEL32.dll
 0002:00000090       __imp__HeapCreate@12       1002e090     kernel32:KERNEL32.dll
 0002:00000094       __imp__HeapDestroy@4       1002e094     kernel32:KERNEL32.dll
 0002:00000098       __imp__CloseHandle@4       1002e098     kernel32:KERNEL32.dll
 0002:0000009c       __imp__GetLastError@0      1002e09c     kernel32:KERNEL32.dll
 0002:000000a0       __imp__HeapSize@12         1002e0a0     kernel32:KERNEL32.dll
 0002:000000a4       __imp__GetCurrentProcess@0 1002e0a4     kernel32:KERNEL32.dll
 0002:000000a8       __imp__TerminateProcess@8  1002e0a8     kernel32:KERNEL32.dll
 0002:000000ac       __imp__ExitProcess@4       1002e0ac     kernel32:KERNEL32.dll
 0002:000000b0       __imp__GetVersion@0        1002e0b0     kernel32:KERNEL32.dll
 0002:000000b4       __imp__GetCommandLineA@0   1002e0b4     kernel32:KERNEL32.dll
 0002:000000b8       __imp__GetSystemTimeAsFileTime@4 1002e0b8     kernel32:KERNEL32.dll
 0002:000000bc       __imp__GetLocalTime@4      1002e0bc     kernel32:KERNEL32.dll
 0002:000000c0       __imp__GetSystemTime@4     1002e0c0     kernel32:KERNEL32.dll
 0002:000000c4       __imp__GetTimeZoneInformation@4 1002e0c4     kernel32:KERNEL32.dll
 0002:000000c8       __imp__HeapReAlloc@16      1002e0c8     kernel32:KERNEL32.dll
 0002:000000cc       __imp__HeapAlloc@12        1002e0cc     kernel32:KERNEL32.dll
 0002:000000d0       __imp__GetModuleFileNameA@12 1002e0d0     kernel32:KERNEL32.dll
 0002:000000d4       __imp__HeapFree@12         1002e0d4     kernel32:KERNEL32.dll
 0002:000000d8       __imp__RtlUnwind@16        1002e0d8     kernel32:KERNEL32.dll
 0002:000000dc       __imp__GetOEMCP@0          1002e0dc     kernel32:KERNEL32.dll
 0002:000000e0       __imp__SetEndOfFile@4      1002e0e0     kernel32:KERNEL32.dll
 0002:000000e4       __imp__ReadFile@20         1002e0e4     kernel32:KERNEL32.dll
 0002:000000e8       __imp__CompareStringA@24   1002e0e8     kernel32:KERNEL32.dll
 0002:000000ec       __imp__LoadLibraryA@4      1002e0ec     kernel32:KERNEL32.dll
 0002:000000f0       __imp__SetEnvironmentVariableA@8 1002e0f0     kernel32:KERNEL32.dll
 0002:000000f4       __imp__QueryPerformanceCounter@4 1002e0f4     kernel32:KERNEL32.dll
 0002:000000f8       __imp__Sleep@4             1002e0f8     kernel32:KERNEL32.dll
 0002:000000fc       __imp__CreateProcessA@40   1002e0fc     kernel32:KERNEL32.dll
 0002:00000100       __imp__GetTickCount@0      1002e100     kernel32:KERNEL32.dll
 0002:00000104       __imp__CompareStringW@24   1002e104     kernel32:KERNEL32.dll
 0002:00000108       \177KERNEL32_NULL_THUNK_DATA 1002e108     kernel32:KERNEL32.dll
 0002:0000010c       __imp__ioctlsocket@12      1002e10c     wsock32:WSOCK32.dll
 0002:00000110       __imp__WSACleanup@0        1002e110     wsock32:WSOCK32.dll
 0002:00000114       __imp__WSAStartup@8        1002e114     wsock32:WSOCK32.dll
 0002:00000118       __imp__recv@16             1002e118     wsock32:WSOCK32.dll
 0002:0000011c       __imp__WSAGetLastError@0   1002e11c     wsock32:WSOCK32.dll
 0002:00000120       __imp__select@20           1002e120     wsock32:WSOCK32.dll
 0002:00000124       __imp____WSAFDIsSet@8      1002e124     wsock32:WSOCK32.dll
 0002:00000128       __imp__send@16             1002e128     wsock32:WSOCK32.dll
 0002:0000012c       __imp__shutdown@8          1002e12c     wsock32:WSOCK32.dll
 0002:00000130       __imp__gethostbyname@4     1002e130     wsock32:WSOCK32.dll
 0002:00000134       __imp__htons@4             1002e134     wsock32:WSOCK32.dll
 0002:00000138       __imp__socket@12           1002e138     wsock32:WSOCK32.dll
 0002:0000013c       __imp__setsockopt@20       1002e13c     wsock32:WSOCK32.dll
 0002:00000140       __imp__connect@12          1002e140     wsock32:WSOCK32.dll
 0002:00000144       __imp__closesocket@4       1002e144     wsock32:WSOCK32.dll
 0002:00000148       __imp__inet_addr@4         1002e148     wsock32:WSOCK32.dll
 0002:0000014c       \177WSOCK32_NULL_THUNK_DATA 1002e14c     wsock32:WSOCK32.dll
 0002:00000150       __imp_??1SQPicture@@QAE@XZ 1002e150     dmcr:dmcr.exe
 0002:00000154       __imp_?FlipPages@@YAXXZ    1002e154     dmcr:dmcr.exe
 0002:00000158       __imp_?Draw@SQPicture@@QAEXHH@Z 1002e158     dmcr:dmcr.exe
 0002:0000015c       __imp_?ExplorerGetVar@@YAPADHPAD@Z 1002e15c     dmcr:dmcr.exe
 0002:00000160       __imp_??0SQPicture@@QAE@PAD@Z 1002e160     dmcr:dmcr.exe
 0002:00000164       __imp_?SlowLoadPalette@@YAXPBD@Z 1002e164     dmcr:dmcr.exe
 0002:00000168       __imp_?ExplorerSetVar@@YAXHPAD0@Z 1002e168     dmcr:dmcr.exe
 0002:0000016c       __imp_?ClearGChat@@YAXXZ   1002e16c     dmcr:dmcr.exe
 0002:00000170       __imp_?Gclose@@YAXPAVGFILE@@@Z 1002e170     dmcr:dmcr.exe
 0002:00000174       __imp_?Gopen@@YAPAVGFILE@@PAD0@Z 1002e174     dmcr:dmcr.exe
 0002:00000178       __imp_?CheckUsingAI@@YA_NXZ 1002e178     dmcr:dmcr.exe
 0002:0000017c       __imp_?RSeek@@YAKPAXH@Z    1002e17c     dmcr:dmcr.exe
 0002:00000180       __imp_??0DialogsSystem@@QAE@XZ 1002e180     dmcr:dmcr.exe
 0002:00000184       __imp_?LobbyVersion@@3PADA 1002e184     dmcr:dmcr.exe
 0002:00000188       __imp_?dwVersion@@3GA      1002e188     dmcr:dmcr.exe
 0002:0000018c       __imp_?ExplorerBack@@YAXH@Z 1002e18c     dmcr:dmcr.exe
 0002:00000190       __imp_?ExplorerRefresh@@YAXH@Z 1002e190     dmcr:dmcr.exe
 0002:00000194       __imp_?LoadPicture@SQPicture@@QAEXPAD@Z 1002e194     dmcr:dmcr.exe
 0002:00000198       __imp_?ExplorerResize@@YAXHHHHH@Z 1002e198     dmcr:dmcr.exe
 0002:0000019c       __imp_?SetRoomOptions@@YAXPAD@Z 1002e19c     dmcr:dmcr.exe
 0002:000001a0       __imp_?GPS@@3VGP_System@@A 1002e1a0     dmcr:dmcr.exe
 0002:000001a4       __imp_?PreLoadGPImage@GP_System@@QAEHPAD@Z 1002e1a4     dmcr:dmcr.exe
 0002:000001a8       __imp_?LoadGP@GP_System@@QAE_NH@Z 1002e1a8     dmcr:dmcr.exe
 0002:000001ac       __imp_?GetGPWidth@GP_System@@QAEHHH@Z 1002e1ac     dmcr:dmcr.exe
 0002:000001b0       __imp_?addPicture@DialogsSystem@@QAEPAVPicture@@PAVSimpleDialog@@HHPAVSQPicture@@11@Z 1002e1b0     dmcr:dmcr.exe
 0002:000001b4       __imp_?SmallWhiteFont@@3VRLCFont@@A 1002e1b4     dmcr:dmcr.exe
 0002:000001b8       __imp_?addChatViewer@DialogsSystem@@QAEPAVChatViewer@@PAVSimpleDialog@@HHHHHPAPAPAD1PAH@Z 1002e1b8     dmcr:dmcr.exe
 0002:000001bc       __imp_?addNewGP_VScrollBar@DialogsSystem@@QAEPAVVScrollBar@@PAVSimpleDialog@@HHHHHHH@Z 1002e1bc     dmcr:dmcr.exe
 0002:000001c0       __imp_?addComplexBox@DialogsSystem@@QAEPAVComplexBox@@HHHHP6AXHHHHHEH@ZHH@Z 1002e1c0     dmcr:dmcr.exe
 0002:000001c4       __imp_?addGP_Button@DialogsSystem@@QAEPAVGP_Button@@PAVSimpleDialog@@HHHHH@Z 1002e1c4     dmcr:dmcr.exe
 0002:000001c8       __imp_?RReset@@YAPAXPBD@Z  1002e1c8     dmcr:dmcr.exe
 0002:000001cc       __imp_?RFileSize@@YAKPAX@Z 1002e1cc     dmcr:dmcr.exe
 0002:000001d0       __imp_?RBlockRead@@YAKPAX0K@Z 1002e1d0     dmcr:dmcr.exe
 0002:000001d4       __imp_?RunExplorer@@YAXHPADHHHH@Z 1002e1d4     dmcr:dmcr.exe
 0002:000001d8       __imp_?ExplorerOpenRef@@YAXHPAD@Z 1002e1d8     dmcr:dmcr.exe
 0002:000001dc       __imp_?RClose@@YAXPAX@Z    1002e1dc     dmcr:dmcr.exe
 0002:000001e0       __imp_?SetCurPtr@@YAXH@Z   1002e1e0     dmcr:dmcr.exe
 0002:000001e4       __imp_?CurPalette@@3HA     1002e1e4     dmcr:dmcr.exe
 0002:000001e8       __imp_?ProcessExplorerDSS@@YAXHPAVDialogsSystem@@@Z 1002e1e8     dmcr:dmcr.exe
 0002:000001ec       __imp_?LoadPalette@@YAXPBD@Z 1002e1ec     dmcr:dmcr.exe
 0002:000001f0       __imp_?CheckGSC_Login@@YA_NXZ 1002e1f0     dmcr:dmcr.exe
 0002:000001f4       __imp_?ShowGP@GP_System@@QAEXHHHHE@Z 1002e1f4     dmcr:dmcr.exe
 0002:000001f8       __imp_?GetRLCHeight@@YAHPAUxRLCTable@@E@Z 1002e1f8     dmcr:dmcr.exe
 0002:000001fc       __imp_?RealLx@@3HA         1002e1fc     dmcr:dmcr.exe
 0002:00000200       __imp_?RealLy@@3HA         1002e200     dmcr:dmcr.exe
 0002:00000204       __imp_??0LocalGP@@QAE@PAD@Z 1002e204     dmcr:dmcr.exe
 0002:00000208       __imp_?DarkScreen@@YAXXZ   1002e208     dmcr:dmcr.exe
 0002:0000020c       __imp_??0DialogsSystem@@QAE@HH@Z 1002e20c     dmcr:dmcr.exe
 0002:00000210       __imp_?addBPXView@DialogsSystem@@QAEPAVBPXView@@PAVSimpleDialog@@HHHHHHHPAEPAVVScrollBar@@@Z 1002e210     dmcr:dmcr.exe
 0002:00000214       __imp_?addCustomBorder@DialogsSystem@@QAEPAVCustomBorder@@HHHHHPAH0HH@Z 1002e214     dmcr:dmcr.exe
 0002:00000218       __imp_?addGPPicture@DialogsSystem@@QAEPAVGPPicture@@PAVSimpleDialog@@HHHH@Z 1002e218     dmcr:dmcr.exe
 0002:0000021c       __imp_?BlackFont@@3VRLCFont@@A 1002e21c     dmcr:dmcr.exe
 0002:00000220       __imp_?addGP_TextButton@DialogsSystem@@QAEPAVGP_TextButton@@PAVSimpleDialog@@HHPADHHPAVRLCFont@@2@Z 1002e220     dmcr:dmcr.exe
 0002:00000224       __imp_?MMItemChoose@@YA_NPAVSimpleDialog@@@Z 1002e224     dmcr:dmcr.exe
 0002:00000228       __imp_?addInputBox@DialogsSystem@@QAEPAVInputBox@@PAVSimpleDialog@@HHPADHHHPAVRLCFont@@2@Z 1002e228     dmcr:dmcr.exe
 0002:0000022c       __imp_?addTextButton@DialogsSystem@@QAEPAVTextButton@@PAVSimpleDialog@@HHPADPAVRLCFont@@22E@Z 1002e22c     dmcr:dmcr.exe
 0002:00000230       __imp_?addColoredBar@DialogsSystem@@QAEPAVColoredBar@@HHHHE@Z 1002e230     dmcr:dmcr.exe
 0002:00000234       __imp_?ItemChoose@@3HA     1002e234     dmcr:dmcr.exe
 0002:00000238       __imp_?LastKey@@3HA        1002e238     dmcr:dmcr.exe
 0002:0000023c       __imp_?KeyPressed@@3_NA    1002e23c     dmcr:dmcr.exe
 0002:00000240       __imp_?StdKeys@@YAXXZ      1002e240     dmcr:dmcr.exe
 0002:00000244       __imp_?MarkToDraw@DialogsSystem@@QAEXXZ 1002e244     dmcr:dmcr.exe
 0002:00000248       __imp_?ProcessDialogs@DialogsSystem@@QAEXXZ 1002e248     dmcr:dmcr.exe
 0002:0000024c       __imp_?RefreshView@DialogsSystem@@QAEXXZ 1002e24c     dmcr:dmcr.exe
 0002:00000250       __imp_?EnumPlr@@YA_NXZ     1002e250     dmcr:dmcr.exe
 0002:00000254       __imp_?SendPings@@YAXXZ    1002e254     dmcr:dmcr.exe
 0002:00000258       __imp_?GameInProgress@@3_NA 1002e258     dmcr:dmcr.exe
 0002:0000025c       __imp_??1DialogsSystem@@QAE@XZ 1002e25c     dmcr:dmcr.exe
 0002:00000260       __imp_??1LocalGP@@QAE@XZ   1002e260     dmcr:dmcr.exe
 0002:00000264       __imp_?ScreenPtr@@3PAXA    1002e264     dmcr:dmcr.exe
 0002:00000268       __imp_?LASTCLICKCHATNAME@@3PADA 1002e268     dmcr:dmcr.exe
 0002:0000026c       __imp_?DrawStdBar2@@YAXHHHHH@Z 1002e26c     dmcr:dmcr.exe
 0002:00000270       __imp_?GetPaletteColor@@YAEHHH@Z 1002e270     dmcr:dmcr.exe
 0002:00000274       __imp_?WhiteFont@@3VRLCFont@@A 1002e274     dmcr:dmcr.exe
 0002:00000278       __imp_?YellowFont@@3VRLCFont@@A 1002e278     dmcr:dmcr.exe
 0002:0000027c       __imp_?ShowClanString@@YAXHHPADEPAVRLCFont@@1H@Z 1002e27c     dmcr:dmcr.exe
 0002:00000280       __imp_?ShowString@@YAXHHPBDPAVRLCFont@@@Z 1002e280     dmcr:dmcr.exe
 0002:00000284       __imp_?xLine@@YAXHHHHE@Z   1002e284     dmcr:dmcr.exe
 0002:00000288       __imp_?RedFont@@3VRLCFont@@A 1002e288     dmcr:dmcr.exe
 0002:0000028c       __imp_?ScrWidth@@3HA       1002e28c     dmcr:dmcr.exe
 0002:00000290       __imp_?WindLx@@3HA         1002e290     dmcr:dmcr.exe
 0002:00000294       __imp_?WindLy@@3HA         1002e294     dmcr:dmcr.exe
 0002:00000298       __imp_?WindX@@3HA          1002e298     dmcr:dmcr.exe
 0002:0000029c       __imp_?WindX1@@3HA         1002e29c     dmcr:dmcr.exe
 0002:000002a0       __imp_?WindY@@3HA          1002e2a0     dmcr:dmcr.exe
 0002:000002a4       __imp_?WindY1@@3HA         1002e2a4     dmcr:dmcr.exe
 0002:000002a8       __imp_?GetRLCStrWidth@@YAHPADPAVRLCFont@@@Z 1002e2a8     dmcr:dmcr.exe
 0002:000002ac       __imp_?Ggetch@@YAHPAVGFILE@@@Z 1002e2ac     dmcr:dmcr.exe
 0002:000002b0       __imp_?GetSound@@YAHPAD@Z  1002e2b0     dmcr:dmcr.exe
 0002:000002b4       __imp_?PlayEffect@@YAXHHH@Z 1002e2b4     dmcr:dmcr.exe
 0002:000002b8       __imp_?ProcessMessages@@YA_NXZ 1002e2b8     dmcr:dmcr.exe
 0002:000002bc       __imp_?_ExFree@@YAXPAX@Z   1002e2bc     dmcr:dmcr.exe
 0002:000002c0       __imp_?_ExMalloc@@YAPAXH@Z 1002e2c0     dmcr:dmcr.exe
 0002:000002c4       __imp_?GetTextByID@@YAPADPAD@Z 1002e2c4     dmcr:dmcr.exe
 0002:000002c8       __imp_?AddToGChat@@YAXPAD0@Z 1002e2c8     dmcr:dmcr.exe
 0002:000002cc       __imp_?LoadFog@@YAXH@Z     1002e2cc     dmcr:dmcr.exe
 0002:000002d0       __imp_?_ExRealloc@@YAPAXPAXH@Z 1002e2d0     dmcr:dmcr.exe
 0002:000002d4       \177dmcr_NULL_THUNK_DATA   1002e2d4     dmcr:dmcr.exe
 0002:000002fc       ??_C@_00A@?$AA@            1002e2fc     cs_chat.obj
 0002:00000300       ??_C@_05GMDE@?$CFs?$CFs?3?$AA@ 1002e300     cs_chat.obj
 0002:00000308       ??_C@_06BKCI@ONLYOU?$AA@   1002e308     cs_chat.obj
 0002:00000310       ??_C@_03IKMP@?$EA?$EA?$EA?$AA@ 1002e310     cs_chat.obj
 0002:00000314       ??_C@_0BD@BPMH@?$EA?$EA?$EANFO?5?2$flags$?2g?2?$AA@ 1002e314     cs_chat.obj
 0002:00000328       ??_C@_03ECLM@?$HL6?$HN?$AA@ 1002e328     cs_chat.obj
 0002:0000032c       ??_C@_03NPKP@?$HL5?$CJ?$AA@ 1002e32c     cs_chat.obj
 0002:00000330       ??_C@_03GPOJ@?$HL4?$HN?$AA@ 1002e330     cs_chat.obj
 0002:00000334       ??_C@_03KIFA@?$HL3?$CJ?$AA@ 1002e334     cs_chat.obj
 0002:00000338       ??_C@_03OLM@?$HL3?$HN?$AA@ 1002e338     cs_chat.obj
 0002:0000033c       ??_C@_03LOPK@?$HL2?$CJ?$AA@ 1002e33c     cs_chat.obj
 0002:00000340       ??_C@_03BIBG@?$HL2?$HN?$AA@ 1002e340     cs_chat.obj
 0002:00000344       ??_C@_03CDOJ@?$HL1?$HN?$AA@ 1002e344     cs_chat.obj
 0002:00000348       ??_C@_01FCOA@?5?$AA@       1002e348     cs_chat.obj
 0002:0000034c       ??_C@_0M@KHHO@?$EA?$EA?$EAADDABPL?5?$AA@ 1002e34c     cs_chat.obj
 0002:00000358       ??_C@_0BF@DOFB@?$CDGSP?$CBcossacks?$CBA2V001?$AA@ 1002e358     cs_chat.obj
 0002:00000370       ??_C@_0O@GHII@?$CDGSP?$CBcossacks?$AA@ 1002e370     cs_chat.obj
 0002:00000380       ??_C@_0BF@JIPK@peerchat?4gamespy?4com?$AA@ 1002e380     cs_chat.obj
 0002:00000398       ??_C@_06IPHK@?$CFs?6?$CFs?6?$AA@ 1002e398     GSC_ChatWindow.obj
 0002:000003a0       ??_C@_0BI@ONAO@Internet?2Cash?2info?4cash?$AA@ 1002e3a0     GSC_ChatWindow.obj
 0002:000003b8       ??_C@_01LLF@w?$AA@         1002e3b8     GSC_ChatWindow.obj
 0002:000003bc       ??_C@_05ODIL@START?$AA@    1002e3bc     GSC_ChatWindow.obj
 0002:000003c4       ??_C@_04HPGM@?$CFs?3?5?$AA@ 1002e3c4     GSC_ChatWindow.obj
 0002:000003cc       ??_C@_03BFFF@?$CI?$DP?$CJ?$AA@ 1002e3cc     GSC_ChatWindow.obj
 0002:000003d0       ??_C@_07EMKG@?$CFs?9?9?$DO?$CFs?$AA@ 1002e3d0     GSC_ChatWindow.obj
 0002:000003d8       ??_C@_08KPLJ@?9?9?$DO?$CFs?3?$CFs?$AA@ 1002e3d8     GSC_ChatWindow.obj
 0002:000003e4       ??_C@_09OMEA@ENTERMESS?$AA@ 1002e3e4     GSC_ChatWindow.obj
 0002:000003f0       ??_C@_07LFBJ@?$EACANCEL?$AA@ 1002e3f0     GSC_ChatWindow.obj
 0002:000003f8       ??_C@_03PFMP@?$EAOK?$AA@   1002e3f8     GSC_ChatWindow.obj
 0002:000003fc       ??_C@_0BE@NGLG@Internet?2pix?2i_bor1?$AA@ 1002e3fc     GSC_ChatWindow.obj
 0002:00000410       ??_C@_0P@BBBN@Interface?2bor2?$AA@ 1002e410     GSC_ChatWindow.obj
 0002:00000420       ??_C@_0BD@JDDC@Interface?2_Loading?$AA@ 1002e420     GSC_ChatWindow.obj
 0002:00000434       ??_C@_09PPMJ@httpc?4exe?$AA@ 1002e434     GSC_ChatWindow.obj
 0002:00000440       ??_C@_06LPNL@?$CFCG_IP?$AA@ 1002e440     GSC_ChatWindow.obj
 0002:00000448       ??_C@_05MHEJ@JGAME?$AA@    1002e448     GSC_ChatWindow.obj
 0002:00000450       ??_C@_05EHLP@?$CFGOPT?$AA@ 1002e450     GSC_ChatWindow.obj
 0002:00000458       ??_C@_0L@KEBF@?$CFCG_PLNAME?$AA@ 1002e458     GSC_ChatWindow.obj
 0002:00000464       ??_C@_09LMBF@?$CFCG_MAXPL?$AA@ 1002e464     GSC_ChatWindow.obj
 0002:00000470       ??_C@_0N@JIHO@?$CFCG_GAMENAME?$AA@ 1002e470     GSC_ChatWindow.obj
 0002:00000480       ??_C@_0L@OAHM@?$CFCG_GAMEID?$AA@ 1002e480     GSC_ChatWindow.obj
 0002:0000048c       ??_C@_05GGEG@CGAME?$AA@    1002e48c     GSC_ChatWindow.obj
 0002:00000494       ??_C@_08MABH@?$CFCOMMAND?$AA@ 1002e494     GSC_ChatWindow.obj
 0002:000004a0       ??_C@_0BJ@IBPK@Interface?2Back_Shell?4bmp?$AA@ 1002e4a0     GSC_ChatWindow.obj
 0002:000004bc       ??_C@_0BM@FAGC@Interface?2Back_Shell_02?4bmp?$AA@ 1002e4bc     GSC_ChatWindow.obj
 0002:000004d8       ??_C@_0N@JCJA@EXPLORER_DLY?$AA@ 1002e4d8     GSC_ChatWindow.obj
 0002:000004e8       ??_C@_0BK@MFJH@Internet?2Cash?2pl_info?4cmd?$AA@ 1002e4e8     GSC_ChatWindow.obj
 0002:00000504       ??_C@_0BK@LGGE@Internet?2Cash?2join_pl?4cmd?$AA@ 1002e504     GSC_ChatWindow.obj
 0002:00000520       ??_C@_0BH@PKNB@Internet?2Cash?2t100?4cmd?$AA@ 1002e520     GSC_ChatWindow.obj
 0002:00000538       ??_C@_0BI@LCBM@Internet?2Cash?2rooms?4cmd?$AA@ 1002e538     GSC_ChatWindow.obj
 0002:00000550       ??_C@_09EBLM@?$HOGSCPROF_?$AA@ 1002e550     GSC_ChatWindow.obj
 0002:0000055c       ??_C@_0L@BDDC@?$CFCV_ENGINE?$AA@ 1002e55c     GSC_ChatWindow.obj
 0002:00000568       ??_C@_02MECO@?$CFd?$AA@    1002e568     GSC_ChatWindow.obj
 0002:0000056c       ??_C@_09NFDG@?$CFCV_LOBBY?$AA@ 1002e56c     GSC_ChatWindow.obj
 0002:00000578       ??_C@_08KIIG@?$CFCP_MAIL?$AA@ 1002e578     GSC_ChatWindow.obj
 0002:00000584       ??_C@_08MGBF@?$CFCP_PROF?$AA@ 1002e584     GSC_ChatWindow.obj
 0002:00000590       ??_C@_08JKCB@?$CFCP_NICK?$AA@ 1002e590     GSC_ChatWindow.obj
 0002:0000059c       ??_C@_0O@JGBC@?$CFd?2agew_1?4pal?$AA@ 1002e59c     GSC_ChatWindow.obj
 0002:000005ac       ??_C@_0BE@OONI@LW_gvar?$CG?$CF?$CFASTATE?$CG?$CFd?$AA@ 1002e5ac     GSC_ChatWindow.obj
 0002:000005c0       ??_C@_0BI@LJHL@Internet?2Cash?2home1?4cmd?$AA@ 1002e5c0     GSC_ChatWindow.obj
 0002:000005d8       ??_C@_0BH@CLKE@LF?$HMLW_new?$HMopen?$CGreq?4txt?$AA@ 1002e5d8     GSC_ChatWindow.obj
 0002:000005f0       ??_C@_0L@MIBK@EXPLORER_X?$AA@ 1002e5f0     GSC_ChatWindow.obj
 0002:000005fc       ??_C@_0L@GCIN@EXPLORER_Y?$AA@ 1002e5fc     GSC_ChatWindow.obj
 0002:00000608       ??_C@_0M@IAMP@EXPLORER_X1?$AA@ 1002e608     GSC_ChatWindow.obj
 0002:00000614       ??_C@_0M@JGGF@EXPLORER_Y1?$AA@ 1002e614     GSC_ChatWindow.obj
 0002:00000620       ??_C@_0BH@LBIP@Internet?2Cash?2home?4cmd?$AA@ 1002e620     GSC_ChatWindow.obj
 0002:00000638       ??_C@_07EDOO@IG_BACK?$AA@  1002e638     GSC_ChatWindow.obj
 0002:00000640       ??_C@_09FAGI@IG_CANCEL?$AA@ 1002e640     GSC_ChatWindow.obj
 0002:0000064c       ??_C@_0BF@LPKK@CHAT_CANCEL_BUTTON_X?$AA@ 1002e64c     GSC_ChatWindow.obj
 0002:00000664       ??_C@_0BF@BFDN@CHAT_CANCEL_BUTTON_Y?$AA@ 1002e664     GSC_ChatWindow.obj
 0002:0000067c       ??_C@_0BK@GIDG@CHAT_CANCEL_BUTTON_STATE1?$AA@ 1002e67c     GSC_ChatWindow.obj
 0002:00000698       ??_C@_0BK@JHIP@CHAT_CANCEL_BUTTON_STATE2?$AA@ 1002e698     GSC_ChatWindow.obj
 0002:000006b4       ??_C@_08IFDC@NPLAYMSS?$AA@ 1002e6b4     GSC_ChatWindow.obj
 0002:000006c0       ??_C@_0BH@KFAB@JOIN_TO_PLAYER_VISIBLE?$AA@ 1002e6c0     GSC_ChatWindow.obj
 0002:000006d8       ??_C@_08DMAK@JOINPLGM?$AA@ 1002e6d8     GSC_ChatWindow.obj
 0002:000006e4       ??_C@_0BB@PALO@JOIN_TO_PLAYER_X?$AA@ 1002e6e4     GSC_ChatWindow.obj
 0002:000006f8       ??_C@_0BB@FKCJ@JOIN_TO_PLAYER_Y?$AA@ 1002e6f8     GSC_ChatWindow.obj
 0002:0000070c       ??_C@_06DCEA@INHIN5?$AA@   1002e70c     GSC_ChatWindow.obj
 0002:00000714       ??_C@_06MNPJ@INHIN6?$AA@   1002e714     GSC_ChatWindow.obj
 0002:0000071c       ??_C@_0O@IAHD@PLAYER_MUTE_X?$AA@ 1002e71c     GSC_ChatWindow.obj
 0002:0000072c       ??_C@_0O@CKOE@PLAYER_MUTE_Y?$AA@ 1002e72c     GSC_ChatWindow.obj
 0002:0000073c       ??_C@_06JINH@INHIN4?$AA@   1002e73c     GSC_ChatWindow.obj
 0002:00000744       ??_C@_0BH@OCGK@PERSONAL_CHAT_BUTTON_X?$AA@ 1002e744     GSC_ChatWindow.obj
 0002:0000075c       ??_C@_0BH@EIPN@PERSONAL_CHAT_BUTTON_Y?$AA@ 1002e75c     GSC_ChatWindow.obj
 0002:00000774       ??_C@_06GHKF@INHIN2?$AA@   1002e774     GSC_ChatWindow.obj
 0002:0000077c       ??_C@_0BF@OKBA@PLAYER_INFO_BUTTON_X?$AA@ 1002e77c     GSC_ChatWindow.obj
 0002:00000794       ??_C@_0BF@EAIH@PLAYER_INFO_BUTTON_Y?$AA@ 1002e794     GSC_ChatWindow.obj
 0002:000007ac       ??_C@_0N@NJMC@CHAT_VERSION?$AA@ 1002e7ac     GSC_ChatWindow.obj
 0002:000007bc       ??_C@_0M@BFLN@CHAT_COMMON?$AA@ 1002e7bc     GSC_ChatWindow.obj
 0002:000007c8       ??_C@_0BG@HMEP@CHAT_VERSION_SWITCH_X?$AA@ 1002e7c8     GSC_ChatWindow.obj
 0002:000007e0       ??_C@_0BG@NGNI@CHAT_VERSION_SWITCH_Y?$AA@ 1002e7e0     GSC_ChatWindow.obj
 0002:000007f8       ??_C@_0O@PMOB@CHAT_PERSONAL?$AA@ 1002e7f8     GSC_ChatWindow.obj
 0002:00000808       ??_C@_08GMGH@CHAT_ALL?$AA@ 1002e808     GSC_ChatWindow.obj
 0002:00000814       ??_C@_0BF@HIEL@CHAT_SWITCH_BUTTON_X?$AA@ 1002e814     GSC_ChatWindow.obj
 0002:0000082c       ??_C@_0BF@NCNM@CHAT_SWITCH_BUTTON_Y?$AA@ 1002e82c     GSC_ChatWindow.obj
 0002:00000844       ??_C@_0M@EIAN@VIEW_RESIZE?$AA@ 1002e844     GSC_ChatWindow.obj
 0002:00000850       ??_C@_0BC@OHDE@EXPLORER_RESIZE_X?$AA@ 1002e850     GSC_ChatWindow.obj
 0002:00000864       ??_C@_0BC@ENKD@EXPLORER_RESIZE_Y?$AA@ 1002e864     GSC_ChatWindow.obj
 0002:00000878       ??_C@_06JIBM@INHIN1?$AA@   1002e878     GSC_ChatWindow.obj
 0002:00000880       ??_C@_0BP@FAHG@EXPLORER_TOP100_BUTTON_VISIBLE?$AA@ 1002e880     GSC_ChatWindow.obj
 0002:000008a0       ??_C@_0BJ@PECP@EXPLORER_TOP100_BUTTON_X?$AA@ 1002e8a0     GSC_ChatWindow.obj
 0002:000008bc       ??_C@_0BJ@FOLI@EXPLORER_TOP100_BUTTON_Y?$AA@ 1002e8bc     GSC_ChatWindow.obj
 0002:000008d8       ??_C@_0CA@PJBK@EXPLORER_BATTLES_BUTTON_VISIBLE?$AA@ 1002e8d8     GSC_ChatWindow.obj
 0002:000008f8       ??_C@_06MNDC@INHIN3?$AA@   1002e8f8     GSC_ChatWindow.obj
 0002:00000900       ??_C@_0BK@LDEM@EXPLORER_BATTLES_BUTTON_X?$AA@ 1002e900     GSC_ChatWindow.obj
 0002:0000091c       ??_C@_0BK@BJNL@EXPLORER_BATTLES_BUTTON_Y?$AA@ 1002e91c     GSC_ChatWindow.obj
 0002:00000938       ??_C@_0O@LMIP@VIEW_HOMEPAGE?$AA@ 1002e938     GSC_ChatWindow.obj
 0002:00000948       ??_C@_0BN@JAEA@EXPLORER_HOME_BUTTON_VISIBLE?$AA@ 1002e948     GSC_ChatWindow.obj
 0002:00000968       ??_C@_0BH@DAAE@EXPLORER_HOME_BUTTON_X?$AA@ 1002e968     GSC_ChatWindow.obj
 0002:00000980       ??_C@_0BH@JKJD@EXPLORER_HOME_BUTTON_Y?$AA@ 1002e980     GSC_ChatWindow.obj
 0002:00000998       ??_C@_0CA@GAON@EXPLORER_FORWARD_BUTTON_VISIBLE?$AA@ 1002e998     GSC_ChatWindow.obj
 0002:000009b8       ??_C@_0BK@EHPI@EXPLORER_FORWARD_BUTTON_X?$AA@ 1002e9b8     GSC_ChatWindow.obj
 0002:000009d4       ??_C@_0BK@ONGP@EXPLORER_FORWARD_BUTTON_Y?$AA@ 1002e9d4     GSC_ChatWindow.obj
 0002:000009f0       ??_C@_0CA@BNIF@EXPLORER_REFRESH_BUTTON_VISIBLE?$AA@ 1002e9f0     GSC_ChatWindow.obj
 0002:00000a10       ??_C@_0BK@MACN@EXPLORER_REFRESH_BUTTON_X?$AA@ 1002ea10     GSC_ChatWindow.obj
 0002:00000a2c       ??_C@_0BK@GKLK@EXPLORER_REFRESH_BUTTON_Y?$AA@ 1002ea2c     GSC_ChatWindow.obj
 0002:00000a48       ??_C@_0BN@BMAN@EXPLORER_BACK_BUTTON_VISIBLE?$AA@ 1002ea48     GSC_ChatWindow.obj
 0002:00000a68       ??_C@_0BH@GPFK@EXPLORER_BACK_BUTTON_X?$AA@ 1002ea68     GSC_ChatWindow.obj
 0002:00000a80       ??_C@_0BH@MFMN@EXPLORER_BACK_BUTTON_Y?$AA@ 1002ea80     GSC_ChatWindow.obj
[...]
   974 0001:00006364   975 0001:00006377   976 0001:0000638a   977 0001:0000639d
   978 0001:000063b0   979 0001:000063c3   980 0001:000063d6   981 0001:000063e9
   982 0001:000063fc   983 0001:0000640f   984 0001:00006422   985 0001:00006429
   986 0001:0000642e   987 0001:00006441   988 0001:00006454   989 0001:00006467
   990 0001:0000647a   991 0001:0000648d   992 0001:000064a0   993 0001:000064c6
   994 0001:000064ea   995 0001:00006510   996 0001:00006533   997 0001:00006543
   998 0001:0000656a  1000 0001:00006579  1001 0001:0000659d  1002 0001:000065be
  1003 0001:000065de  1007 0001:000065e0  1008 0001:000065e7  1011 0001:000065ee
  1012 0001:000065f5  1013 0001:00006625  1014 0001:00006680  1015 0001:00006687
  1016 0001:0000668c  1017 0001:000066a5  1018 0001:000066c7  1019 0001:000066f6
  1020 0001:00006733  1021 0001:0000676a  1022 0001:0000678a  1023 0001:0000678c
  1024 0001:000067ac  1025 0001:000067bf  1027 0001:000067d3  1028 0001:000067e3
  1029 0001:00006829  1031 0001:00006830  1032 0001:00006837  1033 0001:00006840
  1034 0001:00006847  1035 0001:0000686d  1036 0001:000068a5  1037 0001:000068ac
  1039 0001:000068ae  1040 0001:000068c0  1041 0001:000068d4  1042 0001:000068f6
  1043 0001:0000691e  1044 0001:0000693f  1045 0001:00006951  1046 0001:00006953
  1047 0001:00006966  1048 0001:00006973  1050 0001:00006980  1051 0001:0000698a
  1052 0001:00006995  1053 0001:000069ad  1056 0001:000069d5  1058 0001:000069dc
  1060 0001:000069e7  1061 0001:00006a05  1062 0001:00006a1a  1063 0001:00006a28
  1064 0001:00006a43  1066 0001:00006a53  1067 0001:00006a6e  1068 0001:00006a87
  1069 0001:00006aa0  1071 0001:00006aae  1072 0001:00006ab6  1073 0001:00006acb
  1074 0001:00006aeb  1078 0001:00006b0b  1079 0001:00006b1a  1080 0001:00006b21
  1081 0001:00006b28  1082 0001:00006b2f  1083 0001:00006b57  1084 0001:00006b84
  1085 0001:00006bb3  1086 0001:00006be2  1087 0001:00006c11  1088 0001:00006c24
  1089 0001:00006c37  1090 0001:00006c4a  1091 0001:00006c5d  1092 0001:00006c5f
  1093 0001:00006c72  1094 0001:00006c85  1095 0001:00006c98  1097 0001:00006cab
  1098 0001:00006cb0  1099 0001:00006ccb  1100 0001:00006cea  1101 0001:00006d0e
  1102 0001:00006d34  1103 0001:00006d59  1104 0001:00006d82  1105 0001:00006d95
  1106 0001:00006da8  1107 0001:00006dbb  1108 0001:00006dce  1109 0001:00006dd0
  1110 0001:00006de3  1111 0001:00006df6  1112 0001:00006e09  1116 0001:00006e1c
  1117 0001:00006e26  1118 0001:00006e46  1119 0001:00006e66  1120 0001:00006e86
  1122 0001:00006ea5  1123 0001:00006ec5  1124 0001:00006ee5  1125 0001:00006ef4
  1126 0001:00006f26  1127 0001:00006f66  1128 0001:00006f68  1129 0001:00006f91
  1130 0001:00006fd7  1132 0001:00006fd9  1133 0001:00006ffc  1134 0001:0000700f
  1135 0001:00007022  1136 0001:00007024  1137 0001:00007037  1139 0001:0000704a
  1140 0001:00007059  1142 0001:00007065  1143 0001:0000706c  1144 0001:0000707b
  1145 0001:00007092  1146 0001:000070bf  1147 0001:000070de  1148 0001:000070f9
  1150 0001:0000711d  1151 0001:00007128  1154 0001:0000713b  1155 0001:00007154
  1156 0001:00007163  1157 0001:00007183  1158 0001:000071de  1159 0001:000071e0
  1160 0001:000071fb  1161 0001:00007212  1164 0001:0000725b  1166 0001:00007267
  1167 0001:0000727c  1168 0001:00007290  1170 0001:0000729b  1171 0001:000072b1
  1172 0001:000072c4  1174 0001:000072d0  1175 0001:000072da  1176 0001:000072ee
  1178 0001:000072fa  1179 0001:00007305  1180 0001:00007319  1182 0001:00007324
  1184 0001:00007333  1185 0001:00007346  1186 0001:00007353  1187 0001:00007368
  1188 0001:0000738a  1189 0001:000073a7  1190 0001:000073b6  1191 0001:000073d1
  1192 0001:000073ea  1194 0001:000073f9  1196 0001:00007405  1198 0001:00007413
  1199 0001:00007426  1200 0001:00007433  1201 0001:00007448  1202 0001:0000746a
  1203 0001:00007487  1204 0001:00007496  1205 0001:000074b1  1206 0001:000074ca
  1208 0001:000074d9  1210 0001:000074e5  1212 0001:000074f4  1213 0001:00007507
  1214 0001:00007514  1215 0001:00007529  1216 0001:0000754b  1217 0001:00007568
  1218 0001:00007577  1219 0001:00007592  1220 0001:000075ab  1222 0001:000075ba
  1224 0001:000075c5  1227 0001:000075d4  1228 0001:000075ff  1229 0001:00007612
  1230 0001:0000761f  1231 0001:00007634  1232 0001:00007656  1233 0001:00007673
  1235 0001:00007682  1236 0001:0000769f  1237 0001:000076ba  1238 0001:000076d3
  1241 0001:000076e2  1243 0001:000076ee  1245 0001:000076fd  1246 0001:00007728
  1247 0001:0000773b  1248 0001:00007748  1249 0001:0000775d  1250 0001:0000777f
  1251 0001:0000779c  1253 0001:000077ab  1254 0001:000077c8  1255 0001:000077e3
  1256 0001:000077fc  1259 0001:0000780b  1261 0001:00007817  1262 0001:00007843
  1263 0001:0000786a  1264 0001:00007891  1266 0001:000078a0  1267 0001:000078b3
  1268 0001:000078ca  1269 0001:0000791c  1270 0001:00007923  1271 0001:0000792f
  1272 0001:00007957  1273 0001:0000797d  1274 0001:000079a3  1275 0001:000079b7
  1277 0001:000079e3  1278 0001:000079ed  1279 0001:00007a10  1280 0001:00007a30
  1281 0001:00007a6d  1282 0001:00007aa4  1283 0001:00007ac4  1285 0001:00007ac9
  1287 0001:00007ad8  1288 0001:00007aeb  1289 0001:00007b02  1290 0001:00007b4e
  1291 0001:00007b55  1292 0001:00007b7d  1293 0001:00007ba3  1294 0001:00007bc9
  1295 0001:00007be6  1297 0001:00007c12  1298 0001:00007c25  1299 0001:00007c48
  1300 0001:00007c68  1301 0001:00007ca4  1302 0001:00007cda  1303 0001:00007cfa
  1304 0001:00007cff  1306 0001:00007d0a  1307 0001:00007d29  1308 0001:00007d36
  1309 0001:00007d52  1310 0001:00007d71  1311 0001:00007d7e  1312 0001:00007d9d
  1313 0001:00007daa  1314 0001:00007dc9  1315 0001:00007dd6  1316 0001:00007deb
  1317 0001:00007dfe  1318 0001:00007e11  1319 0001:00007e20  1320 0001:00007e3a
  1321 0001:00007e44  1322 0001:00007e59  1323 0001:00007e60  1324 0001:00007e77
  1325 0001:00007e8d  1326 0001:00007e96  1327 0001:00007eb5  1328 0001:00007ebe
  1330 0001:00007ed7  1331 0001:00007ef6  1332 0001:00007eff  1333 0001:00007f18
  1334 0001:00007f36  1335 0001:00007f4f  1339 0001:00008010  1340 0001:00008015
  1341 0001:00008031  1342 0001:00008050  1343 0001:0000805d  1344 0001:0000807c
  1345 0001:00008089  1346 0001:000080a8  1347 0001:000080b5  1348 0001:000080d4
  1349 0001:000080e1  1350 0001:000080fa  1351 0001:0000810f  1352 0001:00008122
  1353 0001:00008135  1354 0001:00008144  1355 0001:0000815f  1356 0001:00008169
  1357 0001:0000817e  1358 0001:00008185  1359 0001:0000819b  1360 0001:000081b1
  1361 0001:000081ba  1362 0001:000081d9  1363 0001:000081e2  1365 0001:000081fb
  1366 0001:0000821a  1367 0001:00008223  1368 0001:0000823c  1369 0001:0000825a
  1370 0001:00008273  1376 0001:00008334  1379 0001:0000833d  1380 0001:0000834a
  1381 0001:00008359  1383 0001:00008368  1384 0001:00008387  1385 0001:0000839e
  1386 0001:0000845a   135 0001:00008480   136 0001:000084a3   137 0001:000084c1
   140 0001:000084cb   142 0001:000084d2   143 0001:000084f0   144 0001:00008503
   145 0001:00008511   146 0001:00008520   147 0001:00008547   149 0001:00008570
   150 0001:0000858b   151 0001:000085a7   152 0001:000085da   153 0001:000085f8
   154 0001:0000862c   155 0001:0000864b   157 0001:0000865a   158 0001:0000866e
   159 0001:00008684   161 0001:00008688   162 0001:0000868a   163 0001:000086a0
   164 0001:000086bd   165 0001:00008704   166 0001:00008709   167 0001:00008720
   168 0001:0000873d   169 0001:0000874c   170 0001:00008758   172 0001:00008770
   173 0001:0000878d   174 0001:0000879d   175 0001:000087c0   176 0001:000087dd
   177 0001:000087e5   126 0001:00008800   127 0001:0000881d   128 0001:0000883a
   129 0001:00008858   130 0001:00008877   131 0001:00008879   132 0001:00008899
   133 0001:000088bb   134 0001:000088cb  1389 0001:000088e0  1390 0001:000088f8
  1391 0001:00008901  1392 0001:00008908  1395 0001:00008921  1400 0001:00008940
  1401 0001:00008973  1402 0001:00008980  1403 0001:000089a9  1404 0001:000089c6
  1405 0001:000089f4  1406 0001:00008a06  1407 0001:00008a0f  1408 0001:00008a31
  1409 0001:00008a49  1412 0001:00008a58  1413 0001:00008a70  1414 0001:00008a85
  1415 0001:00008a8e  1416 0001:00008ab0  1417 0001:00008ac8  1421 0001:00008ad7
  1422 0001:00008ae9  1423 0001:00008afd  1425 0001:00008b0d  1426 0001:00008b14
  1427 0001:00008b1f  1429 0001:00008b3a  1430 0001:00008b52  1432 0001:00008b66
  1433 0001:00008b8b  1434 0001:00008baa  1435 0001:00008bb9  1436 0001:00008bdf
  1437 0001:00008bf7  1438 0001:00008c28  1439 0001:00008c40  1440 0001:00008c58
  1442 0001:00008c5d  1443 0001:00008c73  1444 0001:00008c8a  1445 0001:00008ca5
  1446 0001:00008caf  1447 0001:00008cc3  1448 0001:00008cd5  1459 0001:00008d00
  1460 0001:00008d37  1461 0001:00008d44  1462 0001:00008d6a  1463 0001:00008d7f
  1466 0001:00008d8e  1467 0001:00008d9f  1468 0001:00008dac  1469 0001:00008dc1
  1471 0001:00008dca  1473 0001:00008ddf  1474 0001:00008df0  1475 0001:00008e1c
  1476 0001:00008e30  1477 0001:00008e4b  1478 0001:00008e79  1480 0001:00008eb0
  1481 0001:00008ee7  1484 0001:00008ef6  1485 0001:00008f07  1486 0001:00008f14
  1487 0001:00008f29  1488 0001:00008f43  1489 0001:00008f5d  1490 0001:00008f71
  1491 0001:00008f8c  1496 0001:00008fc0  1497 0001:00008ff7  1498 0001:00009009
  1500 0001:00009046  1501 0001:0000904f  1502 0001:00009058  1504 0001:00009060
  1505 0001:0000906d  1506 0001:000090a4  1509 0001:000090b3  1510 0001:000090c4
  1511 0001:000090d1  1512 0001:000090ff  1513 0001:0000910b  1514 0001:0000911d
  1515 0001:00009131  1516 0001:0000914c  1517 0001:00009167  1519 0001:000091a0
  1520 0001:000091be  1522 0001:000091d7  1523 0001:000091f8  1524 0001:00009213
  1526 0001:00009220  1528 0001:00009240  1529 0001:00009258  1530 0001:00009284
  1531 0001:00009290  1532 0001:000092a8  1533 0001:000092bc    55 0001:000092d0
    56 0001:000092ed    57 0001:0000930b    58 0001:00009319    59 0001:0000932a
    60 0001:00009351    62 0001:0000937a    63 0001:000093aa    64 0001:000093c5
    65 0001:000093f6    66 0001:00009412    67 0001:00009421    68 0001:00009436
    69 0001:00009450    70 0001:0000946d    71 0001:0000947e    72 0001:000094c5
    73 0001:000094c9    31 0001:000094e0    32 0001:00009503    33 0001:00009522
    36 0001:0000952c    38 0001:00009533    39 0001:00009597    40 0001:000095a7
    42 0001:000095cb    43 0001:000095df    45 0001:000095f5  1534 0001:00009610
  1535 0001:00009628  1536 0001:00009636

Line numbers for \OLD_PROJECTS_BACKUP\AmericanConquestAddon\_debug\cs_chat.obj(d:\old_projects_backup\americanconquestaddon\common.h) segment .text

    86 0001:00000ce0    87 0001:00000cf8    88 0001:00000d0e    91 0001:00000dd0
    92 0001:00000de8    93 0001:00000dfe

Line numbers for \OLD_PROJECTS_BACKUP\AmericanConquestAddon\_debug\cs_chat.obj(d:\old_projects_backup\americanconquestaddon\ichat\cs_chat.cpp) segment .text

    11 0001:00000000    13 0001:0000001d    14 0001:00000075    15 0001:00000099
    16 0001:000000bc    18 0001:00000106    19 0001:0000013e    20 0001:00000173
    21 0001:00000182    22 0001:0000018c    23 0001:000001c3    26 0001:00000220
    27 0001:00000243    28 0001:00000260    29 0001:0000027d    30 0001:000002d8
    31 0001:000002f0    33 0001:00000352    34 0001:00000375    35 0001:00000377
    36 0001:0000037c    37 0001:00000390    39 0001:000003ad    40 0001:000003f7
    41 0001:0000040d    42 0001:00000422    44 0001:00000457    45 0001:00000481
    46 0001:000004a8    47 0001:000004b7    48 0001:000004bd    49 0001:000004e6
    51 0001:00000527    52 0001:0000053c    53 0001:00000550    54 0001:0000056d
    55 0001:000005b6    56 0001:000005c7    58 0001:00000614    59 0001:00000629
    60 0001:0000062b    61 0001:00000630    62 0001:00000650    63 0001:0000066d
    64 0001:00000685    65 0001:000006aa    66 0001:000006ce    67 0001:000006dc
    68 0001:000006f0    69 0001:000006f2    71 0001:00000700    73 0001:00000720
    74 0001:00000738    75 0001:0000073e    76 0001:0000075c    78 0001:00000770
    79 0001:00000788    80 0001:0000078e    81 0001:0000079b    84 0001:000007b0
    85 0001:000007c8    86 0001:000007ce    87 0001:000007ec    92 0001:00000800
    93 0001:0000081e    94 0001:00000824    95 0001:0000082e    96 0001:0000083a
    97 0001:0000084f    98 0001:0000085b    99 0001:00000879   100 0001:0000087d
   101 0001:00000886   102 0001:000008a9   103 0001:00000901   104 0001:00000920
   105 0001:00000969   106 0001:0000097c   108 0001:00000992   109 0001:000009c2
   110 0001:000009e8   112 0001:00000a05   114 0001:00000a0a   116 0001:00000a22
   119 0001:00000a40   120 0001:00000a58   121 0001:00000a5e   122 0001:00000a7c
   125 0001:00000a90   126 0001:00000aa8   127 0001:00000aae   128 0001:00000ab8
   129 0001:00000af9   130 0001:00000b05   131 0001:00000b1a   132 0001:00000b26
   133 0001:00000b44   134 0001:00000b48   135 0001:00000b6b   136 0001:00000bc3
   137 0001:00000be2   138 0001:00000c2d   140 0001:00000c59   141 0001:00000c5e
   143 0001:00000c76   146 0001:00000c90   147 0001:00000ca8   148 0001:00000cae
   149 0001:00000ccc   152 0001:00000d20   153 0001:00000d38   154 0001:00000d3e
   155 0001:00000d44   156 0001:00000d50   157 0001:00000d99   159 0001:00000db3
   162 0001:00000e10   163 0001:00000e28   164 0001:00000e2e   165 0001:00000e34
   166 0001:00000e7d   169 0001:00000e97   172 0001:00000eb0   173 0001:00000ec8
   174 0001:00000ece   175 0001:00000eec   178 0001:00000f00   179 0001:00000f18
   180 0001:00000f1e   181 0001:00000f3c   184 0001:00000f50   185 0001:00000f68
   186 0001:00000f6e   187 0001:00000f8c   190 0001:00000fa0   191 0001:00000fb8
   192 0001:00000fbe   193 0001:00000fdc   196 0001:00000ff0   197 0001:00001008
   198 0001:0000100e   199 0001:0000102c   202 0001:00001040   203 0001:00001058
   204 0001:0000105e   205 0001:0000107c   206 0001:00001089   207 0001:00001092
   210 0001:000010b0   211 0001:000010ce   212 0001:000010d4   213 0001:000010de
   214 0001:000010f6   216 0001:00001100   218 0001:00001110   219 0001:00001122
   220 0001:00001133   221 0001:00001138   222 0001:0000114c   223 0001:00001152
   224 0001:00001163   225 0001:00001168   226 0001:0000117c   227 0001:00001182
   228 0001:00001193   229 0001:00001195   230 0001:000011a9   231 0001:000011af
   232 0001:000011c0   233 0001:000011c2   234 0001:000011d6   235 0001:000011dc
   241 0001:000011ed   242 0001:00001211   243 0001:00001213   244 0001:00001225
   245 0001:0000122c   248 0001:00001233   250 0001:0000123b   251 0001:0000124d
   254 0001:00001254   258 0001:00001270   259 0001:00001288   260 0001:0000128e
   261 0001:00001298   262 0001:000012a5   263 0001:000012bd   264 0001:000012f6
   265 0001:00001303   266 0001:00001320   268 0001:00001322   271 0001:00001340
   272 0001:00001358   273 0001:0000135e   274 0001:00001368   275 0001:0000136e
   277 0001:0000137a   278 0001:0000137f   279 0001:00001394   280 0001:000013a4
   281 0001:000013c0   282 0001:00001417   283 0001:00001441   284 0001:0000146b
   285 0001:00001470   286 0001:00001475   287 0001:000014ba   288 0001:000014dd
   289 0001:00001500   292 0001:00001505   295 0001:00001520   296 0001:00001538
   297 0001:0000153e   298 0001:00001544   299 0001:0000154a   300 0001:00001583
   301 0001:000015b5   304 0001:000015b7   305 0001:000015d0   310 0001:000015f3
   311 0001:00001607   312 0001:00001611   314 0001:0000161a   315 0001:00001631
   316 0001:0000163a   317 0001:00001649   318 0001:00001663   319 0001:00001671
   320 0001:0000167d   321 0001:0000167f   322 0001:00001692   324 0001:00001699
   325 0001:000016a3   326 0001:000016fd   327 0001:0000173c   328 0001:0000175b
   330 0001:00001765   336 0001:00001780   337 0001:00001798   339 0001:000017a0
   340 0001:000017bd   341 0001:000017d1   342 0001:000017de   343 0001:000017f5
   345 0001:0000180b   347 0001:0000181e   348 0001:00001828   349 0001:00001832
   350 0001:0000183c   351 0001:00001846   353 0001:0000184f   354 0001:00001862
   355 0001:0000186c   356 0001:00001876   357 0001:00001880   358 0001:0000188a
   359 0001:00001894   360 0001:0000189e   361 0001:000018a8   362 0001:000018b2
   363 0001:000018bc   364 0001:000018c5   365 0001:000018cf   368 0001:000018e0
   369 0001:000018fd   370 0001:00001913   371 0001:00001957   372 0001:00001973
   373 0001:00001985   374 0001:0000199d   375 0001:000019d2   376 0001:000019db
   377 0001:000019e2   378 0001:000019ec   379 0001:00001a08   380 0001:00001a1b
   381 0001:00001a25   382 0001:00001a45   383 0001:00001a6b   384 0001:00001a7b
   385 0001:00001ab0   386 0001:00001af2   387 0001:00001afb   388 0001:00001b08
   391 0001:00001b0a   392 0001:00001b0f   394 0001:00001b20   395 0001:00001b38
   396 0001:00001b4f   397 0001:00001b60   398 0001:00001b7d   399 0001:00001b93
   400 0001:00001ba8   401 0001:00001bbe   402 0001:00001bc5   403 0001:00001bcd
   404 0001:00001bd4   405 0001:00001bdc   406 0001:00001bf1   407 0001:00001c07
   408 0001:00001c1a   409 0001:00001c6c   411 0001:00001c7e   412 0001:00001c8d
   413 0001:00001c95   414 0001:00001cc6   415 0001:00001ceb   416 0001:00001cf2
   417 0001:00001cf9   418 0001:00001d0f   419 0001:00001d14   420 0001:00001d2c
   421 0001:00001d61   423 0001:00001d73   424 0001:00001d82   425 0001:00001d8a
   426 0001:00001dc1   427 0001:00001de6   428 0001:00001ded   429 0001:00001df4
   432 0001:00001e0a   433 0001:00001e10   434 0001:00001e30   435 0001:00001e93
   436 0001:00001ea6   437 0001:00001ed0   438 0001:00001f09   439 0001:00001f21
   440 0001:00001f57   441 0001:00001f59   442 0001:00001f81   443 0001:00001f94
   444 0001:00001fe0   445 0001:00001ffd   446 0001:0000200d   447 0001:00002030
   448 0001:0000204d   449 0001:0000206a   450 0001:00002089   451 0001:000020a7
   452 0001:000020a9   453 0001:000020cb   454 0001:000020eb   455 0001:000020fb
   456 0001:00002110   457 0001:0000212d   458 0001:0000213b   459 0001:0000214a
   460 0001:00002173   462 0001:0000219a   463 0001:000021cb   464 0001:000021e7
   465 0001:00002217   466 0001:00002232   467 0001:00002241   468 0001:00002260
   469 0001:0000227d   470 0001:0000228a   471 0001:0000229e   472 0001:000022ba
   473 0001:000022c4   474 0001:000022de   475 0001:000022f9   476 0001:00002302
   477 0001:00002327   479 0001:0000234e   480 0001:0000235d   481 0001:00002361
   482 0001:00002363   483 0001:00002380   484 0001:000023a3   486 0001:000023a7
   487 0001:000023ab   488 0001:000023c9   489 0001:000023f5   491 0001:000023fb
   492 0001:0000241e   493 0001:0000244e   494 0001:00002476   496 0001:0000247a
   497 0001:0000247f   498 0001:0000248f   499 0001:000024b0   500 0001:000024cd
   501 0001:000024e3   502 0001:000024f0   503 0001:0000250d   504 0001:00002523

 Exports

  ordinal    name

        1    ?ChatProcess@@YAXXZ (void __cdecl ChatProcess(void))
        2    ?CheckIfGameRated@@YA_NXZ (bool __cdecl CheckIfGameRated(void))
        3    ?DisableRatedGame@@YAXXZ (void __cdecl DisableRatedGame(void))
        4    ?GetGameID@@YAXPAD@Z (void __cdecl GetGameID(char *))
        5    ?GoHomeAnyway@@YAXXZ (void __cdecl GoHomeAnyway(void))
        6    ?LeaveGSCRoom@@YAXXZ (void __cdecl LeaveGSCRoom(void))
        7    ?Process_GSC_ChatWindow@@YAH_NPAURoomInfo@@@Z (int __cdecl Process_GSC_ChatWindow(bool,struct RoomInfo *))
        8    ?ReportAliveState@@YAXHPAH@Z (void __cdecl ReportAliveState(int,int *))
        9    ?ReportGSCGame@@YAXHHPAUOnePlayerReport@@@Z (void __cdecl ReportGSCGame(int,int,struct OnePlayerReport *))
       10    ?SendPrivateMessage@@YAXPAD0@Z (void __cdecl SendPrivateMessage(char *,char *))
       11    ?SendVictoryState@@YAXHE@Z (void __cdecl SendVictoryState(int,unsigned char))
       12    ?SetChatWState@@YAXHH@Z (void __cdecl SetChatWState(int,int))
       13    ?SetGameID@@YAXPAD@Z (void __cdecl SetGameID(char *))
       14    ?StartGSCGame@@YAXPAD0HPAHPAPAD11@Z (void __cdecl StartGSCGame(char *,char *,int,int *,char * *,int *,int *))
