 intExplorer

 Timestamp is 3e6f293d (Wed Mar 12 14:34:05 2003)

 Preferred load address is 10000000

 Start         Length     Name                   Class
 0001:00000000 0002ac58H .text                   CODE
 0001:0002ac60 000001aaH .text$x                 CODE
 0002:00000000 000002d8H .idata$5                DATA
 0002:000002d8 00001050H .rdata                  DATA
 0002:00001328 000002a0H .xdata$x                DATA
 0002:000015c8 0000008cH .idata$2                DATA
 0002:00001654 00000014H .idata$3                DATA
 0002:00001668 000002d8H .idata$4                DATA
 0002:00001940 00001350H .idata$6                DATA
 0002:00002c90 000001e2H .edata                  DATA
 0003:00000000 00000004H .CRT$XCA                DATA
 0003:00000004 00000010H .CRT$XCU                DATA
 0003:00000014 00000004H .CRT$XCZ                DATA
 0003:00000018 00000004H .CRT$XIA                DATA
 0003:0000001c 0000000cH .CRT$XIC                DATA
 0003:00000028 00000004H .CRT$XIY                DATA
 0003:0000002c 00000004H .CRT$XIZ                DATA
 0003:00000030 00000004H .CRT$XPA                DATA
 0003:00000034 00000004H .CRT$XPX                DATA
 0003:00000038 00000004H .CRT$XPZ                DATA
 0003:0000003c 00000004H .CRT$XTA                DATA
 0003:00000040 00000004H .CRT$XTB                DATA
 0003:00000044 00000004H .CRT$XTZ                DATA
 0003:00000050 00002a68H .data                   DATA
 0003:00002ab8 00014150H .bss                    DATA

  Address         Publics by Value              Rva+Base     Lib:Object

 0001:00000000       ?SaveToBMP24@@YAXPADHHPAE@Z 10001000 f   Bmptool.obj
 0001:00000130       ?ReadBMP24@@YA_NPADPAUBMPformat@@PAPAE@Z 10001130 f   Bmptool.obj
 0001:00000270       ?ReadBMP8@@YA_NPADPAUBMPformat@@PAPAE@Z 10001270 f   Bmptool.obj
 0001:000003b0       ?ReadBMP8TOBPX@@YA_NPADPAPAE@Z 100013b0 f   Bmptool.obj
 0001:00000500       ?LoadBitmapLikeGrayscale@@YA_NPADPAH1PAPAE@Z 10001500 f   Bmptool.obj
 0001:00000640       ?GetResVal@@YAHPAEHHHHHH@Z 10001640 f   Bmptool.obj
 0001:00000810       ?GetSumm@@YAKPAD@Z         10001810 f   Bmptool.obj
 0001:000008d0       ?SaveToBMP8@@YAXPADHHPAEPAUPAL3@@@Z 100018d0 f   Bmptool.obj
 0001:00000ab0       ??2@YAPAXI@Z               10001ab0 f i Bmptool.obj
 0001:00000af0       ??3@YAXPAX@Z               10001af0 f i Bmptool.obj
 0001:00000b30       ?ReportIt@@YAXPADZZ        10001b30 f   DataXchange.obj
 0001:00000c20       ??0SXP_DevScope@@QAE@XZ    10001c20 f   DataXchange.obj
 0001:00000c70       ??1SXP_DevScope@@QAE@XZ    10001c70 f   DataXchange.obj
 0001:00000cb0       ?SendRequest@SXP_DevScope@@QAEKPAVsicExplorer@@PAD_N2@Z 10001cb0 f   DataXchange.obj
 0001:00000dc0       ?SendRequest@SXP_DevScope@@QAEKPAVsicExplorer@@PAVParsedRQ@@_N2@Z 10001dc0 f   DataXchange.obj
 0001:00001000       ?GetRequestResult@SXP_DevScope@@QAEKKPAVParsedRQ@@@Z 10002000 f   DataXchange.obj
 0001:00001100       ?CloseRequest@SXP_DevScope@@QAEXK@Z 10002100 f   DataXchange.obj
 0001:00001220       ?Process@SXP_DevScope@@QAEXXZ 10002220 f   DataXchange.obj
 0001:000012a0       ?CloseAll@SXP_DevScope@@QAEXXZ 100022a0 f   DataXchange.obj
 0001:00001320       ?Shutdown@SXP_DevScope@@QAEXXZ 10002320 f   DataXchange.obj
 0001:000013e0       ?RegisterDevice@SXP_DevScope@@QAEXPAD0@Z 100023e0 f   DataXchange.obj
 0001:000016f0       ?InitDevs@@YAXXZ           100026f0 f   DataXchange.obj
 0001:00001760       ?SendGlobalRequest@@YAKPAVsicExplorer@@PAD_N@Z 10002760 f   DataXchange.obj
 0001:000017b0       ?LoadDefaults@@YAHPAPAE@Z  100027b0 f   DataXchange.obj
 0001:00001860       ?SaveCurrentResult@@YAPADPAVOneSicWindow@@PAD@Z 10002860 f   DataXchange.obj
 0001:00001900       ?SaveCurrentResultTo@@YAPADPAVOneSicWindow@@PAD@Z 10002900 f   DataXchange.obj
 0001:00001980       ?EraseTempFiles@@YAXXZ     10002980 f   DataXchange.obj
 0001:00001a50       ?exec_LW_time@@YAXHPAPADPAH@Z 10002a50 f   DataXchange.obj
 0001:00001b70       ?exec_LW_move@@YAXHPAPADPAH@Z 10002b70 f   DataXchange.obj
 0001:00001c90       ?exec_LW_lockall@@YAXHPAPADPAH@Z 10002c90 f   DataXchange.obj
 0001:00001df0       ?exec_LW_lockbox@@YAXHPAPADPAH@Z 10002df0 f   DataXchange.obj
 0001:00001fc0       ?exec_LW_lock@@YAXHPAPADPAH@Z 10002fc0 f   DataXchange.obj
 0001:000021d0       ?exec_LW_visbox@@YAXHPAPADPAH@Z 100031d0 f   DataXchange.obj
 0001:000023e0       ?exec_LW_vis@@YAXHPAPADPAH@Z 100033e0 f   DataXchange.obj
 0001:00002650       ?exec_LW_enbbox@@YAXHPAPADPAH@Z 10003650 f   DataXchange.obj
 0001:00002830       ?exec_LW_enb@@YAXHPAPADPAH@Z 10003830 f   DataXchange.obj
 0001:00002a70       ?exec_LW_mapdata@@YAXHPAPADPAH@Z 10003a70 f   DataXchange.obj
 0001:00002b40       ?exec_LW_show@@YAXHPAPAD@Z 10003b40 f   DataXchange.obj
 0001:000030b0       ?exec_LW_file@@YAXHPAPAD@Z 100040b0 f   DataXchange.obj
 0001:000036c0       ?exec_LW_pfile@@YAXHPAPAD@Z 100046c0 f   DataXchange.obj
 0001:00003930       ?exec_LW_cfile@@YAXHPAPADPAH@Z 10004930 f   DataXchange.obj
 0001:00003ac0       ?exec_LW_bonus@@YAXHPAPADPAH@Z 10004ac0 f   DataXchange.obj
 0001:00003b50       ?exec_LW_message@@YAXHPAPADPAH@Z 10004b50 f   DataXchange.obj
 0001:00003be0       ?exec_LW_abort@@YAXHPAPADPAH@Z 10004be0 f   DataXchange.obj
 0001:00003c20       ?exec_LW_mupdate@@YAXHPAPADPAH@Z 10004c20 f   DataXchange.obj
 0001:00003d40       ?ForceOpenFile@@YAPAXPAD@Z 10004d40 f   DataXchange.obj
 0001:00003e70       ?exec_LW_mpt@@YAXHPAPADPAH@Z 10004e70 f   DataXchange.obj
 0001:00004030       ?exec_LW_mpclear@@YAXHPAPADPAH@Z 10005030 f   DataXchange.obj
 0001:00004070       ?exec_LW_xcfile@@YAXHPAPADPAH@Z 10005070 f   DataXchange.obj
 0001:00004220       ?exec_LW_key@@YAXHPAPADPAH@Z 10005220 f   DataXchange.obj
 0001:00004310       ?exec_LW_gvar@@YAXHPAPADPAH@Z 10005310 f   DataXchange.obj
 0001:00004420       ?exec_LW_compose@@YAXHPAPADPAH@Z 10005420 f   DataXchange.obj
 0001:000045d0       ?exec_LW_proc@@YAXHPAPADPAH@Z 100055d0 f   DataXchange.obj
 0001:00004630       ?exec_LW_mem@@YAXHPAPADPAH@Z 10005630 f   DataXchange.obj
 0001:000046c0       ?exec_LW_dtbl@@YAXHPAPADPAH@Z 100056c0 f   DataXchange.obj
 0001:000048d0       ?exec_LW_tbl@@YAXHPAPADPAH@Z 100058d0 f   DataXchange.obj
 0001:00004b10       ?ProcessDataXchange@@YAXXZ 10005b10 f   DataXchange.obj
 0001:000057f0       ?FilterRQ2Send@@YAXPAVsicExplorer@@PAVParsedRQ@@_N@Z 100067f0 f   DataXchange.obj
 0001:00006a70       ?StartDownloadInternetFile@@YAXPAD00@Z 10007a70 f   DataXchange.obj
 0001:00006de0       ?ProcessDownloadInternetFiles@@YAXXZ 10007de0 f   DataXchange.obj
 0001:00007010       ?SendRecBuffer@@YAXPAEH_N@Z 10008010 f   DataXchange.obj
 0001:00007200       ?exec_LW_dfp@@YAXHPAPADPAH@Z 10008200 f   DataXchange.obj
 0001:00007460       ?exec_LW_dff@@YAXHPAPADPAH@Z 10008460 f   DataXchange.obj
 0001:000076b0       ?exec_LW_uprec@@YAXHPAPADPAH@Z 100086b0 f   DataXchange.obj
 0001:00007770       ?exec_LW_showrec@@YAXHPAPADPAH@Z 10008770 f   DataXchange.obj
 0001:00007840       ??H@YAAAVDString@@PADAAV0@@Z 10008840 f   DString.obj
 0001:000078d0       ??4DString@@QAEAAV0@PAD@Z  100088d0 f   DString.obj
 0001:00007910       ??HDString@@QAEAAV0@PAD@Z  10008910 f   DString.obj
 0001:00007950       ??HDString@@QAEAAV0@AAV0@@Z 10008950 f   DString.obj
 0001:00007990       ??YDString@@QAEAAV0@PAD@Z  10008990 f   DString.obj
 0001:000079d0       ??YDString@@QAEAAV0@AAV0@@Z 100089d0 f   DString.obj
 0001:00007a10       ??ADString@@QAEDH@Z        10008a10 f   DString.obj
 0001:00007a60       ??8DString@@QAE_NPAD@Z     10008a60 f   DString.obj
 0001:00007ac0       ??8DString@@QAE_NAAV0@@Z   10008ac0 f   DString.obj
 0001:00007b20       ??0DString@@QAE@XZ         10008b20 f   DString.obj
 0001:00007b70       ??0DString@@QAE@PAD@Z      10008b70 f   DString.obj
 0001:00007bd0       ??1DString@@QAE@XZ         10008bd0 f   DString.obj
 0001:00007c40       ?ReadFromFile@DString@@QAEXPAD@Z 10008c40 f   DString.obj
 0001:00007d00       ?WriteToFile@DString@@QAEXPAD@Z 10008d00 f   DString.obj
 0001:00007d80       ?Add@DString@@QAEXAAV1@@Z  10008d80 f   DString.obj
 0001:00007e00       ?Add@DString@@QAEXPAD@Z    10008e00 f   DString.obj
 0001:00007e80       ?Replace0@DString@@QAEXPAD0@Z 10008e80 f   DString.obj
 0001:00007fa0       ?Replace@DString@@QAEXPADAAV1@@Z 10008fa0 f   DString.obj
 0001:00007ff0       ?Clear@DString@@QAEXXZ     10008ff0 f   DString.obj
 0001:00008030       ?Assign@DString@@QAEXPAD@Z 10009030 f   DString.obj
 0001:000080a0       ?Assign@DString@@QAEXAAV1@@Z 100090a0 f   DString.obj
 0001:000080f0       ?Free@DString@@QAEXXZ      100090f0 f   DString.obj
 0001:00008160       ?Allocate@DString@@QAEXH@Z 10009160 f   DString.obj
 0001:000081f0       ?Process@OneSicWindow@@QAEXXZ 100091f0 f   Explore.obj
 0001:00008810       ?Replace@@YAXPAPADPAD1AAH@Z 10009810 f   Explore.obj
 0001:00008980       ?DownloadRefs@OneSicWindow@@QAEXXZ 10009980 f   Explore.obj
 0001:00008e40       ?ReadNumber@@YAHPADPAHH@Z  10009e40 f   Explore.obj
 0001:00008f30       ?CReadX@@YAHPAPADHH@Z      10009f30 f   Explore.obj
 0001:00009090       ?CReadY@@YAHPAPADHHPAVOneBox@@@Z 1000a090 f   Explore.obj
 0001:000092f0       ?ReadCoordinates@@YAXPAPADAAH111PAVOneBox@@@Z 1000a2f0 f   Explore.obj
 0001:00009790       ?GetFontByName@sicExplorer@@QAEPAVRLCFont@@PAD@Z 1000a790 f   Explore.obj
 0001:00009ae0       ?GETHX@@YAHD@Z             1000aae0 f   Explore.obj
 0001:00009b40       ?ParseTheWholeText@OneSicWindow@@QAEHXZ 1000ab40 f   Explore.obj
 0001:0000d8e0       ??1OneInterfaceElement@@QAE@XZ 1000e8e0 f i Explore.obj
 0001:0000d920       ??0OneSicWindow@@QAE@XZ    1000e920 f   Explore.obj
 0001:0000d970       ??1OneSicWindow@@QAE@XZ    1000e970 f   Explore.obj
 0001:0000d9d0       ??0OneBox@@QAE@XZ          1000e9d0 f   Explore.obj
 0001:0000da30       ??1OneBox@@QAE@XZ          1000ea30 f   Explore.obj
 0001:0000da70       ?Erase@OneSicWindow@@QAEXXZ 1000ea70 f   Explore.obj
 0001:0000de20       ?EraseAllDialogs@sicExplorer@@QAEXXZ 1000ee20 f   Explore.obj
 0001:0000e090       ??1sicExplorer@@QAE@XZ     1000f090 f   Explore.obj
 0001:0000e1b0       ?CreateVar@OneSicWindow@@QAEPADPADH@Z 1000f1b0 f   Explore.obj
 0001:0000e330       ?GetVar@OneSicWindow@@QAEPADPAD@Z 1000f330 f   Explore.obj
 0001:0000e3c0       ?CreateGVar@sicExplorer@@QAEPADPADH@Z 1000f3c0 f   Explore.obj
 0001:0000e4e0       ?GetGVar@sicExplorer@@QAEPADPAD@Z 1000f4e0 f   Explore.obj
 0001:0000e570       ?CreateVar@sicExplorer@@QAEPADPADH@Z 1000f570 f   Explore.obj
 0001:0000e5e0       ?GetVar@sicExplorer@@QAEPADPAD@Z 1000f5e0 f   Explore.obj
 0001:0000e640       ?CreateSXProcess@OneSicWindow@@QAEPAXP6AXPAVsicExplorer@@PAXH@Z2H@Z 1000f640 f   Explore.obj
 0001:0000e760       ?CreateSXProcess@sicExplorer@@QAEPAXP6AXPAV1@PAXH@Z2H@Z 1000f760 f   Explore.obj
 0001:0000e7d0       ?InstallSXP_Device@@YAXPAD0@Z 1000f7d0 f   Explore.obj
 0001:0000e7f0       ?RegisterOutput@sicExplorer@@QAEXHHHH@Z 1000f7f0 f   Explore.obj
 0001:0000e850       ?ChangeOutput@sicExplorer@@QAEXHHHH@Z 1000f850 f   Explore.obj
 0001:0000ec10       ?NewWindow@sicExplorer@@QAEXPAD0@Z 1000fc10 f   Explore.obj
 0001:0000ee50       ?StepBack@sicExplorer@@QAEXXZ 1000fe50 f   Explore.obj
 0001:0000eea0       ?StepForward@sicExplorer@@QAEXXZ 1000fea0 f   Explore.obj
 0001:0000eef0       ?Refresh@sicExplorer@@QAEXXZ 1000fef0 f   Explore.obj
 0001:0000f0a0       _SXP_StepBack              100100a0 f   Explore.obj
 0001:0000f0e0       _SXP_StepForw              100100e0 f   Explore.obj
 0001:0000f120       _SXP_Refresh               10010120 f   Explore.obj
 0001:0000f160       _InitSXP                   10010160 f   Explore.obj
 0001:0000f280       _RunSXP                    10010280 f   Explore.obj
 0001:0000f390       _OpenRef                   10010390 f   Explore.obj
 0001:0000f450       _ResizeSXP                 10010450 f   Explore.obj
 0001:0000f4b0       _CloseSXP                  100104b0 f   Explore.obj
 0001:0000f500       _ProcessSXP                10010500 f   Explore.obj
 0001:0000ff10       ?EraseSXP@@YAXXZ           10010f10 f   Explore.obj
 0001:0000ff80       ?GetAccessKey@@YAPADH@Z    10010f80 f   Explore.obj
 0001:0000ffb0       ?SetAccessKey@@YAXHPAD@Z   10010fb0 f   Explore.obj
 0001:00010010       _SXP_SetVar                10011010 f   Explore.obj
 0001:00010170       _SXP_GetVar                10011170 f   Explore.obj
 0001:00010260       ?SaveCookies@OneSicWindow@@QAEXXZ 10011260 f   Explore.obj
 0001:00010390       ?LoadCookies@OneSicWindow@@QAEXXZ 10011390 f   Explore.obj
 0001:000104c0       ?CreateTable@sicExplorer@@QAEPAUOneSXPTable@@PAD@Z 100114c0 f   Explore.obj
 0001:000105c0       ?GetTable@sicExplorer@@QAEPAUOneSXPTable@@PAD@Z 100115c0 f   Explore.obj
 0001:00010650       ?GetHVAL@@YAKPAD@Z         10011650 f   Explore.obj
 0001:000108e0       ?GetTableHash@@YAKPAUOneSXPTable@@H@Z 100118e0 f   Explore.obj
 0001:000109c0       ?SendTableRefresh@sicExplorer@@QAEXPAD0@Z 100119c0 f   Explore.obj
 0001:00010c50       ?GetGPPictureIndex@sicExplorer@@QAEHPAD@Z 10011c50 f   Explore.obj
 0001:000112e0       ?ReParse@OneSicWindow@@QAEXXZ 100122e0 f   Explore.obj
 0001:00011800       ?LoadDefaultSettings@OneSicWindow@@QAEXXZ 10012800 f   Explore.obj
 0001:00011cd0       ??0OneInterfaceElement@@QAE@XZ 10012cd0 f   Explore.obj
 0001:00011d20       ?ClearActive@OneInterfaceElement@@QAEXXZ 10012d20 f   Explore.obj
 0001:00011de0       ?ClearParams@OneInterfaceElement@@QAEXXZ 10012de0 f   Explore.obj
 0001:00011ea0       ?Clear@OneInterfaceElement@@QAEXXZ 10012ea0 f   Explore.obj
 0001:00011fc0       ?SendToServer@@YA_NPAVSimpleDialog@@@Z 10012fc0 f   FnDefine.obj
 0001:00012050       ?SendSmartRequest@@YAXPAVsicExplorer@@PAD@Z 10013050 f   FnDefine.obj
 0001:00012860       ?ADI_Txt@@YA_NPAVsicExplorer@@PAVDialogsSystem@@PAH222HPAPADH3PAD@Z 10013860 f   FnDefine.obj
 0001:000134d0       ?ADI_Edit@@YA_NPAVsicExplorer@@PAVDialogsSystem@@PAH222HPAPADH3PAD@Z 100144d0 f   FnDefine.obj
 0001:000135d0       ?ProcPing@@YAXPAVsicExplorer@@PAXH@Z 100145d0 f   FnDefine.obj
 0001:00013640       ?ADI_Ping@@YA_NPAVsicExplorer@@PAVDialogsSystem@@PAH222HPAPADH3PAD@Z 10014640 f   FnDefine.obj
 0001:00013700       ?CBB_Process@@YAXPAVsicExplorer@@PAXH@Z 10014700 f   FnDefine.obj
 0001:000137d0       ?ADI_Combo@@YA_NPAVsicExplorer@@PAVDialogsSystem@@PAH222HPAPADH3PAD@Z 100147d0 f   FnDefine.obj
 0001:00013b30       ?CBB_Process2@@YAXPAVsicExplorer@@PAXH@Z 10014b30 f   FnDefine.obj
 0001:00013bf0       ?CBB_Close2@@YAXPAVsicExplorer@@PAXH@Z 10014bf0 f   FnDefine.obj
 0001:00013c90       ?ADI_Combo2@@YA_NPAVsicExplorer@@PAVDialogsSystem@@PAH222HPAPADH3PAD@Z 10014c90 f   FnDefine.obj
 0001:00014070       ?ADI_Btn@@YA_NPAVsicExplorer@@PAVDialogsSystem@@PAH222HPAPADH3PAD@Z 10015070 f   FnDefine.obj
 0001:00014430       ?ADI_SBtn@@YA_NPAVsicExplorer@@PAVDialogsSystem@@PAH222HPAPADH3PAD@Z 10015430 f   FnDefine.obj
 0001:00014680       ?CHK_Process@@YAXPAVsicExplorer@@PAXH@Z 10015680 f   FnDefine.obj
 0001:00014790       ?ADI_Chk@@YA_NPAVsicExplorer@@PAVDialogsSystem@@PAH222HPAPADH3PAD@Z 10015790 f   FnDefine.obj
 0001:00014a50       ?ADI_Rad@@YA_NPAVsicExplorer@@PAVDialogsSystem@@PAH222HPAPADH3PAD@Z 10015a50 f   FnDefine.obj
 0001:00014d30       ?ADI_Pan@@YA_NPAVsicExplorer@@PAVDialogsSystem@@PAH222HPAPADH3PAD@Z 10015d30 f   FnDefine.obj
 0001:00014e90       ?ADI_APan@@YA_NPAVsicExplorer@@PAVDialogsSystem@@PAH222HPAPADH3PAD@Z 10015e90 f   FnDefine.obj
 0001:000150f0       ?SOR_Process@@YAXPAVsicExplorer@@PAXH@Z 100160f0 f   FnDefine.obj
 0001:000151b0       ?ADI_Sort@@YA_NPAVsicExplorer@@PAVDialogsSystem@@PAH222HPAPADH3PAD@Z 100161b0 f   FnDefine.obj
 0001:00015450       ?ADI_Poly@@YA_NPAVsicExplorer@@PAVDialogsSystem@@PAH222HPAPADH3PAD@Z 10016450 f   FnDefine.obj
 0001:00015610       ?LimitString@@YAXPADPAVRLCFont@@H@Z 10016610 f   FnDefine.obj
 0001:000156a0       ?ADI_Stbl@@YA_NPAVsicExplorer@@PAVDialogsSystem@@PAH222HPAPADH3PAD@Z 100166a0 f   FnDefine.obj
 0001:00016090       ?ShowPixString@@YAXPAVsicExplorer@@HHHHPAVRLCFont@@PAD_N@Z 10017090 f   FnDefine.obj
 0001:000163b0       ?Draw_DBTBL@@YAXHHHHHEH@Z  100173b0 f   FnDefine.obj
 0001:00016910       ?Process_DBTBL@@YAXPAVsicExplorer@@PAXH@Z 10017910 f   FnDefine.obj
 0001:000172c0       ?Close_DBTBL@@YAXPAVsicExplorer@@PAXH@Z 100182c0 f   FnDefine.obj
 0001:000172e0       ?ADI_AddDBTBL@@YA_NPAVsicExplorer@@PAVDialogsSystem@@PAH222HPAPADH3PAD@Z 100182e0 f   FnDefine.obj
 0001:00018410       ?ShowPixProcess@@YAXPAVsicExplorer@@PAXH@Z 10019410 f   FnDefine.obj
 0001:00018510       ?ADI_Pix@@YA_NPAVsicExplorer@@PAVDialogsSystem@@PAH222HPAPADH3PAD@Z 10019510 f   FnDefine.obj
 0001:00018680       ?ADI_Ubtn@@YA_NPAVsicExplorer@@PAVDialogsSystem@@PAH222HPAPADH3PAD@Z 10019680 f   FnDefine.obj
 0001:00018870       ?ADI_gpBtn@@YA_NPAVsicExplorer@@PAVDialogsSystem@@PAH222HPAPADH3PAD@Z 10019870 f   FnDefine.obj
 0001:00018ad0       ?ADI_def_gp_btn@@YA_NPAVsicExplorer@@PAVDialogsSystem@@PAH222HPAPADH3PAD@Z 10019ad0 f   FnDefine.obj
 0001:00018be0       ?ADI_Hint@@YA_NPAVsicExplorer@@PAVDialogsSystem@@PAH222HPAPADH3PAD@Z 10019be0 f   FnDefine.obj
 0001:00018e10       ?ADI_HintParam@@YA_NPAVsicExplorer@@PAVDialogsSystem@@PAH222HPAPADH3PAD@Z 10019e10 f   FnDefine.obj
 0001:00018f10       ?ADI_Time@@YA_NPAVsicExplorer@@PAVDialogsSystem@@PAH222HPAPADH3PAD@Z 10019f10 f   FnDefine.obj
 0001:00019030       ?DrawMap@@YAXHHHHHEH@Z     1001a030 f   FnDefine.obj
 0001:00019090       ?MapClick@@YA_NPAVSimpleDialog@@@Z 1001a090 f   FnDefine.obj
 0001:00019230       ?ADI_Map@@YA_NPAVsicExplorer@@PAVDialogsSystem@@PAH222HPAPADH3PAD@Z 1001a230 f   FnDefine.obj
 0001:00019390       ?SetTitle@OneMap@@QAEXPAD@Z 1001a390 f i FnDefine.obj
 0001:000193d0       ?ADI_murl@@YA_NPAVsicExplorer@@PAVDialogsSystem@@PAH222HPAPADH3PAD@Z 1001a3d0 f   FnDefine.obj
 0001:00019450       ?ADI_uurl@@YA_NPAVsicExplorer@@PAVDialogsSystem@@PAH222HPAPADH3PAD@Z 1001a450 f   FnDefine.obj
 0001:00019550       ?sgetFile@@YAXPAVsicExplorer@@PAD@Z 1001a550 f   FnDefine.obj
 0001:000195f0       ?ADI_getf@@YA_NPAVsicExplorer@@PAVDialogsSystem@@PAH222HPAPADH3PAD@Z 1001a5f0 f   FnDefine.obj
 0001:00019650       ?ADI_ftxt@@YA_NPAVsicExplorer@@PAVDialogsSystem@@PAH222HPAPADH3PAD@Z 1001a650 f   FnDefine.obj
 0001:000197b0       ?SortStrings@@YAXPAPADH@Z  1001a7b0 f   FnDefine.obj
 0001:00019860       ?FileClickProc@@YAXPAPADH@Z 1001a860 f   FnDefine.obj
 0001:00019a90       ?EnumFilesInDirectory@@YAXPADPAPADH00@Z 1001aa90 f   FnDefine.obj
 0001:0001a1a0       ?BrowseChDisk@@YAXPAVsicExplorer@@PAXH@Z 1001b1a0 f   FnDefine.obj
 0001:0001a270       ?ADI_FBrowse@@YA_NPAVsicExplorer@@PAVDialogsSystem@@PAH222HPAPADH3PAD@Z 1001b270 f   FnDefine.obj
 0001:0001a690       ?ADI_NewFont@@YA_NPAVsicExplorer@@PAVDialogsSystem@@PAH222HPAPADH3PAD@Z 1001b690 f   FnDefine.obj
 0001:0001a980       ?CheckCondition@@YA_NPAD@Z 1001b980 f   FnDefine.obj
 0001:0001a9b0       ?ADI_if@@YA_NPAVsicExplorer@@PAVDialogsSystem@@PAH222HPAPADH3PAD@Z 1001b9b0 f   FnDefine.obj
 0001:0001a9f0       ?ShowVar@@YAXPAVsicExplorer@@PAXH@Z 1001b9f0 f   FnDefine.obj
 0001:0001ab60       ?ADI_Label@@YA_NPAVsicExplorer@@PAVDialogsSystem@@PAH222HPAPADH3PAD@Z 1001bb60 f   FnDefine.obj
 0001:0001adb0       ?InitIFNS@@YAXXZ           1001bdb0 f   FnDefine.obj
 0001:0001c3c0       ??0OneMap@@QAE@XZ          1001d3c0 f   GameOnMap.obj
 0001:0001c410       ?PushWindow@@YAXPAUTempWindow@@@Z 1001d410 f   GameOnMap.obj
 0001:0001c490       ?PopWindow@@YAXPAUTempWindow@@@Z 1001d490 f   GameOnMap.obj
 0001:0001c510       ?IntersectWindows@@YAXHHHH@Z 1001d510 f   GameOnMap.obj
 0001:0001c610       ?ReadWinStringF@@YA_NPAU_iobuf@@PADH@Z 1001d610 f   GameOnMap.obj
 0001:0001c6d0       ?LoadMapData@OneMap@@QAEXPAVsicExplorer@@@Z 1001d6d0 f   GameOnMap.obj
 0001:0001d1b0       ?ApplyColorsToScaleLayer@OneMap@@QAEXH@Z 1001e1b0 f   GameOnMap.obj
 0001:0001d3e0       ?ShowMapPart@OneMap@@QAEXXZ 1001e3e0 f   GameOnMap.obj
 0001:0001da20       ?SetCenterCoor@OneMap@@QAEXHH@Z 1001ea20 f   GameOnMap.obj
 0001:0001da70       ?RelativeMove@OneMap@@QAEXHH@Z 1001ea70 f   GameOnMap.obj
 0001:0001db30       ?ChangeScale@OneMap@@QAEXH@Z 1001eb30 f   GameOnMap.obj
 0001:0001db90       ?NormalizeCoordinates@OneMap@@QAEXXZ 1001eb90 f   GameOnMap.obj
 0001:0001de50       ?ClearAll@OneMap@@QAEXXZ   1001ee50 f   GameOnMap.obj
 0001:0001dfc0       ??1OneMap@@QAE@XZ          1001efc0 f   GameOnMap.obj
 0001:0001e000       ?UpdateMapData@OneMap@@QAEXPAE@Z 1001f000 f   GameOnMap.obj
 0001:0001e3c0       ?AddMapPicture@OneMap@@QAEXPADHHHHH@Z 1001f3c0 f   GameOnMap.obj
 0001:0001e650       ?ClearMapPictures@OneMap@@QAEXXZ 1001f650 f   GameOnMap.obj
 0001:0001e690       _DllMain@12                1001f690 f   IntExplorer.obj
 0001:0001e710       ??0ParsedRQ@@QAE@XZ        1001f710 f   ParseRQ.obj
 0001:0001e760       ??1ParsedRQ@@QAE@XZ        1001f760 f   ParseRQ.obj
 0001:0001e7a0       ?AddComm@ParsedRQ@@QAEXPAD@Z 1001f7a0 f   ParseRQ.obj
 0001:0001e890       ?AddParam@ParsedRQ@@QAEXPADH@Z 1001f890 f   ParseRQ.obj
 0001:0001e9c0       ?Clear@ParsedRQ@@QAEXXZ    1001f9c0 f   ParseRQ.obj
 0001:0001eb10       ?GetHVal@@YAHD@Z           1001fb10 f   ParseRQ.obj
 0001:0001eb70       ?Parse@ParsedRQ@@QAEXPAD@Z 1001fb70 f   ParseRQ.obj
 0001:0001ee30       ?Compact@ParsedRQ@@QAEHPADH@Z 1001fe30 f   ParseRQ.obj
 0001:0001f060       ?Extract@ParsedRQ@@QAEXPADH@Z 10020060 f   ParseRQ.obj
 0001:0001f1f0       ?UnParse@ParsedRQ@@QAEHPADH@Z 100201f0 f   ParseRQ.obj
 0001:0001f5e0       ?DelComm@ParsedRQ@@QAEXH@Z 100205e0 f   ParseRQ.obj
 0001:0001f730       ?AddParamToCom@ParsedRQ@@QAEXHPADH@Z 10020730 f   ParseRQ.obj
 0001:0001f860       ?AddIntParam@ParsedRQ@@QAEXH@Z 10020860 f   ParseRQ.obj
 0001:0001f8d0       ??0PingEngine@@QAE@XZ      100208d0 f   PingEngine.obj
 0001:0001f920       ??1PingEngine@@QAE@XZ      10020920 f   PingEngine.obj
 0001:0001f950       ?Setup@PingEngine@@QAEXXZ  10020950 f   PingEngine.obj
 0001:0001fae0       ?SendPingToIP@PingEngine@@QAE_NK@Z 10020ae0 f   PingEngine.obj
 0001:0001fc00       ?Process@PingEngine@@QAEXXZ 10020c00 f   PingEngine.obj
 0001:0001ff50       ?GetPing@PingEngine@@QAEHK@Z 10020f50 f   PingEngine.obj
 0001:000200b0       ?checksum@@YAGPAGH@Z       100210b0 f   PingEngine.obj
 0001:00020140       ?fill_icmp_data@@YAXPADH@Z 10021140 f   PingEngine.obj
 0001:000201d0       ?decode_resp@@YA_NPADHPAUsockaddr_in@@PAH@Z 100211d0 f   PingEngine.obj
 0001:00020370       ?GETPING@@YAHK@Z           10021370 f   PingEngine.obj
 0001:000203c6       ?RClose@@YAXPAX@Z          100213c6 f   dmcr:dmcr.exe
 0001:000203cc       ?RBlockWrite@@YAKPAX0K@Z   100213cc f   dmcr:dmcr.exe
 0001:000203d2       ?RRewrite@@YAPAXPBD@Z      100213d2 f   dmcr:dmcr.exe
 0001:000203d8       ?RSeek@@YAKPAXH@Z          100213d8 f   dmcr:dmcr.exe
 0001:000203de       ?_ExMalloc@@YAPAXH@Z       100213de f   dmcr:dmcr.exe
 0001:000203e4       ?RBlockRead@@YAKPAX0K@Z    100213e4 f   dmcr:dmcr.exe
 0001:000203ea       ?RReset@@YAPAXPBD@Z        100213ea f   dmcr:dmcr.exe
 0001:000203f0       ?_ExFree@@YAXPAX@Z         100213f0 f   dmcr:dmcr.exe
 0001:000203f6       ?RFileSize@@YAKPAX@Z       100213f6 f   dmcr:dmcr.exe
 0001:000203fc       ?_ExRealloc@@YAPAXPAXH@Z   100213fc f   dmcr:dmcr.exe
 0001:00020402       ?SetCurPtr@@YAXH@Z         10021402 f   dmcr:dmcr.exe
 0001:00020408       ?SetExComm@@YAXPADH@Z      10021408 f   dmcr:dmcr.exe
 0001:0002040e       ?PlayRecfile@@YAXPAD@Z     1002140e f   dmcr:dmcr.exe
 0001:00020414       ?addNewGP_VScrollBar@DialogsSystem@@QAEPAVVScrollBar@@PAVSimpleDialog@@HHHHHHH@Z 10021414 f   dmcr:dmcr.exe
 0001:0002041a       ?addClipper@DialogsSystem@@QAEPAVSimpleDialog@@HHHH@Z 1002141a f   dmcr:dmcr.exe
 0001:00020420       ?addCustomBorder@DialogsSystem@@QAEPAVCustomBorder@@HHHHHPAH0HH@Z 10021420 f   dmcr:dmcr.exe
 0001:00020426       ??0DialogsSystem@@QAE@XZ   10021426 f   dmcr:dmcr.exe
 0001:0002042c       ??1DialogsSystem@@QAE@XZ   1002142c f   dmcr:dmcr.exe
 0001:00020432       ?CloseDialogs@DialogsSystem@@QAEXXZ 10021432 f   dmcr:dmcr.exe
 0001:00020438       ?PreLoadGPImage@GP_System@@QAEHPAD@Z 10021438 f   dmcr:dmcr.exe
 0001:0002043e       ?ProcessDialogs@DialogsSystem@@QAEXXZ 1002143e f   dmcr:dmcr.exe
 0001:00020444       ?ProcessMessages@@YA_NXZ   10021444 f   dmcr:dmcr.exe
 0001:0002044a       ?addGP_Button@DialogsSystem@@QAEPAVGP_Button@@PAVSimpleDialog@@HHHHH@Z 1002144a f   dmcr:dmcr.exe
 0001:00020450       ?addTextButton@DialogsSystem@@QAEPAVTextButton@@PAVSimpleDialog@@HHPADPAVRLCFont@@22E@Z 10021450 f   dmcr:dmcr.exe
 0001:00020456       ?GetGPWidth@GP_System@@QAEHHH@Z 10021456 f   dmcr:dmcr.exe
 0001:0002045c       ?LoadGP@GP_System@@QAE_NH@Z 1002145c f   dmcr:dmcr.exe
 0001:00020462       ?GetRLCWidthUNICODE@@YAHPAUxRLCTable@@PAEPAH@Z 10021462 f   dmcr:dmcr.exe
 0001:00020468       ?GetRLCHeight@@YAHPAUxRLCTable@@E@Z 10021468 f   dmcr:dmcr.exe
 0001:0002046e       ?addInputBox@DialogsSystem@@QAEPAVInputBox@@PAVSimpleDialog@@HHPADHHHPAVRLCFont@@2@Z 1002146e f   dmcr:dmcr.exe
 0001:00020474       ?AddLine@ComboBox@@QAEXPAD@Z 10021474 f   dmcr:dmcr.exe
 0001:0002047a       ?AssignScroll@ComboBox@@QAEXPAVDialogsSystem@@PAPAVVScrollBar@@HHH@Z 1002147a f   dmcr:dmcr.exe
 0001:00020480       ?addGP_ComboBoxDLX@DialogsSystem@@QAEPAVComboBox@@PAVSimpleDialog@@HHHHHHHPAVRLCFont@@1PAD@Z 10021480 f   dmcr:dmcr.exe
 0001:00020486       ?addGP_TextButtonLimited@DialogsSystem@@QAEPAVGP_TextButton@@PAVSimpleDialog@@HHPADHHHHPAVRLCFont@@2@Z 10021486 f   dmcr:dmcr.exe
 0001:0002048c       ?GetGPHeight@GP_System@@QAEHHH@Z 1002148c f   dmcr:dmcr.exe
 0001:00020492       ?addStdGP_TextButton@DialogsSystem@@QAEPAVGP_TextButton@@HHHPADHHPAVRLCFont@@1@Z 10021492 f   dmcr:dmcr.exe
 0001:00020498       ?addGP_TextButton@DialogsSystem@@QAEPAVGP_TextButton@@PAVSimpleDialog@@HHPADHHPAVRLCFont@@2@Z 10021498 f   dmcr:dmcr.exe
 0001:0002049e       ?addGPPicture@DialogsSystem@@QAEPAVGPPicture@@PAVSimpleDialog@@HHHH@Z 1002149e f   dmcr:dmcr.exe
 0001:000204a4       ?addGP_CheckBox@DialogsSystem@@QAEPAVCheckBox@@PAVSimpleDialog@@HHPADPAVRLCFont@@2H_NHHHH@Z 100214a4 f   dmcr:dmcr.exe
 0001:000204aa       ?AddLine@Canvas@@QAEXHHHHE@Z 100214aa f   dmcr:dmcr.exe
 0001:000204b0       ?AddCanvas@DialogsSystem@@QAEPAVCanvas@@HHHH@Z 100214b0 f   dmcr:dmcr.exe
 0001:000204b6       ?GetPaletteColor@@YAEHHH@Z 100214b6 f   dmcr:dmcr.exe
 0001:000204bc       ?GetRLCStrWidth@@YAHPADPAVRLCFont@@@Z 100214bc f   dmcr:dmcr.exe
 0001:000204c2       ?ShowCharUNICODE@@YAXHHPAEPAVRLCFont@@@Z 100214c2 f   dmcr:dmcr.exe
 0001:000204c8       ?ShowGP@GP_System@@QAEXHHHHE@Z 100214c8 f   dmcr:dmcr.exe
 0001:000204ce       ?DrawFilledRect3@@YAXHHHHPAUCorners@@HHH@Z 100214ce f   dmcr:dmcr.exe
 0001:000204d4       ?addComplexBox@DialogsSystem@@QAEPAVComplexBox@@HHHHP6AXHHHHHEH@ZHH@Z 100214d4 f   dmcr:dmcr.exe
 0001:000204da       ?CheckGP_Inside@@YA_NHHHH@Z 100214da f   dmcr:dmcr.exe
 0001:000204e0       ?addCustomBox@DialogsSystem@@QAEPAVCustomBox@@HHHHP6AXHHHHHEH@Z@Z 100214e0 f   dmcr:dmcr.exe
 0001:000204e6       ?addTextViewer@DialogsSystem@@QAEPAVTextViewer@@PAVSimpleDialog@@HHHHPADPAVRLCFont@@@Z 100214e6 f   dmcr:dmcr.exe
 0001:000204ec       ?Clear@ComboBox@@QAEXXZ    100214ec f   dmcr:dmcr.exe
 0001:000204f2       ?SetShadowGP@RLCFont@@QAEXHHH@Z 100214f2 f   dmcr:dmcr.exe
 0001:000204f8       ?SetStdShadow@RLCFont@@QAEXXZ 100214f8 f   dmcr:dmcr.exe
 0001:000204fe       ?SetColorTable@RLCFont@@QAEXH@Z 100214fe f   dmcr:dmcr.exe
 0001:00020504       ?SetGPIndex@RLCFont@@QAEXH@Z 10021504 f   dmcr:dmcr.exe
 0001:0002050a       ?GetPalColor@@YAXEPAE00@Z  1002150a f   dmcr:dmcr.exe
 0001:00020510       ?ShowString@@YAXHHPBDPAVRLCFont@@@Z 10021510 f   dmcr:dmcr.exe
 0001:00020516       ?GPNFrames@GP_System@@QAEHH@Z 10021516 f   dmcr:dmcr.exe
 0001:0002051c       _ioctlsocket@12            1002151c f   wsock32:WSOCK32.dll
 0001:00020522       _setsockopt@20             10021522 f   wsock32:WSOCK32.dll
 0001:00020528       _WSAStartup@8              10021528 f   wsock32:WSOCK32.dll
 0001:0002052e       _sendto@24                 1002152e f   wsock32:WSOCK32.dll
 0001:00020534       _recvfrom@24               10021534 f   wsock32:WSOCK32.dll
 0001:0002053a       _WSASocketA@24             1002153a f   ws2_32:WS2_32.dll
 0001:00020540       ?SetGameID@@YAXPAD@Z       10021540 f   ichat:iChat.dll
 0001:00020546       ?SetChatWState@@YAXHH@Z    10021546 f   ichat:iChat.dll
 0001:0002054c       _GetSystemTime@4           1002154c f   kernel32:KERNEL32.dll
 0001:00020552       _FreeLibrary@4             10021552 f   kernel32:KERNEL32.dll
 0001:00020558       _GetProcAddress@8          10021558 f   kernel32:KERNEL32.dll
 0001:0002055e       _LoadLibraryA@4            1002155e f   kernel32:KERNEL32.dll
 0001:00020564       _GetTickCount@0            10021564 f   kernel32:KERNEL32.dll
 0001:0002056a       _FindClose@4               1002156a f   kernel32:KERNEL32.dll
 0001:00020570       _FindNextFileA@8           10021570 f   kernel32:KERNEL32.dll
 0001:00020576       _DeleteFileA@4             10021576 f   kernel32:KERNEL32.dll
 0001:0002057c       _FindFirstFileA@8          1002157c f   kernel32:KERNEL32.dll
 0001:00020582       _ExitProcess@4             10021582 f   kernel32:KERNEL32.dll
 0001:00020588       _CreateDirectoryA@8        10021588 f   kernel32:KERNEL32.dll
 0001:0002058e       _GetCurrentDirectoryA@8    1002158e f   kernel32:KERNEL32.dll
 0001:00020594       _GetLogicalDriveStringsA@8 10021594 f   kernel32:KERNEL32.dll
 0001:0002059a       _GetCurrentProcessId@0     1002159a f   kernel32:KERNEL32.dll
 0001:000205a0       _GetCursorPos@4            100215a0 f   user32:USER32.dll
 0001:000205a6       _ShellExecuteA@24          100215a6 f   shell32:SHELL32.dll
 0001:000205ac       __chkesp                   100215ac f   LIBC:chkesp.obj
 0001:000205c4       _fclose                    100215c4 f   LIBC:fclose.obj
 0001:0002061a       _fprintf                   1002161a f   LIBC:fprintf.obj
 0001:0002064c       _vsprintf                  1002164c f   LIBC:vsprintf.obj
 0001:0002069d       _sprintf                   1002169d f   LIBC:sprintf.obj
 0001:000206ef       __fsopen                   100216ef f   LIBC:fopen.obj
 0001:0002070f       _fopen                     1002170f f   LIBC:fopen.obj
 0001:00020730       __chkstk                   10021730 f   LIBC:chkstk.obj
 0001:00020730       __alloca_probe             10021730 f   LIBC:chkstk.obj
 0001:00020760       _memset                    10021760 f   LIBC:memset.obj
 0001:000207b8       ?_JumpToContinuation@@YGXPAXPAUEHRegistrationNode@@@Z 100217b8 f   LIBC:trnsctrl.obj
 0001:000207ec       ?_CallMemberFunction0@@YGXPAX0@Z 100217ec f   LIBC:trnsctrl.obj
 0001:000207f3       ?_CallMemberFunction1@@YGXPAX00@Z 100217f3 f   LIBC:trnsctrl.obj
 0001:000207fa       ?_CallMemberFunction2@@YGXPAX00H@Z 100217fa f   LIBC:trnsctrl.obj
 0001:00020801       ?_UnwindNestedFrames@@YGXPAUEHRegistrationNode@@PAUEHExceptionRecord@@@Z 10021801 f   LIBC:trnsctrl.obj
 0001:00020850       ___CxxFrameHandler         10021850 f   LIBC:trnsctrl.obj
 0001:00020886       ___CxxLongjmpUnwind@4      10021886 f   LIBC:trnsctrl.obj
 0001:000208a0       ?_CallCatchBlock2@@YAPAXPAUEHRegistrationNode@@PBU_s_FuncInfo@@PAXHK@Z 100218a0 f   LIBC:trnsctrl.obj
 0001:00020919       ?_CallSETranslator@@YAHPAUEHExceptionRecord@@PAUEHRegistrationNode@@PAX2PBU_s_FuncInfo@@H1@Z 10021919 f   LIBC:trnsctrl.obj
 0001:00020a42       ?_GetRangeOfTrysToCheck@@YAPBU_s_TryBlockMapEntry@@PBU_s_FuncInfo@@HHPAI1@Z 10021a42 f   LIBC:trnsctrl.obj
 0001:00020ac0       __global_unwind2           10021ac0 f   LIBC:exsup.obj
 0001:00020b02       __local_unwind2            10021b02 f   LIBC:exsup.obj
 0001:00020b5a       __NLG_Return2              10021b5a f   LIBC:exsup.obj
 0001:00020b6a       __abnormal_termination     10021b6a f   LIBC:exsup.obj
 0001:00020b8d       __NLG_Notify1              10021b8d f   LIBC:exsup.obj
 0001:00020b96       __NLG_Notify               10021b96 f   LIBC:exsup.obj
 0001:00020ba9       __NLG_Dispatch             10021ba9 f   LIBC:exsup.obj
 0001:00020bb0       _strcmp                    10021bb0 f   LIBC:strcmp.obj
 0001:00020c40       _memcpy                    10021c40 f   LIBC:memcpy.obj
 0001:00020f80       _strcpy                    10021f80 f   LIBC:strcat.obj
 0001:00020f90       _strcat                    10021f90 f   LIBC:strcat.obj
 0001:00021070       __onexit                   10022070 f   LIBC:onexit.obj
 0001:000210dd       _atexit                    100220dd f   LIBC:onexit.obj
 0001:000210ef       ___onexitinit              100220ef f   LIBC:onexit.obj
 0001:00021120       _strlen                    10022120 f   LIBC:strlen.obj
 0001:000211a0       _strncpy                   100221a0 f   LIBC:strncpy.obj
 0001:0002129e       _atol                      1002229e f   LIBC:atox.obj
 0001:00021329       _atoi                      10022329 f   LIBC:atox.obj
 0001:00021334       __atoi64                   10022334 f   LIBC:atox.obj
 0001:00021400       _strchr                    10022400 f   LIBC:strchr.obj
 0001:00021406       ___from_strstr_to_strchr   10022406 f   LIBC:strchr.obj
 0001:000214c0       _memmove                   100224c0 f   LIBC:memmove.obj
 0001:00021800       _strstr                    10022800 f   LIBC:strstr.obj
 0001:00021880       _fscanf                    10022880 f   LIBC:fscanf.obj
 0001:00021896       __utime                    10022896 f   LIBC:utime.obj
 0001:000218cd       __futime                   100228cd f   LIBC:utime.obj
 0001:00021a03       _sscanf                    10022a03 f   LIBC:sscanf.obj
 0001:00021a37       _fwrite                    10022a37 f   LIBC:fwrite.obj
 0001:00021b41       _rename                    10022b41 f   LIBC:rename.obj
 0001:00021b6f       _remove                    10022b6f f   LIBC:unlink.obj
 0001:00021b99       __unlink                   10022b99 f   LIBC:unlink.obj
 0001:00021ba4       ??_M@YGXPAXIHP6EX0@Z@Z     10022ba4 f   LIBC:ehvecdtr.obj
 0001:00021c24       ?__ArrayUnwind@@YGXPAXIHP6EX0@Z@Z 10022c24 f   LIBC:ehvecdtr.obj
 0001:00021c98       _abs                       10022c98 f   LIBC:abs.obj
 0001:00021ca3       ___dtoxmode                10022ca3 f   LIBC:stat.obj
 0001:00021d5b       __stat                     10022d5b f   LIBC:stat.obj
 0001:0002207e       _fgetc                     1002307e f   LIBC:fgetc.obj
 0001:00022098       _getc                      10023098 f   LIBC:fgetc.obj
 0001:000220a3       __CRT_INIT@12              100230a3 f   LIBC:dllcrt0.obj
 0001:0002215b       __DllMainCRTStartup@12     1002315b f   LIBC:dllcrt0.obj
 0001:000221f8       __amsg_exit                100231f8 f   LIBC:dllcrt0.obj
 0001:0002222b       _free                      1002322b f   LIBC:free.obj
 0001:00022294       __close                    10023294 f   LIBC:close.obj
 0001:00022347       __freebuf                  10023347 f   LIBC:_freebuf.obj
 0001:00022372       _fflush                    10023372 f   LIBC:fflush.obj
 0001:000223ad       __flush                    100233ad f   LIBC:fflush.obj
 0001:00022409       __flushall                 10023409 f   LIBC:fflush.obj
 0001:0002247f       __stbuf                    1002347f f   LIBC:_sftbuf.obj
 0001:0002250c       __ftbuf                    1002350c f   LIBC:_sftbuf.obj
 0001:00022549       __output                   10023549 f   LIBC:output.obj
 0001:00022d53       __flsbuf                   10023d53 f   LIBC:_flsbuf.obj
 0001:00022e68       __openfile                 10023e68 f   LIBC:_open.obj
 0001:00022fd8       __getstream                10023fd8 f   LIBC:stream.obj
 0001:00023050       ___InternalCxxFrameHandler 10024050 f   LIBC:frame.obj
 0001:00023397       ___FrameUnwindToState      10024397 f   LIBC:frame.obj
 0001:000237c0       ?_DestructExceptionObject@@YAXPAUEHExceptionRecord@@E@Z 100247c0 f   LIBC:frame.obj
 0001:00023850       __CallSettingFrame@12      10024850 f   LIBC:lowhelpr.obj
 0001:00023877       __NLG_Return               10024877 f   LIBC:lowhelpr.obj
 0001:0002389c       ?terminate@@YAXXZ          1002489c f   LIBC:hooks.obj
 0001:000238f2       ?unexpected@@YAXXZ         100248f2 f   LIBC:hooks.obj
 0001:00023902       ?_inconsistency@@YAXXZ     10024902 f   LIBC:hooks.obj
 0001:00023958       _realloc                   10024958 f   LIBC:realloc.obj
 0001:00023bf8       __cinit                    10024bf8 f   LIBC:crt0dat.obj
 0001:00023c25       _exit                      10024c25 f   LIBC:crt0dat.obj
 0001:00023c36       __exit                     10024c36 f   LIBC:crt0dat.obj
 0001:00023c47       __cexit                    10024c47 f   LIBC:crt0dat.obj
 0001:00023c56       __c_exit                   10024c56 f   LIBC:crt0dat.obj
 0001:00023d18       __msize                    10024d18 f   LIBC:msize.obj
 0001:00023d79       _malloc                    10024d79 f   LIBC:malloc.obj
 0001:00023d8b       __nh_malloc                10024d8b f   LIBC:malloc.obj
 0001:00023db7       __heap_alloc               10024db7 f   LIBC:malloc.obj
 0001:00023e2b       __isctype                  10024e2b f   LIBC:isctype.obj
 0001:00023ea0       __allmul                   10024ea0 f   LIBC:llmul.obj
 0001:00023ed4       __input                    10024ed4 f   LIBC:input.obj
 0001:00024985       __open                     10025985 f   LIBC:open.obj
 0001:0002499c       __sopen                    1002599c f   LIBC:open.obj
 0001:00024c55       __alloc_osfhnd             10025c55 f   LIBC:osfinfo.obj
 0001:00024cea       __set_osfhnd               10025cea f   LIBC:osfinfo.obj
 0001:00024d61       __free_osfhnd              10025d61 f   LIBC:osfinfo.obj
 0001:00024ddb       __get_osfhandle            10025ddb f   LIBC:osfinfo.obj
 0001:00024e18       __open_osfhandle           10025e18 f   LIBC:osfinfo.obj
 0001:00024eb5       _localtime                 10025eb5 f   LIBC:localtim.obj
 0001:00025015       _time                      10026015 f   LIBC:time.obj
 0001:000250f1       __write                    100260f1 f   LIBC:write.obj
 0001:0002529e       __dosmaperr                1002629e f   LIBC:dosmap.obj
 0001:00025310       __except_handler3          10026310 f   LIBC:exsup3.obj
 0001:000253cd       __seh_longjmp_unwind@4     100263cd f   LIBC:exsup3.obj
 0001:000253e8       __mbsicmp                  100263e8 f   LIBC:mbsicmp.obj
 0001:00025556       __mbsrchr                  10026556 f   LIBC:mbsrchr.obj
 0001:000255b6       ___loctotime_t             100265b6 f   LIBC:dtoxtime.obj
 0001:00025678       __fullpath                 10026678 f   LIBC:fullpath.obj
 0001:0002571b       __getdrive                 1002671b f   LIBC:drive.obj
 0001:0002575e       __chdrive                  1002675e f   LIBC:drive.obj
 0001:000257b5       __mbctolower               100267b5 f   LIBC:mbtolwr.obj
 0001:00025830       __mbspbrk                  10026830 f   LIBC:mbspbrk.obj
 0001:000258b5       __filbuf                   100268b5 f   LIBC:_filbuf.obj
 0001:0002598e       __GetLinkerVersion         1002698e f   LIBC:heapinit.obj
 0001:000259bb       ___heap_select             100269bb f   LIBC:heapinit.obj
 0001:00025b03       __heap_init                10026b03 f   LIBC:heapinit.obj
 0001:00025b60       __heap_term                10026b60 f   LIBC:heapinit.obj
 0001:00025c08       __ioinit                   10026c08 f   LIBC:ioinit.obj
 0001:00025db3       __ioterm                   10026db3 f   LIBC:ioinit.obj
 0001:00025dd6       __setenvp                  10026dd6 f   LIBC:stdenvp.obj
 0001:00025e8f       __setargv                  10026e8f f   LIBC:stdargv.obj
 0001:000260dc       ___crtGetEnvironmentStringsA 100270dc f   LIBC:a_env.obj
 0001:0002620e       __FF_MSGBANNER             1002720e f   LIBC:crt0msg.obj
 0001:00026247       __NMSG_WRITE               10027247 f   LIBC:crt0msg.obj
 0001:0002639a       __GET_RTERRMSG             1002739a f   LIBC:crt0msg.obj
 0001:000263cb       __get_sbh_threshold        100273cb f   LIBC:sbheap.obj
 0001:000263ea       __set_sbh_threshold        100273ea f   LIBC:sbheap.obj
 0001:0002649d       ___sbh_heap_init           1002749d f   LIBC:sbheap.obj
 0001:000264e5       ___sbh_find_block          100274e5 f   LIBC:sbheap.obj
 0001:00026510       ___sbh_free_block          10027510 f   LIBC:sbheap.obj
 0001:00026839       ___sbh_alloc_block         10027839 f   LIBC:sbheap.obj
 0001:00026b42       ___sbh_alloc_new_region    10027b42 f   LIBC:sbheap.obj
 0001:00026bf3       ___sbh_alloc_new_group     10027bf3 f   LIBC:sbheap.obj
 0001:00026cee       ___sbh_resize_block        10027cee f   LIBC:sbheap.obj
 0001:00026fe4       ___sbh_heapmin             10027fe4 f   LIBC:sbheap.obj
 0001:000270b5       ___sbh_heap_check          100280b5 f   LIBC:sbheap.obj
 0001:000273e4       __get_old_sbh_threshold    100283e4 f   LIBC:sbheap.obj
 0001:000273ea       __set_old_sbh_threshold    100283ea f   LIBC:sbheap.obj
 0001:00027406       ___old_sbh_new_region      10028406 f   LIBC:sbheap.obj
 0001:0002754a       ___old_sbh_release_region  1002854a f   LIBC:sbheap.obj
 0001:000275a0       ___old_sbh_decommit_pages  100285a0 f   LIBC:sbheap.obj
 0001:00027662       ___old_sbh_find_block      10028662 f   LIBC:sbheap.obj
 0001:000276b9       ___old_sbh_free_block      100286b9 f   LIBC:sbheap.obj
 0001:000276fe       ___old_sbh_alloc_block     100286fe f   LIBC:sbheap.obj
 0001:00027906       ___old_sbh_alloc_block_from_page 10028906 f   LIBC:sbheap.obj
 0001:00027a2a       ___old_sbh_resize_block    10028a2a f   LIBC:sbheap.obj
 0001:00027ad3       ___old_sbh_heap_check      10028ad3 f   LIBC:sbheap.obj
 0001:00027c31       __commit                   10028c31 f   LIBC:commit.obj
 0001:00027c88       ___initstdio               10028c88 f   LIBC:_file.obj
 0001:00027d2d       ___endstdio                10028d2d f   LIBC:_file.obj
 0001:00027d41       __isatty                   10028d41 f   LIBC:isatty.obj
 0001:00027d67       _wctomb                    10028d67 f   LIBC:wctomb.obj
 0001:00027dd0       __aulldiv                  10028dd0 f   LIBC:ulldiv.obj
 0001:00027e40       __aullrem                  10028e40 f   LIBC:ullrem.obj
 0001:00027eb5       __lseek                    10028eb5 f   LIBC:lseek.obj
 0001:00027f4f       __getbuf                   10028f4f f   LIBC:_getbuf.obj
 0001:00027f93       ?__CxxUnhandledExceptionFilter@@YGJPAU_EXCEPTION_POINTERS@@@Z 10028f93 f   LIBC:unhandld.obj
 0001:00027fd9       ?__CxxSetUnhandledExceptionFilter@@YAXXZ 10028fd9 f   LIBC:unhandld.obj
 0001:00027fea       ?__CxxRestoreUnhandledExceptionFilter@@YAXXZ 10028fea f   LIBC:unhandld.obj
 0001:00027ff7       ?_ValidateRead@@YAHPBXI@Z  10028ff7 f   LIBC:validate.obj
 0001:00028013       ?_ValidateWrite@@YAHPAXI@Z 10029013 f   LIBC:validate.obj
 0001:0002802f       ?_ValidateExecute@@YAHP6GHXZ@Z 1002902f f   LIBC:validate.obj
 0001:00028047       _abort                     10029047 f   LIBC:abort.obj
 0001:0002805e       ?_set_new_handler@@YAP6AHI@ZP6AHI@Z@Z 1002905e f   LIBC:handler.obj
 0001:0002806e       ?_query_new_handler@@YAP6AHI@ZXZ 1002906e f   LIBC:handler.obj
 0001:00028074       __callnewh                 10029074 f   LIBC:handler.obj
 0001:0002808f       ___crtGetStringTypeA       1002908f f   LIBC:a_str.obj
 0001:000281d8       _mbtowc                    100291d8 f   LIBC:mbtowc.obj
 0001:000282a0       _isalpha                   100292a0 f   LIBC:_ctype.obj
 0001:000282ce       _isupper                   100292ce f   LIBC:_ctype.obj
 0001:000282f6       _islower                   100292f6 f   LIBC:_ctype.obj
 0001:0002831e       _isdigit                   1002931e f   LIBC:_ctype.obj
 0001:00028346       _isxdigit                  10029346 f   LIBC:_ctype.obj
 0001:00028373       _isspace                   10029373 f   LIBC:_ctype.obj
 0001:0002839b       _ispunct                   1002939b f   LIBC:_ctype.obj
 0001:000283c3       _isalnum                   100293c3 f   LIBC:_ctype.obj
 0001:000283f1       _isprint                   100293f1 f   LIBC:_ctype.obj
 0001:0002841f       _isgraph                   1002941f f   LIBC:_ctype.obj
 0001:0002844d       _iscntrl                   1002944d f   LIBC:_ctype.obj
 0001:00028475       ___isascii                 10029475 f   LIBC:_ctype.obj
 0001:00028482       ___toascii                 10029482 f   LIBC:_ctype.obj
 0001:0002848a       ___iscsymf                 1002948a f   LIBC:_ctype.obj
 0001:000284c7       ___iscsym                  100294c7 f   LIBC:_ctype.obj
 0001:00028510       __allshl                   10029510 f   LIBC:llshl.obj
 0001:0002852f       _ungetc                    1002952f f   LIBC:ungetc.obj
 0001:0002859d       __chsize                   1002959d f   LIBC:chsize.obj
 0001:000286e3       __read                     100296e3 f   LIBC:read.obj
 0001:000288d9       ___tzset                   100298d9 f   LIBC:tzset.obj
 0001:000288ee       __tzset                    100298ee f   LIBC:tzset.obj
 0001:00028b4c       __isindst                  10029b4c f   LIBC:tzset.obj
 0001:00028e38       _gmtime                    10029e38 f   LIBC:gmtime.obj
 0001:00028f31       __setmbcp                  10029f31 f   LIBC:mbctype.obj
 0001:000292f5       __getmbcp                  1002a2f5 f   LIBC:mbctype.obj
 0001:00029305       ___initmbctable            1002a305 f   LIBC:mbctype.obj
 0001:00029321       ___crtLCMapStringA         1002a321 f   LIBC:a_map.obj
 0001:00029570       __stricmp                  1002a570 f   LIBC:stricmp.obj
 0001:00029570       __strcmpi                  1002a570 f   LIBC:stricmp.obj
 0001:00029570       _stricmp                   1002a570 f   LIBC:stricmp.obj
 0001:00029600       _strrchr                   1002a600 f   LIBC:strrchr.obj
 0001:00029627       __getcwd                   1002a627 f   LIBC:getcwd.obj
 0001:0002963a       __getdcwd                  1002a63a f   LIBC:getcwd.obj
 0001:0002970b       __validdrive               1002a70b f   LIBC:getcwd.obj
 0001:00029742       __toupper                  1002a742 f   LIBC:toupper.obj
 0001:0002974a       _toupper                   1002a74a f   LIBC:toupper.obj
 0001:00029820       _strpbrk                   1002a820 f   LIBC:strpbrk.obj
 0001:0002985a       _strtol                    1002a85a f   LIBC:strtol.obj
 0001:00029a79       _strtoul                   1002aa79 f   LIBC:strtol.obj
 0001:00029a90       _strncmp                   1002aa90 f   LIBC:strncmp.obj
 0001:00029ac8       ___crtMessageBoxA          1002aac8 f   LIBC:crtmbox.obj
 0001:00029b51       _calloc                    1002ab51 f   LIBC:calloc.obj
 0001:00029c02       __fcloseall                1002ac02 f   LIBC:closeall.obj
 0001:00029c5a       __fptrap                   1002ac5a f   LIBC:crt0fp.obj
 0001:00029c63       _signal                    1002ac63 f   LIBC:winsig.obj
 0001:00029da7       _raise                     1002ada7 f   LIBC:winsig.obj
 0001:00029f19       __setmode                  1002af19 f   LIBC:setmode.obj
 0001:00029f8f       _getenv                    1002af8f f   LIBC:getenv.obj
 0001:0002a00c       __tolower                  1002b00c f   LIBC:tolower.obj
 0001:0002a014       _tolower                   1002b014 f   LIBC:tolower.obj
 0001:0002a0df       __XcptFilter               1002b0df f   LIBC:winxfltr.obj
 0001:0002a263       __mbsnbicoll               1002b263 f   LIBC:mbsnbico.obj
 0001:0002a2a2       ___wtomb_environ           1002b2a2 f   LIBC:wtombenv.obj
 0001:0002a310       ___crtCompareStringA       1002b310 f   LIBC:a_cmp.obj
 0001:0002a5b8       ___crtsetenv               1002b5b8 f   LIBC:setenv.obj
 0001:0002a7fe       __mbschr                   1002b7fe f   LIBC:mbschr.obj
 0001:0002a871       __strdup                   1002b871 f   LIBC:strdup.obj
 0001:0002a8a0       _RtlUnwind@16              1002b8a0 f   kernel32:KERNEL32.dll
 0001:0002a8a6       _SetFileTime@16            1002b8a6 f   kernel32:KERNEL32.dll
 0001:0002a8ac       _LocalFileTimeToFileTime@8 1002b8ac f   kernel32:KERNEL32.dll
 0001:0002a8b2       _SystemTimeToFileTime@8    1002b8b2 f   kernel32:KERNEL32.dll
 0001:0002a8b8       _GetLastError@0            1002b8b8 f   kernel32:KERNEL32.dll
 0001:0002a8be       _MoveFileA@8               1002b8be f   kernel32:KERNEL32.dll
 0001:0002a8c4       _FileTimeToSystemTime@8    1002b8c4 f   kernel32:KERNEL32.dll
 0001:0002a8ca       _FileTimeToLocalFileTime@8 1002b8ca f   kernel32:KERNEL32.dll
 0001:0002a8d0       _GetDriveTypeA@4           1002b8d0 f   kernel32:KERNEL32.dll
 0001:0002a8d6       _GetCommandLineA@0         1002b8d6 f   kernel32:KERNEL32.dll
 0001:0002a8dc       _GetVersion@0              1002b8dc f   kernel32:KERNEL32.dll
 0001:0002a8e2       _HeapFree@12               1002b8e2 f   kernel32:KERNEL32.dll
 0001:0002a8e8       _CloseHandle@4             1002b8e8 f   kernel32:KERNEL32.dll
 0001:0002a8ee       _HeapReAlloc@16            1002b8ee f   kernel32:KERNEL32.dll
 0001:0002a8f4       _HeapAlloc@12              1002b8f4 f   kernel32:KERNEL32.dll
 0001:0002a8fa       _TerminateProcess@8        1002b8fa f   kernel32:KERNEL32.dll
 0001:0002a900       _GetCurrentProcess@0       1002b900 f   kernel32:KERNEL32.dll
 0001:0002a906       _HeapSize@12               1002b906 f   kernel32:KERNEL32.dll
 0001:0002a90c       _GetFileType@4             1002b90c f   kernel32:KERNEL32.dll
 0001:0002a912       _CreateFileA@28            1002b912 f   kernel32:KERNEL32.dll
 0001:0002a918       _SetStdHandle@8            1002b918 f   kernel32:KERNEL32.dll
 0001:0002a91e       _GetTimeZoneInformation@4  1002b91e f   kernel32:KERNEL32.dll
 0001:0002a924       _GetLocalTime@4            1002b924 f   kernel32:KERNEL32.dll
 0001:0002a92a       _WriteFile@20              1002b92a f   kernel32:KERNEL32.dll
 0001:0002a930       _GetFullPathNameA@16       1002b930 f   kernel32:KERNEL32.dll
 0001:0002a936       _SetCurrentDirectoryA@4    1002b936 f   kernel32:KERNEL32.dll
 0001:0002a93c       _GetModuleHandleA@4        1002b93c f   kernel32:KERNEL32.dll
 0001:0002a942       _GetModuleFileNameA@12     1002b942 f   kernel32:KERNEL32.dll
 0001:0002a948       _GetEnvironmentVariableA@12 1002b948 f   kernel32:KERNEL32.dll
 0001:0002a94e       _GetVersionExA@4           1002b94e f   kernel32:KERNEL32.dll
 0001:0002a954       _HeapDestroy@4             1002b954 f   kernel32:KERNEL32.dll
 0001:0002a95a       _HeapCreate@12             1002b95a f   kernel32:KERNEL32.dll
 0001:0002a960       _VirtualFree@12            1002b960 f   kernel32:KERNEL32.dll
 0001:0002a966       _SetHandleCount@4          1002b966 f   kernel32:KERNEL32.dll
 0001:0002a96c       _GetStdHandle@4            1002b96c f   kernel32:KERNEL32.dll
 0001:0002a972       _GetStartupInfoA@4         1002b972 f   kernel32:KERNEL32.dll
 0001:0002a978       _FreeEnvironmentStringsA@4 1002b978 f   kernel32:KERNEL32.dll
 0001:0002a97e       _FreeEnvironmentStringsW@4 1002b97e f   kernel32:KERNEL32.dll
 0001:0002a984       _WideCharToMultiByte@32    1002b984 f   kernel32:KERNEL32.dll
 0001:0002a98a       _GetEnvironmentStrings@0   1002b98a f   kernel32:KERNEL32.dll
 0001:0002a990       _GetEnvironmentStringsW@0  1002b990 f   kernel32:KERNEL32.dll
 0001:0002a996       _VirtualAlloc@16           1002b996 f   kernel32:KERNEL32.dll
 0001:0002a99c       _IsBadWritePtr@8           1002b99c f   kernel32:KERNEL32.dll
 0001:0002a9a2       _FlushFileBuffers@4        1002b9a2 f   kernel32:KERNEL32.dll
 0001:0002a9a8       _SetFilePointer@16         1002b9a8 f   kernel32:KERNEL32.dll
 0001:0002a9ae       _SetUnhandledExceptionFilter@4 1002b9ae f   kernel32:KERNEL32.dll
 0001:0002a9b4       _IsBadReadPtr@8            1002b9b4 f   kernel32:KERNEL32.dll
 0001:0002a9ba       _IsBadCodePtr@4            1002b9ba f   kernel32:KERNEL32.dll
 0001:0002a9c0       _MultiByteToWideChar@24    1002b9c0 f   kernel32:KERNEL32.dll
 0001:0002a9c6       _GetStringTypeA@20         1002b9c6 f   kernel32:KERNEL32.dll
 0001:0002a9cc       _GetStringTypeW@16         1002b9cc f   kernel32:KERNEL32.dll
 0001:0002a9d2       _SetEndOfFile@4            1002b9d2 f   kernel32:KERNEL32.dll
 0001:0002a9d8       _ReadFile@20               1002b9d8 f   kernel32:KERNEL32.dll
 0001:0002a9de       _GetCPInfo@8               1002b9de f   kernel32:KERNEL32.dll
 0001:0002a9e4       _GetACP@0                  1002b9e4 f   kernel32:KERNEL32.dll
 0001:0002a9ea       _GetOEMCP@0                1002b9ea f   kernel32:KERNEL32.dll
 0001:0002a9f0       _LCMapStringA@24           1002b9f0 f   kernel32:KERNEL32.dll
 0001:0002a9f6       _LCMapStringW@24           1002b9f6 f   kernel32:KERNEL32.dll
 0001:0002a9fc       _SetConsoleCtrlHandler@8   1002b9fc f   kernel32:KERNEL32.dll
 0001:0002aa02       _UnhandledExceptionFilter@4 1002ba02 f   kernel32:KERNEL32.dll
 0001:0002aa08       _CompareStringA@24         1002ba08 f   kernel32:KERNEL32.dll
 0001:0002aa0e       _CompareStringW@24         1002ba0e f   kernel32:KERNEL32.dll
 0001:0002aa14       _SetEnvironmentVariableA@8 1002ba14 f   kernel32:KERNEL32.dll
 0001:0002aa1a       __strupr                   1002ba1a f   LIBC:strupr.obj
 0001:0002aa1a       _strupr                    1002ba1a f   LIBC:strupr.obj
 0001:0002aab8       __itoa                     1002bab8 f   LIBC:xtoa.obj
 0001:0002aab8       _itoa                      1002bab8 f   LIBC:xtoa.obj
 0001:0002ab41       __ltoa                     1002bb41 f   LIBC:xtoa.obj
 0001:0002ab6b       __ultoa                    1002bb6b f   LIBC:xtoa.obj
 0001:0002ab86       __i64toa                   1002bb86 f   LIBC:xtoa.obj
 0001:0002ac3d       __ui64toa                  1002bc3d f   LIBC:xtoa.obj
 0002:00000000       __imp__GetTimeZoneInformation@4 1002c000     kernel32:KERNEL32.dll
 0002:00000004       __imp__SetEnvironmentVariableA@8 1002c004     kernel32:KERNEL32.dll
 0002:00000008       __imp__CompareStringW@24   1002c008     kernel32:KERNEL32.dll
 0002:0000000c       __imp__CompareStringA@24   1002c00c     kernel32:KERNEL32.dll
 0002:00000010       __imp__UnhandledExceptionFilter@4 1002c010     kernel32:KERNEL32.dll
 0002:00000014       __imp__SetConsoleCtrlHandler@8 1002c014     kernel32:KERNEL32.dll
 0002:00000018       __imp__LCMapStringW@24     1002c018     kernel32:KERNEL32.dll
 0002:0000001c       __imp__LCMapStringA@24     1002c01c     kernel32:KERNEL32.dll
 0002:00000020       __imp__GetOEMCP@0          1002c020     kernel32:KERNEL32.dll
 0002:00000024       __imp__GetACP@0            1002c024     kernel32:KERNEL32.dll
 0002:00000028       __imp__GetCPInfo@8         1002c028     kernel32:KERNEL32.dll
 0002:0000002c       __imp__ReadFile@20         1002c02c     kernel32:KERNEL32.dll
 0002:00000030       __imp__SetEndOfFile@4      1002c030     kernel32:KERNEL32.dll
 0002:00000034       __imp__GetStringTypeW@16   1002c034     kernel32:KERNEL32.dll
 0002:00000038       __imp__GetStringTypeA@20   1002c038     kernel32:KERNEL32.dll
 0002:0000003c       __imp__MultiByteToWideChar@24 1002c03c     kernel32:KERNEL32.dll
 0002:00000040       __imp__IsBadCodePtr@4      1002c040     kernel32:KERNEL32.dll
 0002:00000044       __imp__IsBadReadPtr@8      1002c044     kernel32:KERNEL32.dll
 0002:00000048       __imp__SetUnhandledExceptionFilter@4 1002c048     kernel32:KERNEL32.dll
 0002:0000004c       __imp__SetFilePointer@16   1002c04c     kernel32:KERNEL32.dll
 0002:00000050       __imp__FlushFileBuffers@4  1002c050     kernel32:KERNEL32.dll
 0002:00000054       __imp__IsBadWritePtr@8     1002c054     kernel32:KERNEL32.dll
 0002:00000058       __imp__VirtualAlloc@16     1002c058     kernel32:KERNEL32.dll
 0002:0000005c       __imp__GetEnvironmentStringsW@0 1002c05c     kernel32:KERNEL32.dll
 0002:00000060       __imp__GetEnvironmentStrings@0 1002c060     kernel32:KERNEL32.dll
 0002:00000064       __imp__WideCharToMultiByte@32 1002c064     kernel32:KERNEL32.dll
 0002:00000068       __imp__FreeEnvironmentStringsW@4 1002c068     kernel32:KERNEL32.dll
 0002:0000006c       __imp__FreeEnvironmentStringsA@4 1002c06c     kernel32:KERNEL32.dll
 0002:00000070       __imp__GetStartupInfoA@4   1002c070     kernel32:KERNEL32.dll
 0002:00000074       __imp__GetStdHandle@4      1002c074     kernel32:KERNEL32.dll
 0002:00000078       __imp__SetHandleCount@4    1002c078     kernel32:KERNEL32.dll
 0002:0000007c       __imp__VirtualFree@12      1002c07c     kernel32:KERNEL32.dll
 0002:00000080       __imp__HeapCreate@12       1002c080     kernel32:KERNEL32.dll
 0002:00000084       __imp__HeapDestroy@4       1002c084     kernel32:KERNEL32.dll
 0002:00000088       __imp__GetVersionExA@4     1002c088     kernel32:KERNEL32.dll
 0002:0000008c       __imp__GetEnvironmentVariableA@12 1002c08c     kernel32:KERNEL32.dll
 0002:00000090       __imp__GetModuleFileNameA@12 1002c090     kernel32:KERNEL32.dll
 0002:00000094       __imp__GetModuleHandleA@4  1002c094     kernel32:KERNEL32.dll
 0002:00000098       __imp__SetCurrentDirectoryA@4 1002c098     kernel32:KERNEL32.dll
 0002:0000009c       __imp__GetFullPathNameA@16 1002c09c     kernel32:KERNEL32.dll
 0002:000000a0       __imp__WriteFile@20        1002c0a0     kernel32:KERNEL32.dll
 0002:000000a4       __imp__GetLocalTime@4      1002c0a4     kernel32:KERNEL32.dll
 0002:000000a8       __imp__RtlUnwind@16        1002c0a8     kernel32:KERNEL32.dll
 0002:000000ac       __imp__SetStdHandle@8      1002c0ac     kernel32:KERNEL32.dll
 0002:000000b0       __imp__CreateFileA@28      1002c0b0     kernel32:KERNEL32.dll
 0002:000000b4       __imp__GetFileType@4       1002c0b4     kernel32:KERNEL32.dll
 0002:000000b8       __imp__HeapSize@12         1002c0b8     kernel32:KERNEL32.dll
 0002:000000bc       __imp__GetCurrentProcess@0 1002c0bc     kernel32:KERNEL32.dll
 0002:000000c0       __imp__TerminateProcess@8  1002c0c0     kernel32:KERNEL32.dll
 0002:000000c4       __imp__HeapAlloc@12        1002c0c4     kernel32:KERNEL32.dll
 0002:000000c8       __imp__HeapReAlloc@16      1002c0c8     kernel32:KERNEL32.dll
 0002:000000cc       __imp__CloseHandle@4       1002c0cc     kernel32:KERNEL32.dll
 0002:000000d0       __imp__HeapFree@12         1002c0d0     kernel32:KERNEL32.dll
 0002:000000d4       __imp__GetVersion@0        1002c0d4     kernel32:KERNEL32.dll
 0002:000000d8       __imp__GetCommandLineA@0   1002c0d8     kernel32:KERNEL32.dll
 0002:000000dc       __imp__GetDriveTypeA@4     1002c0dc     kernel32:KERNEL32.dll
 0002:000000e0       __imp__FileTimeToLocalFileTime@8 1002c0e0     kernel32:KERNEL32.dll
 0002:000000e4       __imp__FileTimeToSystemTime@8 1002c0e4     kernel32:KERNEL32.dll
 0002:000000e8       __imp__MoveFileA@8         1002c0e8     kernel32:KERNEL32.dll
 0002:000000ec       __imp__GetLastError@0      1002c0ec     kernel32:KERNEL32.dll
 0002:000000f0       __imp__SystemTimeToFileTime@8 1002c0f0     kernel32:KERNEL32.dll
 0002:000000f4       __imp__LocalFileTimeToFileTime@8 1002c0f4     kernel32:KERNEL32.dll
 0002:000000f8       __imp__SetFileTime@16      1002c0f8     kernel32:KERNEL32.dll
 0002:000000fc       __imp__ExitProcess@4       1002c0fc     kernel32:KERNEL32.dll
 0002:00000100       __imp__FindFirstFileA@8    1002c100     kernel32:KERNEL32.dll
 0002:00000104       __imp__CreateDirectoryA@8  1002c104     kernel32:KERNEL32.dll
 0002:00000108       __imp__GetSystemTime@4     1002c108     kernel32:KERNEL32.dll
 0002:0000010c       __imp__FreeLibrary@4       1002c10c     kernel32:KERNEL32.dll
 0002:00000110       __imp__GetCurrentProcessId@0 1002c110     kernel32:KERNEL32.dll
 0002:00000114       __imp__GetLogicalDriveStringsA@8 1002c114     kernel32:KERNEL32.dll
 0002:00000118       __imp__GetCurrentDirectoryA@8 1002c118     kernel32:KERNEL32.dll
 0002:0000011c       __imp__LoadLibraryA@4      1002c11c     kernel32:KERNEL32.dll
 0002:00000120       __imp__GetProcAddress@8    1002c120     kernel32:KERNEL32.dll
 0002:00000124       __imp__DeleteFileA@4       1002c124     kernel32:KERNEL32.dll
 0002:00000128       __imp__FindNextFileA@8     1002c128     kernel32:KERNEL32.dll
 0002:0000012c       __imp__FindClose@4         1002c12c     kernel32:KERNEL32.dll
 0002:00000130       __imp__GetTickCount@0      1002c130     kernel32:KERNEL32.dll
 0002:00000134       \177KERNEL32_NULL_THUNK_DATA 1002c134     kernel32:KERNEL32.dll
 0002:00000138       __imp__ShellExecuteA@24    1002c138     shell32:SHELL32.dll
 0002:0000013c       \177SHELL32_NULL_THUNK_DATA 1002c13c     shell32:SHELL32.dll
 0002:00000140       __imp__GetCursorPos@4      1002c140     user32:USER32.dll
 0002:00000144       \177USER32_NULL_THUNK_DATA 1002c144     user32:USER32.dll
 0002:00000148       __imp__WSASocketA@24       1002c148     ws2_32:WS2_32.dll
 0002:0000014c       \177WS2_32_NULL_THUNK_DATA 1002c14c     ws2_32:WS2_32.dll
 0002:00000150       __imp__WSAStartup@8        1002c150     wsock32:WSOCK32.dll
 0002:00000154       __imp__ioctlsocket@12      1002c154     wsock32:WSOCK32.dll
 0002:00000158       __imp__sendto@24           1002c158     wsock32:WSOCK32.dll
 0002:0000015c       __imp__setsockopt@20       1002c15c     wsock32:WSOCK32.dll
 0002:00000160       __imp__recvfrom@24         1002c160     wsock32:WSOCK32.dll
 0002:00000164       \177WSOCK32_NULL_THUNK_DATA 1002c164     wsock32:WSOCK32.dll
 0002:00000168       __imp_?RClose@@YAXPAX@Z    1002c168     dmcr:dmcr.exe
 0002:0000016c       __imp_?GPNFrames@GP_System@@QAEHH@Z 1002c16c     dmcr:dmcr.exe
 0002:00000170       __imp_?ScreenPtr@@3PAXA    1002c170     dmcr:dmcr.exe
 0002:00000174       __imp_?GameInProgress@@3_NA 1002c174     dmcr:dmcr.exe
 0002:00000178       __imp_?GetPalColor@@YAXEPAE00@Z 1002c178     dmcr:dmcr.exe
 0002:0000017c       __imp_?ScrWidth@@3HA       1002c17c     dmcr:dmcr.exe
 0002:00000180       __imp_?WindY1@@3HA         1002c180     dmcr:dmcr.exe
 0002:00000184       __imp_?WindLx@@3HA         1002c184     dmcr:dmcr.exe
 0002:00000188       __imp_?RRewrite@@YAPAXPBD@Z 1002c188     dmcr:dmcr.exe
 0002:0000018c       __imp_?SetGPIndex@RLCFont@@QAEXH@Z 1002c18c     dmcr:dmcr.exe
 0002:00000190       __imp_?SetColorTable@RLCFont@@QAEXH@Z 1002c190     dmcr:dmcr.exe
 0002:00000194       __imp_?SetStdShadow@RLCFont@@QAEXXZ 1002c194     dmcr:dmcr.exe
 0002:00000198       __imp_?SetShadowGP@RLCFont@@QAEXHHH@Z 1002c198     dmcr:dmcr.exe
 0002:0000019c       __imp_?Clear@ComboBox@@QAEXXZ 1002c19c     dmcr:dmcr.exe
 0002:000001a0       __imp_?addTextViewer@DialogsSystem@@QAEPAVTextViewer@@PAVSimpleDialog@@HHHHPADPAVRLCFont@@@Z 1002c1a0     dmcr:dmcr.exe
 0002:000001a4       __imp_?addCustomBox@DialogsSystem@@QAEPAVCustomBox@@HHHHP6AXHHHHHEH@Z@Z 1002c1a4     dmcr:dmcr.exe
 0002:000001a8       __imp_?CheckGP_Inside@@YA_NHHHH@Z 1002c1a8     dmcr:dmcr.exe
 0002:000001ac       __imp_?addComplexBox@DialogsSystem@@QAEPAVComplexBox@@HHHHP6AXHHHHHEH@ZHH@Z 1002c1ac     dmcr:dmcr.exe
 0002:000001b0       __imp_?DrawFilledRect3@@YAXHHHHPAUCorners@@HHH@Z 1002c1b0     dmcr:dmcr.exe
 0002:000001b4       __imp_?ShowGP@GP_System@@QAEXHHHHE@Z 1002c1b4     dmcr:dmcr.exe
 0002:000001b8       __imp_?ShowCharUNICODE@@YAXHHPAEPAVRLCFont@@@Z 1002c1b8     dmcr:dmcr.exe
 0002:000001bc       __imp_?GetRLCStrWidth@@YAHPADPAVRLCFont@@@Z 1002c1bc     dmcr:dmcr.exe
 0002:000001c0       __imp_?GetPaletteColor@@YAEHHH@Z 1002c1c0     dmcr:dmcr.exe
 0002:000001c4       __imp_?AddCanvas@DialogsSystem@@QAEPAVCanvas@@HHHH@Z 1002c1c4     dmcr:dmcr.exe
 0002:000001c8       __imp_?AddLine@Canvas@@QAEXHHHHE@Z 1002c1c8     dmcr:dmcr.exe
 0002:000001cc       __imp_?addGP_CheckBox@DialogsSystem@@QAEPAVCheckBox@@PAVSimpleDialog@@HHPADPAVRLCFont@@2H_NHHHH@Z 1002c1cc     dmcr:dmcr.exe
 0002:000001d0       __imp_?addGPPicture@DialogsSystem@@QAEPAVGPPicture@@PAVSimpleDialog@@HHHH@Z 1002c1d0     dmcr:dmcr.exe
 0002:000001d4       __imp_?addGP_TextButton@DialogsSystem@@QAEPAVGP_TextButton@@PAVSimpleDialog@@HHPADHHPAVRLCFont@@2@Z 1002c1d4     dmcr:dmcr.exe
 0002:000001d8       __imp_?addStdGP_TextButton@DialogsSystem@@QAEPAVGP_TextButton@@HHHPADHHPAVRLCFont@@1@Z 1002c1d8     dmcr:dmcr.exe
 0002:000001dc       __imp_?GetGPHeight@GP_System@@QAEHHH@Z 1002c1dc     dmcr:dmcr.exe
 0002:000001e0       __imp_?addGP_TextButtonLimited@DialogsSystem@@QAEPAVGP_TextButton@@PAVSimpleDialog@@HHPADHHHHPAVRLCFont@@2@Z 1002c1e0     dmcr:dmcr.exe
 0002:000001e4       __imp_?addGP_ComboBoxDLX@DialogsSystem@@QAEPAVComboBox@@PAVSimpleDialog@@HHHHHHHPAVRLCFont@@1PAD@Z 1002c1e4     dmcr:dmcr.exe
 0002:000001e8       __imp_?AssignScroll@ComboBox@@QAEXPAVDialogsSystem@@PAPAVVScrollBar@@HHH@Z 1002c1e8     dmcr:dmcr.exe
 0002:000001ec       __imp_?AddLine@ComboBox@@QAEXPAD@Z 1002c1ec     dmcr:dmcr.exe
 0002:000001f0       __imp_?addInputBox@DialogsSystem@@QAEPAVInputBox@@PAVSimpleDialog@@HHPADHHHPAVRLCFont@@2@Z 1002c1f0     dmcr:dmcr.exe
 0002:000001f4       __imp_?GetRLCHeight@@YAHPAUxRLCTable@@E@Z 1002c1f4     dmcr:dmcr.exe
 0002:000001f8       __imp_?GetRLCWidthUNICODE@@YAHPAUxRLCTable@@PAEPAH@Z 1002c1f8     dmcr:dmcr.exe
 0002:000001fc       __imp_?LoadGP@GP_System@@QAE_NH@Z 1002c1fc     dmcr:dmcr.exe
 0002:00000200       __imp_?GetGPWidth@GP_System@@QAEHHH@Z 1002c200     dmcr:dmcr.exe
 0002:00000204       __imp_?addTextButton@DialogsSystem@@QAEPAVTextButton@@PAVSimpleDialog@@HHPADPAVRLCFont@@22E@Z 1002c204     dmcr:dmcr.exe
 0002:00000208       __imp_?addGP_Button@DialogsSystem@@QAEPAVGP_Button@@PAVSimpleDialog@@HHHHH@Z 1002c208     dmcr:dmcr.exe
 0002:0000020c       __imp_?CurPalette@@3HA     1002c20c     dmcr:dmcr.exe
 0002:00000210       __imp_?ShowString@@YAXHHPBDPAVRLCFont@@@Z 1002c210     dmcr:dmcr.exe
 0002:00000214       __imp_?ProcessMessages@@YA_NXZ 1002c214     dmcr:dmcr.exe
 0002:00000218       __imp_?ProcessDialogs@DialogsSystem@@QAEXXZ 1002c218     dmcr:dmcr.exe
 0002:0000021c       __imp_?WindX@@3HA          1002c21c     dmcr:dmcr.exe
 0002:00000220       __imp_?WindX1@@3HA         1002c220     dmcr:dmcr.exe
 0002:00000224       __imp_?WindY@@3HA          1002c224     dmcr:dmcr.exe
 0002:00000228       __imp_?RSeek@@YAKPAXH@Z    1002c228     dmcr:dmcr.exe
 0002:0000022c       __imp_?RBlockWrite@@YAKPAX0K@Z 1002c22c     dmcr:dmcr.exe
 0002:00000230       __imp_?WindLy@@3HA         1002c230     dmcr:dmcr.exe
 0002:00000234       __imp_?GPS@@3VGP_System@@A 1002c234     dmcr:dmcr.exe
 0002:00000238       __imp_?PreLoadGPImage@GP_System@@QAEHPAD@Z 1002c238     dmcr:dmcr.exe
 0002:0000023c       __imp_?CloseDialogs@DialogsSystem@@QAEXXZ 1002c23c     dmcr:dmcr.exe
 0002:00000240       __imp_??1DialogsSystem@@QAE@XZ 1002c240     dmcr:dmcr.exe
 0002:00000244       __imp_??0DialogsSystem@@QAE@XZ 1002c244     dmcr:dmcr.exe
 0002:00000248       __imp_?addCustomBorder@DialogsSystem@@QAEPAVCustomBorder@@HHHHHPAH0HH@Z 1002c248     dmcr:dmcr.exe
 0002:0000024c       __imp_?RealLy@@3HA         1002c24c     dmcr:dmcr.exe
 0002:00000250       __imp_?RealLx@@3HA         1002c250     dmcr:dmcr.exe
 0002:00000254       __imp_?addClipper@DialogsSystem@@QAEPAVSimpleDialog@@HHHH@Z 1002c254     dmcr:dmcr.exe
 0002:00000258       __imp_?addNewGP_VScrollBar@DialogsSystem@@QAEPAVVScrollBar@@PAVSimpleDialog@@HHHHHHH@Z 1002c258     dmcr:dmcr.exe
 0002:0000025c       __imp_?fn10@@3VRLCFont@@A  1002c25c     dmcr:dmcr.exe
 0002:00000260       __imp_?fn8@@3VRLCFont@@A   1002c260     dmcr:dmcr.exe
 0002:00000264       __imp_?WhiteFont@@3VRLCFont@@A 1002c264     dmcr:dmcr.exe
 0002:00000268       __imp_?YellowFont@@3VRLCFont@@A 1002c268     dmcr:dmcr.exe
 0002:0000026c       __imp_?RedFont@@3VRLCFont@@A 1002c26c     dmcr:dmcr.exe
 0002:00000270       __imp_?BlackFont@@3VRLCFont@@A 1002c270     dmcr:dmcr.exe
 0002:00000274       __imp_?SmallWhiteFont@@3VRLCFont@@A 1002c274     dmcr:dmcr.exe
 0002:00000278       __imp_?SmallYellowFont@@3VRLCFont@@A 1002c278     dmcr:dmcr.exe
 0002:0000027c       __imp_?SmallRedFont@@3VRLCFont@@A 1002c27c     dmcr:dmcr.exe
 0002:00000280       __imp_?SmallBlackFont@@3VRLCFont@@A 1002c280     dmcr:dmcr.exe
 0002:00000284       __imp_?BigWhiteFont@@3VRLCFont@@A 1002c284     dmcr:dmcr.exe
 0002:00000288       __imp_?BigYellowFont@@3VRLCFont@@A 1002c288     dmcr:dmcr.exe
 0002:0000028c       __imp_?BigRedFont@@3VRLCFont@@A 1002c28c     dmcr:dmcr.exe
 0002:00000290       __imp_?BigBlackFont@@3VRLCFont@@A 1002c290     dmcr:dmcr.exe
 0002:00000294       __imp_?SpecialWhiteFont@@3VRLCFont@@A 1002c294     dmcr:dmcr.exe
 0002:00000298       __imp_?SpecialYellowFont@@3VRLCFont@@A 1002c298     dmcr:dmcr.exe
 0002:0000029c       __imp_?SpecialRedFont@@3VRLCFont@@A 1002c29c     dmcr:dmcr.exe
 0002:000002a0       __imp_?SpecialBlackFont@@3VRLCFont@@A 1002c2a0     dmcr:dmcr.exe
 0002:000002a4       __imp_?PlayRecfile@@YAXPAD@Z 1002c2a4     dmcr:dmcr.exe
 0002:000002a8       __imp_?SetExComm@@YAXPADH@Z 1002c2a8     dmcr:dmcr.exe
 0002:000002ac       __imp_?SetCurPtr@@YAXH@Z   1002c2ac     dmcr:dmcr.exe
 0002:000002b0       __imp_?_ExRealloc@@YAPAXPAXH@Z 1002c2b0     dmcr:dmcr.exe
 0002:000002b4       __imp_?RFileSize@@YAKPAX@Z 1002c2b4     dmcr:dmcr.exe
 0002:000002b8       __imp_?_ExFree@@YAXPAX@Z   1002c2b8     dmcr:dmcr.exe
 0002:000002bc       __imp_?RReset@@YAPAXPBD@Z  1002c2bc     dmcr:dmcr.exe
 0002:000002c0       __imp_?RBlockRead@@YAKPAX0K@Z 1002c2c0     dmcr:dmcr.exe
 0002:000002c4       __imp_?_ExMalloc@@YAPAXH@Z 1002c2c4     dmcr:dmcr.exe
 0002:000002c8       \177dmcr_NULL_THUNK_DATA   1002c2c8     dmcr:dmcr.exe
 0002:000002cc       __imp_?SetGameID@@YAXPAD@Z 1002c2cc     ichat:iChat.dll
 0002:000002d0       __imp_?SetChatWState@@YAXHH@Z 1002c2d0     ichat:iChat.dll
 0002:000002d4       \177iChat_NULL_THUNK_DATA  1002c2d4     ichat:iChat.dll
 0002:000002fc       ??_C@_02DILL@?$CFs?$AA@    1002c2fc     DataXchange.obj
 0002:00000300       ??_C@_0CK@LPFI@?$CFd?3?$CFd?5?$CFdms?5?5?5?5?5?5?5?5?5?5?5?5?5?5?5?5?5?5?5?5?5?5@ 1002c300     DataXchange.obj
 0002:0000032c       ??_C@_05KGFJ@s?4log?$AA@   1002c32c     DataXchange.obj
 0002:00000334       ??_C@_01FNLH@a?$AA@        1002c334     DataXchange.obj
 0002:00000338       ??_C@_03HHKO@?$CFs?6?$AA@  1002c338     DataXchange.obj
 0002:0000033c       ??_C@_0M@JCNF@too?5long?4?4?4?$AA@ 1002c33c     DataXchange.obj
 0002:00000348       ??_C@_0BJ@JMID@?$DP?$CFs_CloseRequest?$EA?$EAYAXK?$EAZ?$AA@ 1002c348     DataXchange.obj
 0002:00000364       ??_C@_0BE@COGG@?$DP?$CFs_CloseAll?$EA?$EAYAXXZ?$AA@ 1002c364     DataXchange.obj
 0002:00000378       ??_C@_0BD@NDOI@?$DP?$CFs_Process?$EA?$EAYAXXZ?$AA@ 1002c378     DataXchange.obj
 0002:0000038c       ??_C@_0CF@EFNA@?$DP?$CFs_GetRequestResult?$EA?$EAYAKKPAPADP@ 1002c38c     DataXchange.obj
 0002:000003b4       ??_C@_0BL@KELC@?$DP?$CFs_SendRequest?$EA?$EAYAKPADH?$EAZ?$AA@ 1002c3b4     DataXchange.obj
 0002:000003d0       ??_C@_02JCKF@GW?$AA@       1002c3d0     DataXchange.obj
 0002:000003d4       ??_C@_0O@LHOL@GW_Server?4DLL?$AA@ 1002c3d4     DataXchange.obj
 0002:000003e4       ??_C@_02DAG@DS?$AA@        1002c3e4     DataXchange.obj
 0002:000003e8       ??_C@_0O@LEKG@DipServer?4DLL?$AA@ 1002c3e8     DataXchange.obj
 0002:000003f8       ??_C@_02BPOJ@LF?$AA@       1002c3f8     DataXchange.obj
 0002:000003fc       ??_C@_0O@HMHA@LF_Server?4DLL?$AA@ 1002c3fc     DataXchange.obj
 0002:0000040c       ??_C@_0BK@BFNO@Internet?2Cash?2default?4cml?$AA@ 1002c40c     DataXchange.obj
 0002:00000428       ??_C@_0BN@DNAD@Internet?1Cash?1tempcml_?$CFX?4cml?$AA@ 1002c428     DataXchange.obj
 0002:00000448       ??_C@_0BB@JMAB@Internet?2Cash?2?$CFs?$AA@ 1002c448     DataXchange.obj
 0002:0000045c       ??_C@_0BM@OKPB@Internet?2Cash?2tempcml_?$CK?4cml?$AA@ 1002c45c     DataXchange.obj
 0002:00000478       ??_C@_0L@LOI@?$DM?$CBgoback?$CB?$DO?$AA@ 1002c478     DataXchange.obj
 0002:00000484       ??_C@_0M@LJGO@LW_pfile?$CG?$CFs?$AA@ 1002c484     DataXchange.obj
 0002:00000490       ??_C@_0BO@PABH@Internet?1cash?1tmpcml_0000?4cml?$AA@ 1002c490     DataXchange.obj
 0002:000004b0       ??_C@_0BB@EOLF@Internet?2cash?2?$CFs?$AA@ 1002c4b0     DataXchange.obj
 0002:000004c4       ??_C@_0BH@EIFD@GW?$HMmupdate?$CG?$CFs?200?$CG?$CFd?200?$AA@ 1002c4c4     DataXchange.obj
 0002:000004dc       ??_C@_02MHMJ@?$CFu?$AA@    1002c4dc     DataXchange.obj
 0002:000004e0       ??_C@_01LHO@r?$AA@         1002c4e0     DataXchange.obj
 0002:000004e4       ??_C@_0BG@CPDF@Internet?2Cash?2?$CFs?4date?$AA@ 1002c4e4     DataXchange.obj
 0002:000004fc       ??_C@_0BB@NIMC@Internet?1Cash?1?$CFs?$AA@ 1002c4fc     DataXchange.obj
 0002:00000510       ??_C@_02MECO@?$CFd?$AA@    1002c510     DataXchange.obj
 0002:00000514       ??_C@_02MBFK@?$CFX?$AA@    1002c514     DataXchange.obj
 0002:00000518       ??_C@_08KEMP@LW_abort?$AA@ 1002c518     DataXchange.obj
 0002:00000524       ??_C@_06PENL@LW_mem?$AA@   1002c524     DataXchange.obj
 0002:0000052c       ??_C@_07JBJI@LW_proc?$AA@  1002c52c     DataXchange.obj
 0002:00000534       ??_C@_0L@ODMG@LW_mupdate?$AA@ 1002c534     DataXchange.obj
 0002:00000540       ??_C@_0L@KHGC@LW_message?$AA@ 1002c540     DataXchange.obj
 0002:0000054c       ??_C@_08LIIM@LW_bonus?$AA@ 1002c54c     DataXchange.obj
 0002:00000558       ??_C@_06IFCN@LW_mpt?$AA@   1002c558     DataXchange.obj
 0002:00000560       ??_C@_0L@HKCK@LW_mpclear?$AA@ 1002c560     DataXchange.obj
 0002:0000056c       ??_C@_09IMBC@LW_xcfile?$AA@ 1002c56c     DataXchange.obj
 0002:00000578       ??_C@_08NEGF@LW_pfile?$AA@ 1002c578     DataXchange.obj
 0002:00000584       ??_C@_06OLJI@LW_enb?$AA@   1002c584     DataXchange.obj
 0002:0000058c       ??_C@_09KMJB@LW_enbbox?$AA@ 1002c58c     DataXchange.obj
 0002:00000598       ??_C@_06FOHL@LW_vis?$AA@   1002c598     DataXchange.obj
 0002:000005a0       ??_C@_09FIPK@LW_visbox?$AA@ 1002c5a0     DataXchange.obj
 0002:000005ac       ??_C@_0L@MMDO@LW_lockbox?$AA@ 1002c5ac     DataXchange.obj
 0002:000005b8       ??_C@_07GLLE@LW_lock?$AA@  1002c5b8     DataXchange.obj
 0002:000005c0       ??_C@_0L@CNG@LW_lockall?$AA@ 1002c5c0     DataXchange.obj
 0002:000005cc       ??_C@_0L@EFBI@LW_mapdata?$AA@ 1002c5cc     DataXchange.obj
 0002:000005d8       ??_C@_07MDIF@LW_move?$AA@  1002c5d8     DataXchange.obj
 0002:000005e0       ??_C@_0L@FCGE@LW_compose?$AA@ 1002c5e0     DataXchange.obj
 0002:000005ec       ??_C@_07JBBD@LW_time?$AA@  1002c5ec     DataXchange.obj
 0002:000005f4       ??_C@_0L@KABN@LW_showrec?$AA@ 1002c5f4     DataXchange.obj
 0002:00000600       ??_C@_08GFHA@LW_uprec?$AA@ 1002c600     DataXchange.obj
 0002:0000060c       ??_C@_06KGIG@LW_dff?$AA@   1002c60c     DataXchange.obj
 0002:00000614       ??_C@_06PAIE@LW_dfp?$AA@   1002c614     DataXchange.obj
 0002:0000061c       ??_C@_07EFIP@LW_dtbl?$AA@  1002c61c     DataXchange.obj
 0002:00000624       ??_C@_06NMNA@LW_tbl?$AA@   1002c624     DataXchange.obj
 0002:0000062c       ??_C@_07JIDM@LW_file?$AA@  1002c62c     DataXchange.obj
 0002:00000634       ??_C@_07LHBB@LW_gvar?$AA@  1002c634     DataXchange.obj
 0002:0000063c       ??_C@_06BLIA@LW_key?$AA@   1002c63c     DataXchange.obj
 0002:00000644       ??_C@_08DGFP@LW_cfile?$AA@ 1002c644     DataXchange.obj
 0002:00000650       ??_C@_07OILA@LW_show?$AA@  1002c650     DataXchange.obj
 0002:00000658       ??_C@_06ICKE@?9?9?$DO?$CFs?6?$AA@ 1002c658     DataXchange.obj
 0002:00000660       ??_C@_04FBFD@?$CFd?$CFd?$AA@ 1002c660     DataXchange.obj
 0002:00000668       ??_C@_06KKAG@LW_new?$AA@   1002c668     DataXchange.obj
 0002:00000670       ??_C@_00A@?$AA@            1002c670     DataXchange.obj
 0002:00000674       ??_C@_06FJD@dnfile?$AA@    1002c674     DataXchange.obj
 0002:0000067c       ??_C@_0BF@FOGE@Internet?2dnl?2?$CFs?4open?$AA@ 1002c67c     DataXchange.obj
 0002:00000694       ??_C@_0BG@PLIO@Internet?2dnl?2?$CFs?4ready?$AA@ 1002c694     DataXchange.obj
 0002:000006ac       ??_C@_06JJB@upfile?$AA@    1002c6ac     DataXchange.obj
 0002:000006b4       ??_C@_0BG@KDFF@upfile?$CI?$CFs?0?$CFd?$CL?$CFd?9?$DO?$CFd?$CJ?6?$AA@ 1002c6b4     DataXchange.obj
 0002:000006cc       ??_C@_02MLFD@ab?$AA@       1002c6cc     DataXchange.obj
 0002:000006d0       ??_C@_05JEPF@GW?$HM?$CFs?$AA@ 1002c6d0     DataXchange.obj
 0002:000006d8       ??_C@_0O@BKJK@?$FL?$CB?$CB?$CBERROR?$CB?$CB?$CB?$FN?$AA@ 1002c6d8     Explore.obj
 0002:000006e8       ??_C@_0BD@IEPG@Internet?2error?4log?$AA@ 1002c6e8     Explore.obj
 0002:000006fc       ??_C@_04KHOB@open?$AA@     1002c6fc     Explore.obj
 0002:00000704       ??_C@_04KFHH@?4txt?$AA@    1002c704     Explore.obj
 0002:0000070c       ??_C@_01KNJC@?$CG?$AA@     1002c70c     Explore.obj
 0002:00000710       ??_C@_0BF@GHFE@Internet?2cash?2?$CFs?4txt?$AA@ 1002c710     Explore.obj
 0002:00000728       ??_C@_03LOOF@get?$AA@      1002c728     Explore.obj
 0002:0000072c       ??_C@_04MCAD@XXBF?$AA@     1002c72c     Explore.obj
 0002:00000734       ??_C@_04KIKK@XXRF?$AA@     1002c734     Explore.obj
 0002:0000073c       ??_C@_04CGAB@XXYF?$AA@     1002c73c     Explore.obj
 0002:00000744       ??_C@_04OEKK@XXWF?$AA@     1002c744     Explore.obj
 0002:0000074c       ??_C@_04BHNA@SPBF?$AA@     1002c74c     Explore.obj
 0002:00000754       ??_C@_04HNHJ@SPRF?$AA@     1002c754     Explore.obj
 0002:0000075c       ??_C@_04PDNC@SPYF?$AA@     1002c75c     Explore.obj
 0002:00000764       ??_C@_04DBHJ@SPWF?$AA@     1002c764     Explore.obj
 0002:0000076c       ??_C@_03PMMF@BBF?$AA@      1002c76c     Explore.obj
 0002:00000770       ??_C@_03JGGM@BRF?$AA@      1002c770     Explore.obj
 0002:00000774       ??_C@_03BIMH@BYF?$AA@      1002c774     Explore.obj
 0002:00000778       ??_C@_03NKGM@BWF?$AA@      1002c778     Explore.obj
 0002:0000077c       ??_C@_03IPLJ@SBF?$AA@      1002c77c     Explore.obj
 0002:00000780       ??_C@_03OFBA@SRF?$AA@      1002c780     Explore.obj
 0002:00000784       ??_C@_03GLLL@SYF?$AA@      1002c784     Explore.obj
 0002:00000788       ??_C@_03KJBA@SWF?$AA@      1002c788     Explore.obj
 0002:0000078c       ??_C@_02NNEC@BF?$AA@       1002c78c     Explore.obj
 0002:00000790       ??_C@_02LHOL@RF?$AA@       1002c790     Explore.obj
 0002:00000794       ??_C@_02DJEA@YF?$AA@       1002c794     Explore.obj
 0002:00000798       ??_C@_02PLOL@WF?$AA@       1002c798     Explore.obj
 0002:0000079c       ??_C@_02HCHC@F8?$AA@       1002c79c     Explore.obj
 0002:000007a0       ??_C@_03DLBM@F10?$AA@      1002c7a0     Explore.obj
 0002:000007a4       ??_C@_07JKHD@?$CDresize?$AA@ 1002c7a4     Explore.obj
 0002:000007ac       ??_C@_05GFBF@?$CDfont?$AA@ 1002c7ac     Explore.obj
 0002:000007b4       ??_C@_04GGNJ@?$DM?$CFs?$DO?$AA@ 1002c7b4     Explore.obj
 0002:000007bc       ??_C@_05CAPG@?$CDsave?$AA@ 1002c7bc     Explore.obj
 0002:000007c4       ??_C@_07CNCP@?$CDhblock?$AA@ 1002c7c4     Explore.obj
 0002:000007cc       ??_C@_08OFDM@?$CDend?$CI?$CFs?$CJ?$AA@ 1002c7cc     Explore.obj
 0002:000007d8       ??_C@_06PHMN@?$CDblock?$AA@ 1002c7d8     Explore.obj
 0002:000007e0       ??_C@_0M@DMKN@?$CDlockresize?$AA@ 1002c7e0     Explore.obj
 0002:000007ec       ??_C@_06INMJ@?$CDsmall?$AA@ 1002c7ec     Explore.obj
 0002:000007f4       ??_C@_06PGEB@?$CDlarge?$AA@ 1002c7f4     Explore.obj
 0002:000007fc       ??_C@_05OHNG@?$CDexec?$AA@ 1002c7fc     Explore.obj
 0002:00000804       ??_C@_08OGIE@?$CDdef_tbl?$AA@ 1002c804     Explore.obj
 0002:00000810       ??_C@_0L@BBCI@?$CDdef_combo?$AA@ 1002c810     Explore.obj
 0002:0000081c       ??_C@_0M@ECGB@?$CDdef_scroll?$AA@ 1002c81c     Explore.obj
 0002:00000828       ??_C@_09PEP@?$CDdef_sbox?$AA@ 1002c828     Explore.obj
 0002:00000834       ??_C@_08NBOB@?$CDdef_box?$AA@ 1002c834     Explore.obj
 0002:00000840       ??_C@_0L@JKON@?$CDbtn_style?$AA@ 1002c840     Explore.obj
 0002:0000084c       ??_C@_08GDOB@?$CDdef_btn?$AA@ 1002c84c     Explore.obj
 0002:00000858       ??_C@_09LNEP@?$CDdef_sbtn?$AA@ 1002c858     Explore.obj
 0002:00000864       ??_C@_0L@GOLJ@?$CDdef_panel?$AA@ 1002c864     Explore.obj
 0002:00000870       ??_C@_05GIFE@?$CDebox?$AA@ 1002c870     Explore.obj
 0002:00000878       ??_C@_05OCJJ@?$CDsbox?$AA@ 1002c878     Explore.obj
 0002:00000880       ??_C@_04HPI@?$CDbox?$AA@   1002c880     Explore.obj
 0002:00000888       ??_C@_0BE@HMCB@Internet?2pix?2i_bor0?$AA@ 1002c888     Explore.obj
 0002:0000089c       ??_C@_0BE@CJAP@Internet?2pix?2i_bor2?$AA@ 1002c89c     Explore.obj
 0002:000008b0       ??_C@_0BD@OAAH@Interface?2LongBox0?$AA@ 1002c8b0     Explore.obj
[...]
   640 0001:00003419   641 0001:00003430   642 0001:00003437   643 0001:0000343f
   644 0001:00003446   645 0001:00003460   647 0001:00003465   648 0001:0000347e
   649 0001:0000348a   650 0001:00003494   651 0001:0000349c   652 0001:000034a8
   653 0001:000034b2   654 0001:000034c7   655 0001:000034f4   656 0001:0000351a
   657 0001:0000353c   658 0001:00003559   659 0001:0000356c   660 0001:0000357c
   661 0001:00003585   662 0001:00003594   663 0001:000035a3   664 0001:000035c7
   665 0001:000035d8   666 0001:000035ec   667 0001:000035ee   669 0001:00003600
   670 0001:0000361b   671 0001:00003630   672 0001:00003652   674 0001:0000366b
   676 0001:00003685   679 0001:0000369b   681 0001:000036a0   682 0001:000036c0
   683 0001:000036d8   684 0001:000036ec   685 0001:000036f7   686 0001:00003704
   687 0001:0000370c   688 0001:00003726   689 0001:00003739   690 0001:00003745
   691 0001:00003763   692 0001:00003775   693 0001:0000378d   694 0001:00003796
   695 0001:000037a7   696 0001:000037b1   697 0001:000037c0   698 0001:000037dc
   699 0001:000037f0   700 0001:000037fc   701 0001:00003805   702 0001:0000380e
   703 0001:00003818   704 0001:00003820   705 0001:00003829   706 0001:00003848
   707 0001:0000385f   708 0001:0000386c   709 0001:0000387c   710 0001:00003885
   711 0001:00003894   712 0001:000038a3   713 0001:000038bb   714 0001:000038c9
   715 0001:000038da   716 0001:000038dc   717 0001:000038f2   720 0001:0000390c
   722 0001:00003911   723 0001:00003930   724 0001:0000394e   725 0001:00003959
   726 0001:00003966   727 0001:0000396e   728 0001:00003988   729 0001:0000399b
   730 0001:000039a7   731 0001:000039c5   732 0001:000039d7   733 0001:000039ef
   734 0001:000039f9   736 0001:00003a27   737 0001:00003a46   738 0001:00003a5b
   739 0001:00003a64   740 0001:00003a87   746 0001:00003a96   748 0001:00003a9b
   750 0001:00003aa0   751 0001:00003ac0   752 0001:00003ad8   754 0001:00003ae0
   755 0001:00003af8   756 0001:00003b02   757 0001:00003b09   759 0001:00003b18
   760 0001:00003b1c   761 0001:00003b22   762 0001:00003b3a   763 0001:00003b50
   764 0001:00003b6e   766 0001:00003b76   767 0001:00003b7d   768 0001:00003b98
   769 0001:00003ba5   770 0001:00003bc7   771 0001:00003be0   774 0001:00003bf8
   775 0001:00003c09   777 0001:00003c20   778 0001:00003c3e   779 0001:00003c49
   780 0001:00003c56   781 0001:00003c5e   782 0001:00003c78   785 0001:00003c8b
   786 0001:00003ca4   787 0001:00003cbe   788 0001:00003cc7   789 0001:00003ce0
   790 0001:00003cef   791 0001:00003d0e   794 0001:00003d22   795 0001:00003d40
   798 0001:00003d5e   801 0001:00003d68   802 0001:00003dad   803 0001:00003db8
   804 0001:00003dd2   805 0001:00003de0   806 0001:00003dfb   807 0001:00003e13
   809 0001:00003e22   810 0001:00003e31   811 0001:00003e49   812 0001:00003e58
   813 0001:00003e70   814 0001:00003e8e   815 0001:00003e99   816 0001:00003ea6
   817 0001:00003eae   818 0001:00003ec8   819 0001:00003edb   820 0001:00003ee7
   821 0001:00003f05   822 0001:00003f17   824 0001:00003f2f   825 0001:00003f47
   826 0001:00003f51   827 0001:00003f63   828 0001:00003f75   829 0001:00003f86
   830 0001:00003fa0   831 0001:00003fb9   832 0001:00003fd2   833 0001:00003feb
   834 0001:0000400d   836 0001:0000400f   838 0001:00004014   839 0001:00004030
   840 0001:00004048   841 0001:00004052   843 0001:00004070   844 0001:0000408e
   845 0001:00004099   846 0001:000040a6   847 0001:000040ae   848 0001:000040c8
   849 0001:000040db   850 0001:000040e7   851 0001:00004105   852 0001:00004117
   853 0001:0000412f   854 0001:00004139   855 0001:0000414a   856 0001:00004154
   857 0001:0000416e   859 0001:0000417a   860 0001:00004181   861 0001:00004199
   863 0001:000041b1   864 0001:000041cb   865 0001:000041de   866 0001:000041e5
   867 0001:000041f6   870 0001:000041fd   872 0001:00004202   873 0001:00004220
   874 0001:00004238   875 0001:00004243   876 0001:0000424c   877 0001:00004254
   878 0001:0000426e   879 0001:00004281   880 0001:0000428d   881 0001:000042a7
   882 0001:000042b9   883 0001:000042cd   884 0001:000042e7   886 0001:000042f1
   888 0001:000042f3   889 0001:00004310   890 0001:00004328   891 0001:00004333
   892 0001:00004340   893 0001:00004348   894 0001:00004362   895 0001:00004375
   896 0001:0000437d   897 0001:00004397   898 0001:000043a6   899 0001:000043b6
   900 0001:000043c5   901 0001:000043cb   903 0001:000043df   904 0001:000043e5
   905 0001:000043fa   907 0001:00004404   909 0001:00004406   911 0001:00004420
   912 0001:0000443e   914 0001:00004449   915 0001:00004463   916 0001:00004478
   917 0001:00004485   918 0001:000044b2   919 0001:000044d3   920 0001:000044e8
   921 0001:000044f5   922 0001:0000450a   923 0001:00004529   924 0001:00004546
   925 0001:00004563   926 0001:0000457c   927 0001:0000458b   929 0001:000045a1
   930 0001:000045a6   932 0001:000045b5   934 0001:000045d0   935 0001:000045e8
   936 0001:000045f9   937 0001:00004616   938 0001:00004630   939 0001:00004648
   940 0001:0000464e   941 0001:00004655   942 0001:0000465c   943 0001:00004695
   946 0001:000046a3   949 0001:000046c0   950 0001:000046d8   951 0001:000046e5
   952 0001:000046ed   953 0001:00004707   954 0001:0000471a   955 0001:0000472d
   956 0001:00004737   957 0001:00004740   958 0001:00004749   959 0001:00004755
   960 0001:00004776   961 0001:00004789   962 0001:000047b9   963 0001:000047c3
   964 0001:000047ef   965 0001:00004811   966 0001:00004824   967 0001:00004826
   968 0001:00004834   970 0001:00004870   971 0001:00004879   972 0001:00004888
   973 0001:0000488e   974 0001:00004893   975 0001:00004898   978 0001:000048b2
   980 0001:000048d0   981 0001:000048e8   982 0001:000048f5   983 0001:000048fd
   984 0001:00004917   985 0001:0000492a   986 0001:0000493b   987 0001:00004945
   988 0001:0000494e   989 0001:00004955   990 0001:00004967   991 0001:0000497b
   992 0001:000049ae   993 0001:000049da   994 0001:000049e7   995 0001:00004a05
   996 0001:00004a23   997 0001:00004a6e   998 0001:00004aa4   999 0001:00004aa9
  1000 0001:00004ac4  1001 0001:00004ac9  1002 0001:00004ad8  1005 0001:00004af2
  1010 0001:00004b10  1011 0001:00004b47  1012 0001:00004b4f  1013 0001:00004b6d
  1014 0001:00004b88  1017 0001:00004baa  1018 0001:00004bec  1019 0001:00004bf9
  1020 0001:00004c08  1021 0001:00004c18  1023 0001:00004c23  1024 0001:00004c55
  1025 0001:00004c69  1028 0001:00004c7d  1029 0001:00004ca7  1030 0001:00004cbb
  1031 0001:00004cfd  1032 0001:00004d02  1033 0001:00004d1a  1034 0001:00004d55
  1035 0001:00004d5a  1036 0001:00004d72  1037 0001:00004dad  1038 0001:00004db2
  1039 0001:00004dca  1040 0001:00004e05  1041 0001:00004e0a  1042 0001:00004e22
  1043 0001:00004e4c  1044 0001:00004e51  1045 0001:00004e69  1046 0001:00004ea4
  1047 0001:00004ea9  1048 0001:00004ec1  1049 0001:00004efc  1050 0001:00004f01
  1051 0001:00004f19  1052 0001:00004f54  1053 0001:00004f59  1054 0001:00004f71
  1055 0001:00004fac  1056 0001:00004fb1  1057 0001:00004fc9  1058 0001:00005004
  1059 0001:00005009  1060 0001:00005021  1061 0001:0000505c  1062 0001:00005061
  1063 0001:00005079  1064 0001:000050b4  1065 0001:000050b9  1066 0001:000050d1
  1067 0001:0000510c  1068 0001:00005111  1069 0001:00005129  1070 0001:00005164
  1071 0001:00005169  1072 0001:00005181  1073 0001:000051bc  1074 0001:000051c1
  1075 0001:000051d9  1076 0001:00005214  1077 0001:00005219  1078 0001:00005231
  1079 0001:0000526c  1080 0001:00005271  1081 0001:00005289  1082 0001:000052c4
  1083 0001:000052c9  1084 0001:000052e1  1085 0001:0000531c  1086 0001:00005321
  1087 0001:00005339  1088 0001:00005374  1089 0001:00005379  1090 0001:00005391
  1091 0001:000053cc  1092 0001:000053d1  1093 0001:000053e9  1094 0001:00005424
  1095 0001:00005429  1096 0001:00005441  1097 0001:0000546b  1098 0001:00005470
  1099 0001:00005488  1100 0001:000054c3  1101 0001:000054c8  1102 0001:000054e0
  1103 0001:0000551b  1104 0001:00005520  1105 0001:00005538  1106 0001:00005573
  1107 0001:00005578  1108 0001:00005590  1109 0001:000055cb  1110 0001:000055d0
  1111 0001:000055e8  1112 0001:00005623  1113 0001:00005628  1114 0001:00005640
  1115 0001:0000567b  1116 0001:00005680  1117 0001:00005698  1118 0001:000056d3
  1119 0001:000056d8  1120 0001:000056f0  1121 0001:0000572b  1122 0001:0000572d
  1123 0001:00005745  1126 0001:00005780  1127 0001:00005785  1128 0001:000057a0
  1129 0001:000057a9  1130 0001:000057b2  1133 0001:000057c1  1134 0001:000057c6
  1136 0001:000057f0  1137 0001:0000580e  1138 0001:0000581d  1139 0001:00005839
  1140 0001:00005849  1141 0001:00005863  1142 0001:00005877  1144 0001:00005899
  1145 0001:000058ba  1146 0001:000058c9  1147 0001:000058dc  1148 0001:0000590b
  1149 0001:0000590f  1151 0001:00005928  1152 0001:0000592c  1154 0001:00005941
  1155 0001:00005962  1156 0001:00005972  1157 0001:0000597f  1158 0001:0000598f
  1160 0001:000059a4  1161 0001:000059be  1162 0001:000059d2  1163 0001:000059ea
  1165 0001:00005a07  1167 0001:00005a31  1168 0001:00005a4b  1169 0001:00005a5f
  1170 0001:00005a77  1172 0001:00005a94  1174 0001:00005abe  1175 0001:00005ad8
  1176 0001:00005af0  1177 0001:00005b0d  1178 0001:00005b48  1179 0001:00005b62
  1180 0001:00005b7a  1181 0001:00005b97  1182 0001:00005bd2  1183 0001:00005bec
  1184 0001:00005c04  1185 0001:00005c21  1186 0001:00005c5c  1187 0001:00005c76
  1188 0001:00005c8e  1189 0001:00005cab  1190 0001:00005ce6  1191 0001:00005d00
  1192 0001:00005d18  1193 0001:00005d35  1194 0001:00005d70  1195 0001:00005d75
  1196 0001:00005d8a  1197 0001:00005da2  1198 0001:00005dbf  1199 0001:00005dfa
  1200 0001:00005dff  1201 0001:00005e14  1202 0001:00005e2c  1203 0001:00005e49
  1204 0001:00005e84  1205 0001:00005e89  1206 0001:00005e9e  1207 0001:00005eb6
  1208 0001:00005ed3  1209 0001:00005f0e  1210 0001:00005f13  1211 0001:00005f28
  1212 0001:00005f40  1213 0001:00005f5d  1214 0001:00005f98  1215 0001:00005f9d
  1216 0001:00005fb2  1217 0001:00005fca  1218 0001:00005fe7  1219 0001:00006022
  1220 0001:00006027  1221 0001:0000603c  1222 0001:00006054  1223 0001:00006071
  1224 0001:000060ac  1225 0001:000060b1  1226 0001:000060c6  1227 0001:000060de
  1228 0001:000060fb  1229 0001:00006136  1230 0001:0000613b  1231 0001:00006150
  1232 0001:00006168  1233 0001:00006185  1234 0001:000061c0  1235 0001:000061c5
  1236 0001:000061da  1237 0001:000061f2  1238 0001:0000620f  1239 0001:0000624a
  1240 0001:0000624f  1241 0001:00006264  1242 0001:0000627c  1243 0001:00006299
  1244 0001:000062d4  1245 0001:000062d9  1246 0001:000062ee  1247 0001:00006306
  1248 0001:00006323  1249 0001:0000635e  1250 0001:00006363  1251 0001:00006378
  1252 0001:00006393  1253 0001:000063b6  1254 0001:000063f1  1255 0001:000063f6
  1256 0001:0000640b  1257 0001:00006426  1258 0001:00006449  1259 0001:00006473
  1260 0001:00006478  1261 0001:0000648d  1262 0001:000064a8  1263 0001:000064cb
  1264 0001:00006506  1265 0001:0000650b  1266 0001:00006520  1267 0001:0000653b
  1268 0001:0000655e  1269 0001:00006599  1270 0001:0000659e  1271 0001:000065b3
  1272 0001:000065ce  1273 0001:000065f1  1274 0001:0000662c  1275 0001:00006631
  1276 0001:00006646  1277 0001:00006661  1278 0001:00006684  1279 0001:000066bf
  1280 0001:000066c4  1281 0001:000066d9  1282 0001:000066f4  1283 0001:00006717
  1284 0001:00006752  1285 0001:00006757  1286 0001:0000676c  1287 0001:00006787
  1288 0001:000067aa  1289 0001:000067e5  1290 0001:000067ea  1291 0001:000067ff
  1292 0001:0000681a  1293 0001:0000683d  1294 0001:00006878  1295 0001:0000687d
  1296 0001:00006892  1297 0001:000068ad  1298 0001:000068d0  1299 0001:0000690b
  1300 0001:00006910  1301 0001:00006925  1302 0001:00006940  1303 0001:00006963
  1306 0001:0000699e  1308 0001:000069b7  1309 0001:000069bc  1310 0001:000069ed
  1311 0001:00006a0d  1312 0001:00006a38  1313 0001:00006a3a  1314 0001:00006a56
  1329 0001:00006a70  1331 0001:00006aa3  1332 0001:00006ac0  1333 0001:00006aec
  1334 0001:00006aee  1335 0001:00006afb  1336 0001:00006b08  1341 0001:00006b32
  1342 0001:00006b4a  1343 0001:00006b5f  1344 0001:00006b68  1345 0001:00006b77
  1347 0001:00006b7c  1348 0001:00006b9f  1349 0001:00006bb7  1350 0001:00006bcc
  1351 0001:00006bd5  1352 0001:00006bfd  1354 0001:00006c0c  1355 0001:00006c2d
  1356 0001:00006c53  1357 0001:00006c79  1358 0001:00006c95  1359 0001:00006ca2
  1360 0001:00006cb4  1361 0001:00006cc7  1362 0001:00006cd7  1363 0001:00006cf6
  1364 0001:00006d15  1365 0001:00006d3c  1366 0001:00006d4c  1367 0001:00006d74
  1368 0001:00006d8b  1369 0001:00006da1  1372 0001:00006de0  1373 0001:00006e13
  1374 0001:00006e25  1375 0001:00006e46  1377 0001:00006e94  1378 0001:00006ea6
  1379 0001:00006ecc  1380 0001:00006edc  1381 0001:00006f16  1382 0001:00006f5b
  1383 0001:00006f7d  1384 0001:00006f8d  1385 0001:00006fa6  1386 0001:00006fbd
  1388 0001:00006fd3  1389 0001:00006fe5  1390 0001:00006fea  1394 0001:00007010
  1395 0001:0000703d  1396 0001:0000704c  1397 0001:00007072  1398 0001:00007081
  1399 0001:00007092  1400 0001:0000709f  1401 0001:000070bd  1402 0001:000070cb
  1403 0001:000070e7  1404 0001:000070f2  1405 0001:000070fb  1406 0001:00007112
  1407 0001:0000711f  1408 0001:00007132  1409 0001:00007141  1410 0001:00007157
  1411 0001:00007173  1412 0001:00007186  1413 0001:00007199  1414 0001:000071a2
  1415 0001:000071a9  1417 0001:000071b3  1418 0001:000071c9  1419 0001:000071d8
  1420 0001:00007200  1421 0001:0000721e  1422 0001:00007235  1423 0001:0000723e
  1424 0001:00007246  1426 0001:0000724f  1427 0001:00007269  1428 0001:0000727e
  1429 0001:00007288  1430 0001:00007291  1431 0001:000072a6  1432 0001:000072b5
  1433 0001:000072c5  1434 0001:000072d2  1435 0001:000072ec  1436 0001:000072f9
  1437 0001:00007315  1438 0001:00007371  1439 0001:00007393  1440 0001:000073bb
  1441 0001:000073f9  1442 0001:0000742e  1443 0001:00007433  1446 0001:00007442
  1447 0001:00007460  1448 0001:0000747e  1449 0001:00007495  1450 0001:0000749e
  1451 0001:000074a6  1453 0001:000074af  1454 0001:000074c9  1455 0001:000074de
  1456 0001:000074e8  1457 0001:000074f1  1458 0001:00007506  1459 0001:00007515
  1460 0001:00007525  1461 0001:00007532  1462 0001:0000754c  1463 0001:00007559
  1464 0001:00007575  1465 0001:000075cd  1466 0001:00007629  1467 0001:00007636
  1468 0001:00007645  1469 0001:0000764a  1471 0001:00007659  1472 0001:00007673
  1473 0001:00007682  1476 0001:00007698  1479 0001:000076b0  1480 0001:000076c8
  1481 0001:000076d3  1482 0001:000076dd  1483 0001:000076f5  1484 0001:000076fc
  1485 0001:00007713  1486 0001:0000771d  1487 0001:00007726  1488 0001:0000773d
  1489 0001:00007744  1490 0001:00007746  1491 0001:0000774f  1493 0001:00007756
  1496 0001:00007770  1497 0001:000077a7  1498 0001:000077ae  1499 0001:000077c2
  1501 0001:000077ca  1502 0001:000077e4  1503 0001:000077f3  1505 0001:00007809
  1506 0001:00007816

Line numbers for \cossacks2_project\Cossacks II\_debug\Bmptool.obj(T:\ac_sources\AC_ADDON_V150VITAL_25.4.2003_7@36@55@218\common.h) segment .text

    86 0001:00000ab0    87 0001:00000ac8    88 0001:00000ade    91 0001:00000af0
    92 0001:00000b08    93 0001:00000b1e

Line numbers for \cossacks2_project\Cossacks II\_debug\Bmptool.obj(T:\ac_sources\AC_ADDON_V150VITAL_25.4.2003_7@36@55@218\intexplorer\bmptool.cpp) segment .text

     7 0001:00000000     8 0001:0000001e    10 0001:0000002d    11 0001:00000033
    12 0001:0000003c    13 0001:00000051    14 0001:0000005e    15 0001:00000064
    16 0001:0000006a    17 0001:00000071    18 0001:00000078    19 0001:0000007e
    20 0001:00000084    21 0001:0000008a    22 0001:00000090    23 0001:00000097
    24 0001:0000009e    25 0001:000000a5    26 0001:000000ac    27 0001:000000b3
    28 0001:000000ba    29 0001:000000cc    30 0001:000000e6    31 0001:0000010e
    32 0001:00000110    33 0001:0000011c    34 0001:00000130    35 0001:00000148
    36 0001:00000157    37 0001:00000161    38 0001:00000173    39 0001:0000018a
    40 0001:0000019f    41 0001:000001c7    42 0001:000001d3    43 0001:000001d9
    44 0001:000001ee    45 0001:0000020b    46 0001:0000022b    47 0001:00000248
    48 0001:0000024a    49 0001:00000256    50 0001:0000025a    51 0001:0000025c
    52 0001:00000270    53 0001:00000288    54 0001:00000297    55 0001:000002a1
    56 0001:000002b3    57 0001:000002ca    58 0001:000002df    59 0001:00000304
    60 0001:0000030d    61 0001:00000313    62 0001:00000328    63 0001:00000345
    64 0001:00000368    65 0001:00000385    66 0001:00000387    67 0001:00000393
    68 0001:00000397    69 0001:00000399    70 0001:000003b0    72 0001:000003ce
    73 0001:000003dd    74 0001:000003e7    75 0001:000003f9    76 0001:0000040d
    77 0001:0000041f    78 0001:00000441    79 0001:00000447    80 0001:0000044d
    81 0001:00000462    82 0001:0000046e    83 0001:0000047b    84 0001:00000495
    85 0001:000004b4    86 0001:000004d5    87 0001:000004d7    88 0001:000004e3
    89 0001:000004e7    90 0001:000004e9    91 0001:00000500    94 0001:0000051e
    95 0001:0000053f    96 0001:00000545    97 0001:0000054b    98 0001:0000056a
    99 0001:00000584   100 0001:0000059e   101 0001:000005ad   102 0001:000005b6
   103 0001:000005e7   104 0001:000005f5   106 0001:000005fc   107 0001:00000612
   108 0001:0000061a   109 0001:00000622   111 0001:00000626   112 0001:00000628
   113 0001:00000640   114 0001:00000658   115 0001:00000666   116 0001:00000674
   117 0001:00000682   118 0001:00000690   119 0001:000006a1   120 0001:000006b2
   121 0001:000006bb   122 0001:000006c4   123 0001:000006d1   124 0001:000006de
   125 0001:000006eb   126 0001:000006f8   127 0001:00000709   128 0001:0000071a
   129 0001:0000072b   130 0001:0000073c   131 0001:00000753   132 0001:0000076a
   133 0001:00000781   134 0001:00000798   135 0001:00000803   137 0001:00000810
   138 0001:00000828   139 0001:00000837   140 0001:0000083d   142 0001:0000084c
   143 0001:00000863   144 0001:0000086f   145 0001:00000876   146 0001:000008a6
   147 0001:000008b1   148 0001:000008b6   149 0001:000008b8   150 0001:000008d0
   151 0001:000008ee   153 0001:000008fd   154 0001:00000903   155 0001:00000909
   156 0001:0000091e   157 0001:0000092d   158 0001:00000933   159 0001:00000939
   160 0001:00000940   161 0001:00000947   162 0001:0000094d   163 0001:00000953
   164 0001:00000959   165 0001:0000095f   166 0001:00000966   167 0001:0000096d
   168 0001:00000974   169 0001:0000097b   170 0001:00000982   172 0001:00000989
   173 0001:000009b0   174 0001:000009cc   175 0001:000009e9   176 0001:00000a06
   177 0001:00000a08   178 0001:00000a1a   179 0001:00000a32   180 0001:00000a58
   181 0001:00000a80   182 0001:00000a82   183 0001:00000a8e

 Exports

  ordinal    name

        1    ?GetAccessKey@@YAPADH@Z (char * __cdecl GetAccessKey(int))
        2    ?ProcessDownloadInternetFiles@@YAXXZ (void __cdecl ProcessDownloadInternetFiles(void))
        3    ?SendRecBuffer@@YAXPAEH_N@Z (void __cdecl SendRecBuffer(unsigned char *,int,bool))
        4    ?SetAccessKey@@YAXHPAD@Z (void __cdecl SetAccessKey(int,char *))
        5    ?StartDownloadInternetFile@@YAXPAD00@Z (void __cdecl StartDownloadInternetFile(char *,char *,char *))
        6    _CloseSXP
               exported name: CloseSXP
        7    _InitSXP
               exported name: InitSXP
        8    _OpenRef
               exported name: OpenRef
        9    _ProcessSXP
               exported name: ProcessSXP
       10    _ResizeSXP
               exported name: ResizeSXP
       11    _RunSXP
               exported name: RunSXP
       12    _SXP_GetVar
               exported name: SXP_GetVar
       13    _SXP_Refresh
               exported name: SXP_Refresh
       14    _SXP_SetVar
               exported name: SXP_SetVar
       15    _SXP_StepBack
               exported name: SXP_StepBack
       16    _SXP_StepForw
               exported name: SXP_StepForw
