 IChat

 Timestamp is 660f2256 (Thu Apr  4 23:57:42 2024)

 Preferred load address is 10000000

 Start         Length     Name                   Class
 0001:00000000 00000030H .text$di                CODE
 0001:00000030 00074cb0H .text$mn                CODE
 0001:00074ce0 000004c0H .text$x                 CODE
 0001:000751a0 000000c0H .text$yd                CODE
 0002:00000000 0000033cH .idata$5                DATA
 0002:0000033c 0000000cH .00cfg                  DATA
 0002:00000348 00000004H .CRT$XCA                DATA
 0002:0000034c 00000008H .CRT$XCU                DATA
 0002:00000354 00000004H .CRT$XCZ                DATA
 0002:00000358 00000004H .CRT$XIA                DATA
 0002:0000035c 00000018H .CRT$XIC                DATA
 0002:00000374 00000004H .CRT$XIZ                DATA
 0002:00000378 00000004H .CRT$XPA                DATA
 0002:0000037c 00000008H .CRT$XPX                DATA
 0002:00000384 00000004H .CRT$XPXA               DATA
 0002:00000388 00000004H .CRT$XPZ                DATA
 0002:0000038c 00000004H .CRT$XTA                DATA
 0002:00000390 00000010H .CRT$XTZ                DATA
 0002:00000394 00000000H .gfids$y                DATA
 0002:000003a0 0000aea0H .rdata                  DATA
 0002:0000b240 00000040H .rdata$CastGuardVftablesA DATA
 0002:0000b280 00000040H .rdata$CastGuardVftablesC DATA
 0002:0000b2c0 000002a0H .rdata$r                DATA
 0002:0000b560 00000474H .rdata$voltmd           DATA
 0002:0000b9d4 00000390H .rdata$zzzdbg           DATA
 0002:0000bd64 00000004H .rtc$IAA                DATA
 0002:0000bd68 00000004H .rtc$IZZ                DATA
 0002:0000bd6c 00000004H .rtc$TAA                DATA
 0002:0000bd70 00000008H .rtc$TZZ                DATA
 0002:0000bd78 000010b8H .xdata$x                DATA
 0002:0000ce30 00000248H .edata                  DATA
 0002:0000d078 00000050H .idata$2                DATA
 0002:0000d0c8 00000014H .idata$3                DATA
 0002:0000d0dc 0000033cH .idata$4                DATA
 0002:0000d418 000013ceH .idata$6                DATA
 0003:00000000 00000cc0H .data                   DATA
 0003:00000cc0 00000058H .data$r                 DATA
 0003:00000d18 000000b8H .data$rs                DATA
 0003:00000dd0 000029d0H .bss                    DATA
 0004:00000000 00000060H .rsrc$01                DATA
 0004:00000060 00000180H .rsrc$02                DATA

  Address         Publics by Value              Rva+Base       Lib:Object

 0000:00000000       ___AbsoluteZero            00000000     <absolute>
 0000:00000000       ___arm64x_extra_rfe_table  00000000     <absolute>
 0000:00000000       ___arm64x_extra_rfe_table_size 00000000     <absolute>
 0000:00000000       ___arm64x_native_entrypoint 00000000     <absolute>
 0000:00000000       ___arm64x_redirection_metadata 00000000     <absolute>
 0000:00000000       ___arm64x_redirection_metadata_count 00000000     <absolute>
 0000:00000000       ___dynamic_value_reloc_table 00000000     <absolute>
 0000:00000000       ___enclave_config          00000000     <absolute>
 0000:00000000       ___guard_check_icall_a64n_fptr 00000000     <absolute>
 0000:00000000       ___guard_eh_cont_count     00000000     <absolute>
 0000:00000000       ___guard_eh_cont_table     00000000     <absolute>
 0000:00000000       ___guard_fids_count        00000000     <absolute>
 0000:00000000       ___guard_fids_table        00000000     <absolute>
 0000:00000000       ___guard_iat_count         00000000     <absolute>
 0000:00000000       ___guard_iat_table         00000000     <absolute>
 0000:00000000       ___guard_longjmp_count     00000000     <absolute>
 0000:00000000       ___guard_longjmp_table     00000000     <absolute>
 0000:00000000       ___hybrid_auxiliary_delayload_iat 00000000     <absolute>
 0000:00000000       ___hybrid_auxiliary_delayload_iat_copy 00000000     <absolute>
 0000:00000000       ___hybrid_auxiliary_iat    00000000     <absolute>
 0000:00000000       ___hybrid_auxiliary_iat_copy 00000000     <absolute>
 0000:00000000       ___hybrid_code_map         00000000     <absolute>
 0000:00000000       ___hybrid_code_map_count   00000000     <absolute>
 0000:00000000       ___hybrid_image_info_bitfield 00000000     <absolute>
 0000:00000000       ___safe_se_handler_count   00000000     <absolute>
 0000:00000000       ___safe_se_handler_table   00000000     <absolute>
 0000:00000000       ___x64_code_ranges_to_entry_points 00000000     <absolute>
 0000:00000000       ___x64_code_ranges_to_entry_points_count 00000000     <absolute>
 0000:00000000       __except_list              00000000     <absolute>
 0000:00000100       ___guard_flags             00000100     <absolute>
 0000:00000000       ___ImageBase               10000000     <linker-defined>
 0001:00000030       ??0ParsedRQ@@QAE@XZ        10001030 f   ParseRQ.obj
 0001:00000040       ??1ParsedRQ@@QAE@XZ        10001040 f   ParseRQ.obj
 0001:00000080       ??2@YAPAXI@Z               10001080 f i ParseRQ.obj
 0001:00000090       ??3@YAXPAX@Z               10001090 f i ParseRQ.obj
 0001:000000e0       ?AddComm@ParsedRQ@@QAEXPAD@Z 100010e0 f   ParseRQ.obj
 0001:00000180       ?AddIntParam@ParsedRQ@@QAEXH@Z 10001180 f   ParseRQ.obj
 0001:000001e0       ?AddParam@ParsedRQ@@QAEXPADH@Z 100011e0 f   ParseRQ.obj
 0001:00000270       ?AddParamToCom@ParsedRQ@@QAEXHPADH@Z 10001270 f   ParseRQ.obj
 0001:00000300       ?Clear@ParsedRQ@@QAEXXZ    10001300 f   ParseRQ.obj
 0001:000003b0       ?Compact@ParsedRQ@@QAEHPADH@Z 100013b0 f   ParseRQ.obj
 0001:000005c0       ?DelComm@ParsedRQ@@QAEXH@Z 100015c0 f   ParseRQ.obj
 0001:00000670       ?Extract@ParsedRQ@@QAEXPADH@Z 10001670 f   ParseRQ.obj
 0001:00000770       ?GetHVal@@YAHD@Z           10001770 f   ParseRQ.obj
 0001:000007a0       ?Parse@ParsedRQ@@QAEXPAD@Z 100017a0 f   ParseRQ.obj
 0001:000009a0       ?UnParse@ParsedRQ@@QAEHPADH@Z 100019a0 f   ParseRQ.obj
 0001:00000c50       _ciAddCallback_            10001c50 f   chatCallbacks.obj
 0001:00001ad0       _ciCallCallback            10002ad0 f   chatCallbacks.obj
 0001:00001da0       _ciCallCallbacks           10002da0 f   chatCallbacks.obj
 0001:00001f70       _ciCheckCallbacksForID     10002f70 f   chatCallbacks.obj
 0001:00001f90       _ciCleanupCallbacks        10002f90 f   chatCallbacks.obj
 0001:00002720       _ciInitCallbacks           10003720 f   chatCallbacks.obj
 0001:00002750       _ciChannelEntered          10003750 f   chatChannel.obj
 0001:00002920       _ciChannelEntering         10003920 f   chatChannel.obj
 0001:000029b0       _ciChannelLeft             100039b0 f   chatChannel.obj
 0001:00002ad0       _ciChannelListUsers        10003ad0 f   chatChannel.obj
 0001:00002ec0       _ciCleanupChannels         10003ec0 f   chatChannel.obj
 0001:00002f10       _ciClearAllUsers           10003f10 f   chatChannel.obj
 0001:00003060       _ciEnteringChannelComparator 10004060 f   chatChannel.obj
 0001:00003070       _ciEnumJoinedChannels      10004070 f   chatChannel.obj
 0001:000031b0       _ciGetChannelCallbacks     100041b0 f   chatChannel.obj
 0001:00003260       _ciGetChannelMode          10004260 f   chatChannel.obj
 0001:00003330       _ciGetChannelNumUsers      10004330 f   chatChannel.obj
 0001:000033e0       _ciGetChannelPassword      100043e0 f   chatChannel.obj
 0001:00003490       _ciGetChannelTopic         10004490 f   chatChannel.obj
 0001:00003540       _ciGetUserBasicInfo        10004540 f   chatChannel.obj
 0001:00003760       _ciGetUserMode             10004760 f   chatChannel.obj
 0001:00003890       _ciInChannel               10004890 f   chatChannel.obj
 0001:000038d0       _ciInitChannels            100048d0 f   chatChannel.obj
 0001:00003940       _ciIsEnteringChannel       10004940 f   chatChannel.obj
 0001:000039e0       _ciJoinCallbackCalled      100049e0 f   chatChannel.obj
 0001:00003a90       _ciSetChannelMode          10004a90 f   chatChannel.obj
 0001:00003b60       _ciSetChannelPassword      10004b60 f   chatChannel.obj
 0001:00003c50       _ciSetChannelTopic         10004c50 f   chatChannel.obj
 0001:00003d10       _ciSetUserBasicInfo        10004d10 f   chatChannel.obj
 0001:00004120       _ciUserChangedMode         10005120 f   chatChannel.obj
 0001:00004320       _ciUserChangedNick         10005320 f   chatChannel.obj
 0001:00004440       _ciUserEnteredChannel      10005440 f   chatChannel.obj
 0001:00004640       _ciUserEnumChannels        10005640 f   chatChannel.obj
 0001:00004860       _ciUserInChannel           10005860 f   chatChannel.obj
 0001:00004900       _ciUserLeftChannel         10005900 f   chatChannel.obj
 0001:00004b70       _ciWasJoinCallbackCalled   10005b70 f   chatChannel.obj
 0001:00004c20       _ciPrivmsgHandler          10005c20 f   chatHandlers.obj
 0001:00004dd0       _ciNoticeHandler           10005dd0 f   chatHandlers.obj
 0001:00004eb0       _ciUTMHandler              10005eb0 f   chatHandlers.obj
 0001:00004f90       _ciATMHandler              10005f90 f   chatHandlers.obj
 0001:00005070       _ciPingHandler             10006070 f   chatHandlers.obj
 0001:000050b0       _ciNickHandler             100060b0 f   chatHandlers.obj
 0001:000051c0       _ciJoinHandler             100061c0 f   chatHandlers.obj
 0001:000053e0       _ciPartHandler             100063e0 f   chatHandlers.obj
 0001:000054e0       _ciKickHandler             100064e0 f   chatHandlers.obj
 0001:00005650       _ciQuitHandler             10006650 f   chatHandlers.obj
 0001:000056c0       _ciKillHandler             100066c0 f   chatHandlers.obj
 0001:00005710       _ciTopicHandler            10006710 f   chatHandlers.obj
 0001:000057b0       _ciModeHandler             100067b0 f   chatHandlers.obj
 0001:00005950       _ciErrorHandler            10006950 f   chatHandlers.obj
 0001:000059d0       _ciNameReplyHandler        100069d0 f   chatHandlers.obj
 0001:00005c20       _ciEndOfNamesHandler       10006c20 f   chatHandlers.obj
 0001:00005db0       _ciInviteHandler           10006db0 f   chatHandlers.obj
 0001:00005e40       _ciRplTopicHandler         10006e40 f   chatHandlers.obj
 0001:00005f10       _ciRplNoTopicHandler       10006f10 f   chatHandlers.obj
 0001:00005fe0       _ciErrNickInUseHandler     10006fe0 f   chatHandlers.obj
 0001:000060b0       _ciRplWhoReplyHandler      100070b0 f   chatHandlers.obj
 0001:00006240       _ciRplUserIPHandler        10007240 f   chatHandlers.obj
 0001:00006310       _ciRplListStartHandler     10007310 f   chatHandlers.obj
 0001:00006370       _ciRplListHandler          10007370 f   chatHandlers.obj
 0001:00006560       _ciRplListEndHandler       10007560 f   chatHandlers.obj
 0001:000065d0       _ciRplChannelModeIsHandler 100075d0 f   chatHandlers.obj
 0001:00006710       _ciRplWhoisUserHandler     10007710 f   chatHandlers.obj
 0001:00006900       _ciRplWhoisChannelsHandler 10007900 f   chatHandlers.obj
 0001:00006a30       _ciRplEndOfWhoisHandler    10007a30 f   chatHandlers.obj
 0001:00006ad0       _ciRplBanListHandler       10007ad0 f   chatHandlers.obj
 0001:00006bd0       _ciRplEndOfBanListHandler  10007bd0 f   chatHandlers.obj
 0001:00006c60       _ciRplWelcomeHandler       10007c60 f   chatHandlers.obj
 0001:00006d00       _ciRplEndOfWhoHandler      10007d00 f   chatHandlers.obj
 0001:00006dc0       _ciRplGetKeyHandler        10007dc0 f   chatHandlers.obj
 0001:00006f10       _ciRplEndGetKeyHandler     10007f10 f   chatHandlers.obj
 0001:00006fb0       _ciRplGetCKeyHandler       10007fb0 f   chatHandlers.obj
 0001:000072c0       _ciRplEndGetCKeyHandler    100082c0 f   chatHandlers.obj
 0001:00007360       _ciRplGetChanKeyHandler    10008360 f   chatHandlers.obj
 0001:00007790       _ciErrNoSuchChannelHandler 10008790 f   chatHandlers.obj
 0001:00007830       _ciErrTooManyChannelsHandler 10008830 f   chatHandlers.obj
 0001:000078b0       _ciErrChannelIsFullHandler 100088b0 f   chatHandlers.obj
 0001:00007930       _ciErrInviteOnlyChanHandler 10008930 f   chatHandlers.obj
 0001:000079b0       _ciErrBannedFromChanHandler 100089b0 f   chatHandlers.obj
 0001:00007a30       _ciErrBadChannelKeyHandler 10008a30 f   chatHandlers.obj
 0001:00007ab0       _ciErrBadChanMaskHandler   10008ab0 f   chatHandlers.obj
 0001:00007b30       _ciErrNoSuchNickHandler    10008b30 f   chatHandlers.obj
 0001:00007b40       _ciErrErroneusNicknameHandler 10008b40 f   chatHandlers.obj
 0001:00007b80       _ciAddBANFilter            10008b80 f   chatHandlers.obj
 0001:00007be0       _ciAddCMODEFilter          10008be0 f   chatHandlers.obj
 0001:00007c10       _ciAddCWHOFilter           10008c10 f   chatHandlers.obj
 0001:00007d20       _ciAddGETBANFilter         10008d20 f   chatHandlers.obj
 0001:00007d60       _ciAddGETCHANKEYFilter     10008d60 f   chatHandlers.obj
 0001:00007e80       _ciAddGETCKEYFilter        10008e80 f   chatHandlers.obj
 0001:00007f90       _ciAddGETKEYFilter         10008f90 f   chatHandlers.obj
 0001:00008070       _ciAddJOINFilter           10009070 f   chatHandlers.obj
 0001:00008150       _ciAddLISTFilter           10009150 f   chatHandlers.obj
 0001:00008190       _ciAddNAMESFilter          10009190 f   chatHandlers.obj
 0001:000081d0       _ciAddNICKFilter           100091d0 f   chatHandlers.obj
 0001:00008200       _ciAddTOPICFilter          10009200 f   chatHandlers.obj
 0001:00008230       _ciAddUMODEFilter          10009230 f   chatHandlers.obj
 0001:00008260       _ciAddUNQUIETFilter        10009260 f   chatHandlers.obj
 0001:000082c0       _ciAddWHOFilter            100092c0 f   chatHandlers.obj
 0001:000082f0       _ciAddWHOISFilter          100092f0 f   chatHandlers.obj
 0001:00008350       _ciApplyChangesToMode      10009350 f   chatHandlers.obj
 0001:00008420       _ciCheckFiltersForID       10009420 f   chatHandlers.obj
 0001:00008490       _ciCleanupFilters          10009490 f   chatHandlers.obj
 0001:00008530       _ciFilterThink             10009530 f   chatHandlers.obj
 0001:00008e70       _ciGetNextID               10009e70 f   chatHandlers.obj
 0001:00008ec0       _ciKillEnumChannelsCallback 10009ec0 f   chatHandlers.obj
 0001:00008ff0       _ciNickError               10009ff0 f   chatHandlers.obj
 0001:00009070       _ciParseMode               1000a070 f   chatHandlers.obj
 0001:00009360       _ciQuitEnumChannelsCallback 1000a360 f   chatHandlers.obj
 0001:00009530       ___local_stdio_printf_options 1000a530 f i chatMain.obj
 0001:00009540       _chatAddChannelBan         1000a540 f   chatMain.obj
 0001:00009600       _chatBanUser               1000a600 f   chatMain.obj
 0001:000096f0       _chatChangeNick            1000a6f0 f   chatMain.obj
 0001:000098c0       _chatConnect               1000a8c0 f   chatMain.obj
 0001:000098f0       _chatConnectDoit           1000a8f0 f   chatMain.obj
 0001:00009bc0       _chatConnectSpecial        1000abc0 f   chatMain.obj
 0001:00009bf0       _chatDisconnect            1000abf0 f   chatMain.obj
 0001:00009c80       _chatEnterChannel          1000ac80 f   chatMain.obj
 0001:00009d70       _chatEnumChannelBans       1000ad70 f   chatMain.obj
 0001:00009e40       _chatEnumChannels          1000ae40 f   chatMain.obj
 0001:00009ee0       _chatEnumJoinedChannels    1000aee0 f   chatMain.obj
 0001:00009ef0       _chatEnumUsers             1000aef0 f   chatMain.obj
 0001:00009fe0       _chatFixNick               1000afe0 f   chatMain.obj
 0001:0000a080       _chatGetBasicUserInfo      1000b080 f   chatMain.obj
 0001:0000a1e0       _chatGetBasicUserInfoNoWait 1000b1e0 f   chatMain.obj
 0001:0000a290       _chatGetChannelBasicUserInfo 1000b290 f   chatMain.obj
 0001:0000a360       _chatGetChannelKeys        1000b360 f   chatMain.obj
 0001:0000a490       _chatGetChannelMode        1000b490 f   chatMain.obj
 0001:0000a610       _chatGetChannelNumUsers    1000b610 f   chatMain.obj
 0001:0000a6a0       _chatGetChannelPassword    1000b6a0 f   chatMain.obj
 0001:0000a7d0       _chatGetChannelTopic       1000b7d0 f   chatMain.obj
 0001:0000a8f0       _chatGetGlobalKeys         1000b8f0 f   chatMain.obj
 0001:0000a9d0       _chatGetNick               1000b9d0 f   chatMain.obj
 0001:0000aa10       _chatGetUserInfo           1000ba10 f   chatMain.obj
 0001:0000ab10       _chatGetUserMode           1000bb10 f   chatMain.obj
 0001:0000acc0       _chatGetUserModeNoWait     1000bcc0 f   chatMain.obj
 0001:0000add0       _chatInviteUser            1000bdd0 f   chatMain.obj
 0001:0000aec0       _chatKickUser              1000bec0 f   chatMain.obj
 0001:0000afc0       _chatLeaveChannel          1000bfc0 f   chatMain.obj
 0001:0000b050       _chatRemoveChannelBan      1000c050 f   chatMain.obj
 0001:0000b110       _chatRetryWithNick         1000c110 f   chatMain.obj
 0001:0000b1b0       _chatSendChannelMessage    1000c1b0 f   chatMain.obj
 0001:0000b2f0       _chatSendRaw               1000c2f0 f   chatMain.obj
 0001:0000b330       _chatSendUserMessage       1000c330 f   chatMain.obj
 0001:0000b4a0       _chatSetChannelGroup       1000c4a0 f   chatMain.obj
 0001:0000b530       _chatSetChannelKeys        1000c530 f   chatMain.obj
 0001:0000b650       _chatSetChannelMode        1000c650 f   chatMain.obj
 0001:0000b7d0       _chatSetChannelPassword    1000c7d0 f   chatMain.obj
 0001:0000b8b0       _chatSetChannelTopic       1000c8b0 f   chatMain.obj
 0001:0000b940       _chatSetGlobalKeys         1000c940 f   chatMain.obj
 0001:0000ba60       _chatSetQuietMode          1000ca60 f   chatMain.obj
 0001:0000bae0       _chatSetUserMode           1000cae0 f   chatMain.obj
 0001:0000bc30       _chatThink                 1000cc30 f   chatMain.obj
 0001:0000bc80       _ciEnumUsersCallback       1000cc80 f   chatMain.obj
 0001:0000bd50       _ciHandleDisconnect        1000cd50 f   chatMain.obj
 0001:0000c2b0       _ciSendNickAndUser         1000d2b0 f   chatMain.obj
 0001:0000c450       _sprintf                   1000d450 f i chatMain.obj
 0001:0000c7b0       _ciGetTime                 1000d7b0 f   chatSocket.obj
 0001:0000cdc0       _ciParseParam              1000ddc0 f   chatSocket.obj
 0001:0000d050       _ciSocketConnect           1000e050 f   chatSocket.obj
 0001:0000d350       _ciSocketDisconnect        1000e350 f   chatSocket.obj
 0001:0000d5d0       _ciSocketInit              1000e5d0 f   chatSocket.obj
 0001:0000d650       _ciSocketRecv              1000e650 f   chatSocket.obj
 0001:0000d9d0       _ciSocketSend              1000e9d0 f   chatSocket.obj
 0001:0000dc50       _ciSocketSendf             1000ec50 f   chatSocket.obj
 0001:0000de90       _ciSocketThink             1000ee90 f   chatSocket.obj
 0001:0000e520       ??0ChatMsg@@QAE@XZ         1000f520 f   cs_chat.obj
 0001:0000e530       ??0ChatSystem@@QAE@XZ      1000f530 f   cs_chat.obj
 0001:0000e5b0       ??1ChatMsg@@QAE@XZ         1000f5b0 f   cs_chat.obj
 0001:0000e650       ??1ChatSystem@@QAE@XZ      1000f650 f   cs_chat.obj
 0001:0000e700       ?Add@ChatMsg@@QAEXPAD0@Z   1000f700 f   cs_chat.obj
 0001:0000e7c0       ?AddAbsentPlayer@ChatSystem@@QAEXPAD@Z 1000f7c0 f   cs_chat.obj
 0001:0000e8f0       ?AddPlayer@ChatSystem@@QAEXPADH@Z 1000f8f0 f   cs_chat.obj
 0001:0000ea60       ?ChangedNickCallback@@YAXPAXW4CHATBool@@PBD20@Z 1000fa60 f   cs_chat.obj
 0001:0000ea80       ?ChannelMessage@@YAXPAXPBD11H0@Z 1000fa80 f   cs_chat.obj
 0001:0000ec50       ?ChannelModeChanged@@YAXPAXPBDPAUCHATChannelMode@@0@Z 1000fc50 f   cs_chat.obj
 0001:0000ec70       ?ChatBroadcastKeyChanged@@YAXPAXPBD1110@Z 1000fc70 f   cs_chat.obj
 0001:0000ec80       ?ChatProcess@@YAXXZ        1000fc80 f   cs_chat.obj
 0001:0000eca0       ?CheckMessage@ChatSystem@@QAEXPAD@Z 1000fca0 f   cs_chat.obj
 0001:0000ee20       ?ConnectCallback@@YAXPAXW4CHATBool@@0@Z 1000fe20 f   cs_chat.obj
 0001:0000ee50       ?ConnectToChat@ChatSystem@@QAE_NPAD00000@Z 1000fe50 f   cs_chat.obj
 0001:0000f020       ?DelAbsentPlayer@ChatSystem@@QAEXPAD@Z 10010020 f   cs_chat.obj
 0001:0000f0c0       ?DelPlayer@ChatSystem@@QAEXPADH@Z 100100c0 f   cs_chat.obj
 0001:0000f180       ?Disconnect@ChatSystem@@QAEXXZ 10010180 f   cs_chat.obj
 0001:0000f200       ?Disconnected@@YAXPAXPBD0@Z 10010200 f   cs_chat.obj
 0001:0000f210       ?EnterChannelCallback@@YAXPAXW4CHATBool@@W4CHATEnterResult@@PBD0@Z 10010210 f   cs_chat.obj
 0001:0000f2a0       ?EnumUsersCallback@@YAXPAXW4CHATBool@@PBDHPAPBDPAH0@Z 100102a0 f   cs_chat.obj
 0001:0000f320       ?GetUserInfoCallback@@YAXPAXW4CHATBool@@PBD222HPAPBD0@Z 10010320 f   cs_chat.obj
 0001:0000f4c0       ?Invited@@YAXPAXPBD10@Z    100104c0 f   cs_chat.obj
 0001:0000f4e0       ?Kicked@@YAXPAXPBD110@Z    100104e0 f   cs_chat.obj
 0001:0000f500       ?NPlayers@ChatSystem@@QAEHXZ 10010500 f   cs_chat.obj
 0001:0000f520       ?NickErrorCallback@@YAXPAXHPBD0@Z 10010520 f   cs_chat.obj
 0001:0000f680       ?Players@ChatSystem@@QAEPAUOneChatPlayer@@XZ 10010680 f   cs_chat.obj
 0001:0000f6a0       ?PrivateMessage@@YAXPAXPBD1H0@Z 100106a0 f   cs_chat.obj
 0001:0000f8a0       ?Process@ChatSystem@@QAEXXZ 100108a0 f   cs_chat.obj
 0001:0000f9d0       ?Raw@@YAXPAXPBD0@Z         100109d0 f   cs_chat.obj
 0001:0000f9f0       ?RemoveOne@ChatMsg@@QAE_NPAD0H@Z 100109f0 f   cs_chat.obj
 0001:0000faa0       ?Setup@ChatSystem@@QAEXXZ  10010aa0 f   cs_chat.obj
 0001:0000fb90       ?SortPlayers@ChatSystem@@QAEXPAUOneChatPlayer@@H@Z 10010b90 f   cs_chat.obj
 0001:0000fc40       ?TopicChanged@@YAXPAXPBD10@Z 10010c40 f   cs_chat.obj
 0001:0000fc60       ?UserChangedNick@@YAXPAXPBD110@Z 10010c60 f   cs_chat.obj
 0001:0000fc80       ?UserJoined@@YAXPAXPBD1H0@Z 10010c80 f   cs_chat.obj
 0001:0000fd00       ?UserListUpdated@@YAXPAXPBD0@Z 10010d00 f   cs_chat.obj
 0001:0000fd20       ?UserModeChanged@@YAXPAXPBD1H0@Z 10010d20 f   cs_chat.obj
 0001:0000fd40       ?UserParted@@YAXPAXPBD1H110@Z 10010d40 f   cs_chat.obj
 0001:0000fdb0       _ArrayAppend               10010db0 f   darray.obj
 0001:0000fdd0       _ArrayClear                10010dd0 f   darray.obj
 0001:0000fe00       _ArrayDeleteAt             10010e00 f   darray.obj
 0001:0000fe40       _ArrayFree                 10010e40 f   darray.obj
 0001:0000fed0       _ArrayInsertAt             10010ed0 f   darray.obj
 0001:0000ff50       _ArrayInsertSorted         10010f50 f   darray.obj
 0001:0000ffb0       _ArrayLength               10010fb0 f   darray.obj
 0001:0000ffc0       _ArrayMap                  10010fc0 f   darray.obj
 0001:00010010       _ArrayMap2                 10011010 f   darray.obj
 0001:00010070       _ArrayMapBackwards         10011070 f   darray.obj
 0001:000100c0       _ArrayNew                  100110c0 f   darray.obj
 0001:00010160       _ArrayNth                  10011160 f   darray.obj
 0001:000101a0       _ArrayRemoveAt             100111a0 f   darray.obj
 0001:00010210       _ArrayReplaceAt            10011210 f   darray.obj
 0001:00010260       _ArraySearch               10011260 f   darray.obj
 0001:000102f0       _ArraySort                 100112f0 f   darray.obj
 0001:00010420       ??1IniFile@@QAE@XZ         10011420 f i GSC_ChatWindow.obj
 0001:000104d0       ?Add@CNamesCash@@QAEXPAD0_N@Z 100114d0 f i GSC_ChatWindow.obj
 0001:000105c0       ?AddCUserInfo@@YAXPAD0@Z   100115c0 f   GSC_ChatWindow.obj
 0001:000105e0       ?CheckIfGameRated@@YA_NXZ  100115e0 f   GSC_ChatWindow.obj
 0001:00010600       ?DisableRatedGame@@YAXXZ   10011600 f   GSC_ChatWindow.obj
 0001:00010670       ?Draw_PLIST@@YAXHHHHHEH@Z  10011670 f   GSC_ChatWindow.obj
 0001:00010930       ?EnterPersonalMessage@@YAXPAD_N@Z 10011930 f   GSC_ChatWindow.obj
 0001:00010df0       ?GetCUserInfo@@YAPADPAD@Z  10011df0 f   GSC_ChatWindow.obj
 0001:00010e10       ?GetGameID@@YAXPAD@Z       10011e10 f   GSC_ChatWindow.obj
 0001:00010e40       ?GetLocalInfo@CNamesCash@@QAEPADPAD@Z 10011e40 f i GSC_ChatWindow.obj
 0001:00010f50       ?GetStr@IniFile@@QAEPADPAD@Z 10011f50 f i GSC_ChatWindow.obj
 0001:00010fd0       ?GoHomeAnyway@@YAXXZ       10011fd0 f   GSC_ChatWindow.obj
 0001:00010fe0       ?LeaveGSCRoom@@YAXXZ       10011fe0 f   GSC_ChatWindow.obj
 0001:00011010       ?PlayStart@@YAXXZ          10012010 f   GSC_ChatWindow.obj
 0001:00011030       ?Process_GSC_ChatWindow@@YAH_NPAURoomInfo@@@Z 10012030 f   GSC_ChatWindow.obj
 0001:00014650       ?ReportAliveState@@YAXHPAH@Z 10015650 f   GSC_ChatWindow.obj
 0001:00014750       ?ReportGSCGame@@YAXHHPAUOnePlayerReport@@@Z 10015750 f   GSC_ChatWindow.obj
 0001:000148f0       ?ReportIt@@YAXPADZZ        100158f0 f   GSC_ChatWindow.obj
 0001:00014900       ?Save@CNamesCash@@QAEXXZ   10015900 f i GSC_ChatWindow.obj
 0001:00014950       ?SendPrivateMessage@@YAXPAD0@Z 10015950 f   GSC_ChatWindow.obj
 0001:000149e0       ?SendVictoryState@@YAXHE@Z 100159e0 f   GSC_ChatWindow.obj
 0001:00014b70       ?SetChatWState@@YAXHH@Z    10015b70 f   GSC_ChatWindow.obj
 0001:00014bb0       ?SetGameID@@YAXPAD@Z       10015bb0 f   GSC_ChatWindow.obj
 0001:00014be0       ?ShowCentralMessage2C@@YAXPADH@Z 10015be0 f   GSC_ChatWindow.obj
 0001:00014cf0       ?StartGSCGame@@YAXPAD0HPAHPAPAD11@Z 10015cf0 f   GSC_ChatWindow.obj
 0001:00015030       ___local_stdio_scanf_options 10016030 f i GSC_ChatWindow.obj
 0001:00015040       _fprintf                   10016040 f i GSC_ChatWindow.obj
 0001:00015070       _sscanf                    10016070 f i GSC_ChatWindow.obj
 0001:000150a0       _TableClear                100160a0 f   hashtable.obj
 0001:000150d0       _TableCount                100160d0 f   hashtable.obj
 0001:00015100       _TableEnter                10016100 f   hashtable.obj
 0001:00015160       _TableFree                 10016160 f   hashtable.obj
 0001:000151c0       _TableLookup               100161c0 f   hashtable.obj
 0001:00015210       _TableMap                  10016210 f   hashtable.obj
 0001:00015260       _TableMap2                 10016260 f   hashtable.obj
 0001:000152c0       _TableMapSafe              100162c0 f   hashtable.obj
 0001:00015310       _TableNew                  10016310 f   hashtable.obj
 0001:00015330       _TableNew2                 10016330 f   hashtable.obj
 0001:00015430       _TableRemove               10016430 f   hashtable.obj
 0001:00015490       ?SetupChat@@YAXXZ          10016490 f   IChat.obj
 0001:000154a0       _DllMain@12                100164a0 f   IChat.obj
 0001:00015550       _MD5Digest                 10016550 f   md5c.obj
 0001:000155b0       _MD5Final                  100165b0 f   md5c.obj
 0001:00015640       _MD5Init                   10016640 f   md5c.obj
 0001:00015680       _MD5Print                  10016680 f   md5c.obj
 0001:00015d90       _MD5Update                 10016d90 f   md5c.obj
 0001:00015e60       _DisableNagle              10016e60 f   nonport.obj
 0001:00015e90       _GOAGetUniqueID            10016e90 f   nonport.obj
 0001:00016040       _SetReceiveBufferSize      10017040 f   nonport.obj
 0001:00016070       _SetSockBlocking           10017070 f   nonport.obj
 0001:000160a0       _SocketShutDown            100170a0 f   nonport.obj
 0001:000160b0       _SocketStartUp             100170b0 f   nonport.obj
 0001:00016130       _current_time              10017130 f   nonport.obj
 0001:00016140       _goastrdup                 10017140 f   nonport.obj
 0001:000161b0       _msleep                    100171b0 f   nonport.obj
 0001:00016211       _inet_addr@4               10017211 f   Ws2_32:WS2_32.dll
 0001:00016217       ___WSAFDIsSet@8            10017217 f   Ws2_32:WS2_32.dll
 0001:0001621d       _closesocket@4             1001721d f   Ws2_32:WS2_32.dll
 0001:00016223       _connect@12                10017223 f   Ws2_32:WS2_32.dll
 0001:00016229       _htons@4                   10017229 f   Ws2_32:WS2_32.dll
 0001:0001622f       _recv@16                   1001722f f   Ws2_32:WS2_32.dll
 0001:00016235       _select@20                 10017235 f   Ws2_32:WS2_32.dll
 0001:0001623b       _send@16                   1001723b f   Ws2_32:WS2_32.dll
 0001:00016241       _setsockopt@20             10017241 f   Ws2_32:WS2_32.dll
 0001:00016247       _shutdown@8                10017247 f   Ws2_32:WS2_32.dll
 0001:0001624d       _socket@12                 1001724d f   Ws2_32:WS2_32.dll
 0001:00016253       _gethostbyname@4           10017253 f   Ws2_32:WS2_32.dll
 0001:00016259       _WSAGetLastError@0         10017259 f   Ws2_32:WS2_32.dll
 0001:0001625f       _ioctlsocket@12            1001725f f   Ws2_32:WS2_32.dll
 0001:00016265       _WSAStartup@8              10017265 f   Ws2_32:WS2_32.dll
 0001:0001626b       _WSACleanup@0              1001726b f   Ws2_32:WS2_32.dll
 0001:00016271       _GetTickCount@0            10017271 f   kernel32:KERNEL32.dll
 0001:00016277       _QueryPerformanceCounter@4 10017277 f   kernel32:KERNEL32.dll
 0001:0001627d       _Sleep@4                   1001727d f   kernel32:KERNEL32.dll
 0001:00016283       _RegCloseKey@4             10017283 f   advapi32:ADVAPI32.dll
 0001:00016289       _RegCreateKeyExA@36        10017289 f   advapi32:ADVAPI32.dll
 0001:0001628f       _RegOpenKeyExA@20          1001728f f   advapi32:ADVAPI32.dll
 0001:00016295       _RegQueryValueExA@24       10017295 f   advapi32:ADVAPI32.dll
 0001:0001629b       _RegSetValueExA@24         1001729b f   advapi32:ADVAPI32.dll
 0001:000162a1       ?_ExMalloc@@YAPAXH@Z       100172a1 f   dmcr:dmcr.exe
 0001:000162a7       ?_ExFree@@YAXPAX@Z         100172a7 f   dmcr:dmcr.exe
 0001:000162ad       ?_ExRealloc@@YAPAXPAXH@Z   100172ad f   dmcr:dmcr.exe
 0001:000162b3       ?GetTextByID@@YAPADPAD@Z   100172b3 f   dmcr:dmcr.exe
 0001:000162b9       ?ProcessMessages@@YA_NXZ   100172b9 f   dmcr:dmcr.exe
 0001:000162bf       ?AddToGChat@@YAXPAD0@Z     100172bf f   dmcr:dmcr.exe
 0001:000162c5       ?GetRLCHeight@@YAHPAUxRLCTable@@E@Z 100172c5 f   dmcr:dmcr.exe
 0001:000162cb       ?ShowString@@YAXHHPBDPAVRLCFont@@@Z 100172cb f   dmcr:dmcr.exe
 0001:000162d1       ?GetRLCStrWidth@@YAHPADPAVRLCFont@@@Z 100172d1 f   dmcr:dmcr.exe
 0001:000162d7       ?PreLoadGPImage@GP_System@@QAEHPAD@Z 100172d7 f   dmcr:dmcr.exe
 0001:000162dd       ?LoadGP@GP_System@@QAE_NH@Z 100172dd f   dmcr:dmcr.exe
 0001:000162e3       ?GetGPWidth@GP_System@@QAEHHH@Z 100172e3 f   dmcr:dmcr.exe
 0001:000162e9       ?ShowGP@GP_System@@QAEXHHHHE@Z 100172e9 f   dmcr:dmcr.exe
 0001:000162ef       ??0LocalGP@@QAE@PAD@Z      100172ef f   dmcr:dmcr.exe
 0001:000162f5       ??1LocalGP@@QAE@XZ         100172f5 f   dmcr:dmcr.exe
 0001:000162fb       ?GetSound@@YAHPAD@Z        100172fb f   dmcr:dmcr.exe
 0001:00016301       ??0SQPicture@@QAE@PAD@Z    10017301 f   dmcr:dmcr.exe
 0001:00016307       ?LoadPicture@SQPicture@@QAEXPAD@Z 10017307 f   dmcr:dmcr.exe
 0001:0001630d       ?Draw@SQPicture@@QAEXHH@Z  1001730d f   dmcr:dmcr.exe
 0001:00016313       ??1SQPicture@@QAE@XZ       10017313 f   dmcr:dmcr.exe
 0001:00016319       ??0DialogsSystem@@QAE@HH@Z 10017319 f   dmcr:dmcr.exe
 0001:0001631f       ??0DialogsSystem@@QAE@XZ   1001731f f   dmcr:dmcr.exe
 0001:00016325       ??1DialogsSystem@@QAE@XZ   10017325 f   dmcr:dmcr.exe
 0001:0001632b       ?ProcessDialogs@DialogsSystem@@QAEXXZ 1001732b f   dmcr:dmcr.exe
 0001:00016331       ?MarkToDraw@DialogsSystem@@QAEXXZ 10017331 f   dmcr:dmcr.exe
 0001:00016337       ?RefreshView@DialogsSystem@@QAEXXZ 10017337 f   dmcr:dmcr.exe
 0001:0001633d       ?addPicture@DialogsSystem@@QAEPAVPicture@@PAVSimpleDialog@@HHPAVSQPicture@@11@Z 1001733d f   dmcr:dmcr.exe
 0001:00016343       ?addGPPicture@DialogsSystem@@QAEPAVGPPicture@@PAVSimpleDialog@@HHHH@Z 10017343 f   dmcr:dmcr.exe
 0001:00016349       ?addTextButton@DialogsSystem@@QAEPAVTextButton@@PAVSimpleDialog@@HHPADPAVRLCFont@@22E@Z 10017349 f   dmcr:dmcr.exe
 0001:0001634f       ?addGP_TextButton@DialogsSystem@@QAEPAVGP_TextButton@@PAVSimpleDialog@@HHPADHHPAVRLCFont@@2@Z 1001734f f   dmcr:dmcr.exe
 0001:00016355       ?addGP_Button@DialogsSystem@@QAEPAVGP_Button@@PAVSimpleDialog@@HHHHH@Z 10017355 f   dmcr:dmcr.exe
 0001:0001635b       ?addComplexBox@DialogsSystem@@QAEPAVComplexBox@@HHHHP6AXHHHHHEH@ZHH@Z 1001735b f   dmcr:dmcr.exe
 0001:00016361       ?addInputBox@DialogsSystem@@QAEPAVInputBox@@PAVSimpleDialog@@HHPADHHHPAVRLCFont@@2@Z 10017361 f   dmcr:dmcr.exe
 0001:00016367       ?addColoredBar@DialogsSystem@@QAEPAVColoredBar@@HHHHE@Z 10017367 f   dmcr:dmcr.exe
 0001:0001636d       ?addBPXView@DialogsSystem@@QAEPAVBPXView@@PAVSimpleDialog@@HHHHHHHPAEPAVVScrollBar@@@Z 1001736d f   dmcr:dmcr.exe
 0001:00016373       ?addNewGP_VScrollBar@DialogsSystem@@QAEPAVVScrollBar@@PAVSimpleDialog@@HHHHHHH@Z 10017373 f   dmcr:dmcr.exe
 0001:00016379       ?addCustomBorder@DialogsSystem@@QAEPAVCustomBorder@@HHHHHPAH0HH@Z 10017379 f   dmcr:dmcr.exe
 0001:0001637f       ?addChatViewer@DialogsSystem@@QAEPAVChatViewer@@PAVSimpleDialog@@HHHHHPAPAPAD1PAH@Z 1001737f f   dmcr:dmcr.exe
 0001:00016385       ?RReset@@YAPAXPBD@Z        10017385 f   dmcr:dmcr.exe
 0001:0001638b       ?RFileSize@@YAKPAX@Z       1001738b f   dmcr:dmcr.exe
 0001:00016391       ?RSeek@@YAKPAXH@Z          10017391 f   dmcr:dmcr.exe
 0001:00016397       ?RBlockRead@@YAKPAX0K@Z    10017397 f   dmcr:dmcr.exe
 0001:0001639d       ?RClose@@YAXPAX@Z          1001739d f   dmcr:dmcr.exe
 0001:000163a3       ?Gopen@@YAPAVGFILE@@PAD0@Z 100173a3 f   dmcr:dmcr.exe
 0001:000163a9       ?Gclose@@YAXPAVGFILE@@@Z   100173a9 f   dmcr:dmcr.exe
 0001:000163af       ?MMItemChoose@@YA_NPAVSimpleDialog@@@Z 100173af f   dmcr:dmcr.exe
 0001:000163b5       ?LoadFog@@YAXH@Z           100173b5 f   dmcr:dmcr.exe
 0001:000163bb       ?StdKeys@@YAXXZ            100173bb f   dmcr:dmcr.exe
 0001:000163c1       ?SlowLoadPalette@@YAXPBD@Z 100173c1 f   dmcr:dmcr.exe
 0001:000163c7       ?ReadWinString@@YA_NPAVGFILE@@PADH@Z 100173c7 f   dmcr:dmcr.exe
 0001:000163cd       ?LoadPalette@@YAXPBD@Z     100173cd f   dmcr:dmcr.exe
 0001:000163d3       ?PlayEffect@@YAXHHH@Z      100173d3 f   dmcr:dmcr.exe
 0001:000163d9       ?ExplorerBack@@YAXH@Z      100173d9 f   dmcr:dmcr.exe
 0001:000163df       ?ExplorerRefresh@@YAXH@Z   100173df f   dmcr:dmcr.exe
 0001:000163e5       ?ExplorerSetVar@@YAXHPAD0@Z 100173e5 f   dmcr:dmcr.exe
 0001:000163eb       ?ExplorerGetVar@@YAPADHPAD@Z 100173eb f   dmcr:dmcr.exe
 0001:000163f1       ?RunExplorer@@YAXHPADHHHH@Z 100173f1 f   dmcr:dmcr.exe
 0001:000163f7       ?ProcessExplorerDSS@@YAXHPAVDialogsSystem@@@Z 100173f7 f   dmcr:dmcr.exe
 0001:000163fd       ?ExplorerOpenRef@@YAXHPAD@Z 100173fd f   dmcr:dmcr.exe
 0001:00016403       ?ExplorerResize@@YAXHHHHH@Z 10017403 f   dmcr:dmcr.exe
 0001:00016409       ?GetPaletteColor@@YAEHHH@Z 10017409 f   dmcr:dmcr.exe
 0001:0001640f       ?xLine@@YAXHHHHE@Z         1001740f f   dmcr:dmcr.exe
 0001:00016415       ?AddChatString@@YAXPAD0HPAVRLCFont@@AAPAPAD2AAH3@Z 10017415 f   dmcr:dmcr.exe
 0001:0001641b       ?PushWindow@@YAXPAUTempWindow@@@Z 1001741b f   dmcr:dmcr.exe
 0001:00016421       ?PopWindow@@YAXPAUTempWindow@@@Z 10017421 f   dmcr:dmcr.exe
 0001:00016427       ?IntersectWindows@@YAXHHHH@Z 10017427 f   dmcr:dmcr.exe
 0001:0001642d       ?ShowClanString@@YAXHHPADEPAVRLCFont@@1H@Z 1001742d f   dmcr:dmcr.exe
 0001:00016433       ?SetRoomOptions@@YAXPAD@Z  10017433 f   dmcr:dmcr.exe
 0001:00016439       ?CheckForPersonalChat@@YA_NPAD@Z 10017439 f   dmcr:dmcr.exe
 0001:0001643f       ?CheckPersonality@@YA_NPAD@Z 1001743f f   dmcr:dmcr.exe
 0001:00016445       ?DarkScreen@@YAXXZ         10017445 f   dmcr:dmcr.exe
 0001:0001644b       ?SendPings@@YAXXZ          1001744b f   dmcr:dmcr.exe
 0001:00016451       ?EnumPlr@@YA_NXZ           10017451 f   dmcr:dmcr.exe
 0001:00016457       ?MemScreenPart@@YAXHHHHPAE@Z 10017457 f   dmcr:dmcr.exe
 0001:0001645d       ?FlipPages@@YAXXZ          1001745d f   dmcr:dmcr.exe
 0001:00016463       ?RunHTTPC@@YAXXZ           10017463 f   dmcr:dmcr.exe
 0001:00016469       ?ClearGChat@@YAXXZ         10017469 f   dmcr:dmcr.exe
 0001:0001646f       ?SetCurPtr@@YAXH@Z         1001746f f   dmcr:dmcr.exe
 0001:00016475       ?CheckUsingAI@@YA_NXZ      10017475 f   dmcr:dmcr.exe
 0001:0001647b       ?CheckGSC_Login@@YA_NXZ    1001747b f   dmcr:dmcr.exe
 0001:00016481       ___raise_securityfailure   10017481 f   LIBCMT:gs_report.obj
 0001:000164a9       ___report_gsfailure        100174a9 f   LIBCMT:gs_report.obj
 0001:000165a3       ___report_rangecheckfailure 100175a3 f   LIBCMT:gs_report.obj
 0001:000165af       ___report_securityfailure  100175af f   LIBCMT:gs_report.obj
 0001:0001667e       ___report_securityfailureEx 1001767e f   LIBCMT:gs_report.obj
 0001:00016793       @__security_check_cookie@4 10017793 f   LIBCMT:secchk.obj
 0001:000167a1       ??_L@YGXPAXIHP6EX0@Z1@Z    100177a1 f   LIBCMT:ehvecctr.obj
 0001:000167a6       ??_L@YGXPAXIIP6EX0@Z1@Z    100177a6 f   LIBCMT:ehvecctr.obj
 0001:0001681a       ??_M@YGXPAXIHP6EX0@Z@Z     1001781a f   LIBCMT:ehvecdtr.obj
 0001:0001681f       ??_M@YGXPAXIIP6EX0@Z@Z     1001781f f   LIBCMT:ehvecdtr.obj
 0001:000168d3       ?__ArrayUnwind@@YGXPAXIIP6EX0@Z@Z 100178d3 f   LIBCMT:ehvecdtr.obj
 0001:00016963       ?configure_argv@__scrt_narrow_argv_policy@@SAHXZ 10017963 f i LIBCMT:utility.obj
 0001:000169b4       ?initialize_environment@__scrt_narrow_environment_policy@@SAHXZ 100179b4 f i LIBCMT:utility.obj
 0001:000169ec       _NtCurrentTeb              100179ec f i LIBCMT:utility.obj
 0001:000169f3       ___scrt_acquire_startup_lock 100179f3 f   LIBCMT:utility.obj
 0001:00016a25       ___scrt_dllmain_after_initialize_c 10017a25 f   LIBCMT:utility.obj
 0001:00016a50       ___scrt_dllmain_before_initialize_c 10017a50 f   LIBCMT:utility.obj
 0001:00016a5e       ___scrt_dllmain_crt_thread_attach 10017a5e f   LIBCMT:utility.obj
 0001:00016a7d       ___scrt_dllmain_crt_thread_detach 10017a7d f   LIBCMT:utility.obj
 0001:00016a8a       ___scrt_dllmain_exception_filter 10017a8a f   LIBCMT:utility.obj
 0001:00016abe       ___scrt_dllmain_uninitialize_c 10017abe f   LIBCMT:utility.obj
 0001:00016ae1       ___scrt_dllmain_uninitialize_critical 10017ae1 f   LIBCMT:utility.obj
 0001:00016aee       ___scrt_initialize_crt     10017aee f   LIBCMT:utility.obj
 0001:00016b27       ___scrt_initialize_onexit_tables 10017b27 f   LIBCMT:utility.obj
 0001:00016bae       ___scrt_is_nonwritable_in_current_image 10017bae f   LIBCMT:utility.obj
 0001:00016c42       ___scrt_release_startup_lock 10017c42 f   LIBCMT:utility.obj
 0001:00016c5f       ___scrt_uninitialize_crt   10017c5f f   LIBCMT:utility.obj
 0001:00016c87       __onexit                   10017c87 f   LIBCMT:utility.obj
 0001:00016cb4       _at_quick_exit             10017cb4 f   LIBCMT:utility.obj
 0001:00016cd7       _atexit                    10017cd7 f   LIBCMT:utility.obj
 0001:00016cf0       __alloca_probe             10017cf0 f   LIBCMT:chkstk.obj
 0001:00016cf0       __chkstk                   10017cf0 f   LIBCMT:chkstk.obj
 0001:0001705b       __CRT_INIT@12              1001805b f   LIBCMT:dll_dllmain.obj
 0001:00017064       __DllMainCRTStartup@12     10018064 f   LIBCMT:dll_dllmain.obj
 0001:00017090       __SEH_prolog4              10018090 f   LIBCMT:sehprolg4.obj
 0001:000170e0       __SEH_epilog4              100180e0 f   LIBCMT:sehprolg4.obj
 0001:000170f4       @_guard_check_icall_nop@4  100180f4 f i LIBCMT:guard_support.obj
 0001:000170f7       _ReadNoFence               100180f7 f i LIBCMT:guard_support.obj
 0001:00017101       _ReadPointerNoFence        10018101 f i LIBCMT:guard_support.obj
 0001:0001710b       __InlineInterlockedExchangePointer 1001810b f i LIBCMT:guard_support.obj
 0001:00017118       ___castguard_check_failure_debugbreak 10018118 f i LIBCMT:guard_support.obj
 0001:00017133       ___castguard_check_failure_fastfail 10018133 f i LIBCMT:guard_support.obj
 0001:00017152       ___castguard_check_failure_nop 10018152 f i LIBCMT:guard_support.obj
 0001:00017155       ___castguard_check_failure_os_handled 10018155 f i LIBCMT:guard_support.obj
 0001:0001718c       ___castguard_check_failure_user_handled 1001818c f i LIBCMT:guard_support.obj
 0001:000171fa       ___castguard_set_user_handler 100181fa f i LIBCMT:guard_support.obj
 0001:00017209       ___castguard_slow_path_check_debugbreak 10018209 f i LIBCMT:guard_support.obj
 0001:00017236       ___castguard_slow_path_check_fastfail 10018236 f i LIBCMT:guard_support.obj
 0001:00017267       ___castguard_slow_path_check_nop 10018267 f i LIBCMT:guard_support.obj
 0001:0001726a       ___castguard_slow_path_check_os_handled 1001826a f i LIBCMT:guard_support.obj
 0001:000172a6       ___castguard_slow_path_check_user_handled 100182a6 f i LIBCMT:guard_support.obj
 0001:00017307       __guard_icall_checks_enforced 10018307 f i LIBCMT:guard_support.obj
 0001:00017319       ___isa_available_init      10018319 f   LIBCMT:cpu_disp.obj
 0001:000174ed       __get_startup_argv_mode    100184ed f   LIBCMT:argv_mode.obj
 0001:000174f1       ___scrt_is_ucrt_dll_in_use 100184f1 f   LIBCMT:ucrt_detection.obj
 0001:000174fd       ___scrt_fastfail           100184fd f   LIBCMT:utility_desktop.obj
 0001:00017612       ___scrt_get_show_window_mode 10018612 f   LIBCMT:utility_desktop.obj
 0001:00017643       ___scrt_initialize_mta     10018643 f   LIBCMT:utility_desktop.obj
 0001:00017648       ___scrt_initialize_winrt   10018648 f   LIBCMT:utility_desktop.obj
 0001:0001764b       ___scrt_is_managed_app     1001864b f   LIBCMT:utility_desktop.obj
 0001:0001768d       ___scrt_set_unhandled_exception_filter 1001868d f   LIBCMT:utility_desktop.obj
 0001:00017699       ___scrt_exe_initialize_mta 10018699 f   LIBCMT:utility_desktop.obj
 0001:00017699       ___scrt_stub_for_initialize_mta 10018699 f   LIBCMT:utility_desktop.obj
 0001:0001769c       ___scrt_unhandled_exception_filter@4 1001869c f   LIBCMT:utility_desktop.obj
 0001:000176f2       __crt_debugger_hook        100186f2 f   LIBCMT:utility_desktop.obj
 0001:00017747       ___security_init_cookie    10018747 f   LIBCMT:gs_support.obj
 0001:00017792       ?__scrt_initialize_type_info@@YAXXZ 10018792 f   LIBCMT:tncleanup.obj
 0001:0001779e       ?__scrt_uninitialize_type_info@@YAXXZ 1001879e f   LIBCMT:tncleanup.obj
 0001:000177aa       ___scrt_initialize_default_local_stdio_options 100187aa f   LIBCMT:default_local_stdio_options.obj
 0001:000177c7       ___scrt_get_dyn_tls_init_callback 100187c7 f   LIBCMT:dyn_tls_init.obj
 0001:000177cd       __RTC_Initialize           100187cd f   LIBCMT:initsect.obj
 0001:000177f9       __RTC_Terminate            100187f9 f   LIBCMT:initsect.obj
 0001:00017825       ??$?0AAViterator@TryBlockMap@__FrameHandler3@@AAV012@$0A@@?$pair@Viterator@TryBlockMap@__FrameHandler3@@V123@@std@@QAE@AAViterator@TryBlockMap@__FrameHandler3@@0@Z 10018825 f i libvcruntime:trnsctrl.obj
 0001:00017849       ??$forward@AAViterator@TryBlockMap@__FrameHandler3@@@std@@YAAAViterator@TryBlockMap@__FrameHandler3@@AAV123@@Z 10018849 f i libvcruntime:trnsctrl.obj
 0001:00017851       ??0iterator@TryBlockMap@__FrameHandler3@@QAE@AAV12@I@Z 10018851 f i libvcruntime:trnsctrl.obj
 0001:00017865       ?GetRangeOfTrysToCheck@__FrameHandler3@@SA?AU?$pair@Viterator@TryBlockMap@__FrameHandler3@@V123@@std@@AAVTryBlockMap@1@HPAXPBU_s_FuncInfo@@H@Z 10018865 f   libvcruntime:trnsctrl.obj
 0001:000178d4       ?_CallCatchBlock2@@YAPAXPAUEHRegistrationNode@@PBU_s_FuncInfo@@PAXHK@Z 100188d4 f   libvcruntime:trnsctrl.obj
 0001:00017931       ?_CallSETranslator@@YAHPAUEHExceptionRecord@@PAUEHRegistrationNode@@PAX2PBU_s_FuncInfo@@H1@Z 10018931 f   libvcruntime:trnsctrl.obj
 0001:00017a21       ?_JumpToContinuation@@YGXPAXPAUEHRegistrationNode@@@Z 10018a21 f   libvcruntime:trnsctrl.obj
 0001:00017a51       ?_UnwindNestedFrames@@YGXPAUEHRegistrationNode@@PAUEHExceptionRecord@@@Z 10018a51 f   libvcruntime:trnsctrl.obj
 0001:00017aa4       __CatchGuardHandler        10018aa4 f   libvcruntime:trnsctrl.obj
 0001:00017ad5       __CreateFrameInfo          10018ad5 f   libvcruntime:trnsctrl.obj
 0001:00017af9       __FindAndUnlinkFrame       10018af9 f   libvcruntime:trnsctrl.obj
 0001:00017b41       __TranslatorGuardHandler   10018b41 f   libvcruntime:trnsctrl.obj
 0001:00017bde       ___CxxFrameHandler         10018bde f   libvcruntime:trnsctrl.obj
 0001:00017c14       ___CxxFrameHandler2        10018c14 f   libvcruntime:trnsctrl.obj
 0001:00017c4a       ___CxxFrameHandler3        10018c4a f   libvcruntime:trnsctrl.obj
 0001:00017c80       ___CxxLongjmpUnwind@4      10018c80 f   libvcruntime:trnsctrl.obj
 0001:00017cb0       _memcpy                    10018cb0 f   libvcruntime:memcpy.obj
 0001:00018230       _memmove                   10019230 f   libvcruntime:memmove.obj
 0001:000187b0       _memset                    100197b0 f   libvcruntime:memset.obj
 0001:00018910       _strchr                    10019910 f   libvcruntime:strchr.obj
 0001:0001897e       ___from_strstr_to_strchr   1001997e     libvcruntime:strchr.obj
 0001:00018a40       _strstr                    10019a40 f   libvcruntime:strstr.obj
 0001:00018cab       ___DestructExceptionObject 10019cab f   libvcruntime:ehhelpers.obj
 0001:00018d4c       ?_CallMemberFunction0@@YGXQAX0@Z 10019d4c f i libvcruntime:ehhelpers.obj
 0001:00018db1       ?raw_name@type_info@@QBEPBDXZ 10019db1 f i libvcruntime:ehhelpers.obj
 0001:00018db5       __IsExceptionObjectToBeDestroyed 10019db5 f   libvcruntime:ehhelpers.obj
 0001:00018ddb       __SetWinRTOutOfMemoryExceptionCallback 10019ddb f   libvcruntime:ehhelpers.obj
 0001:00018de8       ___AdjustPointer           10019de8 f   libvcruntime:ehhelpers.obj
 0001:00018e0d       ___FrameUnwindFilter       10019e0d f   libvcruntime:ehhelpers.obj
 0001:00018e63       ___GetPlatformExceptionInfo 10019e63 f   libvcruntime:ehhelpers.obj
 0001:00018eaf       ___current_exception       10019eaf f   libvcruntime:ehhelpers.obj
 0001:00018eb8       ___current_exception_context 10019eb8 f   libvcruntime:ehhelpers.obj
 0001:00018ec1       ___processing_throw        10019ec1 f   libvcruntime:ehhelpers.obj
 0001:00018eca       ___std_terminate           10019eca f   libvcruntime:ehhelpers.obj
 0001:00018ecf       __is_exception_typeof      10019ecf f   libvcruntime:ehhelpers.obj
 0001:00018fc0       __except_handler4          10019fc0 f   libvcruntime:chandler4.obj
 0001:0001911e       ___vcrt_initialize         1001a11e f   libvcruntime:initialization.obj
 0001:0001913d       ___vcrt_thread_attach      1001a13d f   libvcruntime:initialization.obj
 0001:00019148       ___vcrt_thread_detach      1001a148 f   libvcruntime:initialization.obj
 0001:00019150       ___vcrt_uninitialize       1001a150 f   libvcruntime:initialization.obj
 0001:00019167       ___vcrt_uninitialize_critical 1001a167 f   libvcruntime:initialization.obj
 0001:00019180       ??$?RD@__crt_internal_free_policy@@QBEXQBD@Z 1001a180 f i libvcruntime:std_type_info.obj
 0001:00019190       ??$?RX@__crt_internal_free_policy@@QBEXQBX@Z 1001a190 f i libvcruntime:std_type_info.obj
 0001:000191a0       ??$__crt_interlocked_compare_exchange_pointer@$$CBDPAD$$T@@YAPBDPDSBDQAD$$T@Z 1001a1a0 f i libvcruntime:std_type_info.obj
 0001:000191b2       ??$__crt_interlocked_read_pointer@$$CBD@@YAPBDPDSBD@Z 1001a1b2 f i libvcruntime:std_type_info.obj
 0001:000191bd       ??0?$__crt_unique_heap_ptr@DU__crt_internal_free_policy@@@@QAE@QAD@Z 1001a1bd f i libvcruntime:std_type_info.obj
 0001:000191cb       ??0?$__crt_unique_heap_ptr@XU__crt_internal_free_policy@@@@QAE@QAX@Z 1001a1cb f i libvcruntime:std_type_info.obj
 0001:000191d9       ??1?$__crt_unique_heap_ptr@DU__crt_internal_free_policy@@@@QAE@XZ 1001a1d9 f i libvcruntime:std_type_info.obj
 0001:000191e9       ??1?$__crt_unique_heap_ptr@XU__crt_internal_free_policy@@@@QAE@XZ 1001a1e9 f i libvcruntime:std_type_info.obj
 0001:000191f9       ??B?$__crt_unique_heap_ptr@DU__crt_internal_free_policy@@@@QBE_NXZ 1001a1f9 f i libvcruntime:std_type_info.obj
 0001:00019200       ??B?$__crt_unique_heap_ptr@XU__crt_internal_free_policy@@@@QBE_NXZ 1001a200 f i libvcruntime:std_type_info.obj
 0001:00019227       ?__crt_interlocked_read_32@@YAHPDH@Z 1001a227 f i libvcruntime:std_type_info.obj
 0001:00019232       ?detach@?$__crt_unique_heap_ptr@XU__crt_internal_free_policy@@@@QAEPAXXZ 1001a232 f i libvcruntime:std_type_info.obj
 0001:00019238       ?get@?$__crt_unique_heap_ptr@DU__crt_internal_free_policy@@@@QBEPADXZ 1001a238 f i libvcruntime:std_type_info.obj
 0001:0001923b       ?get@?$__crt_unique_heap_ptr@XU__crt_internal_free_policy@@@@QBEPAXXZ 1001a23b f i libvcruntime:std_type_info.obj
 0001:0001923e       ?is_valid@?$__crt_unique_heap_ptr@DU__crt_internal_free_policy@@@@QBE_NXZ 1001a23e f i libvcruntime:std_type_info.obj
 0001:00019245       ?is_valid@?$__crt_unique_heap_ptr@XU__crt_internal_free_policy@@@@QBE_NXZ 1001a245 f i libvcruntime:std_type_info.obj
 0001:0001924c       ?release@?$__crt_unique_heap_ptr@DU__crt_internal_free_policy@@@@QAEXXZ 1001a24c f i libvcruntime:std_type_info.obj
 0001:0001925c       ?release@?$__crt_unique_heap_ptr@XU__crt_internal_free_policy@@@@QAEXXZ 1001a25c f i libvcruntime:std_type_info.obj
 0001:0001926c       ___std_type_info_compare   1001a26c f   libvcruntime:std_type_info.obj
 0001:000192a8       ___std_type_info_destroy_list 1001a2a8 f   libvcruntime:std_type_info.obj
 0001:000192cb       ___std_type_info_hash      1001a2cb f   libvcruntime:std_type_info.obj
 0001:000192f1       ___std_type_info_name      1001a2f1 f   libvcruntime:std_type_info.obj
 0001:000193b7       ??$?RU__vcrt_ptd@@@__crt_internal_free_policy@@QBEXQBU__vcrt_ptd@@@Z 1001a3b7 f i libvcruntime:per_thread_data.obj
 0001:000193c7       ??0?$__crt_unique_heap_ptr@U__vcrt_ptd@@U__crt_internal_free_policy@@@@QAE@QAU__vcrt_ptd@@@Z 1001a3c7 f i libvcruntime:per_thread_data.obj
 0001:000193e4       ??1?$__crt_unique_heap_ptr@U__vcrt_ptd@@U__crt_internal_free_policy@@@@QAE@XZ 1001a3e4 f i libvcruntime:per_thread_data.obj
 0001:000193fd       ??B?$__crt_unique_heap_ptr@U__vcrt_ptd@@U__crt_internal_free_policy@@@@QBE_NXZ 1001a3fd f i libvcruntime:per_thread_data.obj
 0001:00019404       ?detach@?$__crt_unique_heap_ptr@U__vcrt_ptd@@U__crt_internal_free_policy@@@@QAEPAU__vcrt_ptd@@XZ 1001a404 f i libvcruntime:per_thread_data.obj
 0001:0001940a       ?get@?$__crt_unique_heap_ptr@U__vcrt_ptd@@U__crt_internal_free_policy@@@@QBEPAU__vcrt_ptd@@XZ 1001a40a f i libvcruntime:per_thread_data.obj
 0001:0001940d       ?is_valid@?$__crt_unique_heap_ptr@U__vcrt_ptd@@U__crt_internal_free_policy@@@@QBE_NXZ 1001a40d f i libvcruntime:per_thread_data.obj
 0001:00019414       ?release@?$__crt_unique_heap_ptr@U__vcrt_ptd@@U__crt_internal_free_policy@@@@QAEXXZ 1001a414 f i libvcruntime:per_thread_data.obj
 0001:0001943e       ___vcrt_freefls@4          1001a43e f   libvcruntime:per_thread_data.obj
 0001:0001945a       ___vcrt_freeptd_for_this_thread 1001a45a f   libvcruntime:per_thread_data.obj
 0001:00019485       ___vcrt_getptd             1001a485 f   libvcruntime:per_thread_data.obj
 0001:00019493       ___vcrt_getptd_noexit      1001a493 f   libvcruntime:per_thread_data.obj
 0001:00019525       ___vcrt_getptd_noinit      1001a525 f   libvcruntime:per_thread_data.obj
 0001:0001955c       ___vcrt_initialize_ptd     1001a55c f   libvcruntime:per_thread_data.obj
 0001:0001958f       ___vcrt_uninitialize_ptd   1001a58f f   libvcruntime:per_thread_data.obj
 0001:00019cdc       ??$TypeMatchHelper@V__FrameHandler3@@@@YAHPBU_s_HandlerType@@PBU_s_CatchableType@@PBU_s_ThrowInfo@@@Z 1001acdc f i libvcruntime:frame.obj
 0001:00019d6a       ??$__InternalCxxFrameHandler@V__FrameHandler3@@@@YA?AW4_EXCEPTION_DISPOSITION@@PAUEHExceptionRecord@@PAUEHRegistrationNode@@PAU_CONTEXT@@PAXPBU_s_FuncInfo@@H1E@Z 1001ad6a f i libvcruntime:frame.obj
 0001:00019e6c       ??$__InternalCxxFrameHandlerWrapper@V__FrameHandler3@@@@YA?AW4_EXCEPTION_DISPOSITION@@PAUEHExceptionRecord@@PAUEHRegistrationNode@@PAU_CONTEXT@@PAXPBU_s_FuncInfo@@H1E@Z 1001ae6c f i libvcruntime:frame.obj
 0001:00019e75       ??0HandlerMap@__FrameHandler3@@QAE@PBU_s_TryBlockMapEntry@@II@Z 1001ae75 f i libvcruntime:frame.obj
 0001:00019e8c       ??0TryBlockMap@__FrameHandler3@@QAE@PBU_s_FuncInfo@@I@Z 1001ae8c f i libvcruntime:frame.obj
 0001:00019ea0       ??0bad_exception@std@@QAE@ABV01@@Z 1001aea0 f i libvcruntime:frame.obj
 0001:00019ebb       ??0bad_exception@std@@QAE@XZ 1001aebb f i libvcruntime:frame.obj
 0001:00019ed3       ??0exception@std@@QAE@ABV01@@Z 1001aed3 f i libvcruntime:frame.obj
 0001:00019eff       ??0exception@std@@QAE@QBDH@Z 1001aeff f i libvcruntime:frame.obj
 0001:00019f1c       ??0iterator@HandlerMap@__FrameHandler3@@QAE@AAV12@I@Z 1001af1c f i libvcruntime:frame.obj
 0001:00019f30       ??1bad_exception@std@@UAE@XZ 1001af30 f i libvcruntime:frame.obj
 0001:00019f41       ??1exception@std@@UAE@XZ   1001af41 f i libvcruntime:frame.obj
 0001:00019f52       ??8iterator@HandlerMap@__FrameHandler3@@QBE_NABV012@@Z 1001af52 f i libvcruntime:frame.obj
 0001:00019f65       ??8type_info@@QBE_NABV0@@Z 1001af65 f i libvcruntime:frame.obj
 0001:00019f84       ??9iterator@HandlerMap@__FrameHandler3@@QBE_NABV012@@Z 1001af84 f i libvcruntime:frame.obj
 0001:00019f97       ??Diterator@HandlerMap@__FrameHandler3@@QAE?BU_s_HandlerType@@XZ 1001af97 f i libvcruntime:frame.obj
 0001:00019fb6       ??Diterator@TryBlockMap@__FrameHandler3@@QAE?BU_s_TryBlockMapEntry@@XZ 1001afb6 f i libvcruntime:frame.obj
 0001:00019fd8       ??Eiterator@HandlerMap@__FrameHandler3@@QAEAAV012@XZ 1001afd8 f i libvcruntime:frame.obj
 0001:00019fde       ??Eiterator@TryBlockMap@__FrameHandler3@@QAEAAV012@XZ 1001afde f i libvcruntime:frame.obj
 0001:00019fe4       ??Miterator@TryBlockMap@__FrameHandler3@@QBE_NABV012@@Z 1001afe4 f i libvcruntime:frame.obj
 0001:00019ff7       ??_Ebad_exception@std@@UAEPAXI@Z 1001aff7 f i libvcruntime:frame.obj
 0001:00019ff7       ??_Gbad_exception@std@@UAEPAXI@Z 1001aff7 f i libvcruntime:frame.obj
 0001:0001a024       ??_Eexception@std@@UAEPAXI@Z 1001b024 f i libvcruntime:frame.obj
 0001:0001a024       ??_Gexception@std@@UAEPAXI@Z 1001b024 f i libvcruntime:frame.obj
 0001:0001a051       ?BuildCatchObject@__FrameHandler3@@SAXPAUEHExceptionRecord@@PAXPBU_s_HandlerType@@PBU_s_CatchableType@@@Z 1001b051 f   libvcruntime:frame.obj
 0001:0001a056       ?BuildCatchObjectHelper@__FrameHandler3@@SAHPAUEHExceptionRecord@@PAXPBU_s_HandlerType@@PBU_s_CatchableType@@@Z 1001b056 f   libvcruntime:frame.obj
 0001:0001a2b7       ?FrameUnwindToEmptyState@__FrameHandler3@@SAXPAUEHRegistrationNode@@PAXPBU_s_FuncInfo@@@Z 1001b2b7 f   libvcruntime:frame.obj
 0001:0001a2cf       ?FrameUnwindToState@__FrameHandler3@@SAXPAUEHRegistrationNode@@PAXPBU_s_FuncInfo@@H@Z 1001b2cf f   libvcruntime:frame.obj
 0001:0001a3b7       ?GetMaxState@__FrameHandler3@@SAHPAXPBU_s_FuncInfo@@@Z 1001b3b7 f i libvcruntime:frame.obj
 0001:0001a495       ?TypeMatch@__FrameHandler3@@SAHPBU_s_HandlerType@@PBU_s_CatchableType@@PBU_s_ThrowInfo@@@Z 1001b495 f   libvcruntime:frame.obj
 0001:0001a49e       ?_CallMemberFunction1@@YGXQAX00@Z 1001b49e f i libvcruntime:frame.obj
 0001:0001a4ae       ?_CallMemberFunction2@@YGXQAX00H@Z 1001b4ae f i libvcruntime:frame.obj
 0001:0001a4c1       ?begin@HandlerMap@__FrameHandler3@@QAE?AViterator@12@XZ 1001b4c1 f i libvcruntime:frame.obj
 0001:0001a4d1       ?end@HandlerMap@__FrameHandler3@@QAE?AViterator@12@XZ 1001b4d1 f i libvcruntime:frame.obj
 0001:0001a4e2       ?getESTypes@__FrameHandler3@@SAPBU_s_ESTypeList@@PBU_s_FuncInfo@@@Z 1001b4e2 f i libvcruntime:frame.obj
 0001:0001a4ed       ?getLastEntry@HandlerMap@__FrameHandler3@@QAEPBU_s_HandlerType@@XZ 1001b4ed f i libvcruntime:frame.obj
 0001:0001a4fb       ?getMagicNum@__FrameHandler3@@SAIPBU_s_FuncInfo@@@Z 1001b4fb f i libvcruntime:frame.obj
 0001:0001a50a       ?getNumTryBlocks@TryBlockMap@__FrameHandler3@@QAEIXZ 1001b50a f i libvcruntime:frame.obj
 0001:0001a510       ?isEHs@__FrameHandler3@@SA_NPBU_s_FuncInfo@@@Z 1001b510 f i libvcruntime:frame.obj
 0001:0001a51d       ?isNoExcept@__FrameHandler3@@SA_NPBU_s_FuncInfo@@@Z 1001b51d f i libvcruntime:frame.obj
 0001:0001a52d       ?what@exception@std@@UBEPBDXZ 1001b52d f i libvcruntime:frame.obj
 0001:0001a53a       ___BuildCatchObject        1001b53a f   libvcruntime:frame.obj
 0001:0001a53f       ___BuildCatchObjectHelper  1001b53f f   libvcruntime:frame.obj
 0001:0001a548       ___TypeMatch               1001b548 f   libvcruntime:frame.obj
 0001:0001a551       ___vcrt_EncodePointer      1001b551 f i libvcruntime:frame.obj
 0001:0001a560       __CallSettingFrame@12      1001b560 f   libvcruntime:lowhelpr.obj
 0001:0001a587       __NLG_Return               1001b587     libvcruntime:lowhelpr.obj
 0001:0001a5b7       ___except_validate_context_record 1001b5b7 f   libvcruntime:jbcxrval.obj
 0001:0001a5e7       ___except_validate_jump_buffer 1001b5e7 f   libvcruntime:jbcxrval.obj
 0001:0001a614       ___except_validate_jump_buffer_common 1001b614 f i libvcruntime:jbcxrval.obj
 0001:0001a650       __local_unwind4            1001b650 f   libvcruntime:exsup4.obj
 0001:0001a740       __seh_longjmp_unwind4@4    1001b740 f   libvcruntime:exsup4.obj
 0001:0001a770       @_EH4_CallFilterFunc@8     1001b770 f   libvcruntime:exsup4.obj
 0001:0001a790       @_EH4_TransferToHandler@8  1001b790 f   libvcruntime:exsup4.obj
 0001:0001a7b0       @_EH4_GlobalUnwind2@8      1001b7b0 f   libvcruntime:exsup4.obj
 0001:0001a7d0       @_EH4_LocalUnwind@16       1001b7d0 f   libvcruntime:exsup4.obj
 0001:0001a7e7       ___vcrt_initialize_locks   1001b7e7 f   libvcruntime:locks.obj
 0001:0001a823       ___vcrt_lock               1001b823 f   libvcruntime:locks.obj
 0001:0001a838       ___vcrt_uninitialize_locks 1001b838 f   libvcruntime:locks.obj
 0001:0001a867       ___vcrt_unlock             1001b867 f   libvcruntime:locks.obj
 0001:0001a87c       ??$?0$00@DName@@QAE@PBDU?$StringLifeSelector@$00@@@Z 1001b87c f i libvcruntime:undname.obj
 0001:0001a8af       ??$?0$00@pcharNode@@QAE@PBDHU?$StringLifeSelector@$00@@@Z 1001b8af f i libvcruntime:undname.obj
 0001:0001a8ca       ??$?0$01@DName@@QAE@PBDU?$StringLifeSelector@$01@@@Z 1001b8ca f i libvcruntime:undname.obj
 0001:0001a8fd       ??$?0$01@pcharNode@@QAE@PBDHU?$StringLifeSelector@$01@@@Z 1001b8fd f i libvcruntime:undname.obj
 0001:0001a93d       ??$?0$0A@@DName@@QAE@PBDU?$StringLifeSelector@$0A@@@@Z 1001b93d f i libvcruntime:undname.obj
 0001:0001a970       ??$?0$0A@@pcharNode@@QAE@PBDHU?$StringLifeSelector@$0A@@@@Z 1001b970 f i libvcruntime:undname.obj
 0001:0001a9b0       ??$?0_K$0A@@?$optional@_K@std@@QAE@$$QA_K@Z 1001b9b0 f i libvcruntime:undname.obj
 0001:0001a9ca       ??$?0_K@?$_Optional_construct_base@_K@std@@QAE@Uin_place_t@1@$$QA_K@Z 1001b9ca f i libvcruntime:undname.obj
 0001:0001a9e4       ??$?0_K@?$_Optional_destruct_base@_K$00@std@@QAE@Uin_place_t@1@$$QA_K@Z 1001b9e4 f i libvcruntime:undname.obj
 0001:0001a9fe       ??$append@VDNameNode@@@DName@@AAEXPBVDNameNode@@@Z 1001b9fe f i libvcruntime:undname.obj
 0001:0001aa3f       ??$append@VDNameStatusNode@@@DName@@AAEXPBVDNameStatusNode@@@Z 1001ba3f f i libvcruntime:undname.obj
 0001:0001aa80       ??$append@VcharNode@@@DName@@AAEXPBVcharNode@@@Z 1001ba80 f i libvcruntime:undname.obj
 0001:0001aac1       ??$append@VpDNameNode@@@DName@@AAEXPBVpDNameNode@@@Z 1001bac1 f i libvcruntime:undname.obj
 0001:0001ab02       ??$append@VpcharNode@@@DName@@AAEXPBVpcharNode@@@Z 1001bb02 f i libvcruntime:undname.obj
 0001:0001ab43       ??$doPchar@$00@DName@@AAEXPBDH@Z 1001bb43 f i libvcruntime:undname.obj
 0001:0001abaf       ??$doPchar@$01@DName@@AAEXPBDH@Z 1001bbaf f i libvcruntime:undname.obj
 0001:0001ac20       ??$doPchar@$0A@@DName@@AAEXPBDH@Z 1001bc20 f i libvcruntime:undname.obj
 0001:0001ac91       ??$forward@_K@std@@YA$$QA_KAA_K@Z 1001bc91 f i libvcruntime:undname.obj
 0001:0001ad55       ??$size@D$04@std@@YAIAAY04$$CBD@Z 1001bd55 f i libvcruntime:undname.obj
 0001:0001ad59       ??0?$_Optional_construct_base@_K@std@@QAE@XZ 1001bd59 f i libvcruntime:undname.obj
 0001:0001ad60       ??0?$_Optional_destruct_base@_K$00@std@@QAE@XZ 1001bd60 f i libvcruntime:undname.obj
 0001:0001ad67       ??0?$optional@_K@std@@QAE@XZ 1001bd67 f i libvcruntime:undname.obj
 0001:0001ad6e       ??0Block@_HeapManager@@QAE@XZ 1001bd6e f i libvcruntime:undname.obj
 0001:0001ad74       ??0DName@@QAE@AAPBDD@Z     1001bd74 f   libvcruntime:undname.obj
 0001:0001adfd       ??0DName@@QAE@ABUStringLiteral@@@Z 1001bdfd f   libvcruntime:undname.obj
 0001:0001ae24       ??0DName@@QAE@ABV0@@Z      1001be24 f i libvcruntime:undname.obj
 0001:0001ae3a       ??0DName@@QAE@D@Z          1001be3a f   libvcruntime:undname.obj
 0001:0001ae56       ??0DName@@QAE@PAV0@@Z      1001be56 f   libvcruntime:undname.obj
 0001:0001ae9d       ??0DName@@QAE@W4DNameStatus@@@Z 1001be9d f   libvcruntime:undname.obj
 0001:0001aedd       ??0DName@@QAE@XZ           1001bedd f i libvcruntime:undname.obj
 0001:0001aee7       ??0DName@@QAE@_J@Z         1001bee7 f   libvcruntime:undname.obj
 0001:0001af71       ??0DName@@QAE@_K@Z         1001bf71 f   libvcruntime:undname.obj
 0001:0001afd5       ??0DNameNode@@IAE@XZ       1001bfd5 f i libvcruntime:undname.obj
 0001:0001afde       ??0Replicator@@QAE@XZ      1001bfde f i libvcruntime:undname.obj
 0001:0001affb       ??0UnDecorator@@QAE@PBDP6APADJ@ZK@Z 1001bffb f i libvcruntime:undname.obj
 0001:0001b05f       ??0_Nontrivial_dummy_type@std@@QAE@XZ 1001c05f f i libvcruntime:undname.obj
 0001:0001b062       ??0charNode@@QAE@D@Z       1001c062 f i libvcruntime:undname.obj
 0001:0001b077       ??0pDNameNode@@QAE@PAVDName@@@Z 1001c077 f   libvcruntime:undname.obj
 0001:0001b09f       ??0pairNode@@QAE@PBVDNameNode@@0@Z 1001c09f f i libvcruntime:undname.obj
 0001:0001b0c5       ??2@YAPAXIAAV_HeapManager@@H@Z 1001c0c5 f   libvcruntime:undname.obj
 0001:0001b0e4       ??4DName@@QAEAAV0@ABUStringLiteral@@@Z 1001c0e4 f   libvcruntime:undname.obj
 0001:0001b105       ??4DName@@QAEAAV0@ABV0@@Z  1001c105 f   libvcruntime:undname.obj
 0001:0001b11b       ??4DName@@QAEAAV0@D@Z      1001c11b f i libvcruntime:undname.obj
 0001:0001b137       ??4DName@@QAEAAV0@PAV0@@Z  1001c137 f   libvcruntime:undname.obj
 0001:0001b17a       ??4DName@@QAEAAV0@W4DNameStatus@@@Z 1001c17a f   libvcruntime:undname.obj
 0001:0001b1ac       ??AReplicator@@QBE?AVDName@@H@Z 1001c1ac f   libvcruntime:undname.obj
 0001:0001b1e8       ??B?$optional@_K@std@@QBE_NXZ 1001c1e8 f i libvcruntime:undname.obj
 0001:0001b1ec       ??D?$_Optional_construct_base@_K@std@@QGAEAA_KXZ 1001c1ec f i libvcruntime:undname.obj
 0001:0001b1ef       ??H@YA?AVDName@@ABUStringLiteral@@ABV0@@Z 1001c1ef f i libvcruntime:undname.obj
 0001:0001b211       ??H@YA?AVDName@@DABV0@@Z   1001c211 f i libvcruntime:undname.obj
 0001:0001b23c       ??H@YA?AVDName@@W4DNameStatus@@ABV0@@Z 1001c23c f i libvcruntime:undname.obj
 0001:0001b25e       ??HDName@@QBE?AV0@ABUStringLiteral@@@Z 1001c25e f   libvcruntime:undname.obj
 0001:0001b280       ??HDName@@QBE?AV0@ABV0@@Z  1001c280 f   libvcruntime:undname.obj
 0001:0001b2a2       ??HDName@@QBE?AV0@D@Z      1001c2a2 f   libvcruntime:undname.obj
 0001:0001b2c4       ??HDName@@QBE?AV0@PAV0@@Z  1001c2c4 f   libvcruntime:undname.obj
 0001:0001b2e6       ??HDName@@QBE?AV0@W4DNameStatus@@@Z 1001c2e6 f   libvcruntime:undname.obj
 0001:0001b308       ??HStringLiteral@@QBE?AU0@H@Z 1001c308 f i libvcruntime:undname.obj
 0001:0001b322       ??YDName@@QAEAAV0@ABUStringLiteral@@@Z 1001c322 f   libvcruntime:undname.obj
 0001:0001b37a       ??YDName@@QAEAAV0@ABV0@@Z  1001c37a f   libvcruntime:undname.obj
 0001:0001b3d1       ??YDName@@QAEAAV0@D@Z      1001c3d1 f   libvcruntime:undname.obj
 0001:0001b426       ??YDName@@QAEAAV0@PAV0@@Z  1001c426 f   libvcruntime:undname.obj
 0001:0001b48a       ??YDName@@QAEAAV0@W4DNameStatus@@@Z 1001c48a f   libvcruntime:undname.obj
 0001:0001b4ca       ??YReplicator@@QAEAAV0@ABVDName@@@Z 1001c4ca f   libvcruntime:undname.obj
 0001:0001b50a       ??_5DName@@QAEAAV0@ABV0@@Z 1001c50a f   libvcruntime:undname.obj
 0001:0001b529       ??__K_l@@YA?AUStringLiteral@@PBDI@Z 1001c529 f i libvcruntime:undname.obj
 0001:0001b534       ?Constructor@_HeapManager@@QAEXP6APAXI@ZP6AXPAX@Z@Z 1001c534 f i libvcruntime:undname.obj
 0001:0001b551       ?Destructor@_HeapManager@@QAEXXZ 1001c551 f i libvcruntime:undname.obj
 0001:0001b595       ?UScore@UnDecorator@@SA?AUStringLiteral@@W4Tokens@@@Z 1001c595 f   libvcruntime:undname.obj
 0001:0001b5bc       ?composeDeclaration@UnDecorator@@CA?AVDName@@ABV2@@Z 1001c5bc f i libvcruntime:undname.obj
 0001:0001c34d       ?doAccessSpecifiers@UnDecorator@@SAHXZ 1001d34d f i libvcruntime:undname.obj
 0001:0001c35b       ?doAllocationLanguage@UnDecorator@@SAHXZ 1001d35b f i libvcruntime:undname.obj
 0001:0001c369       ?doAllocationModel@UnDecorator@@SAHXZ 1001d369 f i libvcruntime:undname.obj
 0001:0001c377       ?doEcsu@UnDecorator@@SAHXZ 1001d377 f i libvcruntime:undname.obj
 0001:0001c385       ?doEllipsis@UnDecorator@@SAHXZ 1001d385 f i libvcruntime:undname.obj
 0001:0001c393       ?doFunctionReturns@UnDecorator@@SAHXZ 1001d393 f i libvcruntime:undname.obj
 0001:0001c3a1       ?doMSKeywords@UnDecorator@@SAHXZ 1001d3a1 f i libvcruntime:undname.obj
 0001:0001c3ae       ?doMemberTypes@UnDecorator@@SAHXZ 1001d3ae f i libvcruntime:undname.obj
 0001:0001c3bc       ?doNameOnly@UnDecorator@@SAHXZ 1001d3bc f i libvcruntime:undname.obj
 0001:0001c3c7       ?doNoIdentCharCheck@UnDecorator@@SAHXZ 1001d3c7 f i libvcruntime:undname.obj
 0001:0001c3d2       ?doPchar@DName@@AAEXD@Z    1001d3d2 f   libvcruntime:undname.obj
 0001:0001c40a       ?doPtr64@UnDecorator@@SAHXZ 1001d40a f i libvcruntime:undname.obj
 0001:0001c418       ?doRestrictionSpec@UnDecorator@@SAHXZ 1001d418 f i libvcruntime:undname.obj
 0001:0001c426       ?doThisTypes@UnDecorator@@SAHXZ 1001d426 f i libvcruntime:undname.obj
 0001:0001c438       ?doThrowTypes@UnDecorator@@SAHXZ 1001d438 f i libvcruntime:undname.obj
 0001:0001c446       ?doTypeOnly@UnDecorator@@SAHXZ 1001d446 f i libvcruntime:undname.obj
 0001:0001c451       ?doUnderScore@UnDecorator@@SAHXZ 1001d451 f i libvcruntime:undname.obj
 0001:0001c45c       ?getAddressOf@UnDecorator@@CA?AVDName@@XZ 1001d45c f   libvcruntime:undname.obj
 0001:0001c4c4       ?getArgumentList@UnDecorator@@CA?AVDName@@XZ 1001d4c4 f   libvcruntime:undname.obj
 0001:0001c5d1       ?getArgumentTypes@UnDecorator@@CA?AVDName@@XZ 1001d5d1 f   libvcruntime:undname.obj
 0001:0001c6d9       ?getArrayAccess@UnDecorator@@CA?AVDName@@XZ 1001d6d9 f   libvcruntime:undname.obj
 0001:0001c74d       ?getArrayObject@UnDecorator@@CA?AVDName@@XZ 1001d74d f   libvcruntime:undname.obj
 0001:0001c7eb       ?getArrayType@UnDecorator@@CA?AVDName@@ABV2@@Z 1001d7eb f i libvcruntime:undname.obj
 0001:0001c988       ?getBasedType@UnDecorator@@CA?AVDName@@XZ 1001d988 f   libvcruntime:undname.obj
 0001:0001ca37       ?getBasicDataType@UnDecorator@@CA?AVDName@@ABV2@@Z 1001da37 f   libvcruntime:undname.obj
 0001:0001cf93       ?getCHPEName@UnDecorator@@QAEPADPADH@Z 1001df93 f i libvcruntime:undname.obj
 0001:0001d070       ?getCallIndex@UnDecorator@@CA?AVDName@@XZ 1001e070 f i libvcruntime:undname.obj
 0001:0001d084       ?getCallingConvention@UnDecorator@@CA?AVDName@@XZ 1001e084 f   libvcruntime:undname.obj
 0001:0001d14e       ?getDataIndirectType@UnDecorator@@CA?AVDName@@ABV2@W4IndirectionKind@@0H@Z 1001e14e f   libvcruntime:undname.obj
 0001:0001d8d4       ?getDataIndirectType@UnDecorator@@CA?AVDName@@XZ 1001e8d4 f i libvcruntime:undname.obj
 0001:0001d902       ?getDataType@UnDecorator@@CA?AVDName@@PAV2@@Z 1001e902 f   libvcruntime:undname.obj
 0001:0001d9d9       ?getDecoratedName@UnDecorator@@CA?AVDName@@XZ 1001e9d9 f   libvcruntime:undname.obj
 0001:0001dc2d       ?getDimension@UnDecorator@@CA?AVDName@@_N@Z 1001ec2d f   libvcruntime:undname.obj
 0001:0001dd44       ?getDispatchTarget@UnDecorator@@CA?AVDName@@XZ 1001ed44 f   libvcruntime:undname.obj
 0001:0001dd95       ?getDisplacement@UnDecorator@@CA?AVDName@@XZ 1001ed95 f i libvcruntime:undname.obj
 0001:0001dda9       ?getECSUDataType@UnDecorator@@CA?AVDName@@XZ 1001eda9 f   libvcruntime:undname.obj
 0001:0001df53       ?getECSUName@UnDecorator@@CA?AVDName@@XZ 1001ef53 f i libvcruntime:undname.obj
 0001:0001df64       ?getEnumType@UnDecorator@@CA?AVDName@@XZ 1001ef64 f i libvcruntime:undname.obj
 0001:0001e078       ?getExtendedDataIndirectType@UnDecorator@@CA?AVDName@@AAW4IndirectionKind@@AA_NH@Z 1001f078 f   libvcruntime:undname.obj
 0001:0001e27b       ?getExternalDataType@UnDecorator@@CA?AVDName@@ABV2@@Z 1001f27b f i libvcruntime:undname.obj
 0001:0001e2e0       ?getFloatingPoint@UnDecorator@@CA?AVDName@@H@Z 1001f2e0 f   libvcruntime:undname.obj
 0001:0001e3a3       ?getFunctionIndirectType@UnDecorator@@CA?AVDName@@ABV2@@Z 1001f3a3 f   libvcruntime:undname.obj
 0001:0001e74d       ?getGuardNumber@UnDecorator@@CA?AVDName@@XZ 1001f74d f i libvcruntime:undname.obj
 0001:0001e761       ?getLastChar@DName@@QBEDXZ 1001f761 f i libvcruntime:undname.obj
 0001:0001e781       ?getLastChar@DNameStatusNode@@UBEDXZ 1001f781 f i libvcruntime:undname.obj
 0001:0001e78d       ?getLastChar@charNode@@UBEDXZ 1001f78d f i libvcruntime:undname.obj
 0001:0001e791       ?getLastChar@pDNameNode@@UBEDXZ 1001f791 f i libvcruntime:undname.obj
 0001:0001e79f       ?getLastChar@pairNode@@UBEDXZ 1001f79f f i libvcruntime:undname.obj
 0001:0001e7d4       ?getLastChar@pcharNode@@UBEDXZ 1001f7d4 f i libvcruntime:undname.obj
 0001:0001e7e6       ?getLexicalFrame@UnDecorator@@CA?AVDName@@XZ 1001f7e6 f i libvcruntime:undname.obj
 0001:0001e817       ?getMemberAccess@UnDecorator@@CA?AVDName@@XZ 1001f817 f   libvcruntime:undname.obj
 0001:0001e887       ?getMemoryWithBuffer@_HeapManager@@QAEPAXI@Z 1001f887 f   libvcruntime:undname.obj
 0001:0001e8f1       ?getMemoryWithoutBuffer@_HeapManager@@QAEPAXI@Z 1001f8f1 f   libvcruntime:undname.obj
 0001:0001e911       ?getNoexcept@UnDecorator@@CA?AVDName@@XZ 1001f911 f   libvcruntime:undname.obj
 0001:0001e959       ?getNumberOfDimensions@UnDecorator@@CAHXZ 1001f959 f   libvcruntime:undname.obj
 0001:0001e9b3       ?getOperatorName@UnDecorator@@CA?AVDName@@_NPA_N@Z 1001f9b3 f i libvcruntime:undname.obj
 0001:0001f279       ?getPointerToMember@UnDecorator@@CA?AVDName@@XZ 10020279 f   libvcruntime:undname.obj
 0001:0001f335       ?getPointerType@UnDecorator@@CA?AVDName@@ABV2@0@Z 10020335 f i libvcruntime:undname.obj
 0001:0001f350       ?getPointerTypeArray@UnDecorator@@CA?AVDName@@ABV2@0@Z 10020350 f i libvcruntime:undname.obj
 0001:0001f36b       ?getPrimaryDataType@UnDecorator@@CA?AVDName@@ABV2@@Z 1002036b f   libvcruntime:undname.obj
 0001:0001f5b9       ?getPtrRefDataType@UnDecorator@@CA?AVDName@@ABV2@H@Z 100205b9 f   libvcruntime:undname.obj
 0001:0001f726       ?getPtrRefType@UnDecorator@@CA?AVDName@@ABV2@0W4IndirectionKind@@@Z 10020726 f   libvcruntime:undname.obj
 0001:0001f837       ?getReferenceType@UnDecorator@@CA?AVDName@@ABV2@0W4IndirectionKind@@@Z 10020837 f i libvcruntime:undname.obj
 0001:0001f853       ?getRestrictionSpec@UnDecorator@@CA?AVDName@@XZ 10020853 f   libvcruntime:undname.obj
 0001:0001f96c       ?getReturnType@UnDecorator@@CA?AVDName@@PAV2@@Z 1002096c f   libvcruntime:undname.obj
 0001:0001f99b       ?getScope@UnDecorator@@CA?AVDName@@XZ 1002099b f   libvcruntime:undname.obj
 0001:0001fd59       ?getScopedName@UnDecorator@@CA?AVDName@@XZ 10020d59 f   libvcruntime:undname.obj
 0001:0001fe4e       ?getSignedDimension@UnDecorator@@CA?AVDName@@XZ 10020e4e f   libvcruntime:undname.obj
 0001:0001fe9f       ?getStorageConvention@UnDecorator@@CA?AVDName@@XZ 10020e9f f i libvcruntime:undname.obj
 0001:0001feb0       ?getString@DName@@QBEPADPAD0@Z 10020eb0 f i libvcruntime:undname.obj
 0001:0001fedd       ?getString@DName@@QBEPADPADH@Z 10020edd f i libvcruntime:undname.obj
 0001:0001ff32       ?getString@DNameStatusNode@@UBEPADPAD0@Z 10020f32 f i libvcruntime:undname.obj
 0001:0001ff79       ?getString@charNode@@UBEPADPAD0@Z 10020f79 f i libvcruntime:undname.obj
 0001:0001ff8e       ?getString@pDNameNode@@UBEPADPAD0@Z 10020f8e f i libvcruntime:undname.obj
 0001:0001ffa5       ?getString@pairNode@@UBEPADPAD0@Z 10020fa5 f i libvcruntime:undname.obj
 0001:0001ffeb       ?getString@pcharNode@@UBEPADPAD0@Z 10020feb f i libvcruntime:undname.obj
 0001:00020006       ?getStringEncoding@UnDecorator@@CA?AVDName@@W4PrefixKind@@H@Z 10021006 f   libvcruntime:undname.obj
 0001:00020099       ?getStringHelper@@YAPADPADPBD1H@Z 10021099 f i libvcruntime:undname.obj
 0001:000200c3       ?getStringObject@UnDecorator@@CA?AVDName@@XZ 100210c3 f   libvcruntime:undname.obj
 0001:0002012f       ?getSymbolName@UnDecorator@@CA?AVDName@@XZ 1002112f f i libvcruntime:undname.obj
 0001:00020177       ?getTemplateArgumentList@UnDecorator@@CA?AVDName@@XZ 10021177 f   libvcruntime:undname.obj
 0001:00020327       ?getTemplateName@UnDecorator@@CA?AVDName@@_N@Z 10021327 f   libvcruntime:undname.obj
 0001:000204a2       ?getTemplateNonTypeArgument@UnDecorator@@CA?AVDName@@XZ 100214a2 f   libvcruntime:undname.obj
 0001:0002086a       ?getTemplateTypeArgument@UnDecorator@@CA?AVDName@@XZ 1002186a f   libvcruntime:undname.obj
 0001:0002097b       ?getThisType@UnDecorator@@CA?AVDName@@XZ 1002197b f i libvcruntime:undname.obj
 0001:000209aa       ?getThrowTypes@UnDecorator@@CA?AVDName@@XZ 100219aa f   libvcruntime:undname.obj
 0001:000209c9       ?getTypeEncoding@UnDecorator@@CAHXZ 100219c9 f i libvcruntime:undname.obj
 0001:00020d05       ?getUndecoratedName@UnDecorator@@QAEPADPADH@Z 10021d05 f i libvcruntime:undname.obj
 0001:00020e24       ?getUnionObject@UnDecorator@@CA?AVDName@@XZ 10021e24 f   libvcruntime:undname.obj
 0001:00020ecb       ?getVCallThunkType@UnDecorator@@CA?AVDName@@XZ 10021ecb f i libvcruntime:undname.obj
 0001:00020f15       ?getValue@UnDecorator@@CA?AV?$optional@_K@std@@XZ 10021f15 f   libvcruntime:undname.obj
 0001:00020f65       ?getValueObject@UnDecorator@@CA?AVDName@@XZ 10021f65 f   libvcruntime:undname.obj
 0001:00021091       ?getVbTableType@UnDecorator@@CA?AVDName@@ABV2@@Z 10022091 f i libvcruntime:undname.obj
 0001:000210a6       ?getVdispMapType@UnDecorator@@CA?AVDName@@ABV2@@Z 100220a6 f i libvcruntime:undname.obj
 0001:00021107       ?getVfTableType@UnDecorator@@CA?AVDName@@ABV2@@Z 10022107 f i libvcruntime:undname.obj
 0001:0002125b       ?getZName@UnDecorator@@CA?AVDName@@_N0@Z 1002225b f   libvcruntime:undname.obj
 0001:00021474       ?get_current_character_and_increment_buffer@UnDecorator@@CADXZ 10022474 f i libvcruntime:undname.obj
 0001:00021488       ?haveTemplateParameters@UnDecorator@@SAHXZ 10022488 f i libvcruntime:undname.obj
 0001:00021493       ?increment_buffer@UnDecorator@@CA_NI@Z 10022493 f i libvcruntime:undname.obj
 0001:000214bb       ?increment_buffer_no_check@UnDecorator@@CAXI@Z 100224bb f i libvcruntime:undname.obj
 0001:000214c9       ?increment_buffer_no_check@UnDecorator@@CAXXZ 100224c9 f i libvcruntime:undname.obj
 0001:000214d0       ?isArray@DName@@QBEHXZ     100224d0 f i libvcruntime:undname.obj
 0001:000214da       ?isComArray@DName@@QBEHXZ  100224da f i libvcruntime:undname.obj
 0001:000214e4       ?isEmpty@DName@@QBEHXZ     100224e4 f i libvcruntime:undname.obj
 0001:000214ec       ?isFull@Replicator@@QBEHXZ 100224ec f i libvcruntime:undname.obj
 0001:000214f5       ?isNoTE@DName@@QBEHXZ      100224f5 f i libvcruntime:undname.obj
 0001:000214ff       ?isPinPtr@DName@@QBEHXZ    100224ff f i libvcruntime:undname.obj
 0001:00021509       ?isPtrRef@DName@@QBEHXZ    10022509 f i libvcruntime:undname.obj
 0001:00021513       ?isUDC@DName@@QBEHXZ       10022513 f i libvcruntime:undname.obj
 0001:00021524       ?isUDTThunk@DName@@QBEHXZ  10022524 f i libvcruntime:undname.obj
 0001:00021535       ?isVCallThunk@DName@@QBEHXZ 10022535 f i libvcruntime:undname.obj
 0001:0002153f       ?isValid@DName@@QBEHXZ     1002253f f i libvcruntime:undname.obj
 0001:00021549       ?length@DName@@QBEHXZ      10022549 f i libvcruntime:undname.obj
 0001:00021568       ?length@DNameStatusNode@@UBEHXZ 10022568 f i libvcruntime:undname.obj
 0001:0002156c       ?length@charNode@@UBEHXZ   1002256c f i libvcruntime:undname.obj
 0001:00021570       ?length@pDNameNode@@UBEHXZ 10022570 f i libvcruntime:undname.obj
 0001:0002157e       ?length@pairNode@@UBEHXZ   1002257e f i libvcruntime:undname.obj
 0001:000215c7       ?length@pcharNode@@UBEHXZ  100225c7 f i libvcruntime:undname.obj
 0001:000215cb       ?make@DNameStatusNode@@SAPBV1@W4DNameStatus@@@Z 100225cb f i libvcruntime:undname.obj
 0001:000215e7       ?parseDecoratedName@UnDecorator@@CA?AVDName@@XZ 100225e7 f   libvcruntime:undname.obj
 0001:000216e2       ?raw_length@DNameStatusNode@@UBEHXZ 100226e2 f i libvcruntime:undname.obj
 0001:000216e6       ?raw_length@charNode@@UBEHXZ 100226e6 f i libvcruntime:undname.obj
 0001:000216ea       ?raw_length@pDNameNode@@UBEHXZ 100226ea f i libvcruntime:undname.obj
 0001:000216ee       ?raw_length@pairNode@@UBEHXZ 100226ee f i libvcruntime:undname.obj
 0001:000216f2       ?raw_length@pcharNode@@UBEHXZ 100226f2 f i libvcruntime:undname.obj
 0001:000216f6       ?setIsArray@DName@@QAEXXZ  100226f6 f i libvcruntime:undname.obj
 0001:000216fe       ?setIsComArray@DName@@QAEXXZ 100226fe f i libvcruntime:undname.obj
 0001:00021706       ?setIsNoTE@DName@@QAEXXZ   10022706 f i libvcruntime:undname.obj
 0001:0002170e       ?setIsPinPtr@DName@@QAEXXZ 1002270e f i libvcruntime:undname.obj
 0001:00021716       ?setIsUDC@DName@@QAEXXZ    10022716 f i libvcruntime:undname.obj
 0001:00021723       ?setIsVCallThunk@DName@@QAEXXZ 10022723 f i libvcruntime:undname.obj
 0001:0002172b       ?setPtrRef@DName@@QAEAAV1@XZ 1002272b f i libvcruntime:undname.obj
 0001:00021735       ?status@DName@@QBE?AW4DNameStatus@@XZ 10022735 f i libvcruntime:undname.obj
 0001:000217a1       ___unDName                 100227a1 f   libvcruntime:undname.obj
 0001:000217c4       ___unDNameEx               100227c4 f   libvcruntime:undname.obj
 0001:00021863       __vsprintf_s_l             10022863 f i libvcruntime:undname.obj
 0001:00021890       _snprintf                  10022890 f i libvcruntime:undname.obj
 0001:000218aa       _sprintf_s                 100228aa f i libvcruntime:undname.obj
 0001:000218c6       _unDNameGenerateCHPE       100228c6 f   libvcruntime:undname.obj
 0001:00021963       _vsnprintf                 10022963 f i libvcruntime:undname.obj
 0001:00021993       ??$__crt_interlocked_exchange_pointer@UHINSTANCE__@@PAU1@@@YAPAUHINSTANCE__@@PDSAU0@QAU0@@Z 10022993 f i libvcruntime:winapi_downlevel.obj
 0001:000219a0       ??$__crt_interlocked_exchange_pointer@UHINSTANCE__@@PAX@@YAPAUHINSTANCE__@@PDSAU0@QAX@Z 100229a0 f i libvcruntime:winapi_downlevel.obj
 0001:000219ad       ??$__crt_interlocked_exchange_pointer@XPAX@@YAPAXPDSAXQAX@Z 100229ad f i libvcruntime:winapi_downlevel.obj
 0001:000219ba       ??$__crt_interlocked_read_pointer@UHINSTANCE__@@@@YAPAUHINSTANCE__@@PDSAU0@@Z 100229ba f i libvcruntime:winapi_downlevel.obj
 0001:000219c5       ??$__crt_interlocked_read_pointer@X@@YAPAXPDSAX@Z 100229c5 f i libvcruntime:winapi_downlevel.obj
 0001:00021c51       ___vcrt_FlsAlloc           10022c51 f   libvcruntime:winapi_downlevel.obj
 0001:00021c8c       ___vcrt_FlsFree            10022c8c f   libvcruntime:winapi_downlevel.obj
 0001:00021cc7       ___vcrt_FlsGetValue        10022cc7 f   libvcruntime:winapi_downlevel.obj
 0001:00021d02       ___vcrt_FlsSetValue        10022d02 f   libvcruntime:winapi_downlevel.obj
 0001:00021d40       ___vcrt_InitializeCriticalSectionEx 10022d40 f   libvcruntime:winapi_downlevel.obj
 0001:00021d9b       __get_unexpected           10022d9b f   libvcruntime:unexpected.obj
 0001:00021dad       _set_unexpected            10022dad f   libvcruntime:unexpected.obj
 0001:00021dcb       _unexpected                10022dcb f   libvcruntime:unexpected.obj
 0001:00021de8       ?GetCurrentState@__FrameHandler3@@SAHPAUEHRegistrationNode@@PAXPBU_s_FuncInfo@@@Z 10022de8 f   libvcruntime:ehstate.obj
 0001:00021e05       ?SetState@__FrameHandler3@@SAXPAUEHRegistrationNode@@PBU_s_FuncInfo@@H@Z 10022e05 f   libvcruntime:ehstate.obj
 0001:00021e13       ??$?RD@__crt_public_free_policy@@QBEXQBD@Z 10022e13 f i libvcruntime:std_exception.obj
 0001:00021e23       ??0?$__crt_unique_heap_ptr@DU__crt_public_free_policy@@@@QAE@QAD@Z 10022e23 f i libvcruntime:std_exception.obj
[...]
 0002:0000c7e0       __sehtable$??$?RV<lambda_82aef432098b982f9ede325b418aa67a>@@AAV<lambda_862e9a3f04921db6ca1ce3faa2bf3edf>@@V<lambda_ffabc152e504b53d7492b9889b10c020>@@@?$__crt_seh_guarded_call@X@@QAEX$$QAV<lambda_82aef432098b982f9ede325b418aa67a>@@AAV<lambda_862e9a3f04921db6ca1ce3faa2bf3edf>@@$$QAV<lambda_ffabc152e504b53d7492b9889b10c020>@@@Z 100837e0     libucrt:wsetlocale.obj
 0002:0000c800       __sehtable$??$?RV<lambda_6673f7c4c09a5d469d0c27ae364621ce>@@AAV<lambda_ebab98244f73a74f49db879bf13fa982>@@V<lambda_be20789b7a146653eab82509ec35b419>@@@?$__crt_seh_guarded_call@X@@QAEX$$QAV<lambda_6673f7c4c09a5d469d0c27ae364621ce>@@AAV<lambda_ebab98244f73a74f49db879bf13fa982>@@$$QAV<lambda_be20789b7a146653eab82509ec35b419>@@@Z 10083800     libucrt:wsetlocale.obj
 0002:0000c820       __sehtable$??$?RV<lambda_4fdada1b837b2abbf20876fac97688ad>@@AAV<lambda_b57350f2640456a0859d250846f69caf>@@V<lambda_eed5e4f92b5b7d55fa22c48c484aaa54>@@@?$__crt_seh_guarded_call@X@@QAEX$$QAV<lambda_4fdada1b837b2abbf20876fac97688ad>@@AAV<lambda_b57350f2640456a0859d250846f69caf>@@$$QAV<lambda_eed5e4f92b5b7d55fa22c48c484aaa54>@@@Z 10083820     libucrt:wsetlocale.obj
 0002:0000c840       __sehtable$??$?RV<lambda_ac03c5d59bd18b09cb88b28331f6bfed>@@AAV<lambda_2a444430fde8c29194d880d93eed5e8f>@@AAV<lambda_02db5278e8aef8b5e4976579d73f5304>@@@?$__crt_seh_guarded_call@X@@QAEX$$QAV<lambda_ac03c5d59bd18b09cb88b28331f6bfed>@@AAV<lambda_2a444430fde8c29194d880d93eed5e8f>@@AAV<lambda_02db5278e8aef8b5e4976579d73f5304>@@@Z 10083840     libucrt:wsetlocale.obj
 0002:0000c860       __sehtable$?_fputwc_internal@@YAG_WQAU_iobuf@@AAV__crt_cached_ptd_host@@@Z 10083860     libucrt:fputwc.obj
 0002:0000c880       __sehtable$?_fputc_internal@@YAHHQAU_iobuf@@AAV__crt_cached_ptd_host@@@Z 10083880     libucrt:fputc.obj
 0002:0000c8a0       __sehtable$___acrt_initialize_lowio 100838a0     libucrt:ioinit.obj
 0002:0000c8c0       __sehtable$__tzset         100838c0     libucrt:tzset.obj
 0002:0000c8e0       __sehtable$__isindst       100838e0     libucrt:tzset.obj
 0002:0000c900       __sehtable$___tzset        10083900     libucrt:tzset.obj
 0002:0000c920       __sehtable$??$?RV<lambda_6b4b7855443974f2b4b77000ea21c99c>@@AAV<lambda_8f7d3b162ab39427f4fa9995c67a7986>@@V<lambda_cc9a5ba8a5d8428b9634eab82665e5dc>@@@?$__crt_seh_guarded_call@H@@QAEH$$QAV<lambda_6b4b7855443974f2b4b77000ea21c99c>@@AAV<lambda_8f7d3b162ab39427f4fa9995c67a7986>@@$$QAV<lambda_cc9a5ba8a5d8428b9634eab82665e5dc>@@@Z 10083920     libucrt:winapi_thunks.obj
 0002:0000c940       __sehtable$??$?RV<lambda_d422a76eb4c3bf3ad751449ab71a6ea4>@@AAV<lambda_c9ba49e555ba839a7b07aa3fbecb7617>@@V<lambda_9476263c8ee91a25d21c55370bdb50de>@@@?$__crt_seh_guarded_call@H@@QAEH$$QAV<lambda_d422a76eb4c3bf3ad751449ab71a6ea4>@@AAV<lambda_c9ba49e555ba839a7b07aa3fbecb7617>@@$$QAV<lambda_9476263c8ee91a25d21c55370bdb50de>@@@Z 10083940     libucrt:close.obj
 0002:0000c960       __sehtable$?__acrt_stdio_allocate_stream@@YA?AV__crt_stdio_stream@@XZ 10083960     libucrt:stream.obj
 0002:0000c980       __sehtable$_fgetwc         10083980     libucrt:fgetwc.obj
 0002:0000c9a0       __sehtable$_ungetwc        100839a0     libucrt:ungetwc.obj
 0002:0000c9c0       __sehtable$_fgetc          100839c0     libucrt:fgetc.obj
 0002:0000c9e0       __sehtable$_ungetc         100839e0     libucrt:ungetc.obj
 0002:0000ca00       __sehtable$?update_thread_multibyte_data_internal@@YAPAU__crt_multibyte_data@@QAU__acrt_ptd@@QAPAU1@@Z 10083a00     libucrt:mbctype.obj
 0002:0000ca20       __sehtable$??$?RV<lambda_ceb1ee4838e85a9d631eb091e2fbe199>@@AAV<lambda_ae742caa10f662c28703da3d2ea5e57e>@@V<lambda_cd08b5d6af4937fe54fc07d0c9bf6b37>@@@?$__crt_seh_guarded_call@X@@QAEX$$QAV<lambda_ceb1ee4838e85a9d631eb091e2fbe199>@@AAV<lambda_ae742caa10f662c28703da3d2ea5e57e>@@$$QAV<lambda_cd08b5d6af4937fe54fc07d0c9bf6b37>@@@Z 10083a20     libucrt:mbctype.obj
 0002:0000ca40       __sehtable$__query_new_handler 10083a40     libucrt:new_handler.obj
 0002:0000ca60       __sehtable$__set_new_handler 10083a60     libucrt:new_handler.obj
 0002:0000ca80       __sehtable$__fcloseall     10083a80     libucrt:closeall.obj
 0002:0000caa0       __sehtable$??$?RV<lambda_9e9de3de5fa147e2223d7db92bc10aa6>@@AAV<lambda_38ce7e780aa69e748d6df282ebc68efe>@@V<lambda_8ca6da459f0f6780f1cff60fdc3d00e5>@@@?$__crt_seh_guarded_call@H@@QAEH$$QAV<lambda_9e9de3de5fa147e2223d7db92bc10aa6>@@AAV<lambda_38ce7e780aa69e748d6df282ebc68efe>@@$$QAV<lambda_8ca6da459f0f6780f1cff60fdc3d00e5>@@@Z 10083aa0     libucrt:commit.obj
 0002:0000cac0       __sehtable$__write_internal 10083ac0     libucrt:write.obj
 0002:0000cadc       __ehfuncinfo$?write_double_translated_ansi_nolock@@YA?AUwrite_result@?A0x17268360@@HQBDIAAV__crt_cached_ptd_host@@@Z 10083adc     libucrt:write.obj
 0002:0000cb00       __sehtable$___acrt_update_thread_locale_data 10083b00     libucrt:locale_refcounting.obj
 0002:0000cb1c       __ehfuncinfo$?_mbrtowc_internal@@YAHPAHPA_WPBDIPAU_Mbstatet@@AAV__crt_cached_ptd_host@@@Z 10083b1c     libucrt:mbrtowc.obj
 0002:0000cb40       __ehfuncinfo$?_mbsrtowcs_helper@@YAIPA_WPAPBDIPAU_Mbstatet@@AAV__crt_cached_ptd_host@@@Z 10083b40     libucrt:mbrtowc.obj
 0002:0000cb68       __sehtable$__open_osfhandle 10083b68     libucrt:osfinfo.obj
 0002:0000cb88       __sehtable$__alloc_osfhnd  10083b88     libucrt:osfinfo.obj
 0002:0000cba8       __sehtable$___acrt_lowio_ensure_fh_exists 10083ba8     libucrt:osfinfo.obj
 0002:0000cbc8       __sehtable$??$common_getenv@D@@YAPADQBD@Z 10083bc8     libucrt:getenv.obj
 0002:0000cbe8       __sehtable$??$common_getenv@_W@@YAPA_WQB_W@Z 10083be8     libucrt:getenv.obj
 0002:0000cc08       __sehtable$??$common_getenv_s@D@@YAHQAIQADIQBD@Z 10083c08     libucrt:getenv.obj
 0002:0000cc28       __sehtable$??$common_getenv_s@_W@@YAHQAIQA_WIQB_W@Z 10083c28     libucrt:getenv.obj
 0002:0000cc48       __sehtable$??$common_dupenv_s@D@@YAHQAPADQAIQBDH2H@Z 10083c48     libucrt:getenv.obj
 0002:0000cc68       __sehtable$??$common_dupenv_s@_W@@YAHQAPA_WQAIQB_WHQBDH@Z 10083c68     libucrt:getenv.obj
 0002:0000cc88       __sehtable$??$common_open@D@@YAHQBDHH@Z 10083c88     libucrt:open.obj
 0002:0000cca8       __sehtable$??$common_open@_W@@YAHQB_WHH@Z 10083ca8     libucrt:open.obj
 0002:0000ccc8       __sehtable$??$common_sopen_dispatch@D@@YAHQBDHHHQAHH@Z 10083cc8     libucrt:open.obj
 0002:0000cce8       __sehtable$??$common_sopen_dispatch@_W@@YAHQB_WHHHQAHH@Z 10083ce8     libucrt:open.obj
 0002:0000cd04       __ehfuncinfo$?_mbstowcs_l_helper@@YAIPA_WPBDIAAV__crt_cached_ptd_host@@@Z 10083d04     libucrt:mbstowcs.obj
 0002:0000cd28       __sehtable$??$common_lseek@J@@YAJHJHAAV__crt_cached_ptd_host@@@Z 10083d28     libucrt:lseek.obj
 0002:0000cd48       __sehtable$??$common_lseek@_J@@YA_JH_JHAAV__crt_cached_ptd_host@@@Z 10083d48     libucrt:lseek.obj
 0002:0000cd68       __sehtable$??$?RV<lambda_f828341fbe69b7c0d4c527b01f22877f>@@AAV<lambda_9e0b6ab72a5b3ae37ad997d08b519f50>@@V<lambda_f01deac0a8d65d6e0411edf7e0af5775>@@@?$__crt_seh_guarded_call@G@@QAEG$$QAV<lambda_f828341fbe69b7c0d4c527b01f22877f>@@AAV<lambda_9e0b6ab72a5b3ae37ad997d08b519f50>@@$$QAV<lambda_f01deac0a8d65d6e0411edf7e0af5775>@@@Z 10083d68     libucrt:putwch.obj
 0002:0000cd88       __sehtable$__read          10083d88     libucrt:read.obj
 0002:0000cda8       __sehtable$__setmode       10083da8     libucrt:setmode.obj
 0002:0000cdc8       __sehtable$??$?RV<lambda_2c87c0f1c5824a8f466464d223ae2adf>@@AAV<lambda_da54eedf1eca897cab5ed6d42fa6c58d>@@V<lambda_9b5bb9a9a5e973ce95cdde156d85e5dc>@@@?$__crt_seh_guarded_call@H@@QAEH$$QAV<lambda_2c87c0f1c5824a8f466464d223ae2adf>@@AAV<lambda_da54eedf1eca897cab5ed6d42fa6c58d>@@$$QAV<lambda_9b5bb9a9a5e973ce95cdde156d85e5dc>@@@Z 10083dc8     libucrt:chsize.obj
 0002:0000cde8       __sehtable$___set_fpsr_sse2 10083de8     libucrt:fpctrl.obj
 0002:0000ce08       __sehtable$__IsNonwritableInCurrentImage 10083e08     LIBCMT:pesect.obj
 0002:0000ce30       .edata                     10083e30     IChat.exp
 0002:0000ce58       rgpv                       10083e58     IChat.exp
 0002:0000ce90       rgszName                   10083e90     IChat.exp
 0002:0000cec8       rgwOrd                     10083ec8     IChat.exp
 0002:0000cee4       szName                     10083ee4     IChat.exp
 0002:0000ceee       $N00001                    10083eee     IChat.exp
 0002:0000cf02       $N00002                    10083f02     IChat.exp
 0002:0000cf1c       $N00003                    10083f1c     IChat.exp
 0002:0000cf35       $N00004                    10083f35     IChat.exp
 0002:0000cf4a       $N00005                    10083f4a     IChat.exp
 0002:0000cf5f       $N00006                    10083f5f     IChat.exp
 0002:0000cf74       $N00007                    10083f74     IChat.exp
 0002:0000cfa2       $N00008                    10083fa2     IChat.exp
 0002:0000cfbf       $N00009                    10083fbf     IChat.exp
 0002:0000cfeb       $N00010                    10083feb     IChat.exp
 0002:0000d00a       $N00011                    1008400a     IChat.exp
 0002:0000d025       $N00012                    10084025     IChat.exp
 0002:0000d03d       $N00013                    1008403d     IChat.exp
 0002:0000d052       $N00014                    10084052     IChat.exp
 0002:0000d418       .idata$6                   10084418     Ws2_32:WS2_32.dll
 0002:0000d456       .idata$6                   10084456     kernel32:KERNEL32.dll
 0002:0000d4ba       .idata$6                   100844ba     advapi32:ADVAPI32.dll
 0002:0000e1c2       .idata$6                   100851c2     dmcr:dmcr.exe
 0003:0000018c       ?legalIRCChars@?1??chatFixNick@@9@9 1008618c     chatMain.obj
 0003:00000190       _PADDING                   10086190     md5c.obj
 0003:000001d0       _randomnum                 100861d0     nonport.obj
 0003:00000260       ?__vcrt_flsindex@@3KA      10086260     libvcruntime:per_thread_data.obj
 0003:00000270       ?prefix@?1??getDimension@UnDecorator@@CA?AVDName@@_N@Z@4UStringLiteral@@A 10086270     libvcruntime:undname.obj
 0003:000002a0       ?errno_no_memory@@3HA      100862a0     libucrt:errno.obj
 0003:000002a4       ?doserrno_no_memory@@3KA   100862a4     libucrt:errno.obj
 0003:00000350       ?__acrt_flsindex@@3KA      10086350     libucrt:per_thread_data.obj
 0003:00000354       __ctype_loc_style          10086354     libucrt:wsetlocale.obj
 0003:00000460       ?tzstd_program@@3PADA      10086460     libucrt:timeset.obj
 0003:000004a0       ?tzdst_program@@3PADA      100864a0     libucrt:timeset.obj
 0003:000004e0       ?w_tzstd_program@@3PA_WA   100864e0     libucrt:timeset.obj
 0003:00000560       ?w_tzdst_program@@3PA_WA   10086560     libucrt:timeset.obj
 0003:000005e0       ?tzname_states@@3PAY01PADA 100865e0     libucrt:timeset.obj
 0003:000005e8       ?w_tzname_states@@3PAY01PA_WA 100865e8     libucrt:timeset.obj
 0003:000005f0       ?dststart@@3Utransitiondate@?A0x7639d0b4@@A 100865f0     libucrt:tzset.obj
 0003:000005fc       ?dstend@@3Utransitiondate@?A0x7639d0b4@@A 100865fc     libucrt:tzset.obj
 0003:00000828       __mbctypes                 10086828     libucrt:mbctype.obj
 0003:00000930       __mbcasemaps               10086930     libucrt:mbctype.obj
 0003:00000a30       ?__rgctypeflag@@3PADA      10086a30     libucrt:mbctype.obj
 0003:00000a38       ?__rgcode_page_info@@3PAUcode_page_info@@A 10086a38     libucrt:mbctype.obj
 0003:00000c90       ?__dcrt_lowio_console_output_handle@@3PAXA 10086c90     libucrt:initcon.obj
 0003:00000ca0       ?__DAZ_ENABLED@?1??__set_fpsr_sse2@@9@9 10086ca0     libucrt:fpctrl.obj
 0003:00000dd0       ?cookie@?1??ciRandomCookie@@9@9 10086dd0     chatMain.obj
 0003:00000dd4       ?nextCookie@?1??ciRandomCookie@@9@9 10086dd4     chatMain.obj
 0003:00000dd8       ?buffer@?1??ciGetTime@@9@9 10086dd8     chatSocket.obj
 0003:00000ed8       ?buffer@?1??ciSocketSendf@@9@9 10086ed8     chatSocket.obj
 0003:00002308       ?keyval@?1??GOAGetUniqueID@@9@9 10088308     nonport.obj
 0003:00002410       _GS_ExceptionRecord        10088410     LIBCMT:gs_report.obj
 0003:00002460       _GS_ContextRecord          10088460     LIBCMT:gs_report.obj
 0003:00002734       ?is_initialized_as_dll@@3_NA 10088734     LIBCMT:utility.obj
 0003:00002735       ?module_local_atexit_table_initialized@@3_NA 10088735     LIBCMT:utility.obj
 0003:00002738       ?module_local_atexit_table@@3U_onexit_table_t@@A 10088738     LIBCMT:utility.obj
 0003:00002744       ?module_local_at_quick_exit_table@@3U_onexit_table_t@@A 10088744     LIBCMT:utility.obj
 0003:00002750       ?__proc_attached@@3HA      10088750     LIBCMT:dll_dllmain.obj
 0003:00002774       ?__vcrt_startup_thread_ptd@@3U__vcrt_ptd@@A 10088774     libvcruntime:per_thread_data.obj
 0003:0000279c       ___vcrt_lock_table         1008879c     libvcruntime:locks.obj
 0003:000027b4       ___vcrt_locks_initialized  100887b4     libvcruntime:locks.obj
 0003:000027e0       ?heap@@3V_HeapManager@@A   100887e0     libvcruntime:undname.obj
 0003:000027f4       ?module_handles@@3PAPAUHINSTANCE__@@A 100887f4     libvcruntime:winapi_downlevel.obj
 0003:00002800       ?function_pointers@@3PAPAXA 10088800     libvcruntime:winapi_downlevel.obj
 0003:00002818       ?source_frequency@@3_JA    10088818     libucrt:clock.obj
 0003:00002820       ?start_count@@3_JA         10088820     libucrt:clock.obj
 0003:00002828       ?c_termination_complete@@3JA 10088828     libucrt:exit.obj
 0003:0000282c       ?thread_local_exit_callback_func@@3P6GXPAXK0@ZA 1008882c     libucrt:exit.obj
 0003:00002830       ?c_exit_complete@?1???R<lambda_6e4b09c48022b2350581041d5f6b0c4c>@@QBE@XZ@4_NA 10088830     libucrt:exit.obj
 0003:00002838       ?program_name@?1???$common_configure_argv@D@@YAHW4_crt_argv_mode@@@Z@4PADA 10088838     libucrt:argv_parsing.obj
 0003:00002940       ?program_name@?1???$common_configure_argv@_W@@YAHW4_crt_argv_mode@@@Z@4PA_WA 10088940     libucrt:argv_parsing.obj
 0003:00002b74       ?__acrt_invalid_parameter_handler@@3V?$dual_state_global@P6AXPB_W00II@Z@__crt_state_management@@A 10088b74     libucrt:invalid_parameter.obj
 0003:00002b78       ?__acrt_app_type@@3W4_crt_app_type@@A 10088b78     libucrt:report_runtime_error.obj
 0003:00002b80       ?outmsg@?9??__acrt_report_runtime_error@@9@4PA_WA 10088b80     libucrt:report_runtime_error.obj
 0003:000031a8       ___acrt_error_mode         100891a8     libucrt:set_error_mode.obj
 0003:000031b8       ?console_ctrl_handler_installed@@3_NA 100891b8     libucrt:signal.obj
 0003:000031bc       ?ctrlc_action@@3V?$dual_state_global@P6AXH@Z@__crt_state_management@@A 100891bc     libucrt:signal.obj
 0003:000031c0       ?ctrlbreak_action@@3V?$dual_state_global@P6AXH@Z@__crt_state_management@@A 100891c0     libucrt:signal.obj
 0003:000031c4       ?abort_action@@3V?$dual_state_global@P6AXH@Z@__crt_state_management@@A 100891c4     libucrt:signal.obj
 0003:000031c8       ?term_action@@3V?$dual_state_global@P6AXH@Z@__crt_state_management@@A 100891c8     libucrt:signal.obj
 0003:000031d4       ?internal_state@?1??_mbtowc_internal@@9@4U_Mbstatet@@A 100891d4     libucrt:mbtowc.obj
 0003:000031dc       ?enable_percent_n@@3IA     100891dc     libucrt:printf_count_output.obj
 0003:000033f8       ?_tzname@@3V?$dual_state_global@PAPAD@__crt_state_management@@A 100893f8     libucrt:timeset.obj
 0003:000033fc       ?w_tzname@@3V?$dual_state_global@PAPA_W@__crt_state_management@@A 100893fc     libucrt:timeset.obj
 0003:00003400       ?last_wide_tz@@3PA_WA      10089400     libucrt:tzset.obj
 0003:00003408       ?tz_api_used@@3HA          10089408     libucrt:tzset.obj
 0003:0000340c       ?tzset_init_state@@3V?$dual_state_global@J@__crt_state_management@@A 1008940c     libucrt:tzset.obj
 0003:00003410       ?tz_info@@3U_TIME_ZONE_INFORMATION@@A 10089410     libucrt:tzset.obj
 0003:000034c0       ?module_handles@@3PAPAUHINSTANCE__@@A 100894c0     libucrt:winapi_thunks.obj
 0003:00003518       ?encoded_function_pointers@@3PAPAXA 10089518     libucrt:winapi_thunks.obj
 0003:000035a4       ?static_enum_proc@?1??enum_system_locales_ex_nolock@@YAHQ6GHPA_WKJ@Z@Z@4P6GH0KJ@ZA 100895a4     libucrt:winapi_thunks.obj
 0003:000035a8       ?__acrt_lock_table@@3PAU_RTL_CRITICAL_SECTION@@A 100895a8     libucrt:locks.obj
 0003:000036f8       ?__acrt_locks_initialized@@3IA 100896f8     libucrt:locks.obj
 0003:000036fc       ?state_cache@?1???$get_cached_win_policy@Ubegin_thread_init_policy_properties@?1??__acrt_get_begin_thread_init_policy@@YA?AW4begin_thread_init_policy@@XZ@@@YA?AW4begin_thread_init_policy@@W4AppPolicyThreadInitializationType@@@Z@4JA 100896fc     libucrt:win_policies.obj
 0003:00003700       ?state_cache@?1???$get_cached_win_policy@Udeveloper_information_policy_properties@?1??__acrt_get_developer_information_policy@@YA?AW4developer_information_policy@@XZ@@@YA?AW4developer_information_policy@@W4AppPolicyShowDeveloperDiagnostic@@@Z@4JA 10089700     libucrt:win_policies.obj
 0003:00003704       ?state_cache@?1???$get_cached_win_policy@Uwindowing_model_policy_properties@?1??__acrt_get_windowing_model_policy@@YA?AW4windowing_model_policy@@XZ@@@YA?AW4windowing_model_policy@@W4AppPolicyWindowingModel@@@Z@4JA 10089704     libucrt:win_policies.obj
 0003:00003714       ?fSystemSet@@3HA           10089714     libucrt:mbctype.obj
 0003:00003718       ?initialized@?1??__acrt_initialize_multibyte@@9@4_NA 10089718     libucrt:mbctype.obj
 0003:0000373c       ?__acrt_new_handler@@3V?$dual_state_global@P6AHI@Z@__crt_state_management@@A 1008973c     libucrt:new_handler.obj
 0003:00003740       ?user_matherr@@3V?$dual_state_global@P6AHPAU_exception@@@Z@__crt_state_management@@A 10089740     libucrt:matherr.obj
 0003:00003744       ?__acrt_global_new_mode@@3V?$dual_state_global@J@__crt_state_management@@A 10089744     libucrt:new_mode.obj
 0003:00003750       ?mbst@?1??mbrlen@@9@4U_Mbstatet@@A 10089750     libucrt:mbrtowc.obj
 0003:00003758       ?mbst@?1??mbrtowc@@9@4U_Mbstatet@@A 10089758     libucrt:mbrtowc.obj
 0003:00003760       ?mbst@?1??_mbsrtowcs_helper@@YAIPA_WPAPBDIPAU_Mbstatet@@AAV__crt_cached_ptd_host@@@Z@4U2@A 10089760     libucrt:mbrtowc.obj
 0003:0000376c       ?internal_pst@?1??__mbrtoc32_utf8@__crt_mbstring@@YAIPA_UPBDIPAU_Mbstatet@@AAV__crt_cached_ptd_host@@@Z@4U3@A 1008976c     libucrt:mbrtoc32.obj
 0003:0000377c       __pmatherr_set             1008977c     libucrt:libm_error.obj
 0004:00000060       $R000000                   1008a060     * linker generated manifest res *

 Exports

  ordinal    name

        1    ?ChatProcess@@YAXXZ (void __cdecl ChatProcess(void))
        2    ?CheckIfGameRated@@YA_NXZ (bool __cdecl CheckIfGameRated(void))
        3    ?DisableRatedGame@@YAXXZ (void __cdecl DisableRatedGame(void))
        4    ?GetGameID@@YAXPAD@Z (void __cdecl GetGameID(char *))
        5    ?GoHomeAnyway@@YAXXZ (void __cdecl GoHomeAnyway(void))
        6    ?LeaveGSCRoom@@YAXXZ (void __cdecl LeaveGSCRoom(void))
        7    ?Process_GSC_ChatWindow@@YAH_NPAURoomInfo@@@Z (int __cdecl Process_GSC_ChatWindow(bool,struct RoomInfo *))
        8    ?ReportAliveState@@YAXHPAH@Z (void __cdecl ReportAliveState(int,int *))
        9    ?ReportGSCGame@@YAXHHPAUOnePlayerReport@@@Z (void __cdecl ReportGSCGame(int,int,struct OnePlayerReport *))
       10    ?SendPrivateMessage@@YAXPAD0@Z (void __cdecl SendPrivateMessage(char *,char *))
       11    ?SendVictoryState@@YAXHE@Z (void __cdecl SendVictoryState(int,unsigned char))
       12    ?SetChatWState@@YAXHH@Z (void __cdecl SetChatWState(int,int))
       13    ?SetGameID@@YAXPAD@Z (void __cdecl SetGameID(char *))
       14    ?StartGSCGame@@YAXPAD0HPAHPAPAD11@Z (void __cdecl StartGSCGame(char *,char *,int,int *,char * *,int *,int *))
