 IChat

 Timestamp is 6609b70b (Sun Mar 31 21:18:35 2024)

 Preferred load address is 10000000

 Start         Length     Name                   Class
 0001:00000000 00000030H .text$di                CODE
 0001:00000030 0006e960H .text$mn                CODE
 0001:0006e990 000004c0H .text$x                 CODE
 0001:0006ee50 000000c0H .text$yd                CODE
 0002:00000000 0000033cH .idata$5                DATA
 0002:0000033c 0000000cH .00cfg                  DATA
 0002:00000348 00000004H .CRT$XCA                DATA
 0002:0000034c 00000008H .CRT$XCU                DATA
 0002:00000354 00000004H .CRT$XCZ                DATA
 0002:00000358 00000004H .CRT$XIA                DATA
 0002:0000035c 00000018H .CRT$XIC                DATA
 0002:00000374 00000004H .CRT$XIZ                DATA
 0002:00000378 00000004H .CRT$XPA                DATA
 0002:0000037c 00000008H .CRT$XPX                DATA
 0002:00000384 00000004H .CRT$XPXA               DATA
 0002:00000388 00000004H .CRT$XPZ                DATA
 0002:0000038c 00000004H .CRT$XTA                DATA
 0002:00000390 00000010H .CRT$XTZ                DATA
 0002:00000394 00000000H .gfids$y                DATA
 0002:000003a0 00008a20H .rdata                  DATA
 0002:00008dc0 00000040H .rdata$CastGuardVftablesA DATA
 0002:00008e00 00000040H .rdata$CastGuardVftablesC DATA
 0002:00008e40 000002a0H .rdata$r                DATA
 0002:000090e0 00000474H .rdata$voltmd           DATA
 0002:00009554 00000390H .rdata$zzzdbg           DATA
 0002:000098e4 00000004H .rtc$IAA                DATA
 0002:000098e8 00000004H .rtc$IZZ                DATA
 0002:000098ec 00000004H .rtc$TAA                DATA
 0002:000098f0 00000008H .rtc$TZZ                DATA
 0002:000098f8 00001098H .xdata$x                DATA
 0002:0000a990 00000248H .edata                  DATA
 0002:0000abd8 00000050H .idata$2                DATA
 0002:0000ac28 00000014H .idata$3                DATA
 0002:0000ac3c 0000033cH .idata$4                DATA
 0002:0000af78 000013ceH .idata$6                DATA
 0003:00000000 00000cb0H .data                   DATA
 0003:00000cb0 00000058H .data$r                 DATA
 0003:00000d08 000000b8H .data$rs                DATA
 0003:00000dc0 000029d0H .bss                    DATA
 0004:00000000 00000060H .rsrc$01                DATA
 0004:00000060 00000180H .rsrc$02                DATA

  Address         Publics by Value              Rva+Base       Lib:Object

 0000:00000000       ___AbsoluteZero            00000000     <absolute>
 0000:00000000       ___arm64x_extra_rfe_table  00000000     <absolute>
 0000:00000000       ___arm64x_extra_rfe_table_size 00000000     <absolute>
 0000:00000000       ___arm64x_native_entrypoint 00000000     <absolute>
 0000:00000000       ___arm64x_redirection_metadata 00000000     <absolute>
 0000:00000000       ___arm64x_redirection_metadata_count 00000000     <absolute>
 0000:00000000       ___dynamic_value_reloc_table 00000000     <absolute>
 0000:00000000       ___enclave_config          00000000     <absolute>
 0000:00000000       ___guard_check_icall_a64n_fptr 00000000     <absolute>
 0000:00000000       ___guard_eh_cont_count     00000000     <absolute>
 0000:00000000       ___guard_eh_cont_table     00000000     <absolute>
 0000:00000000       ___guard_fids_count        00000000     <absolute>
 0000:00000000       ___guard_fids_table        00000000     <absolute>
 0000:00000000       ___guard_iat_count         00000000     <absolute>
 0000:00000000       ___guard_iat_table         00000000     <absolute>
 0000:00000000       ___guard_longjmp_count     00000000     <absolute>
 0000:00000000       ___guard_longjmp_table     00000000     <absolute>
 0000:00000000       ___hybrid_auxiliary_delayload_iat 00000000     <absolute>
 0000:00000000       ___hybrid_auxiliary_delayload_iat_copy 00000000     <absolute>
 0000:00000000       ___hybrid_auxiliary_iat    00000000     <absolute>
 0000:00000000       ___hybrid_auxiliary_iat_copy 00000000     <absolute>
 0000:00000000       ___hybrid_code_map         00000000     <absolute>
 0000:00000000       ___hybrid_code_map_count   00000000     <absolute>
 0000:00000000       ___hybrid_image_info_bitfield 00000000     <absolute>
 0000:00000000       ___safe_se_handler_count   00000000     <absolute>
 0000:00000000       ___safe_se_handler_table   00000000     <absolute>
 0000:00000000       ___x64_code_ranges_to_entry_points 00000000     <absolute>
 0000:00000000       ___x64_code_ranges_to_entry_points_count 00000000     <absolute>
 0000:00000000       __except_list              00000000     <absolute>
 0000:00000100       ___guard_flags             00000100     <absolute>
 0000:00000000       ___ImageBase               10000000     <linker-defined>
 0001:00000030       ??0ParsedRQ@@QAE@XZ        10001030 f   ParseRQ.obj
 0001:00000040       ??1ParsedRQ@@QAE@XZ        10001040 f   ParseRQ.obj
 0001:00000080       ??2@YAPAXI@Z               10001080 f i ParseRQ.obj
 0001:00000090       ??3@YAXPAX@Z               10001090 f i ParseRQ.obj
 0001:000000e0       ?AddComm@ParsedRQ@@QAEXPAD@Z 100010e0 f   ParseRQ.obj
 0001:00000180       ?AddIntParam@ParsedRQ@@QAEXH@Z 10001180 f   ParseRQ.obj
 0001:000001e0       ?AddParam@ParsedRQ@@QAEXPADH@Z 100011e0 f   ParseRQ.obj
 0001:00000270       ?AddParamToCom@ParsedRQ@@QAEXHPADH@Z 10001270 f   ParseRQ.obj
 0001:00000300       ?Clear@ParsedRQ@@QAEXXZ    10001300 f   ParseRQ.obj
 0001:000003b0       ?Compact@ParsedRQ@@QAEHPADH@Z 100013b0 f   ParseRQ.obj
 0001:000005c0       ?DelComm@ParsedRQ@@QAEXH@Z 100015c0 f   ParseRQ.obj
 0001:00000670       ?Extract@ParsedRQ@@QAEXPADH@Z 10001670 f   ParseRQ.obj
 0001:00000770       ?GetHVal@@YAHD@Z           10001770 f   ParseRQ.obj
 0001:000007a0       ?Parse@ParsedRQ@@QAEXPAD@Z 100017a0 f   ParseRQ.obj
 0001:000009a0       ?UnParse@ParsedRQ@@QAEHPADH@Z 100019a0 f   ParseRQ.obj
 0001:00000c30       _ciAddCallback_            10001c30 f   chatCallbacks.obj
 0001:000019d0       _ciCallCallback            100029d0 f   chatCallbacks.obj
 0001:00001bc0       _ciCallCallbacks           10002bc0 f   chatCallbacks.obj
 0001:00001cc0       _ciCheckCallbacksForID     10002cc0 f   chatCallbacks.obj
 0001:00001ce0       _ciCleanupCallbacks        10002ce0 f   chatCallbacks.obj
 0001:000021e0       _ciInitCallbacks           100031e0 f   chatCallbacks.obj
 0001:00002210       _ciChannelEntered          10003210 f   chatChannel.obj
 0001:00002340       _ciChannelEntering         10003340 f   chatChannel.obj
 0001:000023c0       _ciChannelLeft             100033c0 f   chatChannel.obj
 0001:00002460       _ciChannelListUsers        10003460 f   chatChannel.obj
 0001:000025a0       _ciCleanupChannels         100035a0 f   chatChannel.obj
 0001:000025d0       _ciClearAllUsers           100035d0 f   chatChannel.obj
 0001:00002670       _ciEnteringChannelComparator 10003670 f   chatChannel.obj
 0001:00002680       _ciEnumJoinedChannels      10003680 f   chatChannel.obj
 0001:00002750       _ciGetChannelCallbacks     10003750 f   chatChannel.obj
 0001:00002770       _ciGetChannelMode          10003770 f   chatChannel.obj
 0001:000027c0       _ciGetChannelNumUsers      100037c0 f   chatChannel.obj
 0001:000027f0       _ciGetChannelPassword      100037f0 f   chatChannel.obj
 0001:00002810       _ciGetChannelTopic         10003810 f   chatChannel.obj
 0001:00002830       _ciGetUserBasicInfo        10003830 f   chatChannel.obj
 0001:00002970       _ciGetUserMode             10003970 f   chatChannel.obj
 0001:00002a50       _ciInChannel               10003a50 f   chatChannel.obj
 0001:00002a70       _ciInitChannels            10003a70 f   chatChannel.obj
 0001:00002ae0       _ciIsEnteringChannel       10003ae0 f   chatChannel.obj
 0001:00002b40       _ciJoinCallbackCalled      10003b40 f   chatChannel.obj
 0001:00002b70       _ciSetChannelMode          10003b70 f   chatChannel.obj
 0001:00002bc0       _ciSetChannelPassword      10003bc0 f   chatChannel.obj
 0001:00002c30       _ciSetChannelTopic         10003c30 f   chatChannel.obj
 0001:00002c70       _ciSetUserBasicInfo        10003c70 f   chatChannel.obj
 0001:00002e50       _ciUserChangedMode         10003e50 f   chatChannel.obj
 0001:00002f60       _ciUserChangedNick         10003f60 f   chatChannel.obj
 0001:00002fa0       _ciUserEnteredChannel      10003fa0 f   chatChannel.obj
 0001:00003080       _ciUserEnumChannels        10004080 f   chatChannel.obj
 0001:00003150       _ciUserInChannel           10004150 f   chatChannel.obj
 0001:000031d0       _ciUserLeftChannel         100041d0 f   chatChannel.obj
 0001:00003270       _ciWasJoinCallbackCalled   10004270 f   chatChannel.obj
 0001:00003290       _ciPrivmsgHandler          10004290 f   chatHandlers.obj
 0001:00003400       _ciNoticeHandler           10004400 f   chatHandlers.obj
 0001:000034b0       _ciUTMHandler              100044b0 f   chatHandlers.obj
 0001:00003560       _ciATMHandler              10004560 f   chatHandlers.obj
 0001:00003610       _ciPingHandler             10004610 f   chatHandlers.obj
 0001:00003630       _ciNickHandler             10004630 f   chatHandlers.obj
 0001:000036d0       _ciJoinHandler             100046d0 f   chatHandlers.obj
 0001:00003870       _ciPartHandler             10004870 f   chatHandlers.obj
 0001:00003950       _ciKickHandler             10004950 f   chatHandlers.obj
 0001:00003a80       _ciQuitHandler             10004a80 f   chatHandlers.obj
 0001:00003ab0       _ciKillHandler             10004ab0 f   chatHandlers.obj
 0001:00003ae0       _ciTopicHandler            10004ae0 f   chatHandlers.obj
 0001:00003b40       _ciModeHandler             10004b40 f   chatHandlers.obj
 0001:00003c70       _ciErrorHandler            10004c70 f   chatHandlers.obj
 0001:00003cb0       _ciNameReplyHandler        10004cb0 f   chatHandlers.obj
 0001:00003e60       _ciEndOfNamesHandler       10004e60 f   chatHandlers.obj
 0001:00003fc0       _ciInviteHandler           10004fc0 f   chatHandlers.obj
 0001:00004010       _ciRplTopicHandler         10005010 f   chatHandlers.obj
 0001:000040c0       _ciRplNoTopicHandler       100050c0 f   chatHandlers.obj
 0001:00004170       _ciErrNickInUseHandler     10005170 f   chatHandlers.obj
 0001:000041f0       _ciRplWhoReplyHandler      100051f0 f   chatHandlers.obj
 0001:00004360       _ciRplUserIPHandler        10005360 f   chatHandlers.obj
 0001:000043f0       _ciRplListStartHandler     100053f0 f   chatHandlers.obj
 0001:00004430       _ciRplListHandler          10005430 f   chatHandlers.obj
 0001:000045e0       _ciRplListEndHandler       100055e0 f   chatHandlers.obj
 0001:00004650       _ciRplChannelModeIsHandler 10005650 f   chatHandlers.obj
 0001:00004770       _ciRplWhoisUserHandler     10005770 f   chatHandlers.obj
 0001:000048d0       _ciRplWhoisChannelsHandler 100058d0 f   chatHandlers.obj
 0001:000049e0       _ciRplEndOfWhoisHandler    100059e0 f   chatHandlers.obj
 0001:00004a70       _ciRplBanListHandler       10005a70 f   chatHandlers.obj
 0001:00004b20       _ciRplEndOfBanListHandler  10005b20 f   chatHandlers.obj
 0001:00004b90       _ciRplWelcomeHandler       10005b90 f   chatHandlers.obj
 0001:00004c00       _ciRplEndOfWhoHandler      10005c00 f   chatHandlers.obj
 0001:00004cb0       _ciRplGetKeyHandler        10005cb0 f   chatHandlers.obj
 0001:00004de0       _ciRplEndGetKeyHandler     10005de0 f   chatHandlers.obj
 0001:00004e60       _ciRplGetCKeyHandler       10005e60 f   chatHandlers.obj
 0001:00005150       _ciRplEndGetCKeyHandler    10006150 f   chatHandlers.obj
 0001:000051d0       _ciRplGetChanKeyHandler    100061d0 f   chatHandlers.obj
 0001:000055e0       _ciErrNoSuchChannelHandler 100065e0 f   chatHandlers.obj
 0001:00005670       _ciErrTooManyChannelsHandler 10006670 f   chatHandlers.obj
 0001:000056e0       _ciErrChannelIsFullHandler 100066e0 f   chatHandlers.obj
 0001:00005750       _ciErrInviteOnlyChanHandler 10006750 f   chatHandlers.obj
 0001:000057c0       _ciErrBannedFromChanHandler 100067c0 f   chatHandlers.obj
 0001:00005830       _ciErrBadChannelKeyHandler 10006830 f   chatHandlers.obj
 0001:000058a0       _ciErrBadChanMaskHandler   100068a0 f   chatHandlers.obj
 0001:00005910       _ciErrNoSuchNickHandler    10006910 f   chatHandlers.obj
 0001:00005920       _ciErrErroneusNicknameHandler 10006920 f   chatHandlers.obj
 0001:00005940       _ciAddBANFilter            10006940 f   chatHandlers.obj
 0001:000059a0       _ciAddCMODEFilter          100069a0 f   chatHandlers.obj
 0001:000059d0       _ciAddCWHOFilter           100069d0 f   chatHandlers.obj
 0001:00005ad0       _ciAddGETBANFilter         10006ad0 f   chatHandlers.obj
 0001:00005b10       _ciAddGETCHANKEYFilter     10006b10 f   chatHandlers.obj
 0001:00005c30       _ciAddGETCKEYFilter        10006c30 f   chatHandlers.obj
 0001:00005d40       _ciAddGETKEYFilter         10006d40 f   chatHandlers.obj
 0001:00005e20       _ciAddJOINFilter           10006e20 f   chatHandlers.obj
 0001:00005eb0       _ciAddLISTFilter           10006eb0 f   chatHandlers.obj
 0001:00005ef0       _ciAddNAMESFilter          10006ef0 f   chatHandlers.obj
 0001:00005f30       _ciAddNICKFilter           10006f30 f   chatHandlers.obj
 0001:00005f60       _ciAddTOPICFilter          10006f60 f   chatHandlers.obj
 0001:00005f90       _ciAddUMODEFilter          10006f90 f   chatHandlers.obj
 0001:00005fc0       _ciAddUNQUIETFilter        10006fc0 f   chatHandlers.obj
 0001:00006020       _ciAddWHOFilter            10007020 f   chatHandlers.obj
 0001:00006050       _ciAddWHOISFilter          10007050 f   chatHandlers.obj
 0001:000060b0       _ciApplyChangesToMode      100070b0 f   chatHandlers.obj
 0001:00006150       _ciCheckFiltersForID       10007150 f   chatHandlers.obj
 0001:00006180       _ciCleanupFilters          10007180 f   chatHandlers.obj
 0001:000061e0       _ciFilterThink             100071e0 f   chatHandlers.obj
 0001:000069a0       _ciGetNextID               100079a0 f   chatHandlers.obj
 0001:000069d0       _ciKillEnumChannelsCallback 100079d0 f   chatHandlers.obj
 0001:00006a80       _ciNickError               10007a80 f   chatHandlers.obj
 0001:00006ae0       _ciParseMode               10007ae0 f   chatHandlers.obj
 0001:00006d80       _ciQuitEnumChannelsCallback 10007d80 f   chatHandlers.obj
 0001:00006e90       ___local_stdio_printf_options 10007e90 f i chatMain.obj
 0001:00006ea0       _chatAddChannelBan         10007ea0 f   chatMain.obj
 0001:00006ed0       _chatBanUser               10007ed0 f   chatMain.obj
 0001:00006f00       _chatChangeNick            10007f00 f   chatMain.obj
 0001:00007020       _chatConnect               10008020 f   chatMain.obj
 0001:00007050       _chatConnectDoit           10008050 f   chatMain.obj
 0001:00007260       _chatConnectSpecial        10008260 f   chatMain.obj
 0001:00007290       _chatDisconnect            10008290 f   chatMain.obj
 0001:00007310       _chatEnterChannel          10008310 f   chatMain.obj
 0001:00007390       _chatEnumChannelBans       10008390 f   chatMain.obj
 0001:000073f0       _chatEnumChannels          100083f0 f   chatMain.obj
 0001:00007460       _chatEnumJoinedChannels    10008460 f   chatMain.obj
 0001:00007470       _chatEnumUsers             10008470 f   chatMain.obj
 0001:00007520       _chatFixNick               10008520 f   chatMain.obj
 0001:00007590       _chatGetBasicUserInfo      10008590 f   chatMain.obj
 0001:00007650       _chatGetBasicUserInfoNoWait 10008650 f   chatMain.obj
 0001:00007670       _chatGetChannelBasicUserInfo 10008670 f   chatMain.obj
 0001:000076d0       _chatGetChannelKeys        100086d0 f   chatMain.obj
 0001:000077b0       _chatGetChannelMode        100087b0 f   chatMain.obj
 0001:000078c0       _chatGetChannelNumUsers    100088c0 f   chatMain.obj
 0001:00007900       _chatGetChannelPassword    10008900 f   chatMain.obj
 0001:000079a0       _chatGetChannelTopic       100089a0 f   chatMain.obj
 0001:00007a50       _chatGetGlobalKeys         10008a50 f   chatMain.obj
 0001:00007ae0       _chatGetNick               10008ae0 f   chatMain.obj
 0001:00007b00       _chatGetUserInfo           10008b00 f   chatMain.obj
 0001:00007b60       _chatGetUserMode           10008b60 f   chatMain.obj
 0001:00007c40       _chatGetUserModeNoWait     10008c40 f   chatMain.obj
 0001:00007c70       _chatInviteUser            10008c70 f   chatMain.obj
 0001:00007ca0       _chatKickUser              10008ca0 f   chatMain.obj
 0001:00007ce0       _chatLeaveChannel          10008ce0 f   chatMain.obj
 0001:00007d20       _chatRemoveChannelBan      10008d20 f   chatMain.obj
 0001:00007d50       _chatRetryWithNick         10008d50 f   chatMain.obj
 0001:00007dd0       _chatSendChannelMessage    10008dd0 f   chatMain.obj
 0001:00007e90       _chatSendRaw               10008e90 f   chatMain.obj
 0001:00007eb0       _chatSendUserMessage       10008eb0 f   chatMain.obj
 0001:00007f70       _chatSetChannelGroup       10008f70 f   chatMain.obj
 0001:00007fa0       _chatSetChannelKeys        10008fa0 f   chatMain.obj
 0001:00008090       _chatSetChannelMode        10009090 f   chatMain.obj
 0001:000081a0       _chatSetChannelPassword    100091a0 f   chatMain.obj
 0001:000081e0       _chatSetChannelTopic       100091e0 f   chatMain.obj
 0001:00008210       _chatSetGlobalKeys         10009210 f   chatMain.obj
 0001:00008310       _chatSetQuietMode          10009310 f   chatMain.obj
 0001:00008370       _chatSetUserMode           10009370 f   chatMain.obj
 0001:000083e0       _chatThink                 100093e0 f   chatMain.obj
 0001:00008430       _ciEnumUsersCallback       10009430 f   chatMain.obj
 0001:00008460       _ciHandleDisconnect        10009460 f   chatMain.obj
 0001:00008890       _ciSendNickAndUser         10009890 f   chatMain.obj
 0001:00008a00       _sprintf                   10009a00 f i chatMain.obj
 0001:00008ba0       _ciGetTime                 10009ba0 f   chatSocket.obj
 0001:00009190       _ciParseParam              1000a190 f   chatSocket.obj
 0001:000093d0       _ciSocketConnect           1000a3d0 f   chatSocket.obj
 0001:000094b0       _ciSocketDisconnect        1000a4b0 f   chatSocket.obj
 0001:00009580       _ciSocketInit              1000a580 f   chatSocket.obj
 0001:000095e0       _ciSocketRecv              1000a5e0 f   chatSocket.obj
 0001:000097a0       _ciSocketSend              1000a7a0 f   chatSocket.obj
 0001:00009830       _ciSocketSendf             1000a830 f   chatSocket.obj
 0001:000098a0       _ciSocketThink             1000a8a0 f   chatSocket.obj
 0001:000099d0       ??0ChatMsg@@QAE@XZ         1000a9d0 f   cs_chat.obj
 0001:000099e0       ??0ChatSystem@@QAE@XZ      1000a9e0 f   cs_chat.obj
 0001:00009a60       ??1ChatMsg@@QAE@XZ         1000aa60 f   cs_chat.obj
 0001:00009b00       ??1ChatSystem@@QAE@XZ      1000ab00 f   cs_chat.obj
 0001:00009bb0       ?Add@ChatMsg@@QAEXPAD0@Z   1000abb0 f   cs_chat.obj
 0001:00009c70       ?AddAbsentPlayer@ChatSystem@@QAEXPAD@Z 1000ac70 f   cs_chat.obj
 0001:00009da0       ?AddPlayer@ChatSystem@@QAEXPADH@Z 1000ada0 f   cs_chat.obj
 0001:00009f10       ?ChangedNickCallback@@YAXPAXW4CHATBool@@PBD20@Z 1000af10 f   cs_chat.obj
 0001:00009f30       ?ChannelMessage@@YAXPAXPBD11H0@Z 1000af30 f   cs_chat.obj
 0001:0000a100       ?ChannelModeChanged@@YAXPAXPBDPAUCHATChannelMode@@0@Z 1000b100 f   cs_chat.obj
 0001:0000a120       ?ChatBroadcastKeyChanged@@YAXPAXPBD1110@Z 1000b120 f   cs_chat.obj
 0001:0000a130       ?ChatProcess@@YAXXZ        1000b130 f   cs_chat.obj
 0001:0000a150       ?CheckMessage@ChatSystem@@QAEXPAD@Z 1000b150 f   cs_chat.obj
 0001:0000a2d0       ?ConnectCallback@@YAXPAXW4CHATBool@@0@Z 1000b2d0 f   cs_chat.obj
 0001:0000a300       ?ConnectToChat@ChatSystem@@QAE_NPAD00000@Z 1000b300 f   cs_chat.obj
 0001:0000a4d0       ?DelAbsentPlayer@ChatSystem@@QAEXPAD@Z 1000b4d0 f   cs_chat.obj
 0001:0000a570       ?DelPlayer@ChatSystem@@QAEXPADH@Z 1000b570 f   cs_chat.obj
 0001:0000a630       ?Disconnect@ChatSystem@@QAEXXZ 1000b630 f   cs_chat.obj
 0001:0000a6b0       ?Disconnected@@YAXPAXPBD0@Z 1000b6b0 f   cs_chat.obj
 0001:0000a6c0       ?EnterChannelCallback@@YAXPAXW4CHATBool@@W4CHATEnterResult@@PBD0@Z 1000b6c0 f   cs_chat.obj
 0001:0000a750       ?EnumUsersCallback@@YAXPAXW4CHATBool@@PBDHPAPBDPAH0@Z 1000b750 f   cs_chat.obj
 0001:0000a7d0       ?GetUserInfoCallback@@YAXPAXW4CHATBool@@PBD222HPAPBD0@Z 1000b7d0 f   cs_chat.obj
 0001:0000a970       ?Invited@@YAXPAXPBD10@Z    1000b970 f   cs_chat.obj
 0001:0000a990       ?Kicked@@YAXPAXPBD110@Z    1000b990 f   cs_chat.obj
 0001:0000a9b0       ?NPlayers@ChatSystem@@QAEHXZ 1000b9b0 f   cs_chat.obj
 0001:0000a9d0       ?NickErrorCallback@@YAXPAXHPBD0@Z 1000b9d0 f   cs_chat.obj
 0001:0000ab30       ?Players@ChatSystem@@QAEPAUOneChatPlayer@@XZ 1000bb30 f   cs_chat.obj
 0001:0000ab50       ?PrivateMessage@@YAXPAXPBD1H0@Z 1000bb50 f   cs_chat.obj
 0001:0000ad50       ?Process@ChatSystem@@QAEXXZ 1000bd50 f   cs_chat.obj
 0001:0000ae80       ?Raw@@YAXPAXPBD0@Z         1000be80 f   cs_chat.obj
 0001:0000aea0       ?RemoveOne@ChatMsg@@QAE_NPAD0H@Z 1000bea0 f   cs_chat.obj
 0001:0000af50       ?Setup@ChatSystem@@QAEXXZ  1000bf50 f   cs_chat.obj
 0001:0000b040       ?SortPlayers@ChatSystem@@QAEXPAUOneChatPlayer@@H@Z 1000c040 f   cs_chat.obj
 0001:0000b0f0       ?TopicChanged@@YAXPAXPBD10@Z 1000c0f0 f   cs_chat.obj
 0001:0000b110       ?UserChangedNick@@YAXPAXPBD110@Z 1000c110 f   cs_chat.obj
 0001:0000b130       ?UserJoined@@YAXPAXPBD1H0@Z 1000c130 f   cs_chat.obj
 0001:0000b1b0       ?UserListUpdated@@YAXPAXPBD0@Z 1000c1b0 f   cs_chat.obj
 0001:0000b1d0       ?UserModeChanged@@YAXPAXPBD1H0@Z 1000c1d0 f   cs_chat.obj
 0001:0000b1f0       ?UserParted@@YAXPAXPBD1H110@Z 1000c1f0 f   cs_chat.obj
 0001:0000b260       _ArrayAppend               1000c260 f   darray.obj
 0001:0000b280       _ArrayClear                1000c280 f   darray.obj
 0001:0000b2b0       _ArrayDeleteAt             1000c2b0 f   darray.obj
 0001:0000b2d0       _ArrayFree                 1000c2d0 f   darray.obj
 0001:0000b340       _ArrayInsertAt             1000c340 f   darray.obj
 0001:0000b3a0       _ArrayInsertSorted         1000c3a0 f   darray.obj
 0001:0000b3e0       _ArrayLength               1000c3e0 f   darray.obj
 0001:0000b3f0       _ArrayMap                  1000c3f0 f   darray.obj
 0001:0000b420       _ArrayMap2                 1000c420 f   darray.obj
 0001:0000b460       _ArrayMapBackwards         1000c460 f   darray.obj
 0001:0000b490       _ArrayNew                  1000c490 f   darray.obj
 0001:0000b4e0       _ArrayNth                  1000c4e0 f   darray.obj
 0001:0000b500       _ArrayRemoveAt             1000c500 f   darray.obj
 0001:0000b550       _ArrayReplaceAt            1000c550 f   darray.obj
 0001:0000b570       _ArraySearch               1000c570 f   darray.obj
 0001:0000b600       _ArraySort                 1000c600 f   darray.obj
 0001:0000b720       ??1IniFile@@QAE@XZ         1000c720 f i GSC_ChatWindow.obj
 0001:0000b7d0       ?Add@CNamesCash@@QAEXPAD0_N@Z 1000c7d0 f i GSC_ChatWindow.obj
 0001:0000b8c0       ?AddCUserInfo@@YAXPAD0@Z   1000c8c0 f   GSC_ChatWindow.obj
 0001:0000b8e0       ?CheckIfGameRated@@YA_NXZ  1000c8e0 f   GSC_ChatWindow.obj
 0001:0000b900       ?DisableRatedGame@@YAXXZ   1000c900 f   GSC_ChatWindow.obj
 0001:0000b970       ?Draw_PLIST@@YAXHHHHHEH@Z  1000c970 f   GSC_ChatWindow.obj
 0001:0000bc30       ?EnterPersonalMessage@@YAXPAD_N@Z 1000cc30 f   GSC_ChatWindow.obj
 0001:0000c0f0       ?GetCUserInfo@@YAPADPAD@Z  1000d0f0 f   GSC_ChatWindow.obj
 0001:0000c110       ?GetGameID@@YAXPAD@Z       1000d110 f   GSC_ChatWindow.obj
 0001:0000c140       ?GetLocalInfo@CNamesCash@@QAEPADPAD@Z 1000d140 f i GSC_ChatWindow.obj
 0001:0000c250       ?GetStr@IniFile@@QAEPADPAD@Z 1000d250 f i GSC_ChatWindow.obj
 0001:0000c2d0       ?GoHomeAnyway@@YAXXZ       1000d2d0 f   GSC_ChatWindow.obj
 0001:0000c2e0       ?LeaveGSCRoom@@YAXXZ       1000d2e0 f   GSC_ChatWindow.obj
 0001:0000c310       ?PlayStart@@YAXXZ          1000d310 f   GSC_ChatWindow.obj
 0001:0000c330       ?Process_GSC_ChatWindow@@YAH_NPAURoomInfo@@@Z 1000d330 f   GSC_ChatWindow.obj
 0001:0000f950       ?ReportAliveState@@YAXHPAH@Z 10010950 f   GSC_ChatWindow.obj
 0001:0000fa50       ?ReportGSCGame@@YAXHHPAUOnePlayerReport@@@Z 10010a50 f   GSC_ChatWindow.obj
 0001:0000fbf0       ?ReportIt@@YAXPADZZ        10010bf0 f   GSC_ChatWindow.obj
 0001:0000fc00       ?Save@CNamesCash@@QAEXXZ   10010c00 f i GSC_ChatWindow.obj
 0001:0000fc50       ?SendPrivateMessage@@YAXPAD0@Z 10010c50 f   GSC_ChatWindow.obj
 0001:0000fce0       ?SendVictoryState@@YAXHE@Z 10010ce0 f   GSC_ChatWindow.obj
 0001:0000fe70       ?SetChatWState@@YAXHH@Z    10010e70 f   GSC_ChatWindow.obj
 0001:0000feb0       ?SetGameID@@YAXPAD@Z       10010eb0 f   GSC_ChatWindow.obj
 0001:0000fee0       ?ShowCentralMessage2C@@YAXPADH@Z 10010ee0 f   GSC_ChatWindow.obj
 0001:0000fff0       ?StartGSCGame@@YAXPAD0HPAHPAPAD11@Z 10010ff0 f   GSC_ChatWindow.obj
 0001:00010330       ___local_stdio_scanf_options 10011330 f i GSC_ChatWindow.obj
 0001:00010340       _fprintf                   10011340 f i GSC_ChatWindow.obj
 0001:00010370       _sscanf                    10011370 f i GSC_ChatWindow.obj
 0001:000103a0       _TableClear                100113a0 f   hashtable.obj
 0001:000103d0       _TableCount                100113d0 f   hashtable.obj
 0001:00010400       _TableEnter                10011400 f   hashtable.obj
 0001:00010460       _TableFree                 10011460 f   hashtable.obj
 0001:000104a0       _TableLookup               100114a0 f   hashtable.obj
 0001:000104f0       _TableMap                  100114f0 f   hashtable.obj
 0001:00010520       _TableMap2                 10011520 f   hashtable.obj
 0001:00010560       _TableMapSafe              10011560 f   hashtable.obj
 0001:00010590       _TableNew                  10011590 f   hashtable.obj
 0001:000105b0       _TableNew2                 100115b0 f   hashtable.obj
 0001:00010620       _TableRemove               10011620 f   hashtable.obj
 0001:00010680       ?SetupChat@@YAXXZ          10011680 f   IChat.obj
 0001:00010690       _DllMain@12                10011690 f   IChat.obj
 0001:00010740       _MD5Digest                 10011740 f   md5c.obj
 0001:000107a0       _MD5Final                  100117a0 f   md5c.obj
 0001:00010830       _MD5Init                   10011830 f   md5c.obj
 0001:00010870       _MD5Print                  10011870 f   md5c.obj
 0001:00010f80       _MD5Update                 10011f80 f   md5c.obj
 0001:00011050       _DisableNagle              10012050 f   nonport.obj
 0001:00011080       _GOAGetUniqueID            10012080 f   nonport.obj
 0001:00011230       _SetReceiveBufferSize      10012230 f   nonport.obj
 0001:00011260       _SetSockBlocking           10012260 f   nonport.obj
 0001:00011290       _SocketShutDown            10012290 f   nonport.obj
 0001:000112a0       _SocketStartUp             100122a0 f   nonport.obj
 0001:00011320       _current_time              10012320 f   nonport.obj
 0001:00011330       _goastrdup                 10012330 f   nonport.obj
 0001:000113a0       _msleep                    100123a0 f   nonport.obj
 0001:00011401       _inet_addr@4               10012401 f   Ws2_32:WS2_32.dll
 0001:00011407       ___WSAFDIsSet@8            10012407 f   Ws2_32:WS2_32.dll
 0001:0001140d       _closesocket@4             1001240d f   Ws2_32:WS2_32.dll
 0001:00011413       _connect@12                10012413 f   Ws2_32:WS2_32.dll
 0001:00011419       _htons@4                   10012419 f   Ws2_32:WS2_32.dll
 0001:0001141f       _recv@16                   1001241f f   Ws2_32:WS2_32.dll
 0001:00011425       _select@20                 10012425 f   Ws2_32:WS2_32.dll
 0001:0001142b       _send@16                   1001242b f   Ws2_32:WS2_32.dll
 0001:00011431       _setsockopt@20             10012431 f   Ws2_32:WS2_32.dll
 0001:00011437       _shutdown@8                10012437 f   Ws2_32:WS2_32.dll
 0001:0001143d       _socket@12                 1001243d f   Ws2_32:WS2_32.dll
 0001:00011443       _gethostbyname@4           10012443 f   Ws2_32:WS2_32.dll
 0001:00011449       _WSAGetLastError@0         10012449 f   Ws2_32:WS2_32.dll
 0001:0001144f       _ioctlsocket@12            1001244f f   Ws2_32:WS2_32.dll
 0001:00011455       _WSAStartup@8              10012455 f   Ws2_32:WS2_32.dll
 0001:0001145b       _WSACleanup@0              1001245b f   Ws2_32:WS2_32.dll
 0001:00011461       _GetTickCount@0            10012461 f   kernel32:KERNEL32.dll
 0001:00011467       _QueryPerformanceCounter@4 10012467 f   kernel32:KERNEL32.dll
 0001:0001146d       _Sleep@4                   1001246d f   kernel32:KERNEL32.dll
 0001:00011473       _RegCloseKey@4             10012473 f   advapi32:ADVAPI32.dll
 0001:00011479       _RegCreateKeyExA@36        10012479 f   advapi32:ADVAPI32.dll
 0001:0001147f       _RegOpenKeyExA@20          1001247f f   advapi32:ADVAPI32.dll
 0001:00011485       _RegQueryValueExA@24       10012485 f   advapi32:ADVAPI32.dll
 0001:0001148b       _RegSetValueExA@24         1001248b f   advapi32:ADVAPI32.dll
 0001:00011491       ?_ExMalloc@@YAPAXH@Z       10012491 f   dmcr:dmcr.exe
 0001:00011497       ?_ExFree@@YAXPAX@Z         10012497 f   dmcr:dmcr.exe
 0001:0001149d       ?_ExRealloc@@YAPAXPAXH@Z   1001249d f   dmcr:dmcr.exe
 0001:000114a3       ?GetTextByID@@YAPADPAD@Z   100124a3 f   dmcr:dmcr.exe
 0001:000114a9       ?ProcessMessages@@YA_NXZ   100124a9 f   dmcr:dmcr.exe
 0001:000114af       ?AddToGChat@@YAXPAD0@Z     100124af f   dmcr:dmcr.exe
 0001:000114b5       ?GetRLCHeight@@YAHPAUxRLCTable@@E@Z 100124b5 f   dmcr:dmcr.exe
 0001:000114bb       ?ShowString@@YAXHHPBDPAVRLCFont@@@Z 100124bb f   dmcr:dmcr.exe
 0001:000114c1       ?GetRLCStrWidth@@YAHPADPAVRLCFont@@@Z 100124c1 f   dmcr:dmcr.exe
 0001:000114c7       ?PreLoadGPImage@GP_System@@QAEHPAD@Z 100124c7 f   dmcr:dmcr.exe
 0001:000114cd       ?LoadGP@GP_System@@QAE_NH@Z 100124cd f   dmcr:dmcr.exe
 0001:000114d3       ?GetGPWidth@GP_System@@QAEHHH@Z 100124d3 f   dmcr:dmcr.exe
 0001:000114d9       ?ShowGP@GP_System@@QAEXHHHHE@Z 100124d9 f   dmcr:dmcr.exe
 0001:000114df       ??0LocalGP@@QAE@PAD@Z      100124df f   dmcr:dmcr.exe
 0001:000114e5       ??1LocalGP@@QAE@XZ         100124e5 f   dmcr:dmcr.exe
 0001:000114eb       ?GetSound@@YAHPAD@Z        100124eb f   dmcr:dmcr.exe
 0001:000114f1       ??0SQPicture@@QAE@PAD@Z    100124f1 f   dmcr:dmcr.exe
 0001:000114f7       ?LoadPicture@SQPicture@@QAEXPAD@Z 100124f7 f   dmcr:dmcr.exe
 0001:000114fd       ?Draw@SQPicture@@QAEXHH@Z  100124fd f   dmcr:dmcr.exe
 0001:00011503       ??1SQPicture@@QAE@XZ       10012503 f   dmcr:dmcr.exe
 0001:00011509       ??0DialogsSystem@@QAE@HH@Z 10012509 f   dmcr:dmcr.exe
 0001:0001150f       ??0DialogsSystem@@QAE@XZ   1001250f f   dmcr:dmcr.exe
 0001:00011515       ??1DialogsSystem@@QAE@XZ   10012515 f   dmcr:dmcr.exe
 0001:0001151b       ?ProcessDialogs@DialogsSystem@@QAEXXZ 1001251b f   dmcr:dmcr.exe
 0001:00011521       ?MarkToDraw@DialogsSystem@@QAEXXZ 10012521 f   dmcr:dmcr.exe
 0001:00011527       ?RefreshView@DialogsSystem@@QAEXXZ 10012527 f   dmcr:dmcr.exe
 0001:0001152d       ?addPicture@DialogsSystem@@QAEPAVPicture@@PAVSimpleDialog@@HHPAVSQPicture@@11@Z 1001252d f   dmcr:dmcr.exe
 0001:00011533       ?addGPPicture@DialogsSystem@@QAEPAVGPPicture@@PAVSimpleDialog@@HHHH@Z 10012533 f   dmcr:dmcr.exe
 0001:00011539       ?addTextButton@DialogsSystem@@QAEPAVTextButton@@PAVSimpleDialog@@HHPADPAVRLCFont@@22E@Z 10012539 f   dmcr:dmcr.exe
 0001:0001153f       ?addGP_TextButton@DialogsSystem@@QAEPAVGP_TextButton@@PAVSimpleDialog@@HHPADHHPAVRLCFont@@2@Z 1001253f f   dmcr:dmcr.exe
 0001:00011545       ?addGP_Button@DialogsSystem@@QAEPAVGP_Button@@PAVSimpleDialog@@HHHHH@Z 10012545 f   dmcr:dmcr.exe
 0001:0001154b       ?addComplexBox@DialogsSystem@@QAEPAVComplexBox@@HHHHP6AXHHHHHEH@ZHH@Z 1001254b f   dmcr:dmcr.exe
 0001:00011551       ?addInputBox@DialogsSystem@@QAEPAVInputBox@@PAVSimpleDialog@@HHPADHHHPAVRLCFont@@2@Z 10012551 f   dmcr:dmcr.exe
 0001:00011557       ?addColoredBar@DialogsSystem@@QAEPAVColoredBar@@HHHHE@Z 10012557 f   dmcr:dmcr.exe
 0001:0001155d       ?addBPXView@DialogsSystem@@QAEPAVBPXView@@PAVSimpleDialog@@HHHHHHHPAEPAVVScrollBar@@@Z 1001255d f   dmcr:dmcr.exe
 0001:00011563       ?addNewGP_VScrollBar@DialogsSystem@@QAEPAVVScrollBar@@PAVSimpleDialog@@HHHHHHH@Z 10012563 f   dmcr:dmcr.exe
 0001:00011569       ?addCustomBorder@DialogsSystem@@QAEPAVCustomBorder@@HHHHHPAH0HH@Z 10012569 f   dmcr:dmcr.exe
 0001:0001156f       ?addChatViewer@DialogsSystem@@QAEPAVChatViewer@@PAVSimpleDialog@@HHHHHPAPAPAD1PAH@Z 1001256f f   dmcr:dmcr.exe
 0001:00011575       ?RReset@@YAPAXPBD@Z        10012575 f   dmcr:dmcr.exe
 0001:0001157b       ?RFileSize@@YAKPAX@Z       1001257b f   dmcr:dmcr.exe
 0001:00011581       ?RSeek@@YAKPAXH@Z          10012581 f   dmcr:dmcr.exe
 0001:00011587       ?RBlockRead@@YAKPAX0K@Z    10012587 f   dmcr:dmcr.exe
 0001:0001158d       ?RClose@@YAXPAX@Z          1001258d f   dmcr:dmcr.exe
 0001:00011593       ?Gopen@@YAPAVGFILE@@PAD0@Z 10012593 f   dmcr:dmcr.exe
 0001:00011599       ?Gclose@@YAXPAVGFILE@@@Z   10012599 f   dmcr:dmcr.exe
 0001:0001159f       ?MMItemChoose@@YA_NPAVSimpleDialog@@@Z 1001259f f   dmcr:dmcr.exe
 0001:000115a5       ?LoadFog@@YAXH@Z           100125a5 f   dmcr:dmcr.exe
 0001:000115ab       ?StdKeys@@YAXXZ            100125ab f   dmcr:dmcr.exe
 0001:000115b1       ?SlowLoadPalette@@YAXPBD@Z 100125b1 f   dmcr:dmcr.exe
 0001:000115b7       ?ReadWinString@@YA_NPAVGFILE@@PADH@Z 100125b7 f   dmcr:dmcr.exe
 0001:000115bd       ?LoadPalette@@YAXPBD@Z     100125bd f   dmcr:dmcr.exe
 0001:000115c3       ?PlayEffect@@YAXHHH@Z      100125c3 f   dmcr:dmcr.exe
 0001:000115c9       ?ExplorerBack@@YAXH@Z      100125c9 f   dmcr:dmcr.exe
 0001:000115cf       ?ExplorerRefresh@@YAXH@Z   100125cf f   dmcr:dmcr.exe
 0001:000115d5       ?ExplorerSetVar@@YAXHPAD0@Z 100125d5 f   dmcr:dmcr.exe
 0001:000115db       ?ExplorerGetVar@@YAPADHPAD@Z 100125db f   dmcr:dmcr.exe
 0001:000115e1       ?RunExplorer@@YAXHPADHHHH@Z 100125e1 f   dmcr:dmcr.exe
 0001:000115e7       ?ProcessExplorerDSS@@YAXHPAVDialogsSystem@@@Z 100125e7 f   dmcr:dmcr.exe
 0001:000115ed       ?ExplorerOpenRef@@YAXHPAD@Z 100125ed f   dmcr:dmcr.exe
 0001:000115f3       ?ExplorerResize@@YAXHHHHH@Z 100125f3 f   dmcr:dmcr.exe
 0001:000115f9       ?GetPaletteColor@@YAEHHH@Z 100125f9 f   dmcr:dmcr.exe
 0001:000115ff       ?xLine@@YAXHHHHE@Z         100125ff f   dmcr:dmcr.exe
 0001:00011605       ?AddChatString@@YAXPAD0HPAVRLCFont@@AAPAPAD2AAH3@Z 10012605 f   dmcr:dmcr.exe
 0001:0001160b       ?PushWindow@@YAXPAUTempWindow@@@Z 1001260b f   dmcr:dmcr.exe
 0001:00011611       ?PopWindow@@YAXPAUTempWindow@@@Z 10012611 f   dmcr:dmcr.exe
 0001:00011617       ?IntersectWindows@@YAXHHHH@Z 10012617 f   dmcr:dmcr.exe
 0001:0001161d       ?ShowClanString@@YAXHHPADEPAVRLCFont@@1H@Z 1001261d f   dmcr:dmcr.exe
 0001:00011623       ?SetRoomOptions@@YAXPAD@Z  10012623 f   dmcr:dmcr.exe
 0001:00011629       ?CheckForPersonalChat@@YA_NPAD@Z 10012629 f   dmcr:dmcr.exe
 0001:0001162f       ?CheckPersonality@@YA_NPAD@Z 1001262f f   dmcr:dmcr.exe
 0001:00011635       ?DarkScreen@@YAXXZ         10012635 f   dmcr:dmcr.exe
 0001:0001163b       ?SendPings@@YAXXZ          1001263b f   dmcr:dmcr.exe
 0001:00011641       ?EnumPlr@@YA_NXZ           10012641 f   dmcr:dmcr.exe
 0001:00011647       ?MemScreenPart@@YAXHHHHPAE@Z 10012647 f   dmcr:dmcr.exe
 0001:0001164d       ?FlipPages@@YAXXZ          1001264d f   dmcr:dmcr.exe
 0001:00011653       ?RunHTTPC@@YAXXZ           10012653 f   dmcr:dmcr.exe
 0001:00011659       ?ClearGChat@@YAXXZ         10012659 f   dmcr:dmcr.exe
 0001:0001165f       ?SetCurPtr@@YAXH@Z         1001265f f   dmcr:dmcr.exe
 0001:00011665       ?CheckUsingAI@@YA_NXZ      10012665 f   dmcr:dmcr.exe
 0001:0001166b       ?CheckGSC_Login@@YA_NXZ    1001266b f   dmcr:dmcr.exe
 0001:00011671       ___raise_securityfailure   10012671 f   LIBCMT:gs_report.obj
 0001:00011699       ___report_gsfailure        10012699 f   LIBCMT:gs_report.obj
 0001:00011793       ___report_rangecheckfailure 10012793 f   LIBCMT:gs_report.obj
 0001:0001179f       ___report_securityfailure  1001279f f   LIBCMT:gs_report.obj
 0001:0001186e       ___report_securityfailureEx 1001286e f   LIBCMT:gs_report.obj
 0001:00011983       @__security_check_cookie@4 10012983 f   LIBCMT:secchk.obj
 0001:00011991       ??_L@YGXPAXIHP6EX0@Z1@Z    10012991 f   LIBCMT:ehvecctr.obj
 0001:00011996       ??_L@YGXPAXIIP6EX0@Z1@Z    10012996 f   LIBCMT:ehvecctr.obj
 0001:00011a0a       ??_M@YGXPAXIHP6EX0@Z@Z     10012a0a f   LIBCMT:ehvecdtr.obj
 0001:00011a0f       ??_M@YGXPAXIIP6EX0@Z@Z     10012a0f f   LIBCMT:ehvecdtr.obj
 0001:00011ac3       ?__ArrayUnwind@@YGXPAXIIP6EX0@Z@Z 10012ac3 f   LIBCMT:ehvecdtr.obj
 0001:00011b53       ?configure_argv@__scrt_narrow_argv_policy@@SAHXZ 10012b53 f i LIBCMT:utility.obj
 0001:00011ba4       ?initialize_environment@__scrt_narrow_environment_policy@@SAHXZ 10012ba4 f i LIBCMT:utility.obj
 0001:00011bdc       _NtCurrentTeb              10012bdc f i LIBCMT:utility.obj
 0001:00011be3       ___scrt_acquire_startup_lock 10012be3 f   LIBCMT:utility.obj
 0001:00011c15       ___scrt_dllmain_after_initialize_c 10012c15 f   LIBCMT:utility.obj
 0001:00011c40       ___scrt_dllmain_before_initialize_c 10012c40 f   LIBCMT:utility.obj
 0001:00011c4e       ___scrt_dllmain_crt_thread_attach 10012c4e f   LIBCMT:utility.obj
 0001:00011c6d       ___scrt_dllmain_crt_thread_detach 10012c6d f   LIBCMT:utility.obj
 0001:00011c7a       ___scrt_dllmain_exception_filter 10012c7a f   LIBCMT:utility.obj
 0001:00011cae       ___scrt_dllmain_uninitialize_c 10012cae f   LIBCMT:utility.obj
 0001:00011cd1       ___scrt_dllmain_uninitialize_critical 10012cd1 f   LIBCMT:utility.obj
 0001:00011cde       ___scrt_initialize_crt     10012cde f   LIBCMT:utility.obj
 0001:00011d17       ___scrt_initialize_onexit_tables 10012d17 f   LIBCMT:utility.obj
 0001:00011d9e       ___scrt_is_nonwritable_in_current_image 10012d9e f   LIBCMT:utility.obj
 0001:00011e32       ___scrt_release_startup_lock 10012e32 f   LIBCMT:utility.obj
 0001:00011e4f       ___scrt_uninitialize_crt   10012e4f f   LIBCMT:utility.obj
 0001:00011e77       __onexit                   10012e77 f   LIBCMT:utility.obj
 0001:00011ea4       _at_quick_exit             10012ea4 f   LIBCMT:utility.obj
 0001:00011ec7       _atexit                    10012ec7 f   LIBCMT:utility.obj
 0001:00011ee0       __alloca_probe             10012ee0 f   LIBCMT:chkstk.obj
 0001:00011ee0       __chkstk                   10012ee0 f   LIBCMT:chkstk.obj
 0001:0001224b       __CRT_INIT@12              1001324b f   LIBCMT:dll_dllmain.obj
 0001:00012254       __DllMainCRTStartup@12     10013254 f   LIBCMT:dll_dllmain.obj
 0001:00012280       __SEH_prolog4              10013280 f   LIBCMT:sehprolg4.obj
 0001:000122d0       __SEH_epilog4              100132d0 f   LIBCMT:sehprolg4.obj
 0001:000122e4       @_guard_check_icall_nop@4  100132e4 f i LIBCMT:guard_support.obj
 0001:000122e7       _ReadNoFence               100132e7 f i LIBCMT:guard_support.obj
 0001:000122f1       _ReadPointerNoFence        100132f1 f i LIBCMT:guard_support.obj
 0001:000122fb       __InlineInterlockedExchangePointer 100132fb f i LIBCMT:guard_support.obj
 0001:00012308       ___castguard_check_failure_debugbreak 10013308 f i LIBCMT:guard_support.obj
 0001:00012323       ___castguard_check_failure_fastfail 10013323 f i LIBCMT:guard_support.obj
 0001:00012342       ___castguard_check_failure_nop 10013342 f i LIBCMT:guard_support.obj
 0001:00012345       ___castguard_check_failure_os_handled 10013345 f i LIBCMT:guard_support.obj
 0001:0001237c       ___castguard_check_failure_user_handled 1001337c f i LIBCMT:guard_support.obj
 0001:000123ea       ___castguard_set_user_handler 100133ea f i LIBCMT:guard_support.obj
 0001:000123f9       ___castguard_slow_path_check_debugbreak 100133f9 f i LIBCMT:guard_support.obj
 0001:00012426       ___castguard_slow_path_check_fastfail 10013426 f i LIBCMT:guard_support.obj
 0001:00012457       ___castguard_slow_path_check_nop 10013457 f i LIBCMT:guard_support.obj
 0001:0001245a       ___castguard_slow_path_check_os_handled 1001345a f i LIBCMT:guard_support.obj
 0001:00012496       ___castguard_slow_path_check_user_handled 10013496 f i LIBCMT:guard_support.obj
 0001:000124f7       __guard_icall_checks_enforced 100134f7 f i LIBCMT:guard_support.obj
 0001:00012509       ___isa_available_init      10013509 f   LIBCMT:cpu_disp.obj
 0001:000126dd       __get_startup_argv_mode    100136dd f   LIBCMT:argv_mode.obj
 0001:000126e1       ___scrt_is_ucrt_dll_in_use 100136e1 f   LIBCMT:ucrt_detection.obj
 0001:000126ed       ___scrt_fastfail           100136ed f   LIBCMT:utility_desktop.obj
 0001:00012802       ___scrt_get_show_window_mode 10013802 f   LIBCMT:utility_desktop.obj
 0001:00012833       ___scrt_initialize_mta     10013833 f   LIBCMT:utility_desktop.obj
 0001:00012838       ___scrt_initialize_winrt   10013838 f   LIBCMT:utility_desktop.obj
 0001:0001283b       ___scrt_is_managed_app     1001383b f   LIBCMT:utility_desktop.obj
 0001:0001287d       ___scrt_set_unhandled_exception_filter 1001387d f   LIBCMT:utility_desktop.obj
 0001:00012889       ___scrt_exe_initialize_mta 10013889 f   LIBCMT:utility_desktop.obj
 0001:00012889       ___scrt_stub_for_initialize_mta 10013889 f   LIBCMT:utility_desktop.obj
 0001:0001288c       ___scrt_unhandled_exception_filter@4 1001388c f   LIBCMT:utility_desktop.obj
 0001:000128e2       __crt_debugger_hook        100138e2 f   LIBCMT:utility_desktop.obj
 0001:00012937       ___security_init_cookie    10013937 f   LIBCMT:gs_support.obj
 0001:00012982       ?__scrt_initialize_type_info@@YAXXZ 10013982 f   LIBCMT:tncleanup.obj
 0001:0001298e       ?__scrt_uninitialize_type_info@@YAXXZ 1001398e f   LIBCMT:tncleanup.obj
 0001:0001299a       ___scrt_initialize_default_local_stdio_options 1001399a f   LIBCMT:default_local_stdio_options.obj
 0001:000129b7       ___scrt_get_dyn_tls_init_callback 100139b7 f   LIBCMT:dyn_tls_init.obj
 0001:000129bd       __RTC_Initialize           100139bd f   LIBCMT:initsect.obj
 0001:000129e9       __RTC_Terminate            100139e9 f   LIBCMT:initsect.obj
 0001:00012a15       ??$?0AAViterator@TryBlockMap@__FrameHandler3@@AAV012@$0A@@?$pair@Viterator@TryBlockMap@__FrameHandler3@@V123@@std@@QAE@AAViterator@TryBlockMap@__FrameHandler3@@0@Z 10013a15 f i libvcruntime:trnsctrl.obj
 0001:00012a39       ??$forward@AAViterator@TryBlockMap@__FrameHandler3@@@std@@YAAAViterator@TryBlockMap@__FrameHandler3@@AAV123@@Z 10013a39 f i libvcruntime:trnsctrl.obj
 0001:00012a41       ??0iterator@TryBlockMap@__FrameHandler3@@QAE@AAV12@I@Z 10013a41 f i libvcruntime:trnsctrl.obj
 0001:00012a55       ?GetRangeOfTrysToCheck@__FrameHandler3@@SA?AU?$pair@Viterator@TryBlockMap@__FrameHandler3@@V123@@std@@AAVTryBlockMap@1@HPAXPBU_s_FuncInfo@@H@Z 10013a55 f   libvcruntime:trnsctrl.obj
 0001:00012ac4       ?_CallCatchBlock2@@YAPAXPAUEHRegistrationNode@@PBU_s_FuncInfo@@PAXHK@Z 10013ac4 f   libvcruntime:trnsctrl.obj
 0001:00012b21       ?_CallSETranslator@@YAHPAUEHExceptionRecord@@PAUEHRegistrationNode@@PAX2PBU_s_FuncInfo@@H1@Z 10013b21 f   libvcruntime:trnsctrl.obj
 0001:00012c11       ?_JumpToContinuation@@YGXPAXPAUEHRegistrationNode@@@Z 10013c11 f   libvcruntime:trnsctrl.obj
 0001:00012c41       ?_UnwindNestedFrames@@YGXPAUEHRegistrationNode@@PAUEHExceptionRecord@@@Z 10013c41 f   libvcruntime:trnsctrl.obj
 0001:00012c94       __CatchGuardHandler        10013c94 f   libvcruntime:trnsctrl.obj
 0001:00012cc5       __CreateFrameInfo          10013cc5 f   libvcruntime:trnsctrl.obj
 0001:00012ce9       __FindAndUnlinkFrame       10013ce9 f   libvcruntime:trnsctrl.obj
 0001:00012d31       __TranslatorGuardHandler   10013d31 f   libvcruntime:trnsctrl.obj
 0001:00012dce       ___CxxFrameHandler         10013dce f   libvcruntime:trnsctrl.obj
 0001:00012e04       ___CxxFrameHandler2        10013e04 f   libvcruntime:trnsctrl.obj
 0001:00012e3a       ___CxxFrameHandler3        10013e3a f   libvcruntime:trnsctrl.obj
 0001:00012e70       ___CxxLongjmpUnwind@4      10013e70 f   libvcruntime:trnsctrl.obj
 0001:00012ea0       _memcpy                    10013ea0 f   libvcruntime:memcpy.obj
 0001:00013420       _memmove                   10014420 f   libvcruntime:memmove.obj
 0001:000139a0       _memset                    100149a0 f   libvcruntime:memset.obj
 0001:00013b00       _strchr                    10014b00 f   libvcruntime:strchr.obj
 0001:00013b6e       ___from_strstr_to_strchr   10014b6e     libvcruntime:strchr.obj
 0001:00013c30       _strstr                    10014c30 f   libvcruntime:strstr.obj
 0001:00013e9b       ___DestructExceptionObject 10014e9b f   libvcruntime:ehhelpers.obj
 0001:00013f3c       ?_CallMemberFunction0@@YGXQAX0@Z 10014f3c f i libvcruntime:ehhelpers.obj
 0001:00013fa1       ?raw_name@type_info@@QBEPBDXZ 10014fa1 f i libvcruntime:ehhelpers.obj
 0001:00013fa5       __IsExceptionObjectToBeDestroyed 10014fa5 f   libvcruntime:ehhelpers.obj
 0001:00013fcb       __SetWinRTOutOfMemoryExceptionCallback 10014fcb f   libvcruntime:ehhelpers.obj
 0001:00013fd8       ___AdjustPointer           10014fd8 f   libvcruntime:ehhelpers.obj
 0001:00013ffd       ___FrameUnwindFilter       10014ffd f   libvcruntime:ehhelpers.obj
 0001:00014053       ___GetPlatformExceptionInfo 10015053 f   libvcruntime:ehhelpers.obj
 0001:0001409f       ___current_exception       1001509f f   libvcruntime:ehhelpers.obj
 0001:000140a8       ___current_exception_context 100150a8 f   libvcruntime:ehhelpers.obj
 0001:000140b1       ___processing_throw        100150b1 f   libvcruntime:ehhelpers.obj
 0001:000140ba       ___std_terminate           100150ba f   libvcruntime:ehhelpers.obj
 0001:000140bf       __is_exception_typeof      100150bf f   libvcruntime:ehhelpers.obj
 0001:000141b0       __except_handler4          100151b0 f   libvcruntime:chandler4.obj
 0001:0001430e       ___vcrt_initialize         1001530e f   libvcruntime:initialization.obj
 0001:0001432d       ___vcrt_thread_attach      1001532d f   libvcruntime:initialization.obj
 0001:00014338       ___vcrt_thread_detach      10015338 f   libvcruntime:initialization.obj
 0001:00014340       ___vcrt_uninitialize       10015340 f   libvcruntime:initialization.obj
 0001:00014357       ___vcrt_uninitialize_critical 10015357 f   libvcruntime:initialization.obj
 0001:00014370       ??$?RD@__crt_internal_free_policy@@QBEXQBD@Z 10015370 f i libvcruntime:std_type_info.obj
 0001:00014380       ??$?RX@__crt_internal_free_policy@@QBEXQBX@Z 10015380 f i libvcruntime:std_type_info.obj
 0001:00014390       ??$__crt_interlocked_compare_exchange_pointer@$$CBDPAD$$T@@YAPBDPDSBDQAD$$T@Z 10015390 f i libvcruntime:std_type_info.obj
 0001:000143a2       ??$__crt_interlocked_read_pointer@$$CBD@@YAPBDPDSBD@Z 100153a2 f i libvcruntime:std_type_info.obj
 0001:000143ad       ??0?$__crt_unique_heap_ptr@DU__crt_internal_free_policy@@@@QAE@QAD@Z 100153ad f i libvcruntime:std_type_info.obj
 0001:000143bb       ??0?$__crt_unique_heap_ptr@XU__crt_internal_free_policy@@@@QAE@QAX@Z 100153bb f i libvcruntime:std_type_info.obj
 0001:000143c9       ??1?$__crt_unique_heap_ptr@DU__crt_internal_free_policy@@@@QAE@XZ 100153c9 f i libvcruntime:std_type_info.obj
 0001:000143d9       ??1?$__crt_unique_heap_ptr@XU__crt_internal_free_policy@@@@QAE@XZ 100153d9 f i libvcruntime:std_type_info.obj
 0001:000143e9       ??B?$__crt_unique_heap_ptr@DU__crt_internal_free_policy@@@@QBE_NXZ 100153e9 f i libvcruntime:std_type_info.obj
 0001:000143f0       ??B?$__crt_unique_heap_ptr@XU__crt_internal_free_policy@@@@QBE_NXZ 100153f0 f i libvcruntime:std_type_info.obj
 0001:00014417       ?__crt_interlocked_read_32@@YAHPDH@Z 10015417 f i libvcruntime:std_type_info.obj
 0001:00014422       ?detach@?$__crt_unique_heap_ptr@XU__crt_internal_free_policy@@@@QAEPAXXZ 10015422 f i libvcruntime:std_type_info.obj
 0001:00014428       ?get@?$__crt_unique_heap_ptr@DU__crt_internal_free_policy@@@@QBEPADXZ 10015428 f i libvcruntime:std_type_info.obj
 0001:0001442b       ?get@?$__crt_unique_heap_ptr@XU__crt_internal_free_policy@@@@QBEPAXXZ 1001542b f i libvcruntime:std_type_info.obj
 0001:0001442e       ?is_valid@?$__crt_unique_heap_ptr@DU__crt_internal_free_policy@@@@QBE_NXZ 1001542e f i libvcruntime:std_type_info.obj
 0001:00014435       ?is_valid@?$__crt_unique_heap_ptr@XU__crt_internal_free_policy@@@@QBE_NXZ 10015435 f i libvcruntime:std_type_info.obj
 0001:0001443c       ?release@?$__crt_unique_heap_ptr@DU__crt_internal_free_policy@@@@QAEXXZ 1001543c f i libvcruntime:std_type_info.obj
 0001:0001444c       ?release@?$__crt_unique_heap_ptr@XU__crt_internal_free_policy@@@@QAEXXZ 1001544c f i libvcruntime:std_type_info.obj
 0001:0001445c       ___std_type_info_compare   1001545c f   libvcruntime:std_type_info.obj
 0001:00014498       ___std_type_info_destroy_list 10015498 f   libvcruntime:std_type_info.obj
 0001:000144bb       ___std_type_info_hash      100154bb f   libvcruntime:std_type_info.obj
 0001:000144e1       ___std_type_info_name      100154e1 f   libvcruntime:std_type_info.obj
 0001:000145a7       ??$?RU__vcrt_ptd@@@__crt_internal_free_policy@@QBEXQBU__vcrt_ptd@@@Z 100155a7 f i libvcruntime:per_thread_data.obj
 0001:000145b7       ??0?$__crt_unique_heap_ptr@U__vcrt_ptd@@U__crt_internal_free_policy@@@@QAE@QAU__vcrt_ptd@@@Z 100155b7 f i libvcruntime:per_thread_data.obj
 0001:000145d4       ??1?$__crt_unique_heap_ptr@U__vcrt_ptd@@U__crt_internal_free_policy@@@@QAE@XZ 100155d4 f i libvcruntime:per_thread_data.obj
 0001:000145ed       ??B?$__crt_unique_heap_ptr@U__vcrt_ptd@@U__crt_internal_free_policy@@@@QBE_NXZ 100155ed f i libvcruntime:per_thread_data.obj
 0001:000145f4       ?detach@?$__crt_unique_heap_ptr@U__vcrt_ptd@@U__crt_internal_free_policy@@@@QAEPAU__vcrt_ptd@@XZ 100155f4 f i libvcruntime:per_thread_data.obj
 0001:000145fa       ?get@?$__crt_unique_heap_ptr@U__vcrt_ptd@@U__crt_internal_free_policy@@@@QBEPAU__vcrt_ptd@@XZ 100155fa f i libvcruntime:per_thread_data.obj
 0001:000145fd       ?is_valid@?$__crt_unique_heap_ptr@U__vcrt_ptd@@U__crt_internal_free_policy@@@@QBE_NXZ 100155fd f i libvcruntime:per_thread_data.obj
 0001:00014604       ?release@?$__crt_unique_heap_ptr@U__vcrt_ptd@@U__crt_internal_free_policy@@@@QAEXXZ 10015604 f i libvcruntime:per_thread_data.obj
 0001:0001462e       ___vcrt_freefls@4          1001562e f   libvcruntime:per_thread_data.obj
 0001:0001464a       ___vcrt_freeptd_for_this_thread 1001564a f   libvcruntime:per_thread_data.obj
 0001:00014675       ___vcrt_getptd             10015675 f   libvcruntime:per_thread_data.obj
 0001:00014683       ___vcrt_getptd_noexit      10015683 f   libvcruntime:per_thread_data.obj
 0001:00014715       ___vcrt_getptd_noinit      10015715 f   libvcruntime:per_thread_data.obj
 0001:0001474c       ___vcrt_initialize_ptd     1001574c f   libvcruntime:per_thread_data.obj
 0001:0001477f       ___vcrt_uninitialize_ptd   1001577f f   libvcruntime:per_thread_data.obj
 0001:00014ecc       ??$TypeMatchHelper@V__FrameHandler3@@@@YAHPBU_s_HandlerType@@PBU_s_CatchableType@@PBU_s_ThrowInfo@@@Z 10015ecc f i libvcruntime:frame.obj
 0001:00014f5a       ??$__InternalCxxFrameHandler@V__FrameHandler3@@@@YA?AW4_EXCEPTION_DISPOSITION@@PAUEHExceptionRecord@@PAUEHRegistrationNode@@PAU_CONTEXT@@PAXPBU_s_FuncInfo@@H1E@Z 10015f5a f i libvcruntime:frame.obj
 0001:0001505c       ??$__InternalCxxFrameHandlerWrapper@V__FrameHandler3@@@@YA?AW4_EXCEPTION_DISPOSITION@@PAUEHExceptionRecord@@PAUEHRegistrationNode@@PAU_CONTEXT@@PAXPBU_s_FuncInfo@@H1E@Z 1001605c f i libvcruntime:frame.obj
 0001:00015065       ??0HandlerMap@__FrameHandler3@@QAE@PBU_s_TryBlockMapEntry@@II@Z 10016065 f i libvcruntime:frame.obj
 0001:0001507c       ??0TryBlockMap@__FrameHandler3@@QAE@PBU_s_FuncInfo@@I@Z 1001607c f i libvcruntime:frame.obj
 0001:00015090       ??0bad_exception@std@@QAE@ABV01@@Z 10016090 f i libvcruntime:frame.obj
 0001:000150ab       ??0bad_exception@std@@QAE@XZ 100160ab f i libvcruntime:frame.obj
 0001:000150c3       ??0exception@std@@QAE@ABV01@@Z 100160c3 f i libvcruntime:frame.obj
 0001:000150ef       ??0exception@std@@QAE@QBDH@Z 100160ef f i libvcruntime:frame.obj
 0001:0001510c       ??0iterator@HandlerMap@__FrameHandler3@@QAE@AAV12@I@Z 1001610c f i libvcruntime:frame.obj
 0001:00015120       ??1bad_exception@std@@UAE@XZ 10016120 f i libvcruntime:frame.obj
 0001:00015131       ??1exception@std@@UAE@XZ   10016131 f i libvcruntime:frame.obj
 0001:00015142       ??8iterator@HandlerMap@__FrameHandler3@@QBE_NABV012@@Z 10016142 f i libvcruntime:frame.obj
 0001:00015155       ??8type_info@@QBE_NABV0@@Z 10016155 f i libvcruntime:frame.obj
 0001:00015174       ??9iterator@HandlerMap@__FrameHandler3@@QBE_NABV012@@Z 10016174 f i libvcruntime:frame.obj
 0001:00015187       ??Diterator@HandlerMap@__FrameHandler3@@QAE?BU_s_HandlerType@@XZ 10016187 f i libvcruntime:frame.obj
 0001:000151a6       ??Diterator@TryBlockMap@__FrameHandler3@@QAE?BU_s_TryBlockMapEntry@@XZ 100161a6 f i libvcruntime:frame.obj
 0001:000151c8       ??Eiterator@HandlerMap@__FrameHandler3@@QAEAAV012@XZ 100161c8 f i libvcruntime:frame.obj
 0001:000151ce       ??Eiterator@TryBlockMap@__FrameHandler3@@QAEAAV012@XZ 100161ce f i libvcruntime:frame.obj
 0001:000151d4       ??Miterator@TryBlockMap@__FrameHandler3@@QBE_NABV012@@Z 100161d4 f i libvcruntime:frame.obj
 0001:000151e7       ??_Ebad_exception@std@@UAEPAXI@Z 100161e7 f i libvcruntime:frame.obj
 0001:000151e7       ??_Gbad_exception@std@@UAEPAXI@Z 100161e7 f i libvcruntime:frame.obj
 0001:00015214       ??_Eexception@std@@UAEPAXI@Z 10016214 f i libvcruntime:frame.obj
 0001:00015214       ??_Gexception@std@@UAEPAXI@Z 10016214 f i libvcruntime:frame.obj
 0001:00015241       ?BuildCatchObject@__FrameHandler3@@SAXPAUEHExceptionRecord@@PAXPBU_s_HandlerType@@PBU_s_CatchableType@@@Z 10016241 f   libvcruntime:frame.obj
 0001:00015246       ?BuildCatchObjectHelper@__FrameHandler3@@SAHPAUEHExceptionRecord@@PAXPBU_s_HandlerType@@PBU_s_CatchableType@@@Z 10016246 f   libvcruntime:frame.obj
 0001:000154a7       ?FrameUnwindToEmptyState@__FrameHandler3@@SAXPAUEHRegistrationNode@@PAXPBU_s_FuncInfo@@@Z 100164a7 f   libvcruntime:frame.obj
 0001:000154bf       ?FrameUnwindToState@__FrameHandler3@@SAXPAUEHRegistrationNode@@PAXPBU_s_FuncInfo@@H@Z 100164bf f   libvcruntime:frame.obj
 0001:000155a7       ?GetMaxState@__FrameHandler3@@SAHPAXPBU_s_FuncInfo@@@Z 100165a7 f i libvcruntime:frame.obj
 0001:00015685       ?TypeMatch@__FrameHandler3@@SAHPBU_s_HandlerType@@PBU_s_CatchableType@@PBU_s_ThrowInfo@@@Z 10016685 f   libvcruntime:frame.obj
 0001:0001568e       ?_CallMemberFunction1@@YGXQAX00@Z 1001668e f i libvcruntime:frame.obj
 0001:0001569e       ?_CallMemberFunction2@@YGXQAX00H@Z 1001669e f i libvcruntime:frame.obj
 0001:000156b1       ?begin@HandlerMap@__FrameHandler3@@QAE?AViterator@12@XZ 100166b1 f i libvcruntime:frame.obj
 0001:000156c1       ?end@HandlerMap@__FrameHandler3@@QAE?AViterator@12@XZ 100166c1 f i libvcruntime:frame.obj
 0001:000156d2       ?getESTypes@__FrameHandler3@@SAPBU_s_ESTypeList@@PBU_s_FuncInfo@@@Z 100166d2 f i libvcruntime:frame.obj
 0001:000156dd       ?getLastEntry@HandlerMap@__FrameHandler3@@QAEPBU_s_HandlerType@@XZ 100166dd f i libvcruntime:frame.obj
 0001:000156eb       ?getMagicNum@__FrameHandler3@@SAIPBU_s_FuncInfo@@@Z 100166eb f i libvcruntime:frame.obj
 0001:000156fa       ?getNumTryBlocks@TryBlockMap@__FrameHandler3@@QAEIXZ 100166fa f i libvcruntime:frame.obj
 0001:00015700       ?isEHs@__FrameHandler3@@SA_NPBU_s_FuncInfo@@@Z 10016700 f i libvcruntime:frame.obj
 0001:0001570d       ?isNoExcept@__FrameHandler3@@SA_NPBU_s_FuncInfo@@@Z 1001670d f i libvcruntime:frame.obj
 0001:0001571d       ?what@exception@std@@UBEPBDXZ 1001671d f i libvcruntime:frame.obj
 0001:0001572a       ___BuildCatchObject        1001672a f   libvcruntime:frame.obj
 0001:0001572f       ___BuildCatchObjectHelper  1001672f f   libvcruntime:frame.obj
 0001:00015738       ___TypeMatch               10016738 f   libvcruntime:frame.obj
 0001:00015741       ___vcrt_EncodePointer      10016741 f i libvcruntime:frame.obj
 0001:00015750       __CallSettingFrame@12      10016750 f   libvcruntime:lowhelpr.obj
 0001:00015777       __NLG_Return               10016777     libvcruntime:lowhelpr.obj
 0001:000157a7       ___except_validate_context_record 100167a7 f   libvcruntime:jbcxrval.obj
 0001:000157d7       ___except_validate_jump_buffer 100167d7 f   libvcruntime:jbcxrval.obj
 0001:00015804       ___except_validate_jump_buffer_common 10016804 f i libvcruntime:jbcxrval.obj
 0001:00015840       __local_unwind4            10016840 f   libvcruntime:exsup4.obj
 0001:00015930       __seh_longjmp_unwind4@4    10016930 f   libvcruntime:exsup4.obj
 0001:00015960       @_EH4_CallFilterFunc@8     10016960 f   libvcruntime:exsup4.obj
 0001:00015980       @_EH4_TransferToHandler@8  10016980 f   libvcruntime:exsup4.obj
 0001:000159a0       @_EH4_GlobalUnwind2@8      100169a0 f   libvcruntime:exsup4.obj
 0001:000159c0       @_EH4_LocalUnwind@16       100169c0 f   libvcruntime:exsup4.obj
 0001:000159d7       ___vcrt_initialize_locks   100169d7 f   libvcruntime:locks.obj
 0001:00015a13       ___vcrt_lock               10016a13 f   libvcruntime:locks.obj
 0001:00015a28       ___vcrt_uninitialize_locks 10016a28 f   libvcruntime:locks.obj
 0001:00015a57       ___vcrt_unlock             10016a57 f   libvcruntime:locks.obj
 0001:00015a6c       ??$?0$00@DName@@QAE@PBDU?$StringLifeSelector@$00@@@Z 10016a6c f i libvcruntime:undname.obj
 0001:00015a9f       ??$?0$00@pcharNode@@QAE@PBDHU?$StringLifeSelector@$00@@@Z 10016a9f f i libvcruntime:undname.obj
 0001:00015aba       ??$?0$01@DName@@QAE@PBDU?$StringLifeSelector@$01@@@Z 10016aba f i libvcruntime:undname.obj
 0001:00015aed       ??$?0$01@pcharNode@@QAE@PBDHU?$StringLifeSelector@$01@@@Z 10016aed f i libvcruntime:undname.obj
 0001:00015b2d       ??$?0$0A@@DName@@QAE@PBDU?$StringLifeSelector@$0A@@@@Z 10016b2d f i libvcruntime:undname.obj
 0001:00015b60       ??$?0$0A@@pcharNode@@QAE@PBDHU?$StringLifeSelector@$0A@@@@Z 10016b60 f i libvcruntime:undname.obj
 0001:00015ba0       ??$?0_K$0A@@?$optional@_K@std@@QAE@$$QA_K@Z 10016ba0 f i libvcruntime:undname.obj
 0001:00015bba       ??$?0_K@?$_Optional_construct_base@_K@std@@QAE@Uin_place_t@1@$$QA_K@Z 10016bba f i libvcruntime:undname.obj
 0001:00015bd4       ??$?0_K@?$_Optional_destruct_base@_K$00@std@@QAE@Uin_place_t@1@$$QA_K@Z 10016bd4 f i libvcruntime:undname.obj
 0001:00015bee       ??$append@VDNameNode@@@DName@@AAEXPBVDNameNode@@@Z 10016bee f i libvcruntime:undname.obj
 0001:00015c2f       ??$append@VDNameStatusNode@@@DName@@AAEXPBVDNameStatusNode@@@Z 10016c2f f i libvcruntime:undname.obj
 0001:00015c70       ??$append@VcharNode@@@DName@@AAEXPBVcharNode@@@Z 10016c70 f i libvcruntime:undname.obj
 0001:00015cb1       ??$append@VpDNameNode@@@DName@@AAEXPBVpDNameNode@@@Z 10016cb1 f i libvcruntime:undname.obj
 0001:00015cf2       ??$append@VpcharNode@@@DName@@AAEXPBVpcharNode@@@Z 10016cf2 f i libvcruntime:undname.obj
 0001:00015d33       ??$doPchar@$00@DName@@AAEXPBDH@Z 10016d33 f i libvcruntime:undname.obj
 0001:00015d9f       ??$doPchar@$01@DName@@AAEXPBDH@Z 10016d9f f i libvcruntime:undname.obj
 0001:00015e10       ??$doPchar@$0A@@DName@@AAEXPBDH@Z 10016e10 f i libvcruntime:undname.obj
 0001:00015e81       ??$forward@_K@std@@YA$$QA_KAA_K@Z 10016e81 f i libvcruntime:undname.obj
 0001:00015f45       ??$size@D$04@std@@YAIAAY04$$CBD@Z 10016f45 f i libvcruntime:undname.obj
 0001:00015f49       ??0?$_Optional_construct_base@_K@std@@QAE@XZ 10016f49 f i libvcruntime:undname.obj
 0001:00015f50       ??0?$_Optional_destruct_base@_K$00@std@@QAE@XZ 10016f50 f i libvcruntime:undname.obj
 0001:00015f57       ??0?$optional@_K@std@@QAE@XZ 10016f57 f i libvcruntime:undname.obj
 0001:00015f5e       ??0Block@_HeapManager@@QAE@XZ 10016f5e f i libvcruntime:undname.obj
 0001:00015f64       ??0DName@@QAE@AAPBDD@Z     10016f64 f   libvcruntime:undname.obj
 0001:00015fed       ??0DName@@QAE@ABUStringLiteral@@@Z 10016fed f   libvcruntime:undname.obj
 0001:00016014       ??0DName@@QAE@ABV0@@Z      10017014 f i libvcruntime:undname.obj
 0001:0001602a       ??0DName@@QAE@D@Z          1001702a f   libvcruntime:undname.obj
 0001:00016046       ??0DName@@QAE@PAV0@@Z      10017046 f   libvcruntime:undname.obj
 0001:0001608d       ??0DName@@QAE@W4DNameStatus@@@Z 1001708d f   libvcruntime:undname.obj
 0001:000160cd       ??0DName@@QAE@XZ           100170cd f i libvcruntime:undname.obj
 0001:000160d7       ??0DName@@QAE@_J@Z         100170d7 f   libvcruntime:undname.obj
 0001:00016161       ??0DName@@QAE@_K@Z         10017161 f   libvcruntime:undname.obj
 0001:000161c5       ??0DNameNode@@IAE@XZ       100171c5 f i libvcruntime:undname.obj
 0001:000161ce       ??0Replicator@@QAE@XZ      100171ce f i libvcruntime:undname.obj
 0001:000161eb       ??0UnDecorator@@QAE@PBDP6APADJ@ZK@Z 100171eb f i libvcruntime:undname.obj
 0001:0001624f       ??0_Nontrivial_dummy_type@std@@QAE@XZ 1001724f f i libvcruntime:undname.obj
 0001:00016252       ??0charNode@@QAE@D@Z       10017252 f i libvcruntime:undname.obj
 0001:00016267       ??0pDNameNode@@QAE@PAVDName@@@Z 10017267 f   libvcruntime:undname.obj
 0001:0001628f       ??0pairNode@@QAE@PBVDNameNode@@0@Z 1001728f f i libvcruntime:undname.obj
 0001:000162b5       ??2@YAPAXIAAV_HeapManager@@H@Z 100172b5 f   libvcruntime:undname.obj
 0001:000162d4       ??4DName@@QAEAAV0@ABUStringLiteral@@@Z 100172d4 f   libvcruntime:undname.obj
 0001:000162f5       ??4DName@@QAEAAV0@ABV0@@Z  100172f5 f   libvcruntime:undname.obj
 0001:0001630b       ??4DName@@QAEAAV0@D@Z      1001730b f i libvcruntime:undname.obj
 0001:00016327       ??4DName@@QAEAAV0@PAV0@@Z  10017327 f   libvcruntime:undname.obj
 0001:0001636a       ??4DName@@QAEAAV0@W4DNameStatus@@@Z 1001736a f   libvcruntime:undname.obj
 0001:0001639c       ??AReplicator@@QBE?AVDName@@H@Z 1001739c f   libvcruntime:undname.obj
 0001:000163d8       ??B?$optional@_K@std@@QBE_NXZ 100173d8 f i libvcruntime:undname.obj
 0001:000163dc       ??D?$_Optional_construct_base@_K@std@@QGAEAA_KXZ 100173dc f i libvcruntime:undname.obj
 0001:000163df       ??H@YA?AVDName@@ABUStringLiteral@@ABV0@@Z 100173df f i libvcruntime:undname.obj
 0001:00016401       ??H@YA?AVDName@@DABV0@@Z   10017401 f i libvcruntime:undname.obj
 0001:0001642c       ??H@YA?AVDName@@W4DNameStatus@@ABV0@@Z 1001742c f i libvcruntime:undname.obj
 0001:0001644e       ??HDName@@QBE?AV0@ABUStringLiteral@@@Z 1001744e f   libvcruntime:undname.obj
 0001:00016470       ??HDName@@QBE?AV0@ABV0@@Z  10017470 f   libvcruntime:undname.obj
 0001:00016492       ??HDName@@QBE?AV0@D@Z      10017492 f   libvcruntime:undname.obj
 0001:000164b4       ??HDName@@QBE?AV0@PAV0@@Z  100174b4 f   libvcruntime:undname.obj
 0001:000164d6       ??HDName@@QBE?AV0@W4DNameStatus@@@Z 100174d6 f   libvcruntime:undname.obj
 0001:000164f8       ??HStringLiteral@@QBE?AU0@H@Z 100174f8 f i libvcruntime:undname.obj
 0001:00016512       ??YDName@@QAEAAV0@ABUStringLiteral@@@Z 10017512 f   libvcruntime:undname.obj
 0001:0001656a       ??YDName@@QAEAAV0@ABV0@@Z  1001756a f   libvcruntime:undname.obj
 0001:000165c1       ??YDName@@QAEAAV0@D@Z      100175c1 f   libvcruntime:undname.obj
 0001:00016616       ??YDName@@QAEAAV0@PAV0@@Z  10017616 f   libvcruntime:undname.obj
 0001:0001667a       ??YDName@@QAEAAV0@W4DNameStatus@@@Z 1001767a f   libvcruntime:undname.obj
 0001:000166ba       ??YReplicator@@QAEAAV0@ABVDName@@@Z 100176ba f   libvcruntime:undname.obj
 0001:000166fa       ??_5DName@@QAEAAV0@ABV0@@Z 100176fa f   libvcruntime:undname.obj
 0001:00016719       ??__K_l@@YA?AUStringLiteral@@PBDI@Z 10017719 f i libvcruntime:undname.obj
 0001:00016724       ?Constructor@_HeapManager@@QAEXP6APAXI@ZP6AXPAX@Z@Z 10017724 f i libvcruntime:undname.obj
 0001:00016741       ?Destructor@_HeapManager@@QAEXXZ 10017741 f i libvcruntime:undname.obj
 0001:00016785       ?UScore@UnDecorator@@SA?AUStringLiteral@@W4Tokens@@@Z 10017785 f   libvcruntime:undname.obj
 0001:000167ac       ?composeDeclaration@UnDecorator@@CA?AVDName@@ABV2@@Z 100177ac f i libvcruntime:undname.obj
 0001:0001753d       ?doAccessSpecifiers@UnDecorator@@SAHXZ 1001853d f i libvcruntime:undname.obj
 0001:0001754b       ?doAllocationLanguage@UnDecorator@@SAHXZ 1001854b f i libvcruntime:undname.obj
 0001:00017559       ?doAllocationModel@UnDecorator@@SAHXZ 10018559 f i libvcruntime:undname.obj
 0001:00017567       ?doEcsu@UnDecorator@@SAHXZ 10018567 f i libvcruntime:undname.obj
 0001:00017575       ?doEllipsis@UnDecorator@@SAHXZ 10018575 f i libvcruntime:undname.obj
 0001:00017583       ?doFunctionReturns@UnDecorator@@SAHXZ 10018583 f i libvcruntime:undname.obj
 0001:00017591       ?doMSKeywords@UnDecorator@@SAHXZ 10018591 f i libvcruntime:undname.obj
 0001:0001759e       ?doMemberTypes@UnDecorator@@SAHXZ 1001859e f i libvcruntime:undname.obj
 0001:000175ac       ?doNameOnly@UnDecorator@@SAHXZ 100185ac f i libvcruntime:undname.obj
 0001:000175b7       ?doNoIdentCharCheck@UnDecorator@@SAHXZ 100185b7 f i libvcruntime:undname.obj
 0001:000175c2       ?doPchar@DName@@AAEXD@Z    100185c2 f   libvcruntime:undname.obj
 0001:000175fa       ?doPtr64@UnDecorator@@SAHXZ 100185fa f i libvcruntime:undname.obj
 0001:00017608       ?doRestrictionSpec@UnDecorator@@SAHXZ 10018608 f i libvcruntime:undname.obj
 0001:00017616       ?doThisTypes@UnDecorator@@SAHXZ 10018616 f i libvcruntime:undname.obj
 0001:00017628       ?doThrowTypes@UnDecorator@@SAHXZ 10018628 f i libvcruntime:undname.obj
 0001:00017636       ?doTypeOnly@UnDecorator@@SAHXZ 10018636 f i libvcruntime:undname.obj
 0001:00017641       ?doUnderScore@UnDecorator@@SAHXZ 10018641 f i libvcruntime:undname.obj
 0001:0001764c       ?getAddressOf@UnDecorator@@CA?AVDName@@XZ 1001864c f   libvcruntime:undname.obj
 0001:000176b4       ?getArgumentList@UnDecorator@@CA?AVDName@@XZ 100186b4 f   libvcruntime:undname.obj
 0001:000177c1       ?getArgumentTypes@UnDecorator@@CA?AVDName@@XZ 100187c1 f   libvcruntime:undname.obj
 0001:000178c9       ?getArrayAccess@UnDecorator@@CA?AVDName@@XZ 100188c9 f   libvcruntime:undname.obj
 0001:0001793d       ?getArrayObject@UnDecorator@@CA?AVDName@@XZ 1001893d f   libvcruntime:undname.obj
 0001:000179db       ?getArrayType@UnDecorator@@CA?AVDName@@ABV2@@Z 100189db f i libvcruntime:undname.obj
 0001:00017b78       ?getBasedType@UnDecorator@@CA?AVDName@@XZ 10018b78 f   libvcruntime:undname.obj
 0001:00017c27       ?getBasicDataType@UnDecorator@@CA?AVDName@@ABV2@@Z 10018c27 f   libvcruntime:undname.obj
 0001:00018183       ?getCHPEName@UnDecorator@@QAEPADPADH@Z 10019183 f i libvcruntime:undname.obj
 0001:00018260       ?getCallIndex@UnDecorator@@CA?AVDName@@XZ 10019260 f i libvcruntime:undname.obj
 0001:00018274       ?getCallingConvention@UnDecorator@@CA?AVDName@@XZ 10019274 f   libvcruntime:undname.obj
 0001:0001833e       ?getDataIndirectType@UnDecorator@@CA?AVDName@@ABV2@W4IndirectionKind@@0H@Z 1001933e f   libvcruntime:undname.obj
 0001:00018ac4       ?getDataIndirectType@UnDecorator@@CA?AVDName@@XZ 10019ac4 f i libvcruntime:undname.obj
 0001:00018af2       ?getDataType@UnDecorator@@CA?AVDName@@PAV2@@Z 10019af2 f   libvcruntime:undname.obj
 0001:00018bc9       ?getDecoratedName@UnDecorator@@CA?AVDName@@XZ 10019bc9 f   libvcruntime:undname.obj
 0001:00018e1d       ?getDimension@UnDecorator@@CA?AVDName@@_N@Z 10019e1d f   libvcruntime:undname.obj
 0001:00018f34       ?getDispatchTarget@UnDecorator@@CA?AVDName@@XZ 10019f34 f   libvcruntime:undname.obj
 0001:00018f85       ?getDisplacement@UnDecorator@@CA?AVDName@@XZ 10019f85 f i libvcruntime:undname.obj
 0001:00018f99       ?getECSUDataType@UnDecorator@@CA?AVDName@@XZ 10019f99 f   libvcruntime:undname.obj
 0001:00019143       ?getECSUName@UnDecorator@@CA?AVDName@@XZ 1001a143 f i libvcruntime:undname.obj
 0001:00019154       ?getEnumType@UnDecorator@@CA?AVDName@@XZ 1001a154 f i libvcruntime:undname.obj
 0001:00019268       ?getExtendedDataIndirectType@UnDecorator@@CA?AVDName@@AAW4IndirectionKind@@AA_NH@Z 1001a268 f   libvcruntime:undname.obj
 0001:0001946b       ?getExternalDataType@UnDecorator@@CA?AVDName@@ABV2@@Z 1001a46b f i libvcruntime:undname.obj
 0001:000194d0       ?getFloatingPoint@UnDecorator@@CA?AVDName@@H@Z 1001a4d0 f   libvcruntime:undname.obj
 0001:00019593       ?getFunctionIndirectType@UnDecorator@@CA?AVDName@@ABV2@@Z 1001a593 f   libvcruntime:undname.obj
 0001:0001993d       ?getGuardNumber@UnDecorator@@CA?AVDName@@XZ 1001a93d f i libvcruntime:undname.obj
 0001:00019951       ?getLastChar@DName@@QBEDXZ 1001a951 f i libvcruntime:undname.obj
 0001:00019971       ?getLastChar@DNameStatusNode@@UBEDXZ 1001a971 f i libvcruntime:undname.obj
 0001:0001997d       ?getLastChar@charNode@@UBEDXZ 1001a97d f i libvcruntime:undname.obj
 0001:00019981       ?getLastChar@pDNameNode@@UBEDXZ 1001a981 f i libvcruntime:undname.obj
 0001:0001998f       ?getLastChar@pairNode@@UBEDXZ 1001a98f f i libvcruntime:undname.obj
 0001:000199c4       ?getLastChar@pcharNode@@UBEDXZ 1001a9c4 f i libvcruntime:undname.obj
 0001:000199d6       ?getLexicalFrame@UnDecorator@@CA?AVDName@@XZ 1001a9d6 f i libvcruntime:undname.obj
 0001:00019a07       ?getMemberAccess@UnDecorator@@CA?AVDName@@XZ 1001aa07 f   libvcruntime:undname.obj
 0001:00019a77       ?getMemoryWithBuffer@_HeapManager@@QAEPAXI@Z 1001aa77 f   libvcruntime:undname.obj
 0001:00019ae1       ?getMemoryWithoutBuffer@_HeapManager@@QAEPAXI@Z 1001aae1 f   libvcruntime:undname.obj
 0001:00019b01       ?getNoexcept@UnDecorator@@CA?AVDName@@XZ 1001ab01 f   libvcruntime:undname.obj
 0001:00019b49       ?getNumberOfDimensions@UnDecorator@@CAHXZ 1001ab49 f   libvcruntime:undname.obj
 0001:00019ba3       ?getOperatorName@UnDecorator@@CA?AVDName@@_NPA_N@Z 1001aba3 f i libvcruntime:undname.obj
 0001:0001a469       ?getPointerToMember@UnDecorator@@CA?AVDName@@XZ 1001b469 f   libvcruntime:undname.obj
 0001:0001a525       ?getPointerType@UnDecorator@@CA?AVDName@@ABV2@0@Z 1001b525 f i libvcruntime:undname.obj
 0001:0001a540       ?getPointerTypeArray@UnDecorator@@CA?AVDName@@ABV2@0@Z 1001b540 f i libvcruntime:undname.obj
 0001:0001a55b       ?getPrimaryDataType@UnDecorator@@CA?AVDName@@ABV2@@Z 1001b55b f   libvcruntime:undname.obj
 0001:0001a7a9       ?getPtrRefDataType@UnDecorator@@CA?AVDName@@ABV2@H@Z 1001b7a9 f   libvcruntime:undname.obj
 0001:0001a916       ?getPtrRefType@UnDecorator@@CA?AVDName@@ABV2@0W4IndirectionKind@@@Z 1001b916 f   libvcruntime:undname.obj
 0001:0001aa27       ?getReferenceType@UnDecorator@@CA?AVDName@@ABV2@0W4IndirectionKind@@@Z 1001ba27 f i libvcruntime:undname.obj
 0001:0001aa43       ?getRestrictionSpec@UnDecorator@@CA?AVDName@@XZ 1001ba43 f   libvcruntime:undname.obj
 0001:0001ab5c       ?getReturnType@UnDecorator@@CA?AVDName@@PAV2@@Z 1001bb5c f   libvcruntime:undname.obj
 0001:0001ab8b       ?getScope@UnDecorator@@CA?AVDName@@XZ 1001bb8b f   libvcruntime:undname.obj
 0001:0001af49       ?getScopedName@UnDecorator@@CA?AVDName@@XZ 1001bf49 f   libvcruntime:undname.obj
 0001:0001b03e       ?getSignedDimension@UnDecorator@@CA?AVDName@@XZ 1001c03e f   libvcruntime:undname.obj
 0001:0001b08f       ?getStorageConvention@UnDecorator@@CA?AVDName@@XZ 1001c08f f i libvcruntime:undname.obj
 0001:0001b0a0       ?getString@DName@@QBEPADPAD0@Z 1001c0a0 f i libvcruntime:undname.obj
 0001:0001b0cd       ?getString@DName@@QBEPADPADH@Z 1001c0cd f i libvcruntime:undname.obj
 0001:0001b122       ?getString@DNameStatusNode@@UBEPADPAD0@Z 1001c122 f i libvcruntime:undname.obj
 0001:0001b169       ?getString@charNode@@UBEPADPAD0@Z 1001c169 f i libvcruntime:undname.obj
 0001:0001b17e       ?getString@pDNameNode@@UBEPADPAD0@Z 1001c17e f i libvcruntime:undname.obj
 0001:0001b195       ?getString@pairNode@@UBEPADPAD0@Z 1001c195 f i libvcruntime:undname.obj
 0001:0001b1db       ?getString@pcharNode@@UBEPADPAD0@Z 1001c1db f i libvcruntime:undname.obj
 0001:0001b1f6       ?getStringEncoding@UnDecorator@@CA?AVDName@@W4PrefixKind@@H@Z 1001c1f6 f   libvcruntime:undname.obj
 0001:0001b289       ?getStringHelper@@YAPADPADPBD1H@Z 1001c289 f i libvcruntime:undname.obj
 0001:0001b2b3       ?getStringObject@UnDecorator@@CA?AVDName@@XZ 1001c2b3 f   libvcruntime:undname.obj
 0001:0001b31f       ?getSymbolName@UnDecorator@@CA?AVDName@@XZ 1001c31f f i libvcruntime:undname.obj
 0001:0001b367       ?getTemplateArgumentList@UnDecorator@@CA?AVDName@@XZ 1001c367 f   libvcruntime:undname.obj
 0001:0001b517       ?getTemplateName@UnDecorator@@CA?AVDName@@_N@Z 1001c517 f   libvcruntime:undname.obj
 0001:0001b692       ?getTemplateNonTypeArgument@UnDecorator@@CA?AVDName@@XZ 1001c692 f   libvcruntime:undname.obj
 0001:0001ba5a       ?getTemplateTypeArgument@UnDecorator@@CA?AVDName@@XZ 1001ca5a f   libvcruntime:undname.obj
 0001:0001bb6b       ?getThisType@UnDecorator@@CA?AVDName@@XZ 1001cb6b f i libvcruntime:undname.obj
 0001:0001bb9a       ?getThrowTypes@UnDecorator@@CA?AVDName@@XZ 1001cb9a f   libvcruntime:undname.obj
 0001:0001bbb9       ?getTypeEncoding@UnDecorator@@CAHXZ 1001cbb9 f i libvcruntime:undname.obj
 0001:0001bef5       ?getUndecoratedName@UnDecorator@@QAEPADPADH@Z 1001cef5 f i libvcruntime:undname.obj
 0001:0001c014       ?getUnionObject@UnDecorator@@CA?AVDName@@XZ 1001d014 f   libvcruntime:undname.obj
 0001:0001c0bb       ?getVCallThunkType@UnDecorator@@CA?AVDName@@XZ 1001d0bb f i libvcruntime:undname.obj
 0001:0001c105       ?getValue@UnDecorator@@CA?AV?$optional@_K@std@@XZ 1001d105 f   libvcruntime:undname.obj
 0001:0001c155       ?getValueObject@UnDecorator@@CA?AVDName@@XZ 1001d155 f   libvcruntime:undname.obj
 0001:0001c281       ?getVbTableType@UnDecorator@@CA?AVDName@@ABV2@@Z 1001d281 f i libvcruntime:undname.obj
 0001:0001c296       ?getVdispMapType@UnDecorator@@CA?AVDName@@ABV2@@Z 1001d296 f i libvcruntime:undname.obj
 0001:0001c2f7       ?getVfTableType@UnDecorator@@CA?AVDName@@ABV2@@Z 1001d2f7 f i libvcruntime:undname.obj
 0001:0001c44b       ?getZName@UnDecorator@@CA?AVDName@@_N0@Z 1001d44b f   libvcruntime:undname.obj
 0001:0001c664       ?get_current_character_and_increment_buffer@UnDecorator@@CADXZ 1001d664 f i libvcruntime:undname.obj
 0001:0001c678       ?haveTemplateParameters@UnDecorator@@SAHXZ 1001d678 f i libvcruntime:undname.obj
 0001:0001c683       ?increment_buffer@UnDecorator@@CA_NI@Z 1001d683 f i libvcruntime:undname.obj
 0001:0001c6ab       ?increment_buffer_no_check@UnDecorator@@CAXI@Z 1001d6ab f i libvcruntime:undname.obj
 0001:0001c6b9       ?increment_buffer_no_check@UnDecorator@@CAXXZ 1001d6b9 f i libvcruntime:undname.obj
 0001:0001c6c0       ?isArray@DName@@QBEHXZ     1001d6c0 f i libvcruntime:undname.obj
 0001:0001c6ca       ?isComArray@DName@@QBEHXZ  1001d6ca f i libvcruntime:undname.obj
 0001:0001c6d4       ?isEmpty@DName@@QBEHXZ     1001d6d4 f i libvcruntime:undname.obj
 0001:0001c6dc       ?isFull@Replicator@@QBEHXZ 1001d6dc f i libvcruntime:undname.obj
 0001:0001c6e5       ?isNoTE@DName@@QBEHXZ      1001d6e5 f i libvcruntime:undname.obj
 0001:0001c6ef       ?isPinPtr@DName@@QBEHXZ    1001d6ef f i libvcruntime:undname.obj
 0001:0001c6f9       ?isPtrRef@DName@@QBEHXZ    1001d6f9 f i libvcruntime:undname.obj
 0001:0001c703       ?isUDC@DName@@QBEHXZ       1001d703 f i libvcruntime:undname.obj
 0001:0001c714       ?isUDTThunk@DName@@QBEHXZ  1001d714 f i libvcruntime:undname.obj
 0001:0001c725       ?isVCallThunk@DName@@QBEHXZ 1001d725 f i libvcruntime:undname.obj
 0001:0001c72f       ?isValid@DName@@QBEHXZ     1001d72f f i libvcruntime:undname.obj
 0001:0001c739       ?length@DName@@QBEHXZ      1001d739 f i libvcruntime:undname.obj
 0001:0001c758       ?length@DNameStatusNode@@UBEHXZ 1001d758 f i libvcruntime:undname.obj
 0001:0001c75c       ?length@charNode@@UBEHXZ   1001d75c f i libvcruntime:undname.obj
 0001:0001c760       ?length@pDNameNode@@UBEHXZ 1001d760 f i libvcruntime:undname.obj
 0001:0001c76e       ?length@pairNode@@UBEHXZ   1001d76e f i libvcruntime:undname.obj
 0001:0001c7b7       ?length@pcharNode@@UBEHXZ  1001d7b7 f i libvcruntime:undname.obj
 0001:0001c7bb       ?make@DNameStatusNode@@SAPBV1@W4DNameStatus@@@Z 1001d7bb f i libvcruntime:undname.obj
 0001:0001c7d7       ?parseDecoratedName@UnDecorator@@CA?AVDName@@XZ 1001d7d7 f   libvcruntime:undname.obj
 0001:0001c8d2       ?raw_length@DNameStatusNode@@UBEHXZ 1001d8d2 f i libvcruntime:undname.obj
 0001:0001c8d6       ?raw_length@charNode@@UBEHXZ 1001d8d6 f i libvcruntime:undname.obj
 0001:0001c8da       ?raw_length@pDNameNode@@UBEHXZ 1001d8da f i libvcruntime:undname.obj
 0001:0001c8de       ?raw_length@pairNode@@UBEHXZ 1001d8de f i libvcruntime:undname.obj
 0001:0001c8e2       ?raw_length@pcharNode@@UBEHXZ 1001d8e2 f i libvcruntime:undname.obj
 0001:0001c8e6       ?setIsArray@DName@@QAEXXZ  1001d8e6 f i libvcruntime:undname.obj
 0001:0001c8ee       ?setIsComArray@DName@@QAEXXZ 1001d8ee f i libvcruntime:undname.obj
 0001:0001c8f6       ?setIsNoTE@DName@@QAEXXZ   1001d8f6 f i libvcruntime:undname.obj
 0001:0001c8fe       ?setIsPinPtr@DName@@QAEXXZ 1001d8fe f i libvcruntime:undname.obj
 0001:0001c906       ?setIsUDC@DName@@QAEXXZ    1001d906 f i libvcruntime:undname.obj
 0001:0001c913       ?setIsVCallThunk@DName@@QAEXXZ 1001d913 f i libvcruntime:undname.obj
 0001:0001c91b       ?setPtrRef@DName@@QAEAAV1@XZ 1001d91b f i libvcruntime:undname.obj
 0001:0001c925       ?status@DName@@QBE?AW4DNameStatus@@XZ 1001d925 f i libvcruntime:undname.obj
 0001:0001c991       ___unDName                 1001d991 f   libvcruntime:undname.obj
 0001:0001c9b4       ___unDNameEx               1001d9b4 f   libvcruntime:undname.obj
 0001:0001ca53       __vsprintf_s_l             1001da53 f i libvcruntime:undname.obj
 0001:0001ca80       _snprintf                  1001da80 f i libvcruntime:undname.obj
 0001:0001ca9a       _sprintf_s                 1001da9a f i libvcruntime:undname.obj
 0001:0001cab6       _unDNameGenerateCHPE       1001dab6 f   libvcruntime:undname.obj
 0001:0001cb53       _vsnprintf                 1001db53 f i libvcruntime:undname.obj
 0001:0001cb83       ??$__crt_interlocked_exchange_pointer@UHINSTANCE__@@PAU1@@@YAPAUHINSTANCE__@@PDSAU0@QAU0@@Z 1001db83 f i libvcruntime:winapi_downlevel.obj
 0001:0001cb90       ??$__crt_interlocked_exchange_pointer@UHINSTANCE__@@PAX@@YAPAUHINSTANCE__@@PDSAU0@QAX@Z 1001db90 f i libvcruntime:winapi_downlevel.obj
 0001:0001cb9d       ??$__crt_interlocked_exchange_pointer@XPAX@@YAPAXPDSAXQAX@Z 1001db9d f i libvcruntime:winapi_downlevel.obj
 0001:0001cbaa       ??$__crt_interlocked_read_pointer@UHINSTANCE__@@@@YAPAUHINSTANCE__@@PDSAU0@@Z 1001dbaa f i libvcruntime:winapi_downlevel.obj
 0001:0001cbb5       ??$__crt_interlocked_read_pointer@X@@YAPAXPDSAX@Z 1001dbb5 f i libvcruntime:winapi_downlevel.obj
 0001:0001ce41       ___vcrt_FlsAlloc           1001de41 f   libvcruntime:winapi_downlevel.obj
 0001:0001ce7c       ___vcrt_FlsFree            1001de7c f   libvcruntime:winapi_downlevel.obj
 0001:0001ceb7       ___vcrt_FlsGetValue        1001deb7 f   libvcruntime:winapi_downlevel.obj
 0001:0001cef2       ___vcrt_FlsSetValue        1001def2 f   libvcruntime:winapi_downlevel.obj
 0001:0001cf30       ___vcrt_InitializeCriticalSectionEx 1001df30 f   libvcruntime:winapi_downlevel.obj
 0001:0001cf8b       __get_unexpected           1001df8b f   libvcruntime:unexpected.obj
 0001:0001cf9d       _set_unexpected            1001df9d f   libvcruntime:unexpected.obj
 0001:0001cfbb       _unexpected                1001dfbb f   libvcruntime:unexpected.obj
 0001:0001cfd8       ?GetCurrentState@__FrameHandler3@@SAHPAUEHRegistrationNode@@PAXPBU_s_FuncInfo@@@Z 1001dfd8 f   libvcruntime:ehstate.obj
 0001:0001cff5       ?SetState@__FrameHandler3@@SAXPAUEHRegistrationNode@@PBU_s_FuncInfo@@H@Z 1001dff5 f   libvcruntime:ehstate.obj
 0001:0001d003       ??$?RD@__crt_public_free_policy@@QBEXQBD@Z 1001e003 f i libvcruntime:std_exception.obj
 0001:0001d013       ??0?$__crt_unique_heap_ptr@DU__crt_public_free_policy@@@@QAE@QAD@Z 1001e013 f i libvcruntime:std_exception.obj
[...]
 0002:0000a2e0       __sehtable$?_fputwc_internal@@YAG_WQAU_iobuf@@AAV__crt_cached_ptd_host@@@Z 1007a2e0     libucrt:fputwc.obj
 0002:0000a300       __sehtable$?_fputc_internal@@YAHHQAU_iobuf@@AAV__crt_cached_ptd_host@@@Z 1007a300     libucrt:fputc.obj
 0002:0000a320       __sehtable$___acrt_initialize_lowio 1007a320     libucrt:ioinit.obj
 0002:0000a340       __sehtable$__tzset         1007a340     libucrt:tzset.obj
 0002:0000a360       __sehtable$__isindst       1007a360     libucrt:tzset.obj
 0002:0000a380       __sehtable$___tzset        1007a380     libucrt:tzset.obj
 0002:0000a3a0       __sehtable$??$?RV<lambda_6b4b7855443974f2b4b77000ea21c99c>@@AAV<lambda_8f7d3b162ab39427f4fa9995c67a7986>@@V<lambda_cc9a5ba8a5d8428b9634eab82665e5dc>@@@?$__crt_seh_guarded_call@H@@QAEH$$QAV<lambda_6b4b7855443974f2b4b77000ea21c99c>@@AAV<lambda_8f7d3b162ab39427f4fa9995c67a7986>@@$$QAV<lambda_cc9a5ba8a5d8428b9634eab82665e5dc>@@@Z 1007a3a0     libucrt:winapi_thunks.obj
 0002:0000a3c0       __sehtable$??$?RV<lambda_d422a76eb4c3bf3ad751449ab71a6ea4>@@AAV<lambda_c9ba49e555ba839a7b07aa3fbecb7617>@@V<lambda_9476263c8ee91a25d21c55370bdb50de>@@@?$__crt_seh_guarded_call@H@@QAEH$$QAV<lambda_d422a76eb4c3bf3ad751449ab71a6ea4>@@AAV<lambda_c9ba49e555ba839a7b07aa3fbecb7617>@@$$QAV<lambda_9476263c8ee91a25d21c55370bdb50de>@@@Z 1007a3c0     libucrt:close.obj
 0002:0000a3e0       __sehtable$?__acrt_stdio_allocate_stream@@YA?AV__crt_stdio_stream@@XZ 1007a3e0     libucrt:stream.obj
 0002:0000a400       __sehtable$??$?RV<lambda_2866be3712abc81a800a822484c830d8>@@AAV<lambda_39ca0ed439415581b5b15c265174cece>@@V<lambda_2b24c74d71094a6cd0cb82e44167d71b>@@@?$__crt_seh_guarded_call@X@@QAEX$$QAV<lambda_2866be3712abc81a800a822484c830d8>@@AAV<lambda_39ca0ed439415581b5b15c265174cece>@@$$QAV<lambda_2b24c74d71094a6cd0cb82e44167d71b>@@@Z 1007a400     libucrt:fflush.obj
 0002:0000a420       __sehtable$??$?RV<lambda_2cc53f568c5a2bb6f192f930a45d44ea>@@AAV<lambda_ab61a845afdef5b7c387490eaf3616ee>@@V<lambda_c2ffc0b7726aa6be21d5f0026187e748>@@@?$__crt_seh_guarded_call@X@@QAEX$$QAV<lambda_2cc53f568c5a2bb6f192f930a45d44ea>@@AAV<lambda_ab61a845afdef5b7c387490eaf3616ee>@@$$QAV<lambda_c2ffc0b7726aa6be21d5f0026187e748>@@@Z 1007a420     libucrt:fflush.obj
 0002:0000a440       __sehtable$??$?RV<lambda_6d20deecaf4856105ebacbad442d1079>@@AAV<lambda_9a32fed5bf61b6b509b2d3f6003082a1>@@V<lambda_63ea2239ed67c638ddbae41947fdf875>@@@?$__crt_seh_guarded_call@H@@QAEH$$QAV<lambda_6d20deecaf4856105ebacbad442d1079>@@AAV<lambda_9a32fed5bf61b6b509b2d3f6003082a1>@@$$QAV<lambda_63ea2239ed67c638ddbae41947fdf875>@@@Z 1007a440     libucrt:fflush.obj
 0002:0000a460       __sehtable$_fgetwc         1007a460     libucrt:fgetwc.obj
 0002:0000a480       __sehtable$_ungetwc        1007a480     libucrt:ungetwc.obj
 0002:0000a4a0       __sehtable$_fgetc          1007a4a0     libucrt:fgetc.obj
 0002:0000a4c0       __sehtable$_ungetc         1007a4c0     libucrt:ungetc.obj
 0002:0000a4e0       __sehtable$?update_thread_multibyte_data_internal@@YAPAU__crt_multibyte_data@@QAU__acrt_ptd@@QAPAU1@@Z 1007a4e0     libucrt:mbctype.obj
 0002:0000a500       __sehtable$??$?RV<lambda_ceb1ee4838e85a9d631eb091e2fbe199>@@AAV<lambda_ae742caa10f662c28703da3d2ea5e57e>@@V<lambda_cd08b5d6af4937fe54fc07d0c9bf6b37>@@@?$__crt_seh_guarded_call@X@@QAEX$$QAV<lambda_ceb1ee4838e85a9d631eb091e2fbe199>@@AAV<lambda_ae742caa10f662c28703da3d2ea5e57e>@@$$QAV<lambda_cd08b5d6af4937fe54fc07d0c9bf6b37>@@@Z 1007a500     libucrt:mbctype.obj
 0002:0000a520       __sehtable$__query_new_handler 1007a520     libucrt:new_handler.obj
 0002:0000a540       __sehtable$__set_new_handler 1007a540     libucrt:new_handler.obj
 0002:0000a560       __sehtable$_signal         1007a560     libucrt:signal.obj
 0002:0000a580       __sehtable$_raise          1007a580     libucrt:signal.obj
 0002:0000a5a0       __sehtable$?ctrlevent_capture@@YGHK@Z 1007a5a0     libucrt:signal.obj
 0002:0000a5c0       __sehtable$??$?RV<lambda_cbab9ec6f41b0180b23cc171c22676b0>@@AAV<lambda_44731a7d0e6d81c3e6aa82d741081786>@@V<lambda_4b292cb8dd18144e164572427af410ab>@@@?$__crt_seh_guarded_call@P6AXH@Z@@QAEP6AXH@Z$$QAV<lambda_cbab9ec6f41b0180b23cc171c22676b0>@@AAV<lambda_44731a7d0e6d81c3e6aa82d741081786>@@$$QAV<lambda_4b292cb8dd18144e164572427af410ab>@@@Z 1007a5c0     libucrt:signal.obj
 0002:0000a5e0       __sehtable$___acrt_update_thread_locale_data 1007a5e0     libucrt:locale_refcounting.obj
 0002:0000a5fc       __ehfuncinfo$?_mbrtowc_internal@@YAHPAHPA_WPBDIPAU_Mbstatet@@AAV__crt_cached_ptd_host@@@Z 1007a5fc     libucrt:mbrtowc.obj
 0002:0000a620       __ehfuncinfo$?_mbsrtowcs_helper@@YAIPA_WPAPBDIPAU_Mbstatet@@AAV__crt_cached_ptd_host@@@Z 1007a620     libucrt:mbrtowc.obj
 0002:0000a648       __sehtable$__fcloseall     1007a648     libucrt:closeall.obj
 0002:0000a668       __sehtable$__open_osfhandle 1007a668     libucrt:osfinfo.obj
 0002:0000a688       __sehtable$__alloc_osfhnd  1007a688     libucrt:osfinfo.obj
 0002:0000a6a8       __sehtable$___acrt_lowio_ensure_fh_exists 1007a6a8     libucrt:osfinfo.obj
 0002:0000a6c8       __sehtable$??$common_getenv@D@@YAPADQBD@Z 1007a6c8     libucrt:getenv.obj
 0002:0000a6e8       __sehtable$??$common_getenv@_W@@YAPA_WQB_W@Z 1007a6e8     libucrt:getenv.obj
 0002:0000a708       __sehtable$??$common_getenv_s@D@@YAHQAIQADIQBD@Z 1007a708     libucrt:getenv.obj
 0002:0000a728       __sehtable$??$common_getenv_s@_W@@YAHQAIQA_WIQB_W@Z 1007a728     libucrt:getenv.obj
 0002:0000a748       __sehtable$??$common_dupenv_s@D@@YAHQAPADQAIQBDH2H@Z 1007a748     libucrt:getenv.obj
 0002:0000a768       __sehtable$??$common_dupenv_s@_W@@YAHQAPA_WQAIQB_WHQBDH@Z 1007a768     libucrt:getenv.obj
 0002:0000a788       __sehtable$??$?RV<lambda_9e9de3de5fa147e2223d7db92bc10aa6>@@AAV<lambda_38ce7e780aa69e748d6df282ebc68efe>@@V<lambda_8ca6da459f0f6780f1cff60fdc3d00e5>@@@?$__crt_seh_guarded_call@H@@QAEH$$QAV<lambda_9e9de3de5fa147e2223d7db92bc10aa6>@@AAV<lambda_38ce7e780aa69e748d6df282ebc68efe>@@$$QAV<lambda_8ca6da459f0f6780f1cff60fdc3d00e5>@@@Z 1007a788     libucrt:commit.obj
 0002:0000a7a8       __sehtable$__write_internal 1007a7a8     libucrt:write.obj
 0002:0000a7c4       __ehfuncinfo$?write_double_translated_ansi_nolock@@YA?AUwrite_result@?A0x17268360@@HQBDIAAV__crt_cached_ptd_host@@@Z 1007a7c4     libucrt:write.obj
 0002:0000a7e8       __sehtable$??$common_open@D@@YAHQBDHH@Z 1007a7e8     libucrt:open.obj
 0002:0000a808       __sehtable$??$common_open@_W@@YAHQB_WHH@Z 1007a808     libucrt:open.obj
 0002:0000a828       __sehtable$??$common_sopen_dispatch@D@@YAHQBDHHHQAHH@Z 1007a828     libucrt:open.obj
 0002:0000a848       __sehtable$??$common_sopen_dispatch@_W@@YAHQB_WHHHQAHH@Z 1007a848     libucrt:open.obj
 0002:0000a868       __sehtable$??$common_lseek@J@@YAJHJHAAV__crt_cached_ptd_host@@@Z 1007a868     libucrt:lseek.obj
 0002:0000a888       __sehtable$??$common_lseek@_J@@YA_JH_JHAAV__crt_cached_ptd_host@@@Z 1007a888     libucrt:lseek.obj
 0002:0000a8a8       __sehtable$??$?RV<lambda_f828341fbe69b7c0d4c527b01f22877f>@@AAV<lambda_9e0b6ab72a5b3ae37ad997d08b519f50>@@V<lambda_f01deac0a8d65d6e0411edf7e0af5775>@@@?$__crt_seh_guarded_call@G@@QAEG$$QAV<lambda_f828341fbe69b7c0d4c527b01f22877f>@@AAV<lambda_9e0b6ab72a5b3ae37ad997d08b519f50>@@$$QAV<lambda_f01deac0a8d65d6e0411edf7e0af5775>@@@Z 1007a8a8     libucrt:putwch.obj
 0002:0000a8c8       __sehtable$__read          1007a8c8     libucrt:read.obj
 0002:0000a8e8       __sehtable$__setmode       1007a8e8     libucrt:setmode.obj
 0002:0000a908       __sehtable$??$?RV<lambda_2c87c0f1c5824a8f466464d223ae2adf>@@AAV<lambda_da54eedf1eca897cab5ed6d42fa6c58d>@@V<lambda_9b5bb9a9a5e973ce95cdde156d85e5dc>@@@?$__crt_seh_guarded_call@H@@QAEH$$QAV<lambda_2c87c0f1c5824a8f466464d223ae2adf>@@AAV<lambda_da54eedf1eca897cab5ed6d42fa6c58d>@@$$QAV<lambda_9b5bb9a9a5e973ce95cdde156d85e5dc>@@@Z 1007a908     libucrt:chsize.obj
 0002:0000a928       __sehtable$___set_fpsr_sse2 1007a928     libucrt:fpctrl.obj
 0002:0000a944       __ehfuncinfo$?_mbstowcs_l_helper@@YAIPA_WPBDIAAV__crt_cached_ptd_host@@@Z 1007a944     libucrt:mbstowcs.obj
 0002:0000a968       __sehtable$__IsNonwritableInCurrentImage 1007a968     LIBCMT:pesect.obj
 0002:0000a990       .edata                     1007a990     IChat.exp
 0002:0000a9b8       rgpv                       1007a9b8     IChat.exp
 0002:0000a9f0       rgszName                   1007a9f0     IChat.exp
 0002:0000aa28       rgwOrd                     1007aa28     IChat.exp
 0002:0000aa44       szName                     1007aa44     IChat.exp
 0002:0000aa4e       $N00001                    1007aa4e     IChat.exp
 0002:0000aa62       $N00002                    1007aa62     IChat.exp
 0002:0000aa7c       $N00003                    1007aa7c     IChat.exp
 0002:0000aa95       $N00004                    1007aa95     IChat.exp
 0002:0000aaaa       $N00005                    1007aaaa     IChat.exp
 0002:0000aabf       $N00006                    1007aabf     IChat.exp
 0002:0000aad4       $N00007                    1007aad4     IChat.exp
 0002:0000ab02       $N00008                    1007ab02     IChat.exp
 0002:0000ab1f       $N00009                    1007ab1f     IChat.exp
 0002:0000ab4b       $N00010                    1007ab4b     IChat.exp
 0002:0000ab6a       $N00011                    1007ab6a     IChat.exp
 0002:0000ab85       $N00012                    1007ab85     IChat.exp
 0002:0000ab9d       $N00013                    1007ab9d     IChat.exp
 0002:0000abb2       $N00014                    1007abb2     IChat.exp
 0002:0000af78       .idata$6                   1007af78     Ws2_32:WS2_32.dll
 0002:0000afb6       .idata$6                   1007afb6     kernel32:KERNEL32.dll
 0002:0000b01a       .idata$6                   1007b01a     advapi32:ADVAPI32.dll
 0002:0000bd22       .idata$6                   1007bd22     dmcr:dmcr.exe
 0003:0000018c       ?legalIRCChars@?1??chatFixNick@@9@9 1007d18c     chatMain.obj
 0003:00000190       _PADDING                   1007d190     md5c.obj
 0003:000001d0       _randomnum                 1007d1d0     nonport.obj
 0003:00000260       ?__vcrt_flsindex@@3KA      1007d260     libvcruntime:per_thread_data.obj
 0003:00000270       ?prefix@?1??getDimension@UnDecorator@@CA?AVDName@@_N@Z@4UStringLiteral@@A 1007d270     libvcruntime:undname.obj
 0003:000002a0       ?errno_no_memory@@3HA      1007d2a0     libucrt:errno.obj
 0003:000002a4       ?doserrno_no_memory@@3KA   1007d2a4     libucrt:errno.obj
 0003:000002a8       ?__acrt_flsindex@@3KA      1007d2a8     libucrt:per_thread_data.obj
 0003:000002ac       __ctype_loc_style          1007d2ac     libucrt:wsetlocale.obj
 0003:00000460       ?tzstd_program@@3PADA      1007d460     libucrt:timeset.obj
 0003:000004a0       ?tzdst_program@@3PADA      1007d4a0     libucrt:timeset.obj
 0003:000004e0       ?w_tzstd_program@@3PA_WA   1007d4e0     libucrt:timeset.obj
 0003:00000560       ?w_tzdst_program@@3PA_WA   1007d560     libucrt:timeset.obj
 0003:000005e0       ?tzname_states@@3PAY01PADA 1007d5e0     libucrt:timeset.obj
 0003:000005e8       ?w_tzname_states@@3PAY01PA_WA 1007d5e8     libucrt:timeset.obj
 0003:000005f0       ?dststart@@3Utransitiondate@?A0x7639d0b4@@A 1007d5f0     libucrt:tzset.obj
 0003:000005fc       ?dstend@@3Utransitiondate@?A0x7639d0b4@@A 1007d5fc     libucrt:tzset.obj
 0003:00000828       __mbctypes                 1007d828     libucrt:mbctype.obj
 0003:00000930       __mbcasemaps               1007d930     libucrt:mbctype.obj
 0003:00000a30       ?__rgctypeflag@@3PADA      1007da30     libucrt:mbctype.obj
 0003:00000a38       ?__rgcode_page_info@@3PAUcode_page_info@@A 1007da38     libucrt:mbctype.obj
 0003:00000c90       ?__dcrt_lowio_console_output_handle@@3PAXA 1007dc90     libucrt:initcon.obj
 0003:00000c94       ?__DAZ_ENABLED@?1??__set_fpsr_sse2@@9@9 1007dc94     libucrt:fpctrl.obj
 0003:00000dc0       ?cookie@?1??ciRandomCookie@@9@9 1007ddc0     chatMain.obj
 0003:00000dc4       ?nextCookie@?1??ciRandomCookie@@9@9 1007ddc4     chatMain.obj
 0003:00000dc8       ?buffer@?1??ciGetTime@@9@9 1007ddc8     chatSocket.obj
 0003:00000ec8       ?buffer@?1??ciSocketSendf@@9@9 1007dec8     chatSocket.obj
 0003:000022f8       ?keyval@?1??GOAGetUniqueID@@9@9 1007f2f8     nonport.obj
 0003:00002400       _GS_ExceptionRecord        1007f400     LIBCMT:gs_report.obj
 0003:00002450       _GS_ContextRecord          1007f450     LIBCMT:gs_report.obj
 0003:00002724       ?is_initialized_as_dll@@3_NA 1007f724     LIBCMT:utility.obj
 0003:00002725       ?module_local_atexit_table_initialized@@3_NA 1007f725     LIBCMT:utility.obj
 0003:00002728       ?module_local_atexit_table@@3U_onexit_table_t@@A 1007f728     LIBCMT:utility.obj
 0003:00002734       ?module_local_at_quick_exit_table@@3U_onexit_table_t@@A 1007f734     LIBCMT:utility.obj
 0003:00002740       ?__proc_attached@@3HA      1007f740     LIBCMT:dll_dllmain.obj
 0003:00002764       ?__vcrt_startup_thread_ptd@@3U__vcrt_ptd@@A 1007f764     libvcruntime:per_thread_data.obj
 0003:0000278c       ___vcrt_lock_table         1007f78c     libvcruntime:locks.obj
 0003:000027a4       ___vcrt_locks_initialized  1007f7a4     libvcruntime:locks.obj
 0003:000027d0       ?heap@@3V_HeapManager@@A   1007f7d0     libvcruntime:undname.obj
 0003:000027e4       ?module_handles@@3PAPAUHINSTANCE__@@A 1007f7e4     libvcruntime:winapi_downlevel.obj
 0003:000027f0       ?function_pointers@@3PAPAXA 1007f7f0     libvcruntime:winapi_downlevel.obj
 0003:00002808       ?source_frequency@@3_JA    1007f808     libucrt:clock.obj
 0003:00002810       ?start_count@@3_JA         1007f810     libucrt:clock.obj
 0003:00002818       ?c_termination_complete@@3JA 1007f818     libucrt:exit.obj
 0003:0000281c       ?thread_local_exit_callback_func@@3P6GXPAXK0@ZA 1007f81c     libucrt:exit.obj
 0003:00002820       ?c_exit_complete@?1???R<lambda_6e4b09c48022b2350581041d5f6b0c4c>@@QBE@XZ@4_NA 1007f820     libucrt:exit.obj
 0003:00002828       ?program_name@?1???$common_configure_argv@D@@YAHW4_crt_argv_mode@@@Z@4PADA 1007f828     libucrt:argv_parsing.obj
 0003:00002930       ?program_name@?1???$common_configure_argv@_W@@YAHW4_crt_argv_mode@@@Z@4PA_WA 1007f930     libucrt:argv_parsing.obj
 0003:00002b64       ?__acrt_invalid_parameter_handler@@3V?$dual_state_global@P6AXPB_W00II@Z@__crt_state_management@@A 1007fb64     libucrt:invalid_parameter.obj
 0003:00002b70       ?internal_state@?1??_mbtowc_internal@@9@4U_Mbstatet@@A 1007fb70     libucrt:mbtowc.obj
 0003:00002b84       ?enable_percent_n@@3IA     1007fb84     libucrt:printf_count_output.obj
 0003:00002da0       ?_tzname@@3V?$dual_state_global@PAPAD@__crt_state_management@@A 1007fda0     libucrt:timeset.obj
 0003:00002da4       ?w_tzname@@3V?$dual_state_global@PAPA_W@__crt_state_management@@A 1007fda4     libucrt:timeset.obj
 0003:00002da8       ?last_wide_tz@@3PA_WA      1007fda8     libucrt:tzset.obj
 0003:00002db0       ?tz_api_used@@3HA          1007fdb0     libucrt:tzset.obj
 0003:00002db4       ?tzset_init_state@@3V?$dual_state_global@J@__crt_state_management@@A 1007fdb4     libucrt:tzset.obj
 0003:00002db8       ?tz_info@@3U_TIME_ZONE_INFORMATION@@A 1007fdb8     libucrt:tzset.obj
 0003:00002e68       ?module_handles@@3PAPAUHINSTANCE__@@A 1007fe68     libucrt:winapi_thunks.obj
 0003:00002ec0       ?encoded_function_pointers@@3PAPAXA 1007fec0     libucrt:winapi_thunks.obj
 0003:00002f4c       ?static_enum_proc@?1??enum_system_locales_ex_nolock@@YAHQ6GHPA_WKJ@Z@Z@4P6GH0KJ@ZA 1007ff4c     libucrt:winapi_thunks.obj
 0003:00002f50       ?__acrt_lock_table@@3PAU_RTL_CRITICAL_SECTION@@A 1007ff50     libucrt:locks.obj
 0003:000030a0       ?__acrt_locks_initialized@@3IA 100800a0     libucrt:locks.obj
 0003:000030a4       ?state_cache@?1???$get_cached_win_policy@Ubegin_thread_init_policy_properties@?1??__acrt_get_begin_thread_init_policy@@YA?AW4begin_thread_init_policy@@XZ@@@YA?AW4begin_thread_init_policy@@W4AppPolicyThreadInitializationType@@@Z@4JA 100800a4     libucrt:win_policies.obj
 0003:000030a8       ?state_cache@?1???$get_cached_win_policy@Udeveloper_information_policy_properties@?1??__acrt_get_developer_information_policy@@YA?AW4developer_information_policy@@XZ@@@YA?AW4developer_information_policy@@W4AppPolicyShowDeveloperDiagnostic@@@Z@4JA 100800a8     libucrt:win_policies.obj
 0003:000030ac       ?state_cache@?1???$get_cached_win_policy@Uwindowing_model_policy_properties@?1??__acrt_get_windowing_model_policy@@YA?AW4windowing_model_policy@@XZ@@@YA?AW4windowing_model_policy@@W4AppPolicyWindowingModel@@@Z@4JA 100800ac     libucrt:win_policies.obj
 0003:000030bc       ?fSystemSet@@3HA           100800bc     libucrt:mbctype.obj
 0003:000030c0       ?initialized@?1??__acrt_initialize_multibyte@@9@4_NA 100800c0     libucrt:mbctype.obj
 0003:000030e4       ?__acrt_new_handler@@3V?$dual_state_global@P6AHI@Z@__crt_state_management@@A 100800e4     libucrt:new_handler.obj
 0003:000030e8       ?console_ctrl_handler_installed@@3_NA 100800e8     libucrt:signal.obj
 0003:000030ec       ?ctrlc_action@@3V?$dual_state_global@P6AXH@Z@__crt_state_management@@A 100800ec     libucrt:signal.obj
 0003:000030f0       ?ctrlbreak_action@@3V?$dual_state_global@P6AXH@Z@__crt_state_management@@A 100800f0     libucrt:signal.obj
 0003:000030f4       ?abort_action@@3V?$dual_state_global@P6AXH@Z@__crt_state_management@@A 100800f4     libucrt:signal.obj
 0003:000030f8       ?term_action@@3V?$dual_state_global@P6AXH@Z@__crt_state_management@@A 100800f8     libucrt:signal.obj
 0003:000030fc       ?user_matherr@@3V?$dual_state_global@P6AHPAU_exception@@@Z@__crt_state_management@@A 100800fc     libucrt:matherr.obj
 0003:00003100       ?__acrt_global_new_mode@@3V?$dual_state_global@J@__crt_state_management@@A 10080100     libucrt:new_mode.obj
 0003:0000310c       ?mbst@?1??mbrlen@@9@4U_Mbstatet@@A 1008010c     libucrt:mbrtowc.obj
 0003:00003114       ?mbst@?1??mbrtowc@@9@4U_Mbstatet@@A 10080114     libucrt:mbrtowc.obj
 0003:0000311c       ?mbst@?1??_mbsrtowcs_helper@@YAIPA_WPAPBDIPAU_Mbstatet@@AAV__crt_cached_ptd_host@@@Z@4U2@A 1008011c     libucrt:mbrtowc.obj
 0003:00003128       ?internal_pst@?1??__mbrtoc32_utf8@__crt_mbstring@@YAIPA_UPBDIPAU_Mbstatet@@AAV__crt_cached_ptd_host@@@Z@4U3@A 10080128     libucrt:mbrtoc32.obj
 0003:00003130       ?__acrt_app_type@@3W4_crt_app_type@@A 10080130     libucrt:report_runtime_error.obj
 0003:00003138       ?outmsg@?9??__acrt_report_runtime_error@@9@4PA_WA 10080138     libucrt:report_runtime_error.obj
 0003:00003768       __pmatherr_set             10080768     libucrt:libm_error.obj
 0003:0000376c       ___acrt_error_mode         1008076c     libucrt:set_error_mode.obj
 0004:00000060       $R000000                   10081060     * linker generated manifest res *

 Exports

  ordinal    name

        1    ?ChatProcess@@YAXXZ (void __cdecl ChatProcess(void))
        2    ?CheckIfGameRated@@YA_NXZ (bool __cdecl CheckIfGameRated(void))
        3    ?DisableRatedGame@@YAXXZ (void __cdecl DisableRatedGame(void))
        4    ?GetGameID@@YAXPAD@Z (void __cdecl GetGameID(char *))
        5    ?GoHomeAnyway@@YAXXZ (void __cdecl GoHomeAnyway(void))
        6    ?LeaveGSCRoom@@YAXXZ (void __cdecl LeaveGSCRoom(void))
        7    ?Process_GSC_ChatWindow@@YAH_NPAURoomInfo@@@Z (int __cdecl Process_GSC_ChatWindow(bool,struct RoomInfo *))
        8    ?ReportAliveState@@YAXHPAH@Z (void __cdecl ReportAliveState(int,int *))
        9    ?ReportGSCGame@@YAXHHPAUOnePlayerReport@@@Z (void __cdecl ReportGSCGame(int,int,struct OnePlayerReport *))
       10    ?SendPrivateMessage@@YAXPAD0@Z (void __cdecl SendPrivateMessage(char *,char *))
       11    ?SendVictoryState@@YAXHE@Z (void __cdecl SendVictoryState(int,unsigned char))
       12    ?SetChatWState@@YAXHH@Z (void __cdecl SetChatWState(int,int))
       13    ?SetGameID@@YAXPAD@Z (void __cdecl SetGameID(char *))
       14    ?StartGSCGame@@YAXPAD0HPAHPAPAD11@Z (void __cdecl StartGSCGame(char *,char *,int,int *,char * *,int *,int *))
